Archive member included to satisfy reference by file (symbol)

../drivers\libIotLibrary.a(hih8120.o)
                              Sensors/tempHumSensor.o (hih8120_initialise)
../drivers\libIotLibrary.a(lora_driver.o)
                              uplinkHandler.o (lora_driver_flushBuffers)
../drivers\libIotLibrary.a(lora_driver_utils.o)
                              ../drivers\libIotLibrary.a(lora_driver.o) (decode_port_no)
../drivers\libIotLibrary.a(mh_z19.o)
                              Sensors/co2Sensor.o (mh_z19_initialise)
../drivers\libIotLibrary.a(rc_servo.o)
                              servoController.o (rc_servo_setPosition)
../drivers\libIotLibrary.a(serial.o)
                              ../drivers\libIotLibrary.a(lora_driver.o) (serial_create)
../drivers\libIotLibrary.a(stdio_driver.o)
                              main.o (stdio_initialise)
../drivers\libIotLibrary.a(status_leds.o)
                              main.o (status_leds_initialise)
../drivers\libIotLibrary.a(twi.o)
                              ../drivers\libIotLibrary.a(hih8120.o) (twiCreate)
../drivers\libIotLibrary.a(fifo.o)
                              ../drivers\libIotLibrary.a(serial.o) (fifo_init)
c:/program files (x86)/atmel/studio/7.0/toolchain/avr8/avr8-gnu-toolchain/bin/../lib/gcc/avr/5.4.0/../../../../avr/lib/avr6\libprintf_flt.a(vfprintf_flt.o)
                              (vfprintf)
c:/program files (x86)/atmel/studio/7.0/toolchain/avr8/avr8-gnu-toolchain/bin/../lib/gcc/avr/5.4.0/../../../../avr/lib/avr6\libm.a(addsf3.o)
                              ../drivers\libIotLibrary.a(hih8120.o) (__subsf3)
c:/program files (x86)/atmel/studio/7.0/toolchain/avr8/avr8-gnu-toolchain/bin/../lib/gcc/avr/5.4.0/../../../../avr/lib/avr6\libm.a(addsf3x.o)
                              c:/program files (x86)/atmel/studio/7.0/toolchain/avr8/avr8-gnu-toolchain/bin/../lib/gcc/avr/5.4.0/../../../../avr/lib/avr6\libm.a(addsf3.o) (__addsf3x)
c:/program files (x86)/atmel/studio/7.0/toolchain/avr8/avr8-gnu-toolchain/bin/../lib/gcc/avr/5.4.0/../../../../avr/lib/avr6\libm.a(divsf3.o)
                              ../drivers\libIotLibrary.a(hih8120.o) (__divsf3)
c:/program files (x86)/atmel/studio/7.0/toolchain/avr8/avr8-gnu-toolchain/bin/../lib/gcc/avr/5.4.0/../../../../avr/lib/avr6\libm.a(divsf3x.o)
                              c:/program files (x86)/atmel/studio/7.0/toolchain/avr8/avr8-gnu-toolchain/bin/../lib/gcc/avr/5.4.0/../../../../avr/lib/avr6\libm.a(divsf3.o) (__divsf3x)
c:/program files (x86)/atmel/studio/7.0/toolchain/avr8/avr8-gnu-toolchain/bin/../lib/gcc/avr/5.4.0/../../../../avr/lib/avr6\libm.a(fixsfsi.o)
                              ../drivers\libIotLibrary.a(hih8120.o) (__fixsfsi)
c:/program files (x86)/atmel/studio/7.0/toolchain/avr8/avr8-gnu-toolchain/bin/../lib/gcc/avr/5.4.0/../../../../avr/lib/avr6\libm.a(fixunssfsi.o)
                              ../drivers\libIotLibrary.a(hih8120.o) (__fixunssfsi)
c:/program files (x86)/atmel/studio/7.0/toolchain/avr8/avr8-gnu-toolchain/bin/../lib/gcc/avr/5.4.0/../../../../avr/lib/avr6\libm.a(floatsisf.o)
                              ../drivers\libIotLibrary.a(hih8120.o) (__floatunsisf)
c:/program files (x86)/atmel/studio/7.0/toolchain/avr8/avr8-gnu-toolchain/bin/../lib/gcc/avr/5.4.0/../../../../avr/lib/avr6\libm.a(fp_inf.o)
                              c:/program files (x86)/atmel/studio/7.0/toolchain/avr8/avr8-gnu-toolchain/bin/../lib/gcc/avr/5.4.0/../../../../avr/lib/avr6\libm.a(addsf3x.o) (__fp_inf)
c:/program files (x86)/atmel/studio/7.0/toolchain/avr8/avr8-gnu-toolchain/bin/../lib/gcc/avr/5.4.0/../../../../avr/lib/avr6\libm.a(fp_nan.o)
                              c:/program files (x86)/atmel/studio/7.0/toolchain/avr8/avr8-gnu-toolchain/bin/../lib/gcc/avr/5.4.0/../../../../avr/lib/avr6\libm.a(addsf3x.o) (__fp_nan)
c:/program files (x86)/atmel/studio/7.0/toolchain/avr8/avr8-gnu-toolchain/bin/../lib/gcc/avr/5.4.0/../../../../avr/lib/avr6\libm.a(fp_pscA.o)
                              c:/program files (x86)/atmel/studio/7.0/toolchain/avr8/avr8-gnu-toolchain/bin/../lib/gcc/avr/5.4.0/../../../../avr/lib/avr6\libm.a(addsf3x.o) (__fp_pscA)
c:/program files (x86)/atmel/studio/7.0/toolchain/avr8/avr8-gnu-toolchain/bin/../lib/gcc/avr/5.4.0/../../../../avr/lib/avr6\libm.a(fp_pscB.o)
                              c:/program files (x86)/atmel/studio/7.0/toolchain/avr8/avr8-gnu-toolchain/bin/../lib/gcc/avr/5.4.0/../../../../avr/lib/avr6\libm.a(addsf3x.o) (__fp_pscB)
c:/program files (x86)/atmel/studio/7.0/toolchain/avr8/avr8-gnu-toolchain/bin/../lib/gcc/avr/5.4.0/../../../../avr/lib/avr6\libm.a(fp_round.o)
                              c:/program files (x86)/atmel/studio/7.0/toolchain/avr8/avr8-gnu-toolchain/bin/../lib/gcc/avr/5.4.0/../../../../avr/lib/avr6\libm.a(addsf3.o) (__fp_round)
c:/program files (x86)/atmel/studio/7.0/toolchain/avr8/avr8-gnu-toolchain/bin/../lib/gcc/avr/5.4.0/../../../../avr/lib/avr6\libm.a(fp_split3.o)
[...]
Memory Configuration

Name             Origin             Length             Attributes
text             0x00000000         0x00040000         xr
data             0x00800200         0x00002000         rw !x
eeprom           0x00810000         0x00001000         rw !x
fuse             0x00820000         0x00000003         rw !x
lock             0x00830000         0x00000400         rw !x
signature        0x00840000         0x00000400         rw !x
user_signatures  0x00850000         0x00000400         rw !x
*default*        0x00000000         0xffffffff

Linker script and memory map

Address of section .data set to 0x800200
LOAD C:/Program Files (x86)/Atmel/Studio/7.0/Packs/atmel/ATmega_DFP/1.7.374/gcc/dev/atmega2560/avr6/crtatmega2560.o
LOAD application.o
LOAD configuration.o
LOAD downlinkHandler.o
LOAD actionsController.o
LOAD FreeRTOS/FreeRTOSTraceDriver/FreeRTOSTraceDriver.o
LOAD FreeRTOS/src/croutine.o
LOAD FreeRTOS/src/event_groups.o
LOAD FreeRTOS/src/heap_4.o
LOAD FreeRTOS/src/list.o
LOAD FreeRTOS/src/port.o
LOAD FreeRTOS/src/queue.o
LOAD FreeRTOS/src/stream_buffer.o
LOAD FreeRTOS/src/tasks.o
LOAD FreeRTOS/src/timers.o
LOAD FreeRTOS/src/variantHooks.o
LOAD packageHandler.o
LOAD Sensors/co2Sensor.o
LOAD Sensors/tempHumSensor.o
LOAD initialize.o
LOAD servoController.o
LOAD uplinkHandler.o
LOAD main.o
START GROUP
LOAD c:/program files (x86)/atmel/studio/7.0/toolchain/avr8/avr8-gnu-toolchain/bin/../lib/gcc/avr/5.4.0/../../../../avr/lib/avr6\libm.a
LOAD ../drivers\libIotLibrary.a
LOAD c:/program files (x86)/atmel/studio/7.0/toolchain/avr8/avr8-gnu-toolchain/bin/../lib/gcc/avr/5.4.0/../../../../avr/lib/avr6\libprintf_flt.a
END GROUP
LOAD c:/program files (x86)/atmel/studio/7.0/toolchain/avr8/avr8-gnu-toolchain/bin/../lib/gcc/avr/5.4.0/avr6\libgcc.a
LOAD c:/program files (x86)/atmel/studio/7.0/toolchain/avr8/avr8-gnu-toolchain/bin/../lib/gcc/avr/5.4.0/../../../../avr/lib/avr6\libm.a
START GROUP
LOAD c:/program files (x86)/atmel/studio/7.0/toolchain/avr8/avr8-gnu-toolchain/bin/../lib/gcc/avr/5.4.0/avr6\libgcc.a
LOAD c:/program files (x86)/atmel/studio/7.0/toolchain/avr8/avr8-gnu-toolchain/bin/../lib/gcc/avr/5.4.0/../../../../avr/lib/avr6\libm.a
LOAD c:/program files (x86)/atmel/studio/7.0/toolchain/avr8/avr8-gnu-toolchain/bin/../lib/gcc/avr/5.4.0/../../../../avr/lib/avr6\libc.a
LOAD C:/Program Files (x86)/Atmel/Studio/7.0/Packs/atmel/ATmega_DFP/1.7.374/gcc/dev/atmega2560/avr6\libatmega2560.a
END GROUP
                0x00000000                __TEXT_REGION_ORIGIN__ = DEFINED (__TEXT_REGION_ORIGIN__)?__TEXT_REGION_ORIGIN__:0x0
                [0x00800200]                __DATA_REGION_ORIGIN__ = DEFINED (__DATA_REGION_ORIGIN__)?__DATA_REGION_ORIGIN__:0x800200
                [0x00040000]                __TEXT_REGION_LENGTH__ = DEFINED (__TEXT_REGION_LENGTH__)?__TEXT_REGION_LENGTH__:0x100000
                [0x00002000]                __DATA_REGION_LENGTH__ = DEFINED (__DATA_REGION_LENGTH__)?__DATA_REGION_LENGTH__:0xfe00
                [0x00001000]                __EEPROM_REGION_LENGTH__ = DEFINED (__EEPROM_REGION_LENGTH__)?__EEPROM_REGION_LENGTH__:0x10000
                [0x00000003]                __FUSE_REGION_LENGTH__ = DEFINED (__FUSE_REGION_LENGTH__)?__FUSE_REGION_LENGTH__:0x400
                0x00000400                __LOCK_REGION_LENGTH__ = DEFINED (__LOCK_REGION_LENGTH__)?__LOCK_REGION_LENGTH__:0x400
                0x00000400                __SIGNATURE_REGION_LENGTH__ = DEFINED (__SIGNATURE_REGION_LENGTH__)?__SIGNATURE_REGION_LENGTH__:0x400
                0x00000400                __USER_SIGNATURE_REGION_LENGTH__ = DEFINED (__USER_SIGNATURE_REGION_LENGTH__)?__USER_SIGNATURE_REGION_LENGTH__:0x400

.hash
 *(.hash)

.dynsym
 *(.dynsym)

.dynstr
 *(.dynstr)

.gnu.version
 *(.gnu.version)

.gnu.version_d
 *(.gnu.version_d)

.gnu.version_r
 *(.gnu.version_r)

.rel.init
 *(.rel.init)

.rela.init
 *(.rela.init)

.rel.text
 *(.rel.text)
 *(.rel.text.*)
 *(.rel.gnu.linkonce.t*)

.rela.text
 *(.rela.text)
 *(.rela.text.*)
 *(.rela.gnu.linkonce.t*)

.rel.fini
 *(.rel.fini)

.rela.fini
 *(.rela.fini)

.rel.rodata
 *(.rel.rodata)
 *(.rel.rodata.*)
 *(.rel.gnu.linkonce.r*)

.rela.rodata
 *(.rela.rodata)
 *(.rela.rodata.*)
 *(.rela.gnu.linkonce.r*)

.rel.data
 *(.rel.data)
 *(.rel.data.*)
 *(.rel.gnu.linkonce.d*)

.rela.data
 *(.rela.data)
 *(.rela.data.*)
 *(.rela.gnu.linkonce.d*)

.rel.ctors
 *(.rel.ctors)

.rela.ctors
 *(.rela.ctors)

.rel.dtors
 *(.rel.dtors)

.rela.dtors
 *(.rela.dtors)

.rel.got
 *(.rel.got)

.rela.got
 *(.rela.got)

.rel.bss
 *(.rel.bss)

.rela.bss
 *(.rela.bss)

.rel.plt
 *(.rel.plt)

.rela.plt
 *(.rela.plt)

.text           0x00000000     0x7182
 *(.vectors)
 .vectors       0x00000000       0xe4 C:/Program Files (x86)/Atmel/Studio/7.0/Packs/atmel/ATmega_DFP/1.7.374/gcc/dev/atmega2560/avr6/crtatmega2560.o
                0x00000000                __vector_default
                0x00000000                __vectors
 *(.vectors)
 *(.progmem.gcc*)
 .progmem.gcc_sw_table.prvProcessReceivedCommands
                0x000000e4       0x14 FreeRTOS/src/timers.o
 .progmem.gcc_sw_table.__vector_39
                0x000000f8       0xa2 ../drivers\libIotLibrary.a(twi.o)
                0x0000019a                . = ALIGN (0x2)
                0x0000019a                __trampolines_start = .
 *(.trampolines)
 .trampolines   0x0000019a        0x0 linker stubs
 *(.trampolines*)
                0x0000019a                __trampolines_end = .
 *libprintf_flt.a:*(.progmem.data)
 .progmem.data  0x0000019a        0x8 c:/program files (x86)/atmel/studio/7.0/toolchain/avr8/avr8-gnu-toolchain/bin/../lib/gcc/avr/5.4.0/../../../../avr/lib/avr6\libprintf_flt.a(vfprintf_flt.o)
 *libc.a:*(.progmem.data)
 .progmem.data  0x000001a2       0xfa c:/program files (x86)/atmel/studio/7.0/toolchain/avr8/avr8-gnu-toolchain/bin/../lib/gcc/avr/5.4.0/../../../../avr/lib/avr6\libc.a(ftoa_engine.o)
 *(.progmem*)
                0x0000029c                . = ALIGN (0x2)
 *(.jumptables)
 *(.jumptables*)
 *(.lowtext)
 .lowtext       0x0000029c       0x14 FreeRTOS/src/tasks.o
 .lowtext       0x000002b0       0x1e FreeRTOS/src/timers.o
 *(.lowtext*)
                0x000002ce                __ctors_start = .
 *(.ctors)
                0x000002ce                __ctors_end = .
                0x000002ce                __dtors_start = .
 *(.dtors)
                0x000002ce                __dtors_end = .
 SORT(*)(.ctors)
 SORT(*)(.dtors)
 *(.init0)
 .init0         0x000002ce        0x0 C:/Program Files (x86)/Atmel/Studio/7.0/Packs/atmel/ATmega_DFP/1.7.374/gcc/dev/atmega2560/avr6/crtatmega2560.o
                0x000002ce                __init
 *(.init0)
 *(.init1)
 *(.init1)
 *(.init2)
 .init2         0x000002ce       0x10 C:/Program Files (x86)/Atmel/Studio/7.0/Packs/atmel/ATmega_DFP/1.7.374/gcc/dev/atmega2560/avr6/crtatmega2560.o
 *(.init2)
 *(.init3)
 *(.init3)
 *(.init4)
 .init4         0x000002de       0x1a c:/program files (x86)/atmel/studio/7.0/toolchain/avr8/avr8-gnu-toolchain/bin/../lib/gcc/avr/5.4.0/avr6\libgcc.a(_copy_data.o)
                0x000002de                __do_copy_data
 .init4         0x000002f8       0x10 c:/program files (x86)/atmel/studio/7.0/toolchain/avr8/avr8-gnu-toolchain/bin/../lib/gcc/avr/5.4.0/avr6\libgcc.a(_clear_bss.o)
                0x000002f8                __do_clear_bss
 *(.init4)
 *(.init5)
 *(.init5)
 *(.init6)
 *(.init6)
 *(.init7)
 *(.init7)
 *(.init8)
 *(.init8)
 *(.init9)
 .init9         0x00000308        0x8 C:/Program Files (x86)/Atmel/Studio/7.0/Packs/atmel/ATmega_DFP/1.7.374/gcc/dev/atmega2560/avr6/crtatmega2560.o
 *(.init9)
 *(.text)
 .text          0x00000310        0x2 C:/Program Files (x86)/Atmel/Studio/7.0/Packs/atmel/ATmega_DFP/1.7.374/gcc/dev/atmega2560/avr6/crtatmega2560.o
                0x00000310                __vector_38
                0x00000310                __vector_22
                0x00000310                __vector_28
                0x00000310                __vector_1
                0x00000310                __vector_32
                0x00000310                __vector_34
                0x00000310                __vector_24
                0x00000310                __vector_46
                0x00000310                __bad_interrupt
                0x00000310                __vector_6
                0x00000310                __vector_31
                0x00000310                __vector_35
                0x00000310                __vector_3
                0x00000310                __vector_23
                0x00000310                __vector_30
                0x00000310                __vector_45
                0x00000310                __vector_11
                0x00000310                __vector_13
                0x00000310                __vector_17
                0x00000310                __vector_19
                0x00000310                __vector_56
                0x00000310                __vector_7
                0x00000310                __vector_49
                0x00000310                __vector_41
                0x00000310                __vector_43
                0x00000310                __vector_27
                0x00000310                __vector_5
                0x00000310                __vector_33
                0x00000310                __vector_47
                0x00000310                __vector_4
                0x00000310                __vector_44
                0x00000310                __vector_9
                0x00000310                __vector_2
                0x00000310                __vector_21
                0x00000310                __vector_15
                0x00000310                __vector_29
                0x00000310                __vector_40
                0x00000310                __vector_8
                0x00000310                __vector_48
                0x00000310                __vector_14
                0x00000310                __vector_53
                0x00000310                __vector_10
                0x00000310                __vector_50
                0x00000310                __vector_16
                0x00000310                __vector_18
                0x00000310                __vector_20
                0x00000310                __vector_42
                0x00000312                . = ALIGN (0x2)
 *(.text.*)
 .text.main_application_task
                0x00000312       0xf8 application.o
                0x00000312                main_application_task
 .text.create_main_application_task
                0x0000040a       0x28 application.o
                0x0000040a                create_main_application_task
 .text.set_system_status
                0x00000432       0x1c configuration.o
                0x00000432                set_system_status
 .text.get_system_status
                0x0000044e        0x6 configuration.o
                0x0000044e                get_system_status
 .text.get_max_temperature
                0x00000454        0xa configuration.o
                0x00000454                get_max_temperature
 .text.set_max_temperature
                0x0000045e        0xa configuration.o
                0x0000045e                set_max_temperature
 .text.get_max_humidity
                0x00000468        0xa configuration.o
                0x00000468                get_max_humidity
 .text.set_max_humidity
                0x00000472        0xa configuration.o
                0x00000472                set_max_humidity
 .text.get_max_co2
                0x0000047c        0xa configuration.o
                0x0000047c                get_max_co2
 .text.set_max_co2
                0x00000486        0xa configuration.o
                0x00000486                set_max_co2
 .text.setConfiguration
                0x00000490      0x11c configuration.o
                0x00000490                setConfiguration
 .text.lora_downlink_handler_task
                0x000005ac       0xba downlinkHandler.o
                0x000005ac                lora_downlink_handler_task
 .text.create_lora_downlink_handler_task
                0x00000666       0x28 downlinkHandler.o
                0x00000666                create_lora_downlink_handler_task
 .text.create_fan_controller_task
                0x0000068e       0x2e actionsController.o
                0x0000068e                create_fan_controller_task
 .text.temperature_action
                0x000006bc       0x38 actionsController.o
                0x000006bc                temperature_action
 .text.humidity_action
                0x000006f4       0x36 actionsController.o
                0x000006f4                humidity_action
 .text.co2_action
                0x0000072a       0x1e actionsController.o
                0x0000072a                co2_action
 .text.fan_controller_task
                0x00000748      0x18e actionsController.o
                0x00000748                fan_controller_task
 .text.prvTestWaitCondition
                0x000008d6       0x42 FreeRTOS/src/event_groups.o
 .text.xEventGroupCreate
                0x00000918       0x26 FreeRTOS/src/event_groups.o
                0x00000918                xEventGroupCreate
 .text.xEventGroupWaitBits
                0x0000093e      0x140 FreeRTOS/src/event_groups.o
                0x0000093e                xEventGroupWaitBits
 .text.xEventGroupSetBits
                0x00000a7e      0x11c FreeRTOS/src/event_groups.o
                0x00000a7e                xEventGroupSetBits
 .text.prvHeapInit
                0x00000b9a       0x52 FreeRTOS/src/heap_4.o
 .text.prvInsertBlockIntoFreeList
                0x00000bec       0x94 FreeRTOS/src/heap_4.o
 .text.pvPortMalloc
                0x00000c80      0x152 FreeRTOS/src/heap_4.o
                0x00000c80                pvPortMalloc
 .text.vPortFree
                0x00000dd2       0x7a FreeRTOS/src/heap_4.o
                0x00000dd2                vPortFree
 .text.vListInitialise
                0x00000e4c       0x22 FreeRTOS/src/list.o
                0x00000e4c                vListInitialise
 .text.vListInitialiseItem
                0x00000e6e        0x8 FreeRTOS/src/list.o
                0x00000e6e                vListInitialiseItem
 .text.vListInsert
                0x00000e76       0x7a FreeRTOS/src/list.o
                0x00000e76                vListInsert
 .text.uxListRemove
                0x00000ef0       0x4e FreeRTOS/src/list.o
                0x00000ef0                uxListRemove
 .text.prvSetupTimerInterrupt
                0x00000f3e       0x18 FreeRTOS/src/port.o
 .text.pxPortInitialiseStack
                0x00000f56       0x2e FreeRTOS/src/port.o
                0x00000f56                pxPortInitialiseStack
 .text.xPortStartScheduler
                0x00000f84       0x64 FreeRTOS/src/port.o
                0x00000f84                xPortStartScheduler
 .text.vPortYield
                0x00000fe8       0xc2 FreeRTOS/src/port.o
                0x00000fe8                vPortYield
 .text.vPortYieldFromTick
                0x000010aa       0xca FreeRTOS/src/port.o
                0x000010aa                vPortYieldFromTick
 .text.__vector_12
                0x00001174        0x4 FreeRTOS/src/port.o
                0x00001174                __vector_12
 .text.prvGetDisinheritPriorityAfterTimeout
                0x00001178       0x20 FreeRTOS/src/queue.o
 .text.prvIsQueueEmpty
                0x00001198       0x1a FreeRTOS/src/queue.o
 .text.prvIsQueueFull
                0x000011b2       0x1c FreeRTOS/src/queue.o
 .text.prvCopyDataToQueue
                0x000011ce       0xbe FreeRTOS/src/queue.o
 .text.prvCopyDataFromQueue
                0x0000128c       0x34 FreeRTOS/src/queue.o
 .text.prvUnlockQueue
                0x000012c0       0x68 FreeRTOS/src/queue.o
 .text.xQueueGenericReset
                0x00001328       0x86 FreeRTOS/src/queue.o
                0x00001328                xQueueGenericReset
 .text.prvInitialiseNewQueue
                0x000013ae       0x24 FreeRTOS/src/queue.o
 .text.xQueueGenericCreate
                0x000013d2       0x46 FreeRTOS/src/queue.o
                0x000013d2                xQueueGenericCreate
 .text.xQueueGenericSend
                0x00001418      0x124 FreeRTOS/src/queue.o
                0x00001418                xQueueGenericSend
 .text.prvInitialiseMutex
                0x0000153c       0x24 FreeRTOS/src/queue.o
 .text.xQueueCreateMutex
                0x00001560       0x18 FreeRTOS/src/queue.o
                0x00001560                xQueueCreateMutex
 .text.xQueueGenericSendFromISR
                0x00001578       0x76 FreeRTOS/src/queue.o
                0x00001578                xQueueGenericSendFromISR
 .text.xQueueReceive
                0x000015ee      0x11e FreeRTOS/src/queue.o
                0x000015ee                xQueueReceive
 .text.xQueueSemaphoreTake
                0x0000170c      0x162 FreeRTOS/src/queue.o
                0x0000170c                xQueueSemaphoreTake
 .text.vQueueWaitForMessageRestricted
                0x0000186e       0x38 FreeRTOS/src/queue.o
                0x0000186e                vQueueWaitForMessageRestricted
 .text.prvBytesInBuffer
                0x000018a6       0x26 FreeRTOS/src/stream_buffer.o
 .text.prvInitialiseNewStreamBuffer
                0x000018cc       0x20 FreeRTOS/src/stream_buffer.o
 .text.prvWriteBytesToBuffer
                0x000018ec       0x92 FreeRTOS/src/stream_buffer.o
 .text.prvWriteMessageToBuffer
                0x0000197e       0x86 FreeRTOS/src/stream_buffer.o
 .text.prvReadBytesFromBuffer
                0x00001a04       0x9e FreeRTOS/src/stream_buffer.o
 .text.prvReadMessageFromBuffer
                0x00001aa2       0x8a FreeRTOS/src/stream_buffer.o
 .text.xStreamBufferGenericCreate
                0x00001b2c       0x64 FreeRTOS/src/stream_buffer.o
                0x00001b2c                xStreamBufferGenericCreate
 .text.xStreamBufferReset
                0x00001b90       0x3c FreeRTOS/src/stream_buffer.o
                0x00001b90                xStreamBufferReset
 .text.xStreamBufferSpacesAvailable
                0x00001bcc       0x24 FreeRTOS/src/stream_buffer.o
                0x00001bcc                xStreamBufferSpacesAvailable
 .text.xStreamBufferSend
                0x00001bf0      0x18a FreeRTOS/src/stream_buffer.o
                0x00001bf0                xStreamBufferSend
 .text.xStreamBufferSendFromISR
                0x00001d7a       0x88 FreeRTOS/src/stream_buffer.o
                0x00001d7a                xStreamBufferSendFromISR
 .text.xStreamBufferReceive
                0x00001e02      0x106 FreeRTOS/src/stream_buffer.o
                0x00001e02                xStreamBufferReceive
 .text.prvResetNextTaskUnblockTime
                0x00001f08       0x4e FreeRTOS/src/tasks.o
 .text.prvDeleteTCB
                0x00001f56       0x1a FreeRTOS/src/tasks.o
 .text.prvInitialiseNewTask
                0x00001f70       0xfc FreeRTOS/src/tasks.o
 .text.prvInitialiseTaskLists
                0x0000206c       0x60 FreeRTOS/src/tasks.o
 .text.prvAddNewTaskToReadyList
                0x000020cc       0xde FreeRTOS/src/tasks.o
 .text.prvCheckTasksWaitingTermination
                0x000021aa       0x4a FreeRTOS/src/tasks.o
 .text.prvAddCurrentTaskToDelayedList
                0x000021f4      0x144 FreeRTOS/src/tasks.o
 .text.xTaskCreate
                0x00002338       0x98 FreeRTOS/src/tasks.o
                0x00002338                xTaskCreate
 .text.vTaskStartScheduler
                0x000023d0       0x70 FreeRTOS/src/tasks.o
                0x000023d0                vTaskStartScheduler
 .text.vTaskSuspendAll
                0x00002440        0xc FreeRTOS/src/tasks.o
                0x00002440                vTaskSuspendAll
 .text.xTaskGetTickCount
                0x0000244c       0x1c FreeRTOS/src/tasks.o
                0x0000244c                xTaskGetTickCount
 .text.xTaskIncrementTick
                0x00002468      0x258 FreeRTOS/src/tasks.o
                0x00002468                xTaskIncrementTick
 .text.xTaskResumeAll
                0x000026c0      0x1b8 FreeRTOS/src/tasks.o
                0x000026c0                xTaskResumeAll
 .text.xTaskDelayUntil
                0x00002878       0xca FreeRTOS/src/tasks.o
                0x00002878                xTaskDelayUntil
 .text.vTaskDelay
                0x00002942       0x36 FreeRTOS/src/tasks.o
                0x00002942                vTaskDelay
 .text.vTaskSwitchContext
                0x00002978       0xca FreeRTOS/src/tasks.o
                0x00002978                vTaskSwitchContext
 .text.vTaskPlaceOnEventList
                0x00002a42       0x2e FreeRTOS/src/tasks.o
                0x00002a42                vTaskPlaceOnEventList
 .text.vTaskPlaceOnUnorderedEventList
                0x00002a70       0x94 FreeRTOS/src/tasks.o
                0x00002a70                vTaskPlaceOnUnorderedEventList
 .text.vTaskPlaceOnEventListRestricted
                0x00002b04       0x84 FreeRTOS/src/tasks.o
                0x00002b04                vTaskPlaceOnEventListRestricted
 .text.xTaskRemoveFromEventList
                0x00002b88      0x15e FreeRTOS/src/tasks.o
                0x00002b88                xTaskRemoveFromEventList
 .text.vTaskRemoveFromUnorderedEventList
                0x00002ce6      0x134 FreeRTOS/src/tasks.o
                0x00002ce6                vTaskRemoveFromUnorderedEventList
 .text.vTaskSetTimeOutState
                0x00002e1a       0x2c FreeRTOS/src/tasks.o
                0x00002e1a                vTaskSetTimeOutState
 .text.vTaskInternalSetTimeOutState
                0x00002e46       0x22 FreeRTOS/src/tasks.o
                0x00002e46                vTaskInternalSetTimeOutState
 .text.xTaskCheckForTimeOut
                0x00002e68       0xcc FreeRTOS/src/tasks.o
                0x00002e68                xTaskCheckForTimeOut
 .text.vTaskMissedYield
                0x00002f34        0x8 FreeRTOS/src/tasks.o
                0x00002f34                vTaskMissedYield
 .text.xTaskGetCurrentTaskHandle
                0x00002f3c        0xa FreeRTOS/src/tasks.o
                0x00002f3c                xTaskGetCurrentTaskHandle
 .text.xTaskGetSchedulerState
                0x00002f46       0x1c FreeRTOS/src/tasks.o
                0x00002f46                xTaskGetSchedulerState
 .text.xTaskPriorityInherit
                0x00002f62      0x10e FreeRTOS/src/tasks.o
                0x00002f62                xTaskPriorityInherit
 .text.xTaskPriorityDisinherit
                0x00003070       0xb6 FreeRTOS/src/tasks.o
                0x00003070                xTaskPriorityDisinherit
 .text.vTaskPriorityDisinheritAfterTimeout
                0x00003126       0xce FreeRTOS/src/tasks.o
                0x00003126                vTaskPriorityDisinheritAfterTimeout
 .text.uxTaskResetEventItemValue
                0x000031f4       0x54 FreeRTOS/src/tasks.o
                0x000031f4                uxTaskResetEventItemValue
 .text.pvTaskIncrementMutexHeldCount
                0x00003248       0x24 FreeRTOS/src/tasks.o
                0x00003248                pvTaskIncrementMutexHeldCount
 .text.xTaskGenericNotifyWait
                0x0000326c      0x150 FreeRTOS/src/tasks.o
                0x0000326c                xTaskGenericNotifyWait
 .text.xTaskGenericNotify
                0x000033bc      0x1ee FreeRTOS/src/tasks.o
                0x000033bc                xTaskGenericNotify
 .text.xTaskGenericNotifyFromISR
                0x000035aa      0x244 FreeRTOS/src/tasks.o
                0x000035aa                xTaskGenericNotifyFromISR
 .text.xTaskGenericNotifyStateClear
                0x000037ee       0x34 FreeRTOS/src/tasks.o
                0x000037ee                xTaskGenericNotifyStateClear
 .text.prvGetNextExpireTime
                0x00003822       0x30 FreeRTOS/src/timers.o
 .text.prvInsertTimerInActiveList
                0x00003852       0x92 FreeRTOS/src/timers.o
 .text.prvCheckForValidListAndQueue
                0x000038e4       0x52 FreeRTOS/src/timers.o
 .text.xTimerCreateTimerTask
                0x00003936       0x42 FreeRTOS/src/timers.o
                0x00003936                xTimerCreateTimerTask
 .text.xTimerGenericCommand
                0x00003978       0xbc FreeRTOS/src/timers.o
                0x00003978                xTimerGenericCommand
 .text.prvSwitchTimerLists
                0x00003a34       0xd0 FreeRTOS/src/timers.o
 .text.prvSampleTimeNow
                0x00003b04       0x5c FreeRTOS/src/timers.o
 .text.prvProcessExpiredTimer
                0x00003b60       0xac FreeRTOS/src/timers.o
 .text.prvProcessTimerOrBlockTask
                0x00003c0c       0xae FreeRTOS/src/timers.o
 .text.prvProcessReceivedCommands
                0x00003cba      0x168 FreeRTOS/src/timers.o
 .text.vApplicationIdleHook
                0x00003e22        0x2 FreeRTOS/src/variantHooks.o
                0x00003e22                vApplicationIdleHook
 .text.prvSetMainLedOn
                0x00003e24        0xe FreeRTOS/src/variantHooks.o
                0x00003e24                prvSetMainLedOn
 .text.prvBlinkMainLed
                0x00003e32        0x8 FreeRTOS/src/variantHooks.o
                0x00003e32                prvBlinkMainLed
 .text.vApplicationMallocFailedHook
                0x00003e3a       0x18 FreeRTOS/src/variantHooks.o
                0x00003e3a                vApplicationMallocFailedHook
 .text.vApplicationStackOverflowHook
                0x00003e52       0x18 FreeRTOS/src/variantHooks.o
                0x00003e52                vApplicationStackOverflowHook
 .text.set_temperature_percent
                0x00003e6a        0xa packageHandler.o
                0x00003e6a                set_temperature_percent
 .text.set_humidity_percent
                0x00003e74        0xa packageHandler.o
                0x00003e74                set_humidity_percent
 .text.set_CO2_ppm
                0x00003e7e        0xa packageHandler.o
                0x00003e7e                set_CO2_ppm
 .text.set_status
                0x00003e88        0x6 packageHandler.o
                0x00003e88                set_status
 .text.get_lora_package
                0x00003e8e       0x36 packageHandler.o
                0x00003e8e                get_lora_package
 .text.myCo2CallBack
                0x00003ec4        0xa Sensors/co2Sensor.o
                0x00003ec4                myCo2CallBack
 .text.CO2_createSensor
                0x00003ece       0x10 Sensors/co2Sensor.o
                0x00003ece                CO2_createSensor
 .text.CO2_measure
                0x00003ede       0x30 Sensors/co2Sensor.o
                0x00003ede                CO2_measure
 .text.MeasureCo2Task
                0x00003f0e       0x48 Sensors/co2Sensor.o
                0x00003f0e                MeasureCo2Task
 .text.CO2_getPPM
                0x00003f56        0xa Sensors/co2Sensor.o
                0x00003f56                CO2_getPPM
 .text.create_CO2_sensor_task
                0x00003f60       0x2a Sensors/co2Sensor.o
                0x00003f60                create_CO2_sensor_task
 .text.initialise_TempHumSensor
                0x00003f8a       0x18 Sensors/tempHumSensor.o
                0x00003f8a                initialise_TempHumSensor
 .text.create_TempHum_sensor_task
                0x00003fa2       0x2a Sensors/tempHumSensor.o
                0x00003fa2                create_TempHum_sensor_task
 .text.tempHumSensor_printReturnCode
                0x00003fcc       0x1e Sensors/tempHumSensor.o
                0x00003fcc                tempHumSensor_printReturnCode
 .text.measure_Temp_Hum
                0x00003fea       0x42 Sensors/tempHumSensor.o
                0x00003fea                measure_Temp_Hum
 .text.Temp_Hum_Main_Task
                0x0000402c       0x3c Sensors/tempHumSensor.o
                0x0000402c                Temp_Hum_Main_Task
 .text.TempHumSensor_getTemp
                0x00004068        0xa Sensors/tempHumSensor.o
                0x00004068                TempHumSensor_getTemp
 .text.TempHumSensor_getHum
                0x00004072        0xa Sensors/tempHumSensor.o
                0x00004072                TempHumSensor_getHum
 .text.initialize_event_groups
                0x0000407c       0x1a initialize.o
                0x0000407c                initialize_event_groups
 .text.initialize_message_buffers
                0x00004096       0x46 initialize.o
                0x00004096                initialize_message_buffers
 .text.initialize_semaphore
                0x000040dc       0x3a initialize.o
                0x000040dc                initialize_semaphore
 .text.initialise_rc_servo
                0x00004116        0x4 servoController.o
                0x00004116                initialise_rc_servo
 .text.servo_set_position
                0x0000411a        0x4 servoController.o
                0x0000411a                servo_set_position
 .text._lora_setup
                0x0000411e      0x188 uplinkHandler.o
 .text.lora_uplink_handler_task
                0x000042a6       0xde uplinkHandler.o
                0x000042a6                lora_uplink_handler_task
 .text.create_lora_uplink_handler_task
                0x00004384       0x28 uplinkHandler.o
                0x00004384                create_lora_uplink_handler_task
 .text.create_all_tasks
                0x000043ac       0x20 main.o
                0x000043ac                create_all_tasks
 .text.initializeSystem
                0x000043cc       0x24 main.o
                0x000043cc                initializeSystem
 .text.main     0x000043f0       0x10 main.o
                0x000043f0                main
 .text._hihTwiCallback
                0x00004400       0x5a ../drivers\libIotLibrary.a(hih8120.o)
 .text.hih8120_initialise
                0x0000445a       0x30 ../drivers\libIotLibrary.a(hih8120.o)
                0x0000445a                hih8120_initialise
 .text.hih8120_wakeup
                0x0000448a       0x2a ../drivers\libIotLibrary.a(hih8120.o)
                0x0000448a                hih8120_wakeup
 .text.hih8120_measure
                0x000044b4       0x22 ../drivers\libIotLibrary.a(hih8120.o)
                0x000044b4                hih8120_measure
 .text.hih8120_getHumidity
                0x000044d6       0x2a ../drivers\libIotLibrary.a(hih8120.o)
                0x000044d6                hih8120_getHumidity
 .text.hih8120_getHumidityPercent_x10
                0x00004500       0x16 ../drivers\libIotLibrary.a(hih8120.o)
                0x00004500                hih8120_getHumidityPercent_x10
 .text.hih8120_getTemperature
                0x00004516       0x36 ../drivers\libIotLibrary.a(hih8120.o)
                0x00004516                hih8120_getTemperature
 .text.hih8120_getTemperature_x10
                0x0000454c       0x16 ../drivers\libIotLibrary.a(hih8120.o)
                0x0000454c                hih8120_getTemperature_x10
 .text._serialCallBack
                0x00004562       0x8c ../drivers\libIotLibrary.a(lora_driver.o)
 .text._uploadMessage
                0x000045ee       0xb4 ../drivers\libIotLibrary.a(lora_driver.o)
 .text._reply2ReturnCode
                0x000046a2       0xea ../drivers\libIotLibrary.a(lora_driver.o)
 .text._uploadMessageRc
                0x0000478c        0x6 ../drivers\libIotLibrary.a(lora_driver.o)
 .text.lora_driver_flushBuffers
                0x00004792        0xe ../drivers\libIotLibrary.a(lora_driver.o)
                0x00004792                lora_driver_flushBuffers
 .text.lora_driver_initialise
                0x000047a0       0x80 ../drivers\libIotLibrary.a(lora_driver.o)
                0x000047a0                lora_driver_initialise
 .text.lora_driver_resetRn2483
                0x00004820       0x1c ../drivers\libIotLibrary.a(lora_driver.o)
                0x00004820                lora_driver_resetRn2483
 .text.lora_driver_rn2483FactoryReset
                0x0000483c       0x24 ../drivers\libIotLibrary.a(lora_driver.o)
                0x0000483c                lora_driver_rn2483FactoryReset
 .text.lora_driver_getRn2483Hweui
                0x00004860       0x38 ../drivers\libIotLibrary.a(lora_driver.o)
                0x00004860                lora_driver_getRn2483Hweui
 .text.lora_driver_setDeviceIdentifier
                0x00004898       0x22 ../drivers\libIotLibrary.a(lora_driver.o)
                0x00004898                lora_driver_setDeviceIdentifier
 .text.lora_driver_setApplicationIdentifier
                0x000048ba       0x22 ../drivers\libIotLibrary.a(lora_driver.o)
                0x000048ba                lora_driver_setApplicationIdentifier
 .text.lora_driver_setApplicationKey
                0x000048dc       0x22 ../drivers\libIotLibrary.a(lora_driver.o)
                0x000048dc                lora_driver_setApplicationKey
 .text.lora_driver_saveMac
                0x000048fe        0xc ../drivers\libIotLibrary.a(lora_driver.o)
                0x000048fe                lora_driver_saveMac
 .text.lora_driver_join
                0x0000490a       0x52 ../drivers\libIotLibrary.a(lora_driver.o)
                0x0000490a                lora_driver_join
 .text.lora_driver_sendUploadMessage
                0x0000495c      0x196 ../drivers\libIotLibrary.a(lora_driver.o)
                0x0000495c                lora_driver_sendUploadMessage
 .text.lora_driver_setAdaptiveDataRate
                0x00004af2       0x16 ../drivers\libIotLibrary.a(lora_driver.o)
                0x00004af2                lora_driver_setAdaptiveDataRate
 .text.lora_driver_setReceiveDelay
                0x00004b08       0x30 ../drivers\libIotLibrary.a(lora_driver.o)
                0x00004b08                lora_driver_setReceiveDelay
 .text.lora_driver_configureToEu868
                0x00004b38      0x1bc ../drivers\libIotLibrary.a(lora_driver.o)
                0x00004b38                lora_driver_configureToEu868
 .text.lora_driver_setOtaaIdentity
                0x00004cf4       0x42 ../drivers\libIotLibrary.a(lora_driver.o)
                0x00004cf4                lora_driver_setOtaaIdentity
 .text.lora_driver_mapReturnCodeToText
                0x00004d36       0x18 ../drivers\libIotLibrary.a(lora_driver.o)
                0x00004d36                lora_driver_mapReturnCodeToText
 .text.decode_port_no
                0x00004d4e       0x58 ../drivers\libIotLibrary.a(lora_driver_utils.o)
                0x00004d4e                decode_port_no
 .text.decode_hexadecimal_string_bytes
                0x00004da6       0x92 ../drivers\libIotLibrary.a(lora_driver_utils.o)
                0x00004da6                decode_hexadecimal_string_bytes
 .text._serialCallBack
                0x00004e38       0xb6 ../drivers\libIotLibrary.a(mh_z19.o)
 .text.mh_z19_initialise
                0x00004eee       0x4a ../drivers\libIotLibrary.a(mh_z19.o)
                0x00004eee                mh_z19_initialise
 .text.mh_z19_injectCallBack
                0x00004f38        0xa ../drivers\libIotLibrary.a(mh_z19.o)
                0x00004f38                mh_z19_injectCallBack
 .text.mh_z19_takeMeassuring
                0x00004f42       0x5e ../drivers\libIotLibrary.a(mh_z19.o)
                0x00004f42                mh_z19_takeMeassuring
 .text.mh_z19_getCo2Ppm
                0x00004fa0       0x22 ../drivers\libIotLibrary.a(mh_z19.o)
                0x00004fa0                mh_z19_getCo2Ppm
 .text.rc_servo_setPosition
                0x00004fc2       0x30 ../drivers\libIotLibrary.a(rc_servo.o)
                0x00004fc2                rc_servo_setPosition
 .text.rc_servo_initialise
                0x00004ff2       0x38 ../drivers\libIotLibrary.a(rc_servo.o)
                0x00004ff2                rc_servo_initialise
 .text.serial_create
                0x0000502a      0x14c ../drivers\libIotLibrary.a(serial.o)
                0x0000502a                serial_create
 .text.serial_sendByte
                0x00005176       0x56 ../drivers\libIotLibrary.a(serial.o)
                0x00005176                serial_sendByte
 .text.serial_sendBytes
                0x000051cc       0xaa ../drivers\libIotLibrary.a(serial.o)
                0x000051cc                serial_sendBytes
 .text.serial_getByte
                0x00005276       0x40 ../drivers\libIotLibrary.a(serial.o)
                0x00005276                serial_getByte
 .text.__vector_25
                0x000052b6       0xa4 ../drivers\libIotLibrary.a(serial.o)
                0x000052b6                __vector_25
 .text.__vector_26
                0x0000535a       0x88 ../drivers\libIotLibrary.a(serial.o)
                0x0000535a                __vector_26
 .text.__vector_36
                0x000053e2       0xa4 ../drivers\libIotLibrary.a(serial.o)
                0x000053e2                __vector_36
 .text.__vector_37
                0x00005486       0x88 ../drivers\libIotLibrary.a(serial.o)
                0x00005486                __vector_37
 .text.__vector_51
                0x0000550e       0xa4 ../drivers\libIotLibrary.a(serial.o)
                0x0000550e                __vector_51
 .text.__vector_52
                0x000055b2       0x88 ../drivers\libIotLibrary.a(serial.o)
                0x000055b2                __vector_52
 .text.__vector_54
                0x0000563a       0xa4 ../drivers\libIotLibrary.a(serial.o)
                0x0000563a                __vector_54
 .text.__vector_55
                0x000056de       0x88 ../drivers\libIotLibrary.a(serial.o)
                0x000056de                __vector_55
 .text.usart_getchar
                0x00005766       0x2a ../drivers\libIotLibrary.a(stdio_driver.o)
 .text.usart_putchar
                0x00005790       0x12 ../drivers\libIotLibrary.a(stdio_driver.o)
 .text.stdio_initialise
                0x000057a2       0x52 ../drivers\libIotLibrary.a(stdio_driver.o)
                0x000057a2                stdio_initialise
 .text._turn_off
                0x000057f4       0x98 ../drivers\libIotLibrary.a(status_leds.o)
 .text._turn_on
                0x0000588c       0x98 ../drivers\libIotLibrary.a(status_leds.o)
 .text._hal_led_task
                0x00005924       0x8c ../drivers\libIotLibrary.a(status_leds.o)
 .text.status_leds_initialise
                0x000059b0       0x9c ../drivers\libIotLibrary.a(status_leds.o)
                0x000059b0                status_leds_initialise
 .text.status_leds_slowBlink
                0x00005a4c       0x46 ../drivers\libIotLibrary.a(status_leds.o)
                0x00005a4c                status_leds_slowBlink
 .text.status_leds_fastBlink
                0x00005a92       0x46 ../drivers\libIotLibrary.a(status_leds.o)
                0x00005a92                status_leds_fastBlink
 .text.status_leds_ledOn
                0x00005ad8       0x1e ../drivers\libIotLibrary.a(status_leds.o)
                0x00005ad8                status_leds_ledOn
 .text.status_leds_ledOff
                0x00005af6       0x1e ../drivers\libIotLibrary.a(status_leds.o)
                0x00005af6                status_leds_ledOff
 .text.status_leds_longPuls
                0x00005b14       0x24 ../drivers\libIotLibrary.a(status_leds.o)
                0x00005b14                status_leds_longPuls
 .text.status_leds_shortPuls
                0x00005b38       0x22 ../drivers\libIotLibrary.a(status_leds.o)
                0x00005b38                status_leds_shortPuls
 .text._initTwiInterface
                0x00005b5a       0x22 ../drivers\libIotLibrary.a(twi.o)
 .text.twiCreate
                0x00005b7c       0x9a ../drivers\libIotLibrary.a(twi.o)
                0x00005b7c                twiCreate
 .text.twiIsBusy
                0x00005c16        0x8 ../drivers\libIotLibrary.a(twi.o)
                0x00005c16                twiIsBusy
 .text.twiTransmit
                0x00005c1e       0x98 ../drivers\libIotLibrary.a(twi.o)
                0x00005c1e                twiTransmit
 .text.twiReceive
                0x00005cb6       0x66 ../drivers\libIotLibrary.a(twi.o)
                0x00005cb6                twiReceive
 .text.__vector_39
                0x00005d1c      0x17a ../drivers\libIotLibrary.a(twi.o)
                0x00005d1c                __vector_39
 .text.fifo_init
                0x00005e96       0x38 ../drivers\libIotLibrary.a(fifo.o)
                0x00005e96                fifo_init
 .text.avr-libc
                0x00005ece      0x714 c:/program files (x86)/atmel/studio/7.0/toolchain/avr8/avr8-gnu-toolchain/bin/../lib/gcc/avr/5.4.0/../../../../avr/lib/avr6\libprintf_flt.a(vfprintf_flt.o)
                0x00005ece                vfprintf
 .text.avr-libc.fplib
                0x000065e2        0xa c:/program files (x86)/atmel/studio/7.0/toolchain/avr8/avr8-gnu-toolchain/bin/../lib/gcc/avr/5.4.0/../../../../avr/lib/avr6\libm.a(addsf3.o)
                0x000065e2                __subsf3
                0x000065e4                __addsf3
 .text.avr-libc.fplib
                0x000065ec       0xc0 c:/program files (x86)/atmel/studio/7.0/toolchain/avr8/avr8-gnu-toolchain/bin/../lib/gcc/avr/5.4.0/../../../../avr/lib/avr6\libm.a(addsf3x.o)
                0x00006606                __addsf3x
 .text.avr-libc.fplib
                0x000066ac        0x4 c:/program files (x86)/atmel/studio/7.0/toolchain/avr8/avr8-gnu-toolchain/bin/../lib/gcc/avr/5.4.0/../../../../avr/lib/avr6\libm.a(divsf3.o)
                0x000066ac                __divsf3
 .text.avr-libc.fplib
                0x000066b0       0xcc c:/program files (x86)/atmel/studio/7.0/toolchain/avr8/avr8-gnu-toolchain/bin/../lib/gcc/avr/5.4.0/../../../../avr/lib/avr6\libm.a(divsf3x.o)
                0x000066c6                __divsf3x
                0x000066ca                __divsf3_pse
 .text.avr-libc.fplib
                0x0000677c        0xa c:/program files (x86)/atmel/studio/7.0/toolchain/avr8/avr8-gnu-toolchain/bin/../lib/gcc/avr/5.4.0/../../../../avr/lib/avr6\libm.a(fixsfsi.o)
                0x0000677c                __fixsfsi
 .text.avr-libc.fplib
                0x00006786       0x58 c:/program files (x86)/atmel/studio/7.0/toolchain/avr8/avr8-gnu-toolchain/bin/../lib/gcc/avr/5.4.0/../../../../avr/lib/avr6\libm.a(fixunssfsi.o)
                0x00006786                __fixunssfsi
 .text.avr-libc.fplib
                0x000067de       0x7a c:/program files (x86)/atmel/studio/7.0/toolchain/avr8/avr8-gnu-toolchain/bin/../lib/gcc/avr/5.4.0/../../../../avr/lib/avr6\libm.a(floatsisf.o)
                0x000067de                __floatunsisf
                0x000067e2                __floatsisf
 .text.avr-libc.fplib
                0x00006858        0xc c:/program files (x86)/atmel/studio/7.0/toolchain/avr8/avr8-gnu-toolchain/bin/../lib/gcc/avr/5.4.0/../../../../avr/lib/avr6\libm.a(fp_inf.o)
                0x00006858                __fp_inf
 .text.avr-libc.fplib
                0x00006864        0x6 c:/program files (x86)/atmel/studio/7.0/toolchain/avr8/avr8-gnu-toolchain/bin/../lib/gcc/avr/5.4.0/../../../../avr/lib/avr6\libm.a(fp_nan.o)
                0x00006864                __fp_nan
 .text.avr-libc.fplib
                0x0000686a        0xe c:/program files (x86)/atmel/studio/7.0/toolchain/avr8/avr8-gnu-toolchain/bin/../lib/gcc/avr/5.4.0/../../../../avr/lib/avr6\libm.a(fp_pscA.o)
                0x0000686a                __fp_pscA
 .text.avr-libc.fplib
                0x00006878        0xe c:/program files (x86)/atmel/studio/7.0/toolchain/avr8/avr8-gnu-toolchain/bin/../lib/gcc/avr/5.4.0/../../../../avr/lib/avr6\libm.a(fp_pscB.o)
                0x00006878                __fp_pscB
 .text.avr-libc.fplib
                0x00006886       0x22 c:/program files (x86)/atmel/studio/7.0/toolchain/avr8/avr8-gnu-toolchain/bin/../lib/gcc/avr/5.4.0/../../../../avr/lib/avr6\libm.a(fp_round.o)
                0x00006886                __fp_round
 .text.avr-libc.fplib
                0x000068a8       0x44 c:/program files (x86)/atmel/studio/7.0/toolchain/avr8/avr8-gnu-toolchain/bin/../lib/gcc/avr/5.4.0/../../../../avr/lib/avr6\libm.a(fp_split3.o)
                0x000068a8                __fp_split3
                0x000068b8                __fp_splitA
 .text.avr-libc.fplib
                0x000068ec        0xe c:/program files (x86)/atmel/studio/7.0/toolchain/avr8/avr8-gnu-toolchain/bin/../lib/gcc/avr/5.4.0/../../../../avr/lib/avr6\libm.a(fp_zero.o)
                0x000068ec                __fp_zero
                0x000068ee                __fp_szero
 .text.avr-libc.fplib
                0x000068fa        0x4 c:/program files (x86)/atmel/studio/7.0/toolchain/avr8/avr8-gnu-toolchain/bin/../lib/gcc/avr/5.4.0/../../../../avr/lib/avr6\libm.a(mulsf3.o)
                0x000068fa                __mulsf3
 .text.avr-libc.fplib
                0x000068fe       0xc2 c:/program files (x86)/atmel/studio/7.0/toolchain/avr8/avr8-gnu-toolchain/bin/../lib/gcc/avr/5.4.0/../../../../avr/lib/avr6\libm.a(mulsf3x.o)
                0x00006912                __mulsf3x
                0x00006916                __mulsf3_pse
 .text.libgcc.div
                0x000069c0       0x26 c:/program files (x86)/atmel/studio/7.0/toolchain/avr8/avr8-gnu-toolchain/bin/../lib/gcc/avr/5.4.0/avr6\libgcc.a(_divmodhi4.o)
                0x000069c0                _div
                0x000069c0                __divmodhi4
 .text.libgcc.div
                0x000069e6       0x44 c:/program files (x86)/atmel/studio/7.0/toolchain/avr8/avr8-gnu-toolchain/bin/../lib/gcc/avr/5.4.0/avr6\libgcc.a(_udivmodsi4.o)
                0x000069e6                __udivmodsi4
 .text.libgcc   0x00006a2a       0x10 c:/program files (x86)/atmel/studio/7.0/toolchain/avr8/avr8-gnu-toolchain/bin/../lib/gcc/avr/5.4.0/avr6\libgcc.a(_tablejump2.o)
                0x00006a2a                __tablejump2__
 .text.libgcc.mul
                0x00006a3a       0x1e c:/program files (x86)/atmel/studio/7.0/toolchain/avr8/avr8-gnu-toolchain/bin/../lib/gcc/avr/5.4.0/avr6\libgcc.a(_umulhisi3.o)
                0x00006a3a                __umulhisi3
 .text.libgcc.div
                0x00006a58       0x28 c:/program files (x86)/atmel/studio/7.0/toolchain/avr8/avr8-gnu-toolchain/bin/../lib/gcc/avr/5.4.0/avr6\libgcc.a(_udivmodhi4.o)
                0x00006a58                __udivmodhi4
 .text.avr-libc
                0x00006a80      0x242 c:/program files (x86)/atmel/studio/7.0/toolchain/avr8/avr8-gnu-toolchain/bin/../lib/gcc/avr/5.4.0/../../../../avr/lib/avr6\libc.a(malloc.o)
                0x00006a80                malloc
                0x00006bb0                free
 .text.avr-libc
                0x00006cc2        0x8 c:/program files (x86)/atmel/studio/7.0/toolchain/avr8/avr8-gnu-toolchain/bin/../lib/gcc/avr/5.4.0/../../../../avr/lib/avr6\libc.a(abort.o)
                0x00006cc2                abort
 .text.avr-libc
                0x00006cca      0x1b0 c:/program files (x86)/atmel/studio/7.0/toolchain/avr8/avr8-gnu-toolchain/bin/../lib/gcc/avr/5.4.0/../../../../avr/lib/avr6\libc.a(ftoa_engine.o)
                0x00006cca                __ftoa_engine
 .text.avr-libc
                0x00006e7a       0x16 c:/program files (x86)/atmel/studio/7.0/toolchain/avr8/avr8-gnu-toolchain/bin/../lib/gcc/avr/5.4.0/../../../../avr/lib/avr6\libc.a(strnlen_P.o)
                0x00006e7a                strnlen_P
 .text.avr-libc
                0x00006e90       0x12 c:/program files (x86)/atmel/studio/7.0/toolchain/avr8/avr8-gnu-toolchain/bin/../lib/gcc/avr/5.4.0/../../../../avr/lib/avr6\libc.a(memcpy.o)
                0x00006e90                memcpy
 .text.avr-libc
                0x00006ea2        0xe c:/program files (x86)/atmel/studio/7.0/toolchain/avr8/avr8-gnu-toolchain/bin/../lib/gcc/avr/5.4.0/../../../../avr/lib/avr6\libc.a(memset.o)
                0x00006ea2                memset
 .text.avr-libc
                0x00006eb0       0x4a c:/program files (x86)/atmel/studio/7.0/toolchain/avr8/avr8-gnu-toolchain/bin/../lib/gcc/avr/5.4.0/../../../../avr/lib/avr6\libc.a(strcasestr.o)
                0x00006eb0                strcasestr
 .text.avr-libc
                0x00006efa       0x16 c:/program files (x86)/atmel/studio/7.0/toolchain/avr8/avr8-gnu-toolchain/bin/../lib/gcc/avr/5.4.0/../../../../avr/lib/avr6\libc.a(strcat.o)
                0x00006efa                strcat
 .text.avr-libc
                0x00006f10        0xe c:/program files (x86)/atmel/studio/7.0/toolchain/avr8/avr8-gnu-toolchain/bin/../lib/gcc/avr/5.4.0/../../../../avr/lib/avr6\libc.a(strcpy.o)
                0x00006f10                strcpy
 .text.avr-libc
                0x00006f1e       0x30 c:/program files (x86)/atmel/studio/7.0/toolchain/avr8/avr8-gnu-toolchain/bin/../lib/gcc/avr/5.4.0/../../../../avr/lib/avr6\libc.a(strncasecmp.o)
                0x00006f1e                strncasecmp
 .text.avr-libc
                0x00006f4e       0x16 c:/program files (x86)/atmel/studio/7.0/toolchain/avr8/avr8-gnu-toolchain/bin/../lib/gcc/avr/5.4.0/../../../../avr/lib/avr6\libc.a(strnlen.o)
                0x00006f4e                strnlen
 .text.avr-libc
                0x00006f64       0x78 c:/program files (x86)/atmel/studio/7.0/toolchain/avr8/avr8-gnu-toolchain/bin/../lib/gcc/avr/5.4.0/../../../../avr/lib/avr6\libc.a(fputc.o)
                0x00006f64                fputc
 .text.avr-libc
                0x00006fdc       0x28 c:/program files (x86)/atmel/studio/7.0/toolchain/avr8/avr8-gnu-toolchain/bin/../lib/gcc/avr/5.4.0/../../../../avr/lib/avr6\libc.a(printf.o)
                0x00006fdc                printf
 .text.avr-libc
                0x00007004       0x60 c:/program files (x86)/atmel/studio/7.0/toolchain/avr8/avr8-gnu-toolchain/bin/../lib/gcc/avr/5.4.0/../../../../avr/lib/avr6\libc.a(puts.o)
                0x00007004                puts
 .text.avr-libc
                0x00007064       0x5e c:/program files (x86)/atmel/studio/7.0/toolchain/avr8/avr8-gnu-toolchain/bin/../lib/gcc/avr/5.4.0/../../../../avr/lib/avr6\libc.a(sprintf.o)
                0x00007064                sprintf
 .text.avr-libc
                0x000070c2       0xbc c:/program files (x86)/atmel/studio/7.0/toolchain/avr8/avr8-gnu-toolchain/bin/../lib/gcc/avr/5.4.0/../../../../avr/lib/avr6\libc.a(ultoa_invert.o)
                0x000070c2                __ultoa_invert
                0x0000717e                . = ALIGN (0x2)
 *(.fini9)
 .fini9         0x0000717e        0x0 c:/program files (x86)/atmel/studio/7.0/toolchain/avr8/avr8-gnu-toolchain/bin/../lib/gcc/avr/5.4.0/avr6\libgcc.a(_exit.o)
                0x0000717e                _exit
                0x0000717e                exit
 *(.fini9)
 *(.fini8)
 *(.fini8)
 *(.fini7)
 *(.fini7)
 *(.fini6)
 *(.fini6)
 *(.fini5)
 *(.fini5)
 *(.fini4)
 *(.fini4)
 *(.fini3)
 *(.fini3)
 *(.fini2)
 *(.fini2)
 *(.fini1)
 *(.fini1)
 *(.fini0)
 .fini0         0x0000717e        0x4 c:/program files (x86)/atmel/studio/7.0/toolchain/avr8/avr8-gnu-toolchain/bin/../lib/gcc/avr/5.4.0/avr6\libgcc.a(_exit.o)
 *(.fini0)
                0x00007182                _etext = .

.data           0x00800200      0x734 load address 0x00007182
                0x00800200                PROVIDE (__data_start, .)
 *(.data)
 .data          0x00800200        0x6 c:/program files (x86)/atmel/studio/7.0/toolchain/avr8/avr8-gnu-toolchain/bin/../lib/gcc/avr/5.4.0/../../../../avr/lib/avr6\libc.a(malloc.o)
                0x00800200                __malloc_heap_end
                0x00800202                __malloc_heap_start
                0x00800204                __malloc_margin
 *(.data*)
 .data.uxTopUsedPriority
                0x00800206        0x1 FreeRTOS/src/tasks.o
                0x00800206                uxTopUsedPriority
 .data._temp    0x00800207        0x2 ../drivers\libIotLibrary.a(hih8120.o)
 .data._hum     0x00800209        0x2 ../drivers\libIotLibrary.a(hih8120.o)
 .data._com_port_2_udr
                0x0080020b        0x8 ../drivers\libIotLibrary.a(serial.o)
                0x0080020b                _com_port_2_udr
 .data.mystdout.1882
                0x00800213        0xe ../drivers\libIotLibrary.a(stdio_driver.o)
 .data._twiCurrentState
                0x00800221        0x1 ../drivers\libIotLibrary.a(twi.o)
 *(.gnu.linkonce.d*)
 *(.rodata)
 .rodata        0x00800222       0x20 ../drivers\libIotLibrary.a(lora_driver.o)
 .rodata        0x00800242       0x2d ../drivers\libIotLibrary.a(mh_z19.o)
 *(.rodata*)
 .rodata.str1.1
                0x0080026f       0x1b application.o
 .rodata.str1.1
                0x0080028a       0x32 configuration.o
 .rodata.str1.1
                0x008002bc       0x5c downlinkHandler.o
 .rodata.str1.1
                0x00800318       0x58 actionsController.o
 .rodata.str1.1
                0x00800370        0x5 FreeRTOS/src/tasks.o
 .rodata.str1.1
                0x00800375        0x8 FreeRTOS/src/timers.o
 .rodata.str1.1
                0x0080037d       0x42 Sensors/co2Sensor.o
 .rodata.str1.1
                0x008003bf       0x88 Sensors/tempHumSensor.o
 .rodata.str1.1
                0x00800447       0x74 initialize.o
 .rodata.str1.1
                0x008004bb      0x197 uplinkHandler.o
 .rodata.str1.1
                0x00800652       0x12 main.o
 .rodata.str1.1
                0x00800664      0x290 ../drivers\libIotLibrary.a(lora_driver.o)
                                0x2a5 (size before relaxing)
 .rodata._joinMode
                0x008008f4        0x4 ../drivers\libIotLibrary.a(lora_driver.o)
 .rodata._returnCode
                0x008008f8       0x33 ../drivers\libIotLibrary.a(lora_driver.o)
                0x008008f8                _returnCode
 .rodata.str1.1
                0x0080092b        0x8 ../drivers\libIotLibrary.a(status_leds.o)
 *(.gnu.linkonce.r*)
                0x00800934                . = ALIGN (0x2)
 *fill*         0x00800933        0x1 
                0x00800934                _edata = .
                0x00800934                PROVIDE (__data_end, .)

.bss            0x00800934     0x1023
                0x00800934                PROVIDE (__bss_start, .)
 *(.bss)
 *(.bss*)
 .bss.system_status
                0x00800934        0x1 configuration.o
 .bss.max_co2   0x00800935        0x2 configuration.o
 .bss.max_humidity
                0x00800937        0x2 configuration.o
 .bss.max_temperature
                0x00800939        0x2 configuration.o
 .bss._downlink_payload
                0x0080093b       0x16 downlinkHandler.o
 .bss.xBlockAllocatedBit
                0x00800951        0x2 FreeRTOS/src/heap_4.o
 .bss.xNumberOfSuccessfulFrees
                0x00800953        0x2 FreeRTOS/src/heap_4.o
 .bss.xNumberOfSuccessfulAllocations
                0x00800955        0x2 FreeRTOS/src/heap_4.o
 .bss.xMinimumEverFreeBytesRemaining
                0x00800957        0x2 FreeRTOS/src/heap_4.o
 .bss.xFreeBytesRemaining
                0x00800959        0x2 FreeRTOS/src/heap_4.o
 .bss.pxEnd     0x0080095b        0x2 FreeRTOS/src/heap_4.o
 .bss.xStart    0x0080095d        0x4 FreeRTOS/src/heap_4.o
 .bss.ucHeap    0x00800961      0xdac FreeRTOS/src/heap_4.o
 .bss.uxSchedulerSuspended
                0x0080170d        0x1 FreeRTOS/src/tasks.o
 .bss.xIdleTaskHandle
                0x0080170e        0x2 FreeRTOS/src/tasks.o
 .bss.xNextTaskUnblockTime
                0x00801710        0x4 FreeRTOS/src/tasks.o
 .bss.uxTaskNumber
                0x00801714        0x1 FreeRTOS/src/tasks.o
 .bss.xNumOfOverflows
                0x00801715        0x1 FreeRTOS/src/tasks.o
 .bss.xYieldPending
                0x00801716        0x1 FreeRTOS/src/tasks.o
 .bss.xPendedTicks
                0x00801717        0x4 FreeRTOS/src/tasks.o
 .bss.xSchedulerRunning
                0x0080171b        0x1 FreeRTOS/src/tasks.o
 .bss.uxTopReadyPriority
                0x0080171c        0x1 FreeRTOS/src/tasks.o
 .bss.xTickCount
                0x0080171d        0x4 FreeRTOS/src/tasks.o
 .bss.uxCurrentNumberOfTasks
                0x00801721        0x1 FreeRTOS/src/tasks.o
 .bss.xSuspendedTaskList
                0x00801722        0xb FreeRTOS/src/tasks.o
 .bss.uxDeletedTasksWaitingCleanUp
                0x0080172d        0x1 FreeRTOS/src/tasks.o
 .bss.xTasksWaitingTermination
                0x0080172e        0xb FreeRTOS/src/tasks.o
 .bss.xPendingReadyList
                0x00801739        0xb FreeRTOS/src/tasks.o
 .bss.pxOverflowDelayedTaskList
                0x00801744        0x2 FreeRTOS/src/tasks.o
 .bss.pxDelayedTaskList
                0x00801746        0x2 FreeRTOS/src/tasks.o
 .bss.xDelayedTaskList2
                0x00801748        0xb FreeRTOS/src/tasks.o
 .bss.xDelayedTaskList1
                0x00801753        0xb FreeRTOS/src/tasks.o
 .bss.pxReadyTasksLists
                0x0080175e       0x6e FreeRTOS/src/tasks.o
 .bss.pxCurrentTCB
                0x008017cc        0x2 FreeRTOS/src/tasks.o
                0x008017cc                pxCurrentTCB
 .bss.xLastTime.2436
                0x008017ce        0x4 FreeRTOS/src/timers.o
 .bss.xTimerTaskHandle
                0x008017d2        0x2 FreeRTOS/src/timers.o
 .bss.xTimerQueue
                0x008017d4        0x2 FreeRTOS/src/timers.o
 .bss.pxOverflowTimerList
                0x008017d6        0x2 FreeRTOS/src/timers.o
 .bss.pxCurrentTimerList
                0x008017d8        0x2 FreeRTOS/src/timers.o
 .bss.xActiveTimerList2
                0x008017da        0xb FreeRTOS/src/timers.o
 .bss.xActiveTimerList1
                0x008017e5        0xb FreeRTOS/src/timers.o
 .bss.status    0x008017f0        0x1 packageHandler.o
 .bss.CO2_PPM   0x008017f1        0x2 packageHandler.o
 .bss.humidityPercent
                0x008017f3        0x2 packageHandler.o
 .bss.temperaturePercent
                0x008017f5        0x2 packageHandler.o
 .bss.lastCO2ppm
                0x008017f7        0x2 Sensors/co2Sensor.o
                0x008017f7                lastCO2ppm
 .bss.temperature
                0x008017f9        0x2 Sensors/tempHumSensor.o
                0x008017f9                temperature
 .bss.humidity  0x008017fb        0x2 Sensors/tempHumSensor.o
                0x008017fb                humidity
 .bss._uplink_payload
                0x008017fd       0x16 uplinkHandler.o
 .bss._measuringIsReady
                0x00801813        0x1 ../drivers\libIotLibrary.a(hih8120.o)
 .bss._hih8120Handler
                0x00801814        0x2 ../drivers\libIotLibrary.a(hih8120.o)
 .bss._tmp_buf.2871
                0x00801816       0x37 ../drivers\libIotLibrary.a(lora_driver.o)
 .bss.rec_buf_inp.2878
                0x0080184d        0x1 ../drivers\libIotLibrary.a(lora_driver.o)
 .bss._downlinkMessageBuffer
                0x0080184e        0x2 ../drivers\libIotLibrary.a(lora_driver.o)
 .bss._serialReplyBufferHandle
                0x00801850        0x2 ../drivers\libIotLibrary.a(lora_driver.o)
 .bss._rn2483_serial
                0x00801852        0x2 ../drivers\libIotLibrary.a(lora_driver.o)
 .bss._downlinkPayload
                0x00801854       0x16 ../drivers\libIotLibrary.a(lora_driver.o)
 .bss._payLoadHexBytes
                0x0080186a       0x15 ../drivers\libIotLibrary.a(lora_driver.o)
 .bss._recMessageBuf
                0x0080187f       0x2d ../drivers\libIotLibrary.a(lora_driver.o)
 .bss._sendMessage
                0x008018ac       0x2d ../drivers\libIotLibrary.a(lora_driver.o)
 .bss._replyMess
                0x008018d9       0x2d ../drivers\libIotLibrary.a(lora_driver.o)
 .bss.data.1944
                0x00801906        0x2 ../drivers\libIotLibrary.a(mh_z19.o)
 .bss.inDex.1943
                0x00801908        0x1 ../drivers\libIotLibrary.a(mh_z19.o)
 .bss.crc_sum.1945
                0x00801909        0x1 ../drivers\libIotLibrary.a(mh_z19.o)
 .bss._appCallBack
                0x0080190a        0x2 ../drivers\libIotLibrary.a(mh_z19.o)
 .bss._mh_state
                0x0080190c        0x1 ../drivers\libIotLibrary.a(mh_z19.o)
                0x0080190c                _mh_state
 .bss._ppm      0x0080190d        0x2 ../drivers\libIotLibrary.a(mh_z19.o)
 .bss._serial   0x0080190f        0x2 ../drivers\libIotLibrary.a(mh_z19.o)
 .bss._ser_handle
                0x00801911        0x8 ../drivers\libIotLibrary.a(serial.o)
 .bss._com_serial_instance
                0x00801919        0x2 ../drivers\libIotLibrary.a(stdio_driver.o)
 .bss._led_status
                0x0080191b       0x18 ../drivers\libIotLibrary.a(status_leds.o)
 .bss._index.1885
                0x00801933        0x1 ../drivers\libIotLibrary.a(twi.o)
 .bss._twiCurrentHandler
                0x00801934        0x2 ../drivers\libIotLibrary.a(twi.o)
 .bss._twiMessageLen
                0x00801936        0x1 ../drivers\libIotLibrary.a(twi.o)
 .bss._twiMessageBuffer
                0x00801937        0xa ../drivers\libIotLibrary.a(twi.o)
 .bss._twiIsInitiated
                0x00801941        0x1 ../drivers\libIotLibrary.a(twi.o)
 *(COMMON)
 COMMON         0x00801942        0x1 Sensors/co2Sensor.o
                0x00801942                rc
 COMMON         0x00801943        0xa initialize.o
                0x00801943                configSemaphore
                0x00801945                dataReadyEventGroup
                0x00801947                measureEventGroup
                0x00801949                uplinkMessageBufferHandle
                0x0080194b                downlinkMessageBufferHandle
 COMMON         0x0080194d        0x4 c:/program files (x86)/atmel/studio/7.0/toolchain/avr8/avr8-gnu-toolchain/bin/../lib/gcc/avr/5.4.0/../../../../avr/lib/avr6\libc.a(malloc.o)
                0x0080194d                __brkval
                0x0080194f                __flp
 COMMON         0x00801951        0x6 c:/program files (x86)/atmel/studio/7.0/toolchain/avr8/avr8-gnu-toolchain/bin/../lib/gcc/avr/5.4.0/../../../../avr/lib/avr6\libc.a(iob.o)
                0x00801951                __iob
                0x00801957                PROVIDE (__bss_end, .)
                0x00007182                __data_load_start = LOADADDR (.data)
                0x000078b6                __data_load_end = (__data_load_start + SIZEOF (.data))

.noinit         0x00801957        0x0
                [!provide]                PROVIDE (__noinit_start, .)
 *(.noinit*)
                [!provide]                PROVIDE (__noinit_end, .)
                0x00801957                _end = .
                0x00801957                PROVIDE (__heap_start, .)

.eeprom         0x00810000        0x0
 *(.eeprom*)
                0x00810000                __eeprom_end = .

.fuse
 *(.fuse)
 *(.lfuse)
 *(.hfuse)
 *(.efuse)

.lock
 *(.lock*)

.signature
 *(.signature*)

.user_signatures
 *(.user_signatures*)

.stab
 *(.stab)

.stabstr
 *(.stabstr)

.stab.excl
 *(.stab.excl)

.stab.exclstr
 *(.stab.exclstr)

.stab.index
 *(.stab.index)

.stab.indexstr
 *(.stab.indexstr)

.comment        0x00000000       0x5c
 *(.comment)
 .comment       0x00000000       0x30 application.o
                                 0x31 (size before relaxing)
 .comment       0x00000030       0x31 configuration.o
 .comment       0x00000030       0x31 downlinkHandler.o
 .comment       0x00000030       0x31 actionsController.o
 .comment       0x00000030       0x31 FreeRTOS/src/event_groups.o
 .comment       0x00000030       0x31 FreeRTOS/src/heap_4.o
 .comment       0x00000030       0x31 FreeRTOS/src/list.o
 .comment       0x00000030       0x31 FreeRTOS/src/port.o
 .comment       0x00000030       0x31 FreeRTOS/src/queue.o
 .comment       0x00000030       0x31 FreeRTOS/src/stream_buffer.o
 .comment       0x00000030       0x31 FreeRTOS/src/tasks.o
 .comment       0x00000030       0x31 FreeRTOS/src/timers.o
 .comment       0x00000030       0x31 FreeRTOS/src/variantHooks.o
 .comment       0x00000030       0x31 packageHandler.o
 .comment       0x00000030       0x31 Sensors/co2Sensor.o
 .comment       0x00000030       0x31 Sensors/tempHumSensor.o
 .comment       0x00000030       0x31 initialize.o
 .comment       0x00000030       0x31 servoController.o
 .comment       0x00000030       0x31 uplinkHandler.o
 .comment       0x00000030       0x31 main.o
 .comment       0x00000030       0x31 ../drivers\libIotLibrary.a(hih8120.o)
 .comment       0x00000030       0x31 ../drivers\libIotLibrary.a(lora_driver.o)
 .comment       0x00000030       0x31 ../drivers\libIotLibrary.a(lora_driver_utils.o)
 .comment       0x00000030       0x31 ../drivers\libIotLibrary.a(mh_z19.o)
 .comment       0x00000030       0x31 ../drivers\libIotLibrary.a(rc_servo.o)
 .comment       0x00000030       0x31 ../drivers\libIotLibrary.a(serial.o)
 .comment       0x00000030       0x31 ../drivers\libIotLibrary.a(stdio_driver.o)
 .comment       0x00000030       0x31 ../drivers\libIotLibrary.a(status_leds.o)
 .comment       0x00000030       0x31 ../drivers\libIotLibrary.a(twi.o)
 .comment       0x00000030       0x31 ../drivers\libIotLibrary.a(fifo.o)
 .comment       0x00000030       0x2c c:/program files (x86)/atmel/studio/7.0/toolchain/avr8/avr8-gnu-toolchain/bin/../lib/gcc/avr/5.4.0/../../../../avr/lib/avr6\libprintf_flt.a(vfprintf_flt.o)
                                 0x2d (size before relaxing)
 .comment       0x0000005c       0x31 c:/program files (x86)/atmel/studio/7.0/toolchain/avr8/avr8-gnu-toolchain/bin/../lib/gcc/avr/5.4.0/../../../../avr/lib/avr6\libc.a(malloc.o)
 .comment       0x0000005c       0x31 c:/program files (x86)/atmel/studio/7.0/toolchain/avr8/avr8-gnu-toolchain/bin/../lib/gcc/avr/5.4.0/../../../../avr/lib/avr6\libc.a(fputc.o)
 .comment       0x0000005c       0x31 c:/program files (x86)/atmel/studio/7.0/toolchain/avr8/avr8-gnu-toolchain/bin/../lib/gcc/avr/5.4.0/../../../../avr/lib/avr6\libc.a(iob.o)
 .comment       0x0000005c       0x31 c:/program files (x86)/atmel/studio/7.0/toolchain/avr8/avr8-gnu-toolchain/bin/../lib/gcc/avr/5.4.0/../../../../avr/lib/avr6\libc.a(printf.o)
 .comment       0x0000005c       0x31 c:/program files (x86)/atmel/studio/7.0/toolchain/avr8/avr8-gnu-toolchain/bin/../lib/gcc/avr/5.4.0/../../../../avr/lib/avr6\libc.a(puts.o)
 .comment       0x0000005c       0x31 c:/program files (x86)/atmel/studio/7.0/toolchain/avr8/avr8-gnu-toolchain/bin/../lib/gcc/avr/5.4.0/../../../../avr/lib/avr6\libc.a(sprintf.o)

.note.gnu.avr.deviceinfo
                0x00000000       0x40
 .note.gnu.avr.deviceinfo
                0x00000000       0x40 C:/Program Files (x86)/Atmel/Studio/7.0/Packs/atmel/ATmega_DFP/1.7.374/gcc/dev/atmega2560/avr6/crtatmega2560.o

.note.gnu.build-id
 *(.note.gnu.build-id)

.debug
 *(.debug)

.line
 *(.line)

.debug_srcinfo
 *(.debug_srcinfo)

.debug_sfnames
 *(.debug_sfnames)

.debug_aranges  0x00000000      0xc68
 *(.debug_aranges)
 .debug_aranges
                0x00000000       0x28 application.o
 .debug_aranges
                0x00000028       0x78 configuration.o
 .debug_aranges
                0x000000a0       0x28 downlinkHandler.o
 .debug_aranges
                0x000000c8       0x40 actionsController.o
 .debug_aranges
                0x00000108       0x68 FreeRTOS/src/event_groups.o
 .debug_aranges
                0x00000170       0x58 FreeRTOS/src/heap_4.o
 .debug_aranges
                0x000001c8       0x40 FreeRTOS/src/list.o
 .debug_aranges
                0x00000208       0x58 FreeRTOS/src/port.o
 .debug_aranges
                0x00000260       0xf8 FreeRTOS/src/queue.o
 .debug_aranges
                0x00000358       0xc0 FreeRTOS/src/stream_buffer.o
 .debug_aranges
                0x00000418      0x1d0 FreeRTOS/src/tasks.o
 .debug_aranges
                0x000005e8       0xc8 FreeRTOS/src/timers.o
 .debug_aranges
                0x000006b0       0x40 FreeRTOS/src/variantHooks.o
 .debug_aranges
                0x000006f0       0x40 packageHandler.o
 .debug_aranges
                0x00000730       0x48 Sensors/co2Sensor.o
 .debug_aranges
                0x00000778       0x50 Sensors/tempHumSensor.o
 .debug_aranges
                0x000007c8       0x30 initialize.o
 .debug_aranges
                0x000007f8       0x28 servoController.o
 .debug_aranges
                0x00000820       0x30 uplinkHandler.o
 .debug_aranges
                0x00000850       0x30 main.o
 .debug_aranges
                0x00000880       0x68 ../drivers\libIotLibrary.a(hih8120.o)
 .debug_aranges
                0x000008e8      0x138 ../drivers\libIotLibrary.a(lora_driver.o)
 .debug_aranges
                0x00000a20       0x28 ../drivers\libIotLibrary.a(lora_driver_utils.o)
 .debug_aranges
                0x00000a48       0x58 ../drivers\libIotLibrary.a(mh_z19.o)
 .debug_aranges
                0x00000aa0       0x28 ../drivers\libIotLibrary.a(rc_servo.o)
 .debug_aranges
                0x00000ac8       0x90 ../drivers\libIotLibrary.a(serial.o)
 .debug_aranges
                0x00000b58       0x38 ../drivers\libIotLibrary.a(stdio_driver.o)
 .debug_aranges
                0x00000b90       0x68 ../drivers\libIotLibrary.a(status_leds.o)
 .debug_aranges
                0x00000bf8       0x50 ../drivers\libIotLibrary.a(twi.o)
 .debug_aranges
                0x00000c48       0x20 ../drivers\libIotLibrary.a(fifo.o)

.debug_pubnames
 *(.debug_pubnames)

.debug_info     0x00000000     0xebc7
 *(.debug_info .gnu.linkonce.wi.*)
 .debug_info    0x00000000      0xbbc C:/Program Files (x86)/Atmel/Studio/7.0/Packs/atmel/ATmega_DFP/1.7.374/gcc/dev/atmega2560/avr6/crtatmega2560.o
 .debug_info    0x00000bbc      0x527 application.o
 .debug_info    0x000010e3      0x3f5 configuration.o
 .debug_info    0x000014d8      0x339 downlinkHandler.o
 .debug_info    0x00001811      0x6da actionsController.o
 .debug_info    0x00001eeb      0x971 FreeRTOS/src/event_groups.o
 .debug_info    0x0000285c      0x4e6 FreeRTOS/src/heap_4.o
 .debug_info    0x00002d42      0x2e7 FreeRTOS/src/list.o
 .debug_info    0x00003029      0x2ff FreeRTOS/src/port.o
 .debug_info    0x00003328     0x17e6 FreeRTOS/src/queue.o
 .debug_info    0x00004b0e     0x13df FreeRTOS/src/stream_buffer.o
 .debug_info    0x00005eed     0x2239 FreeRTOS/src/tasks.o
 .debug_info    0x00008126     0x10dd FreeRTOS/src/timers.o
 .debug_info    0x00009203      0x20f FreeRTOS/src/variantHooks.o
 .debug_info    0x00009412      0x211 packageHandler.o
 .debug_info    0x00009623      0x3fd Sensors/co2Sensor.o
 .debug_info    0x00009a20      0x46f Sensors/tempHumSensor.o
 .debug_info    0x00009e8f      0x2d6 initialize.o
 .debug_info    0x0000a165      0x106 servoController.o
 .debug_info    0x0000a26b      0x663 uplinkHandler.o
 .debug_info    0x0000a8ce      0x2cd main.o
 .debug_info    0x0000ab9b      0x3a9 ../drivers\libIotLibrary.a(hih8120.o)
 .debug_info    0x0000af44     0x1747 ../drivers\libIotLibrary.a(lora_driver.o)
 .debug_info    0x0000c68b      0x143 ../drivers\libIotLibrary.a(lora_driver_utils.o)
 .debug_info    0x0000c7ce      0x556 ../drivers\libIotLibrary.a(mh_z19.o)
 .debug_info    0x0000cd24      0x10f ../drivers\libIotLibrary.a(rc_servo.o)
 .debug_info    0x0000ce33      0xd9c ../drivers\libIotLibrary.a(serial.o)
 .debug_info    0x0000dbcf      0x3b6 ../drivers\libIotLibrary.a(stdio_driver.o)
 .debug_info    0x0000df85      0x522 ../drivers\libIotLibrary.a(status_leds.o)
 .debug_info    0x0000e4a7      0x55d ../drivers\libIotLibrary.a(twi.o)
 .debug_info    0x0000ea04      0x1c3 ../drivers\libIotLibrary.a(fifo.o)

.debug_abbrev   0x00000000     0x3d84
 *(.debug_abbrev)
 .debug_abbrev  0x00000000      0xb1a C:/Program Files (x86)/Atmel/Studio/7.0/Packs/atmel/ATmega_DFP/1.7.374/gcc/dev/atmega2560/avr6/crtatmega2560.o
 .debug_abbrev  0x00000b1a      0x18f application.o
 .debug_abbrev  0x00000ca9      0x15d configuration.o
 .debug_abbrev  0x00000e06      0x17d downlinkHandler.o
 .debug_abbrev  0x00000f83      0x184 actionsController.o
 .debug_abbrev  0x00001107      0x1dc FreeRTOS/src/event_groups.o
 .debug_abbrev  0x000012e3      0x200 FreeRTOS/src/heap_4.o
 .debug_abbrev  0x000014e3       0xff FreeRTOS/src/list.o
 .debug_abbrev  0x000015e2      0x179 FreeRTOS/src/port.o
 .debug_abbrev  0x0000175b      0x241 FreeRTOS/src/queue.o
 .debug_abbrev  0x0000199c      0x246 FreeRTOS/src/stream_buffer.o
 .debug_abbrev  0x00001be2      0x2c8 FreeRTOS/src/tasks.o
 .debug_abbrev  0x00001eaa      0x28c FreeRTOS/src/timers.o
 .debug_abbrev  0x00002136       0xff FreeRTOS/src/variantHooks.o
 .debug_abbrev  0x00002235       0xdb packageHandler.o
 .debug_abbrev  0x00002310      0x1bf Sensors/co2Sensor.o
 .debug_abbrev  0x000024cf      0x1c9 Sensors/tempHumSensor.o
 .debug_abbrev  0x00002698       0xfb initialize.o
 .debug_abbrev  0x00002793       0xae servoController.o
 .debug_abbrev  0x00002841      0x1ea uplinkHandler.o
 .debug_abbrev  0x00002a2b      0x108 main.o
 .debug_abbrev  0x00002b33      0x184 ../drivers\libIotLibrary.a(hih8120.o)
 .debug_abbrev  0x00002cb7      0x33b ../drivers\libIotLibrary.a(lora_driver.o)
 .debug_abbrev  0x00002ff2       0xc0 ../drivers\libIotLibrary.a(lora_driver_utils.o)
 .debug_abbrev  0x000030b2      0x238 ../drivers\libIotLibrary.a(mh_z19.o)
 .debug_abbrev  0x000032ea       0xbc ../drivers\libIotLibrary.a(rc_servo.o)
 .debug_abbrev  0x000033a6      0x355 ../drivers\libIotLibrary.a(serial.o)
 .debug_abbrev  0x000036fb      0x1b3 ../drivers\libIotLibrary.a(stdio_driver.o)
 .debug_abbrev  0x000038ae      0x1d7 ../drivers\libIotLibrary.a(status_leds.o)
 .debug_abbrev  0x00003a85      0x217 ../drivers\libIotLibrary.a(twi.o)
 .debug_abbrev  0x00003c9c       0xe8 ../drivers\libIotLibrary.a(fifo.o)

.debug_line     0x00000000     0x7623
 *(.debug_line .debug_line.* .debug_line_end)
 .debug_line    0x00000000      0x1fa C:/Program Files (x86)/Atmel/Studio/7.0/Packs/atmel/ATmega_DFP/1.7.374/gcc/dev/atmega2560/avr6/crtatmega2560.o
 .debug_line    0x000001fa      0x231 application.o
 .debug_line    0x0000042b      0x225 configuration.o
 .debug_line    0x00000650      0x1b1 downlinkHandler.o
 .debug_line    0x00000801      0x316 actionsController.o
 .debug_line    0x00000b17      0x413 FreeRTOS/src/event_groups.o
 .debug_line    0x00000f2a      0x41f FreeRTOS/src/heap_4.o
 .debug_line    0x00001349      0x1db FreeRTOS/src/list.o
 .debug_line    0x00001524      0x28a FreeRTOS/src/port.o
 .debug_line    0x000017ae      0xbe3 FreeRTOS/src/queue.o
 .debug_line    0x00002391      0x79a FreeRTOS/src/stream_buffer.o
 .debug_line    0x00002b2b     0x15ba FreeRTOS/src/tasks.o
 .debug_line    0x000040e5      0x624 FreeRTOS/src/timers.o
 .debug_line    0x00004709      0x1af FreeRTOS/src/variantHooks.o
 .debug_line    0x000048b8      0x155 packageHandler.o
 .debug_line    0x00004a0d      0x1e9 Sensors/co2Sensor.o
 .debug_line    0x00004bf6      0x21c Sensors/tempHumSensor.o
 .debug_line    0x00004e12      0x207 initialize.o
 .debug_line    0x00005019       0xdb servoController.o
 .debug_line    0x000050f4      0x269 uplinkHandler.o
 .debug_line    0x0000535d      0x1fa main.o
 .debug_line    0x00005557      0x24a ../drivers\libIotLibrary.a(hih8120.o)
 .debug_line    0x000057a1      0x9aa ../drivers\libIotLibrary.a(lora_driver.o)
 .debug_line    0x0000614b      0x195 ../drivers\libIotLibrary.a(lora_driver_utils.o)
 .debug_line    0x000062e0      0x2fc ../drivers\libIotLibrary.a(mh_z19.o)
 .debug_line    0x000065dc       0xfd ../drivers\libIotLibrary.a(rc_servo.o)
 .debug_line    0x000066d9      0x6a1 ../drivers\libIotLibrary.a(serial.o)
 .debug_line    0x00006d7a      0x146 ../drivers\libIotLibrary.a(stdio_driver.o)
 .debug_line    0x00006ec0      0x32c ../drivers\libIotLibrary.a(status_leds.o)
 .debug_line    0x000071ec      0x31c ../drivers\libIotLibrary.a(twi.o)
 .debug_line    0x00007508      0x11b ../drivers\libIotLibrary.a(fifo.o)

.debug_frame    0x00000000     0x29cc
 *(.debug_frame)
 .debug_frame   0x00000000       0x54 application.o
 .debug_frame   0x00000054      0x128 configuration.o
 .debug_frame   0x0000017c       0x60 downlinkHandler.o
 .debug_frame   0x000001dc       0x84 actionsController.o
 .debug_frame   0x00000260      0x1dc FreeRTOS/src/event_groups.o
 .debug_frame   0x0000043c       0xfc FreeRTOS/src/heap_4.o
 .debug_frame   0x00000538       0x90 FreeRTOS/src/list.o
 .debug_frame   0x000005c8       0x94 FreeRTOS/src/port.o
 .debug_frame   0x0000065c      0x3a4 FreeRTOS/src/queue.o
 .debug_frame   0x00000a00      0x40c FreeRTOS/src/stream_buffer.o
 .debug_frame   0x00000e0c      0x7a0 FreeRTOS/src/tasks.o
 .debug_frame   0x000015ac      0x3ac FreeRTOS/src/timers.o
 .debug_frame   0x00001958       0x64 FreeRTOS/src/variantHooks.o
 .debug_frame   0x000019bc       0x64 packageHandler.o
 .debug_frame   0x00001a20       0x90 Sensors/co2Sensor.o
 .debug_frame   0x00001ab0       0xb0 Sensors/tempHumSensor.o
 .debug_frame   0x00001b60       0x54 initialize.o
 .debug_frame   0x00001bb4       0x34 servoController.o
 .debug_frame   0x00001be8       0xb0 uplinkHandler.o
 .debug_frame   0x00001c98       0x44 main.o
 .debug_frame   0x00001cdc       0xc0 ../drivers\libIotLibrary.a(hih8120.o)
 .debug_frame   0x00001d9c      0x460 ../drivers\libIotLibrary.a(lora_driver.o)
 .debug_frame   0x000021fc       0x48 ../drivers\libIotLibrary.a(lora_driver_utils.o)
 .debug_frame   0x00002244      0x100 ../drivers\libIotLibrary.a(mh_z19.o)
 .debug_frame   0x00002344       0x34 ../drivers\libIotLibrary.a(rc_servo.o)
 .debug_frame   0x00002378      0x384 ../drivers\libIotLibrary.a(serial.o)
 .debug_frame   0x000026fc       0x94 ../drivers\libIotLibrary.a(stdio_driver.o)
 .debug_frame   0x00002790       0xec ../drivers\libIotLibrary.a(status_leds.o)
 .debug_frame   0x0000287c      0x12c ../drivers\libIotLibrary.a(twi.o)
 .debug_frame   0x000029a8       0x24 ../drivers\libIotLibrary.a(fifo.o)

.debug_str      0x00000000     0x467d
 *(.debug_str)
 .debug_str     0x00000000      0x3e6 C:/Program Files (x86)/Atmel/Studio/7.0/Packs/atmel/ATmega_DFP/1.7.374/gcc/dev/atmega2560/avr6/crtatmega2560.o
 .debug_str     0x000003e6      0x417 application.o
                                0x48b (size before relaxing)
 .debug_str     0x000007fd      0x204 configuration.o
                                0x42a (size before relaxing)
 .debug_str     0x00000a01       0x8b downlinkHandler.o
                                0x369 (size before relaxing)
 .debug_str     0x00000a8c      0x109 actionsController.o
                                0x55b (size before relaxing)
 .debug_str     0x00000b95      0x36f FreeRTOS/src/event_groups.o
                                0x59b (size before relaxing)
 .debug_str     0x00000f04      0x2ce FreeRTOS/src/heap_4.o
                                0x491 (size before relaxing)
 .debug_str     0x000011d2       0x89 FreeRTOS/src/list.o
                                0x2cd (size before relaxing)
 .debug_str     0x0000125b      0x147 FreeRTOS/src/port.o
                                0x302 (size before relaxing)
 .debug_str     0x000013a2      0x613 FreeRTOS/src/queue.o
                                0x941 (size before relaxing)
 .debug_str     0x000019b5      0x49f FreeRTOS/src/stream_buffer.o
                                0x7ca (size before relaxing)
 .debug_str     0x00001e54      0x89a FreeRTOS/src/tasks.o
                                0xf62 (size before relaxing)
 .debug_str     0x000026ee      0x414 FreeRTOS/src/timers.o
                                0x838 (size before relaxing)
 .debug_str     0x00002b02       0x81 FreeRTOS/src/variantHooks.o
                                0x279 (size before relaxing)
 .debug_str     0x00002b83       0x4d packageHandler.o
                                0x281 (size before relaxing)
 .debug_str     0x00002bd0      0x160 Sensors/co2Sensor.o
                                0x3cb (size before relaxing)
 .debug_str     0x00002d30      0x19d Sensors/tempHumSensor.o
                                0x459 (size before relaxing)
 .debug_str     0x00002ecd       0x5a initialize.o
                                0x331 (size before relaxing)
 .debug_str     0x00002f27       0x5c servoController.o
                                0x1de (size before relaxing)
 .debug_str     0x00002f83      0x39d uplinkHandler.o
                                0x638 (size before relaxing)
 .debug_str     0x00003320       0x72 main.o
                                0x366 (size before relaxing)
 .debug_str     0x00003392      0x2d9 ../drivers\libIotLibrary.a(hih8120.o)
                                0x45c (size before relaxing)
 .debug_str     0x0000366b      0x6de ../drivers\libIotLibrary.a(lora_driver.o)
                                0xcdb (size before relaxing)
 .debug_str     0x00003d49       0x4f ../drivers\libIotLibrary.a(lora_driver_utils.o)
                                0x206 (size before relaxing)
 .debug_str     0x00003d98      0x101 ../drivers\libIotLibrary.a(mh_z19.o)
                                0x489 (size before relaxing)
 .debug_str     0x00003e99       0x2c ../drivers\libIotLibrary.a(rc_servo.o)
                                0x1e2 (size before relaxing)
 .debug_str     0x00003ec5      0x2e7 ../drivers\libIotLibrary.a(serial.o)
                                0x628 (size before relaxing)
 .debug_str     0x000041ac       0xa6 ../drivers\libIotLibrary.a(stdio_driver.o)
                                0x37d (size before relaxing)
 .debug_str     0x00004252      0x11a ../drivers\libIotLibrary.a(status_leds.o)
                                0x381 (size before relaxing)
 .debug_str     0x0000436c      0x2ef ../drivers\libIotLibrary.a(twi.o)
                                0x5b4 (size before relaxing)
 .debug_str     0x0000465b       0x22 ../drivers\libIotLibrary.a(fifo.o)
                                0x239 (size before relaxing)

.debug_loc      0x00000000     0xc940
 *(.debug_loc)
 .debug_loc     0x00000000      0x112 application.o
 .debug_loc     0x00000112      0x213 configuration.o
 .debug_loc     0x00000325      0x105 downlinkHandler.o
 .debug_loc     0x0000042a      0x386 actionsController.o
 .debug_loc     0x000007b0      0xcc9 FreeRTOS/src/event_groups.o
 .debug_loc     0x00001479      0x4be FreeRTOS/src/heap_4.o
 .debug_loc     0x00001937      0x17d FreeRTOS/src/list.o
 .debug_loc     0x00001ab4       0xf6 FreeRTOS/src/port.o
 .debug_loc     0x00001baa     0x1abd FreeRTOS/src/queue.o
 .debug_loc     0x00003667     0x1daf FreeRTOS/src/stream_buffer.o
 .debug_loc     0x00005416     0x2a07 FreeRTOS/src/tasks.o
 .debug_loc     0x00007e1d     0x10f3 FreeRTOS/src/timers.o
 .debug_loc     0x00008f10       0xdc FreeRTOS/src/variantHooks.o
 .debug_loc     0x00008fec       0x20 packageHandler.o
 .debug_loc     0x0000900c       0xc2 Sensors/co2Sensor.o
 .debug_loc     0x000090ce      0x14c Sensors/tempHumSensor.o
 .debug_loc     0x0000921a       0x49 initialize.o
 .debug_loc     0x00009263       0x42 servoController.o
 .debug_loc     0x000092a5      0x22c uplinkHandler.o
 .debug_loc     0x000094d1       0x9f ../drivers\libIotLibrary.a(hih8120.o)
 .debug_loc     0x00009570     0x1216 ../drivers\libIotLibrary.a(lora_driver.o)
 .debug_loc     0x0000a786      0x1d2 ../drivers\libIotLibrary.a(lora_driver_utils.o)
 .debug_loc     0x0000a958      0x37c ../drivers\libIotLibrary.a(mh_z19.o)
 .debug_loc     0x0000acd4       0x2f ../drivers\libIotLibrary.a(rc_servo.o)
 .debug_loc     0x0000ad03     0x114c ../drivers\libIotLibrary.a(serial.o)
 .debug_loc     0x0000be4f      0x18c ../drivers\libIotLibrary.a(stdio_driver.o)
 .debug_loc     0x0000bfdb      0x292 ../drivers\libIotLibrary.a(status_leds.o)
 .debug_loc     0x0000c26d      0x575 ../drivers\libIotLibrary.a(twi.o)
 .debug_loc     0x0000c7e2      0x15e ../drivers\libIotLibrary.a(fifo.o)

.debug_macinfo
 *(.debug_macinfo)

.debug_weaknames
 *(.debug_weaknames)

.debug_funcnames
 *(.debug_funcnames)

.debug_typenames
 *(.debug_typenames)

.debug_varnames
 *(.debug_varnames)

.debug_pubtypes
 *(.debug_pubtypes)

.debug_ranges   0x00000000      0xb58
 *(.debug_ranges)
 .debug_ranges  0x00000000       0x18 application.o
 .debug_ranges  0x00000018       0x68 configuration.o
 .debug_ranges  0x00000080       0x18 downlinkHandler.o
 .debug_ranges  0x00000098       0x30 actionsController.o
 .debug_ranges  0x000000c8       0x70 FreeRTOS/src/event_groups.o
 .debug_ranges  0x00000138       0x48 FreeRTOS/src/heap_4.o
 .debug_ranges  0x00000180       0x30 FreeRTOS/src/list.o
 .debug_ranges  0x000001b0       0x48 FreeRTOS/src/port.o
 .debug_ranges  0x000001f8      0x130 FreeRTOS/src/queue.o
 .debug_ranges  0x00000328       0xb0 FreeRTOS/src/stream_buffer.o
 .debug_ranges  0x000003d8      0x200 FreeRTOS/src/tasks.o
 .debug_ranges  0x000005d8       0xb8 FreeRTOS/src/timers.o
 .debug_ranges  0x00000690       0x30 FreeRTOS/src/variantHooks.o
 .debug_ranges  0x000006c0       0x30 packageHandler.o
 .debug_ranges  0x000006f0       0x38 Sensors/co2Sensor.o
 .debug_ranges  0x00000728       0x40 Sensors/tempHumSensor.o
 .debug_ranges  0x00000768       0x20 initialize.o
 .debug_ranges  0x00000788       0x18 servoController.o
 .debug_ranges  0x000007a0       0x20 uplinkHandler.o
 .debug_ranges  0x000007c0       0x20 main.o
 .debug_ranges  0x000007e0       0x58 ../drivers\libIotLibrary.a(hih8120.o)
 .debug_ranges  0x00000838      0x128 ../drivers\libIotLibrary.a(lora_driver.o)
 .debug_ranges  0x00000960       0x30 ../drivers\libIotLibrary.a(lora_driver_utils.o)
 .debug_ranges  0x00000990       0x48 ../drivers\libIotLibrary.a(mh_z19.o)
 .debug_ranges  0x000009d8       0x18 ../drivers\libIotLibrary.a(rc_servo.o)
 .debug_ranges  0x000009f0       0x98 ../drivers\libIotLibrary.a(serial.o)
 .debug_ranges  0x00000a88       0x28 ../drivers\libIotLibrary.a(stdio_driver.o)
 .debug_ranges  0x00000ab0       0x58 ../drivers\libIotLibrary.a(status_leds.o)
 .debug_ranges  0x00000b08       0x40 ../drivers\libIotLibrary.a(twi.o)
 .debug_ranges  0x00000b48       0x10 ../drivers\libIotLibrary.a(fifo.o)

.debug_macro
 *(.debug_macro)
OUTPUT(SEP4_Greenhouse.elf elf32-avr)
LOAD linker stubs
