Archive member included to satisfy reference by file (symbol)

../drivers\libIotLibrary.a(hih8120.o)
                              main.o (hih8120_initialise)
../drivers\libIotLibrary.a(lora_driver.o)
                              LoRaWANHandler.o (lora_driver_flushBuffers)
../drivers\libIotLibrary.a(lora_driver_utils.o)
                              ../drivers\libIotLibrary.a(lora_driver.o) (decode_port_no)
../drivers\libIotLibrary.a(serial.o)
                              ../drivers\libIotLibrary.a(lora_driver.o) (serial_create)
../drivers\libIotLibrary.a(stdio_driver.o)
                              main.o (stdio_initialise)
../drivers\libIotLibrary.a(status_leds.o)
                              main.o (status_leds_initialise)
../drivers\libIotLibrary.a(twi.o)
                              ../drivers\libIotLibrary.a(hih8120.o) (twiCreate)
../drivers\libIotLibrary.a(fifo.o)
                              ../drivers\libIotLibrary.a(serial.o) (fifo_init)
c:/program files (x86)/atmel/studio/7.0/toolchain/avr8/avr8-gnu-toolchain/bin/../lib/gcc/avr/5.4.0/../../../../avr/lib/avr6\libprintf_flt.a(vfprintf_flt.o)
                              (vfprintf)
c:/program files (x86)/atmel/studio/7.0/toolchain/avr8/avr8-gnu-toolchain/bin/../lib/gcc/avr/5.4.0/../../../../avr/lib/avr6\libm.a(addsf3.o)
                              ../drivers\libIotLibrary.a(hih8120.o) (__subsf3)
c:/program files (x86)/atmel/studio/7.0/toolchain/avr8/avr8-gnu-toolchain/bin/../lib/gcc/avr/5.4.0/../../../../avr/lib/avr6\libm.a(addsf3x.o)
                              c:/program files (x86)/atmel/studio/7.0/toolchain/avr8/avr8-gnu-toolchain/bin/../lib/gcc/avr/5.4.0/../../../../avr/lib/avr6\libm.a(addsf3.o) (__addsf3x)
c:/program files (x86)/atmel/studio/7.0/toolchain/avr8/avr8-gnu-toolchain/bin/../lib/gcc/avr/5.4.0/../../../../avr/lib/avr6\libm.a(divsf3.o)
                              ../drivers\libIotLibrary.a(hih8120.o) (__divsf3)
c:/program files (x86)/atmel/studio/7.0/toolchain/avr8/avr8-gnu-toolchain/bin/../lib/gcc/avr/5.4.0/../../../../avr/lib/avr6\libm.a(divsf3x.o)
                              c:/program files (x86)/atmel/studio/7.0/toolchain/avr8/avr8-gnu-toolchain/bin/../lib/gcc/avr/5.4.0/../../../../avr/lib/avr6\libm.a(divsf3.o) (__divsf3x)
c:/program files (x86)/atmel/studio/7.0/toolchain/avr8/avr8-gnu-toolchain/bin/../lib/gcc/avr/5.4.0/../../../../avr/lib/avr6\libm.a(fixsfsi.o)
                              ../drivers\libIotLibrary.a(hih8120.o) (__fixsfsi)
c:/program files (x86)/atmel/studio/7.0/toolchain/avr8/avr8-gnu-toolchain/bin/../lib/gcc/avr/5.4.0/../../../../avr/lib/avr6\libm.a(fixunssfsi.o)
                              ../drivers\libIotLibrary.a(hih8120.o) (__fixunssfsi)
c:/program files (x86)/atmel/studio/7.0/toolchain/avr8/avr8-gnu-toolchain/bin/../lib/gcc/avr/5.4.0/../../../../avr/lib/avr6\libm.a(floatsisf.o)
                              ../drivers\libIotLibrary.a(hih8120.o) (__floatunsisf)
c:/program files (x86)/atmel/studio/7.0/toolchain/avr8/avr8-gnu-toolchain/bin/../lib/gcc/avr/5.4.0/../../../../avr/lib/avr6\libm.a(fp_inf.o)
                              c:/program files (x86)/atmel/studio/7.0/toolchain/avr8/avr8-gnu-toolchain/bin/../lib/gcc/avr/5.4.0/../../../../avr/lib/avr6\libm.a(addsf3x.o) (__fp_inf)
c:/program files (x86)/atmel/studio/7.0/toolchain/avr8/avr8-gnu-toolchain/bin/../lib/gcc/avr/5.4.0/../../../../avr/lib/avr6\libm.a(fp_nan.o)
                              c:/program files (x86)/atmel/studio/7.0/toolchain/avr8/avr8-gnu-toolchain/bin/../lib/gcc/avr/5.4.0/../../../../avr/lib/avr6\libm.a(addsf3x.o) (__fp_nan)
c:/program files (x86)/atmel/studio/7.0/toolchain/avr8/avr8-gnu-toolchain/bin/../lib/gcc/avr/5.4.0/../../../../avr/lib/avr6\libm.a(fp_pscA.o)
                              c:/program files (x86)/atmel/studio/7.0/toolchain/avr8/avr8-gnu-toolchain/bin/../lib/gcc/avr/5.4.0/../../../../avr/lib/avr6\libm.a(addsf3x.o) (__fp_pscA)
c:/program files (x86)/atmel/studio/7.0/toolchain/avr8/avr8-gnu-toolchain/bin/../lib/gcc/avr/5.4.0/../../../../avr/lib/avr6\libm.a(fp_pscB.o)
                              c:/program files (x86)/atmel/studio/7.0/toolchain/avr8/avr8-gnu-toolchain/bin/../lib/gcc/avr/5.4.0/../../../../avr/lib/avr6\libm.a(addsf3x.o) (__fp_pscB)
c:/program files (x86)/atmel/studio/7.0/toolchain/avr8/avr8-gnu-toolchain/bin/../lib/gcc/avr/5.4.0/../../../../avr/lib/avr6\libm.a(fp_round.o)
                              c:/program files (x86)/atmel/studio/7.0/toolchain/avr8/avr8-gnu-toolchain/bin/../lib/gcc/avr/5.4.0/../../../../avr/lib/avr6\libm.a(addsf3.o) (__fp_round)
c:/program files (x86)/atmel/studio/7.0/toolchain/avr8/avr8-gnu-toolchain/bin/../lib/gcc/avr/5.4.0/../../../../avr/lib/avr6\libm.a(fp_split3.o)
                              c:/program files (x86)/atmel/studio/7.0/toolchain/avr8/avr8-gnu-toolchain/bin/../lib/gcc/avr/5.4.0/../../../../avr/lib/avr6\libm.a(addsf3x.o) (__fp_split3)
[...]
Memory Configuration

Name             Origin             Length             Attributes
text             0x00000000         0x00040000         xr
data             0x00800200         0x00002000         rw !x
eeprom           0x00810000         0x00001000         rw !x
fuse             0x00820000         0x00000003         rw !x
lock             0x00830000         0x00000400         rw !x
signature        0x00840000         0x00000400         rw !x
user_signatures  0x00850000         0x00000400         rw !x
*default*        0x00000000         0xffffffff

Linker script and memory map

Address of section .data set to 0x800200
LOAD C:/Program Files (x86)/Atmel/Studio/7.0/Packs/atmel/ATmega_DFP/1.7.374/gcc/dev/atmega2560/avr6/crtatmega2560.o
LOAD FreeRTOS/FreeRTOSTraceDriver/FreeRTOSTraceDriver.o
LOAD FreeRTOS/src/croutine.o
LOAD FreeRTOS/src/event_groups.o
LOAD FreeRTOS/src/heap_4.o
LOAD FreeRTOS/src/list.o
LOAD FreeRTOS/src/port.o
LOAD FreeRTOS/src/queue.o
LOAD FreeRTOS/src/stream_buffer.o
LOAD FreeRTOS/src/tasks.o
LOAD FreeRTOS/src/timers.o
LOAD FreeRTOS/src/variantHooks.o
LOAD LoRaWANHandler.o
LOAD main.o
START GROUP
LOAD c:/program files (x86)/atmel/studio/7.0/toolchain/avr8/avr8-gnu-toolchain/bin/../lib/gcc/avr/5.4.0/../../../../avr/lib/avr6\libm.a
LOAD ../drivers\libIotLibrary.a
LOAD c:/program files (x86)/atmel/studio/7.0/toolchain/avr8/avr8-gnu-toolchain/bin/../lib/gcc/avr/5.4.0/../../../../avr/lib/avr6\libprintf_flt.a
END GROUP
LOAD c:/program files (x86)/atmel/studio/7.0/toolchain/avr8/avr8-gnu-toolchain/bin/../lib/gcc/avr/5.4.0/avr6\libgcc.a
LOAD c:/program files (x86)/atmel/studio/7.0/toolchain/avr8/avr8-gnu-toolchain/bin/../lib/gcc/avr/5.4.0/../../../../avr/lib/avr6\libm.a
START GROUP
LOAD c:/program files (x86)/atmel/studio/7.0/toolchain/avr8/avr8-gnu-toolchain/bin/../lib/gcc/avr/5.4.0/avr6\libgcc.a
LOAD c:/program files (x86)/atmel/studio/7.0/toolchain/avr8/avr8-gnu-toolchain/bin/../lib/gcc/avr/5.4.0/../../../../avr/lib/avr6\libm.a
LOAD c:/program files (x86)/atmel/studio/7.0/toolchain/avr8/avr8-gnu-toolchain/bin/../lib/gcc/avr/5.4.0/../../../../avr/lib/avr6\libc.a
LOAD C:/Program Files (x86)/Atmel/Studio/7.0/Packs/atmel/ATmega_DFP/1.7.374/gcc/dev/atmega2560/avr6\libatmega2560.a
END GROUP
                0x00000000                __TEXT_REGION_ORIGIN__ = DEFINED (__TEXT_REGION_ORIGIN__)?__TEXT_REGION_ORIGIN__:0x0
                [0x00800200]                __DATA_REGION_ORIGIN__ = DEFINED (__DATA_REGION_ORIGIN__)?__DATA_REGION_ORIGIN__:0x800200
                [0x00040000]                __TEXT_REGION_LENGTH__ = DEFINED (__TEXT_REGION_LENGTH__)?__TEXT_REGION_LENGTH__:0x100000
                [0x00002000]                __DATA_REGION_LENGTH__ = DEFINED (__DATA_REGION_LENGTH__)?__DATA_REGION_LENGTH__:0xfe00
                [0x00001000]                __EEPROM_REGION_LENGTH__ = DEFINED (__EEPROM_REGION_LENGTH__)?__EEPROM_REGION_LENGTH__:0x10000
                [0x00000003]                __FUSE_REGION_LENGTH__ = DEFINED (__FUSE_REGION_LENGTH__)?__FUSE_REGION_LENGTH__:0x400
                0x00000400                __LOCK_REGION_LENGTH__ = DEFINED (__LOCK_REGION_LENGTH__)?__LOCK_REGION_LENGTH__:0x400
                0x00000400                __SIGNATURE_REGION_LENGTH__ = DEFINED (__SIGNATURE_REGION_LENGTH__)?__SIGNATURE_REGION_LENGTH__:0x400
                0x00000400                __USER_SIGNATURE_REGION_LENGTH__ = DEFINED (__USER_SIGNATURE_REGION_LENGTH__)?__USER_SIGNATURE_REGION_LENGTH__:0x400

.hash
 *(.hash)

.dynsym
 *(.dynsym)

.dynstr
 *(.dynstr)

.gnu.version
 *(.gnu.version)

.gnu.version_d
 *(.gnu.version_d)

.gnu.version_r
 *(.gnu.version_r)

.rel.init
 *(.rel.init)

.rela.init
 *(.rela.init)

.rel.text
 *(.rel.text)
 *(.rel.text.*)
 *(.rel.gnu.linkonce.t*)

.rela.text
 *(.rela.text)
 *(.rela.text.*)
 *(.rela.gnu.linkonce.t*)

.rel.fini
 *(.rel.fini)

.rela.fini
 *(.rela.fini)

.rel.rodata
 *(.rel.rodata)
 *(.rel.rodata.*)
 *(.rel.gnu.linkonce.r*)

.rela.rodata
 *(.rela.rodata)
 *(.rela.rodata.*)
 *(.rela.gnu.linkonce.r*)

.rel.data
 *(.rel.data)
 *(.rel.data.*)
 *(.rel.gnu.linkonce.d*)

.rela.data
 *(.rela.data)
 *(.rela.data.*)
 *(.rela.gnu.linkonce.d*)

.rel.ctors
 *(.rel.ctors)

.rela.ctors
 *(.rela.ctors)

.rel.dtors
 *(.rel.dtors)

.rela.dtors
 *(.rela.dtors)

.rel.got
 *(.rel.got)

.rela.got
 *(.rela.got)

.rel.bss
 *(.rel.bss)

.rela.bss
 *(.rela.bss)

.rel.plt
 *(.rel.plt)

.rela.plt
 *(.rela.plt)

.text           0x00000000     0x5f54
 *(.vectors)
 .vectors       0x00000000       0xe4 C:/Program Files (x86)/Atmel/Studio/7.0/Packs/atmel/ATmega_DFP/1.7.374/gcc/dev/atmega2560/avr6/crtatmega2560.o
                0x00000000                __vector_default
                0x00000000                __vectors
 *(.vectors)
 *(.progmem.gcc*)
 .progmem.gcc_sw_table.prvProcessReceivedCommands
                0x000000e4       0x14 FreeRTOS/src/timers.o
 .progmem.gcc_sw_table.__vector_39
                0x000000f8       0xa2 ../drivers\libIotLibrary.a(twi.o)
                0x0000019a                . = ALIGN (0x2)
                0x0000019a                __trampolines_start = .
 *(.trampolines)
 .trampolines   0x0000019a        0x0 linker stubs
 *(.trampolines*)
                0x0000019a                __trampolines_end = .
 *libprintf_flt.a:*(.progmem.data)
 .progmem.data  0x0000019a        0x8 c:/program files (x86)/atmel/studio/7.0/toolchain/avr8/avr8-gnu-toolchain/bin/../lib/gcc/avr/5.4.0/../../../../avr/lib/avr6\libprintf_flt.a(vfprintf_flt.o)
 *libc.a:*(.progmem.data)
 .progmem.data  0x000001a2       0xfa c:/program files (x86)/atmel/studio/7.0/toolchain/avr8/avr8-gnu-toolchain/bin/../lib/gcc/avr/5.4.0/../../../../avr/lib/avr6\libc.a(ftoa_engine.o)
 *(.progmem*)
                0x0000029c                . = ALIGN (0x2)
 *(.jumptables)
 *(.jumptables*)
 *(.lowtext)
 .lowtext       0x0000029c       0x14 FreeRTOS/src/tasks.o
 .lowtext       0x000002b0       0x1e FreeRTOS/src/timers.o
 *(.lowtext*)
                0x000002ce                __ctors_start = .
 *(.ctors)
                0x000002ce                __ctors_end = .
                0x000002ce                __dtors_start = .
 *(.dtors)
                0x000002ce                __dtors_end = .
 SORT(*)(.ctors)
 SORT(*)(.dtors)
 *(.init0)
 .init0         0x000002ce        0x0 C:/Program Files (x86)/Atmel/Studio/7.0/Packs/atmel/ATmega_DFP/1.7.374/gcc/dev/atmega2560/avr6/crtatmega2560.o
                0x000002ce                __init
 *(.init0)
 *(.init1)
 *(.init1)
 *(.init2)
 .init2         0x000002ce       0x10 C:/Program Files (x86)/Atmel/Studio/7.0/Packs/atmel/ATmega_DFP/1.7.374/gcc/dev/atmega2560/avr6/crtatmega2560.o
 *(.init2)
 *(.init3)
 *(.init3)
 *(.init4)
 .init4         0x000002de       0x1a c:/program files (x86)/atmel/studio/7.0/toolchain/avr8/avr8-gnu-toolchain/bin/../lib/gcc/avr/5.4.0/avr6\libgcc.a(_copy_data.o)
                0x000002de                __do_copy_data
 .init4         0x000002f8       0x10 c:/program files (x86)/atmel/studio/7.0/toolchain/avr8/avr8-gnu-toolchain/bin/../lib/gcc/avr/5.4.0/avr6\libgcc.a(_clear_bss.o)
                0x000002f8                __do_clear_bss
 *(.init4)
 *(.init5)
 *(.init5)
 *(.init6)
 *(.init6)
 *(.init7)
 *(.init7)
 *(.init8)
 *(.init8)
 *(.init9)
 .init9         0x00000308        0x8 C:/Program Files (x86)/Atmel/Studio/7.0/Packs/atmel/ATmega_DFP/1.7.374/gcc/dev/atmega2560/avr6/crtatmega2560.o
 *(.init9)
 *(.text)
 .text          0x00000310        0x2 C:/Program Files (x86)/Atmel/Studio/7.0/Packs/atmel/ATmega_DFP/1.7.374/gcc/dev/atmega2560/avr6/crtatmega2560.o
                0x00000310                __vector_38
                0x00000310                __vector_22
                0x00000310                __vector_28
                0x00000310                __vector_1
                0x00000310                __vector_32
                0x00000310                __vector_34
                0x00000310                __vector_24
                0x00000310                __vector_46
                0x00000310                __bad_interrupt
                0x00000310                __vector_6
                0x00000310                __vector_31
                0x00000310                __vector_35
                0x00000310                __vector_3
                0x00000310                __vector_23
                0x00000310                __vector_30
                0x00000310                __vector_45
                0x00000310                __vector_11
                0x00000310                __vector_13
                0x00000310                __vector_17
                0x00000310                __vector_19
                0x00000310                __vector_56
                0x00000310                __vector_7
                0x00000310                __vector_49
                0x00000310                __vector_41
                0x00000310                __vector_43
                0x00000310                __vector_27
                0x00000310                __vector_5
                0x00000310                __vector_33
                0x00000310                __vector_47
                0x00000310                __vector_4
                0x00000310                __vector_44
                0x00000310                __vector_9
                0x00000310                __vector_2
                0x00000310                __vector_21
                0x00000310                __vector_15
                0x00000310                __vector_29
                0x00000310                __vector_40
                0x00000310                __vector_8
                0x00000310                __vector_48
                0x00000310                __vector_14
                0x00000310                __vector_53
                0x00000310                __vector_10
                0x00000310                __vector_50
                0x00000310                __vector_16
                0x00000310                __vector_18
                0x00000310                __vector_20
                0x00000310                __vector_42
                0x00000312                . = ALIGN (0x2)
 *(.text.*)
 .text.prvHeapInit
                0x00000312       0x52 FreeRTOS/src/heap_4.o
 .text.prvInsertBlockIntoFreeList
                0x00000364       0x94 FreeRTOS/src/heap_4.o
 .text.pvPortMalloc
                0x000003f8      0x152 FreeRTOS/src/heap_4.o
                0x000003f8                pvPortMalloc
 .text.vPortFree
                0x0000054a       0x7a FreeRTOS/src/heap_4.o
                0x0000054a                vPortFree
 .text.vListInitialise
                0x000005c4       0x22 FreeRTOS/src/list.o
                0x000005c4                vListInitialise
 .text.vListInitialiseItem
                0x000005e6        0x8 FreeRTOS/src/list.o
                0x000005e6                vListInitialiseItem
 .text.vListInsert
                0x000005ee       0x7a FreeRTOS/src/list.o
                0x000005ee                vListInsert
 .text.uxListRemove
                0x00000668       0x4e FreeRTOS/src/list.o
                0x00000668                uxListRemove
 .text.prvSetupTimerInterrupt
                0x000006b6       0x18 FreeRTOS/src/port.o
 .text.pxPortInitialiseStack
                0x000006ce       0x2e FreeRTOS/src/port.o
                0x000006ce                pxPortInitialiseStack
 .text.xPortStartScheduler
                0x000006fc       0x64 FreeRTOS/src/port.o
                0x000006fc                xPortStartScheduler
 .text.vPortYield
                0x00000760       0xc2 FreeRTOS/src/port.o
                0x00000760                vPortYield
 .text.vPortYieldFromTick
                0x00000822       0xca FreeRTOS/src/port.o
                0x00000822                vPortYieldFromTick
 .text.__vector_12
                0x000008ec        0x4 FreeRTOS/src/port.o
                0x000008ec                __vector_12
 .text.prvIsQueueEmpty
                0x000008f0       0x1a FreeRTOS/src/queue.o
 .text.prvIsQueueFull
                0x0000090a       0x1c FreeRTOS/src/queue.o
 .text.prvCopyDataToQueue
                0x00000926       0xbe FreeRTOS/src/queue.o
 .text.prvCopyDataFromQueue
                0x000009e4       0x34 FreeRTOS/src/queue.o
 .text.prvUnlockQueue
                0x00000a18       0x68 FreeRTOS/src/queue.o
 .text.xQueueGenericReset
                0x00000a80       0x86 FreeRTOS/src/queue.o
                0x00000a80                xQueueGenericReset
 .text.prvInitialiseNewQueue
                0x00000b06       0x24 FreeRTOS/src/queue.o
 .text.xQueueGenericCreate
                0x00000b2a       0x46 FreeRTOS/src/queue.o
                0x00000b2a                xQueueGenericCreate
 .text.xQueueGenericSend
                0x00000b70      0x124 FreeRTOS/src/queue.o
                0x00000b70                xQueueGenericSend
 .text.prvInitialiseMutex
                0x00000c94       0x24 FreeRTOS/src/queue.o
 .text.xQueueCreateMutex
                0x00000cb8       0x18 FreeRTOS/src/queue.o
                0x00000cb8                xQueueCreateMutex
 .text.xQueueGenericSendFromISR
                0x00000cd0       0x76 FreeRTOS/src/queue.o
                0x00000cd0                xQueueGenericSendFromISR
 .text.xQueueReceive
                0x00000d46      0x11e FreeRTOS/src/queue.o
                0x00000d46                xQueueReceive
 .text.vQueueWaitForMessageRestricted
                0x00000e64       0x38 FreeRTOS/src/queue.o
                0x00000e64                vQueueWaitForMessageRestricted
 .text.prvBytesInBuffer
                0x00000e9c       0x26 FreeRTOS/src/stream_buffer.o
 .text.prvInitialiseNewStreamBuffer
                0x00000ec2       0x20 FreeRTOS/src/stream_buffer.o
 .text.prvWriteBytesToBuffer
                0x00000ee2       0x92 FreeRTOS/src/stream_buffer.o
 .text.prvWriteMessageToBuffer
                0x00000f74       0x86 FreeRTOS/src/stream_buffer.o
 .text.prvReadBytesFromBuffer
                0x00000ffa       0x9e FreeRTOS/src/stream_buffer.o
 .text.prvReadMessageFromBuffer
                0x00001098       0x8a FreeRTOS/src/stream_buffer.o
 .text.xStreamBufferGenericCreate
                0x00001122       0x64 FreeRTOS/src/stream_buffer.o
                0x00001122                xStreamBufferGenericCreate
 .text.xStreamBufferReset
                0x00001186       0x3c FreeRTOS/src/stream_buffer.o
                0x00001186                xStreamBufferReset
 .text.xStreamBufferSpacesAvailable
                0x000011c2       0x24 FreeRTOS/src/stream_buffer.o
                0x000011c2                xStreamBufferSpacesAvailable
 .text.xStreamBufferSend
                0x000011e6      0x186 FreeRTOS/src/stream_buffer.o
                0x000011e6                xStreamBufferSend
 .text.xStreamBufferSendFromISR
                0x0000136c       0x88 FreeRTOS/src/stream_buffer.o
                0x0000136c                xStreamBufferSendFromISR
 .text.xStreamBufferReceive
                0x000013f4      0x102 FreeRTOS/src/stream_buffer.o
                0x000013f4                xStreamBufferReceive
 .text.prvResetNextTaskUnblockTime
                0x000014f6       0x4e FreeRTOS/src/tasks.o
 .text.prvDeleteTCB
                0x00001544       0x1a FreeRTOS/src/tasks.o
 .text.prvInitialiseNewTask
                0x0000155e       0xf8 FreeRTOS/src/tasks.o
 .text.prvInitialiseTaskLists
                0x00001656       0x60 FreeRTOS/src/tasks.o
 .text.prvAddNewTaskToReadyList
                0x000016b6       0xde FreeRTOS/src/tasks.o
 .text.prvCheckTasksWaitingTermination
                0x00001794       0x4a FreeRTOS/src/tasks.o
 .text.prvAddCurrentTaskToDelayedList
                0x000017de      0x144 FreeRTOS/src/tasks.o
 .text.xTaskCreate
                0x00001922       0x98 FreeRTOS/src/tasks.o
                0x00001922                xTaskCreate
 .text.vTaskStartScheduler
                0x000019ba       0x70 FreeRTOS/src/tasks.o
                0x000019ba                vTaskStartScheduler
 .text.vTaskSuspendAll
                0x00001a2a        0xc FreeRTOS/src/tasks.o
                0x00001a2a                vTaskSuspendAll
 .text.xTaskGetTickCount
                0x00001a36       0x1c FreeRTOS/src/tasks.o
                0x00001a36                xTaskGetTickCount
 .text.xTaskIncrementTick
                0x00001a52      0x258 FreeRTOS/src/tasks.o
                0x00001a52                xTaskIncrementTick
 .text.xTaskResumeAll
                0x00001caa      0x1b8 FreeRTOS/src/tasks.o
                0x00001caa                xTaskResumeAll
 .text.xTaskDelayUntil
                0x00001e62       0xca FreeRTOS/src/tasks.o
                0x00001e62                xTaskDelayUntil
 .text.vTaskDelay
                0x00001f2c       0x36 FreeRTOS/src/tasks.o
                0x00001f2c                vTaskDelay
 .text.vTaskSwitchContext
                0x00001f62       0xca FreeRTOS/src/tasks.o
                0x00001f62                vTaskSwitchContext
 .text.vTaskPlaceOnEventList
                0x0000202c       0x2e FreeRTOS/src/tasks.o
                0x0000202c                vTaskPlaceOnEventList
 .text.vTaskPlaceOnEventListRestricted
                0x0000205a       0x84 FreeRTOS/src/tasks.o
                0x0000205a                vTaskPlaceOnEventListRestricted
 .text.xTaskRemoveFromEventList
                0x000020de      0x15e FreeRTOS/src/tasks.o
                0x000020de                xTaskRemoveFromEventList
 .text.vTaskSetTimeOutState
                0x0000223c       0x2c FreeRTOS/src/tasks.o
                0x0000223c                vTaskSetTimeOutState
 .text.vTaskInternalSetTimeOutState
                0x00002268       0x22 FreeRTOS/src/tasks.o
                0x00002268                vTaskInternalSetTimeOutState
 .text.xTaskCheckForTimeOut
                0x0000228a       0xcc FreeRTOS/src/tasks.o
                0x0000228a                xTaskCheckForTimeOut
 .text.vTaskMissedYield
                0x00002356        0x8 FreeRTOS/src/tasks.o
                0x00002356                vTaskMissedYield
 .text.xTaskGetCurrentTaskHandle
                0x0000235e        0xa FreeRTOS/src/tasks.o
                0x0000235e                xTaskGetCurrentTaskHandle
 .text.xTaskGetSchedulerState
                0x00002368       0x1c FreeRTOS/src/tasks.o
                0x00002368                xTaskGetSchedulerState
 .text.xTaskPriorityDisinherit
                0x00002384       0xb6 FreeRTOS/src/tasks.o
                0x00002384                xTaskPriorityDisinherit
 .text.xTaskGenericNotifyWait
                0x0000243a      0x14e FreeRTOS/src/tasks.o
                0x0000243a                xTaskGenericNotifyWait
 .text.xTaskGenericNotify
                0x00002588      0x1ee FreeRTOS/src/tasks.o
                0x00002588                xTaskGenericNotify
 .text.xTaskGenericNotifyFromISR
                0x00002776      0x244 FreeRTOS/src/tasks.o
                0x00002776                xTaskGenericNotifyFromISR
 .text.xTaskGenericNotifyStateClear
                0x000029ba       0x34 FreeRTOS/src/tasks.o
                0x000029ba                xTaskGenericNotifyStateClear
 .text.prvGetNextExpireTime
                0x000029ee       0x30 FreeRTOS/src/timers.o
 .text.prvInsertTimerInActiveList
                0x00002a1e       0x92 FreeRTOS/src/timers.o
 .text.prvCheckForValidListAndQueue
                0x00002ab0       0x52 FreeRTOS/src/timers.o
 .text.xTimerCreateTimerTask
                0x00002b02       0x42 FreeRTOS/src/timers.o
                0x00002b02                xTimerCreateTimerTask
 .text.xTimerGenericCommand
                0x00002b44       0xbc FreeRTOS/src/timers.o
                0x00002b44                xTimerGenericCommand
 .text.prvSwitchTimerLists
                0x00002c00       0xd0 FreeRTOS/src/timers.o
 .text.prvSampleTimeNow
                0x00002cd0       0x5c FreeRTOS/src/timers.o
 .text.prvProcessExpiredTimer
                0x00002d2c       0xac FreeRTOS/src/timers.o
 .text.prvProcessTimerOrBlockTask
                0x00002dd8       0xae FreeRTOS/src/timers.o
 .text.prvProcessReceivedCommands
                0x00002e86      0x168 FreeRTOS/src/timers.o
 .text.vApplicationIdleHook
                0x00002fee        0x2 FreeRTOS/src/variantHooks.o
                0x00002fee                vApplicationIdleHook
 .text.prvSetMainLedOn
                0x00002ff0        0xe FreeRTOS/src/variantHooks.o
                0x00002ff0                prvSetMainLedOn
 .text.prvBlinkMainLed
                0x00002ffe        0x8 FreeRTOS/src/variantHooks.o
                0x00002ffe                prvBlinkMainLed
 .text.vApplicationMallocFailedHook
                0x00003006       0x18 FreeRTOS/src/variantHooks.o
                0x00003006                vApplicationMallocFailedHook
 .text.vApplicationStackOverflowHook
                0x0000301e       0x18 FreeRTOS/src/variantHooks.o
                0x0000301e                vApplicationStackOverflowHook
 .text._lora_setup
                0x00003036      0x188 LoRaWANHandler.o
 .text.lora_handler_task
                0x000031be       0x9e LoRaWANHandler.o
                0x000031be                lora_handler_task
 .text.lora_handler_initialise
                0x0000325c       0x28 LoRaWANHandler.o
                0x0000325c                lora_handler_initialise
 .text.task1    0x00003284       0x3a main.o
                0x00003284                task1
 .text.task2    0x000032be       0x38 main.o
                0x000032be                task2
 .text.temp_sensor_task
                0x000032f6       0xb2 main.o
                0x000032f6                temp_sensor_task
 .text.create_tasks_and_semaphores
                0x000033a8       0x80 main.o
                0x000033a8                create_tasks_and_semaphores
 .text.initialiseSystem
                0x00003428       0x30 main.o
                0x00003428                initialiseSystem
 .text.main     0x00003458       0x10 main.o
                0x00003458                main
 .text._hihTwiCallback
                0x00003468       0x5a ../drivers\libIotLibrary.a(hih8120.o)
 .text.hih8120_initialise
                0x000034c2       0x30 ../drivers\libIotLibrary.a(hih8120.o)
                0x000034c2                hih8120_initialise
 .text.hih8120_wakeup
                0x000034f2       0x2a ../drivers\libIotLibrary.a(hih8120.o)
                0x000034f2                hih8120_wakeup
 .text.hih8120_measure
                0x0000351c       0x22 ../drivers\libIotLibrary.a(hih8120.o)
                0x0000351c                hih8120_measure
 .text.hih8120_getHumidity
                0x0000353e       0x2a ../drivers\libIotLibrary.a(hih8120.o)
                0x0000353e                hih8120_getHumidity
 .text.hih8120_getTemperature
                0x00003568       0x36 ../drivers\libIotLibrary.a(hih8120.o)
                0x00003568                hih8120_getTemperature
 .text._serialCallBack
                0x0000359e       0x8c ../drivers\libIotLibrary.a(lora_driver.o)
 .text._uploadMessage
                0x0000362a       0xb4 ../drivers\libIotLibrary.a(lora_driver.o)
 .text._reply2ReturnCode
                0x000036de       0xea ../drivers\libIotLibrary.a(lora_driver.o)
 .text._uploadMessageRc
                0x000037c8        0x6 ../drivers\libIotLibrary.a(lora_driver.o)
 .text.lora_driver_flushBuffers
                0x000037ce        0xe ../drivers\libIotLibrary.a(lora_driver.o)
                0x000037ce                lora_driver_flushBuffers
 .text.lora_driver_initialise
                0x000037dc       0x80 ../drivers\libIotLibrary.a(lora_driver.o)
                0x000037dc                lora_driver_initialise
 .text.lora_driver_resetRn2483
                0x0000385c       0x1c ../drivers\libIotLibrary.a(lora_driver.o)
                0x0000385c                lora_driver_resetRn2483
 .text.lora_driver_rn2483FactoryReset
                0x00003878       0x24 ../drivers\libIotLibrary.a(lora_driver.o)
                0x00003878                lora_driver_rn2483FactoryReset
 .text.lora_driver_getRn2483Hweui
                0x0000389c       0x38 ../drivers\libIotLibrary.a(lora_driver.o)
                0x0000389c                lora_driver_getRn2483Hweui
 .text.lora_driver_setDeviceIdentifier
                0x000038d4       0x22 ../drivers\libIotLibrary.a(lora_driver.o)
                0x000038d4                lora_driver_setDeviceIdentifier
 .text.lora_driver_setApplicationIdentifier
                0x000038f6       0x22 ../drivers\libIotLibrary.a(lora_driver.o)
                0x000038f6                lora_driver_setApplicationIdentifier
 .text.lora_driver_setApplicationKey
                0x00003918       0x22 ../drivers\libIotLibrary.a(lora_driver.o)
                0x00003918                lora_driver_setApplicationKey
 .text.lora_driver_saveMac
                0x0000393a        0xc ../drivers\libIotLibrary.a(lora_driver.o)
                0x0000393a                lora_driver_saveMac
 .text.lora_driver_join
                0x00003946       0x52 ../drivers\libIotLibrary.a(lora_driver.o)
                0x00003946                lora_driver_join
 .text.lora_driver_sendUploadMessage
                0x00003998      0x196 ../drivers\libIotLibrary.a(lora_driver.o)
                0x00003998                lora_driver_sendUploadMessage
 .text.lora_driver_setAdaptiveDataRate
                0x00003b2e       0x16 ../drivers\libIotLibrary.a(lora_driver.o)
                0x00003b2e                lora_driver_setAdaptiveDataRate
 .text.lora_driver_setReceiveDelay
                0x00003b44       0x30 ../drivers\libIotLibrary.a(lora_driver.o)
                0x00003b44                lora_driver_setReceiveDelay
 .text.lora_driver_configureToEu868
                0x00003b74      0x1bc ../drivers\libIotLibrary.a(lora_driver.o)
                0x00003b74                lora_driver_configureToEu868
 .text.lora_driver_setOtaaIdentity
                0x00003d30       0x42 ../drivers\libIotLibrary.a(lora_driver.o)
                0x00003d30                lora_driver_setOtaaIdentity
 .text.lora_driver_mapReturnCodeToText
                0x00003d72       0x18 ../drivers\libIotLibrary.a(lora_driver.o)
                0x00003d72                lora_driver_mapReturnCodeToText
 .text.decode_port_no
                0x00003d8a       0x58 ../drivers\libIotLibrary.a(lora_driver_utils.o)
                0x00003d8a                decode_port_no
 .text.decode_hexadecimal_string_bytes
                0x00003de2       0x92 ../drivers\libIotLibrary.a(lora_driver_utils.o)
                0x00003de2                decode_hexadecimal_string_bytes
 .text.serial_create
                0x00003e74      0x14c ../drivers\libIotLibrary.a(serial.o)
                0x00003e74                serial_create
 .text.serial_sendByte
                0x00003fc0       0x56 ../drivers\libIotLibrary.a(serial.o)
                0x00003fc0                serial_sendByte
 .text.serial_sendBytes
                0x00004016       0xaa ../drivers\libIotLibrary.a(serial.o)
                0x00004016                serial_sendBytes
 .text.serial_getByte
                0x000040c0       0x40 ../drivers\libIotLibrary.a(serial.o)
                0x000040c0                serial_getByte
 .text.__vector_25
                0x00004100       0xa4 ../drivers\libIotLibrary.a(serial.o)
                0x00004100                __vector_25
 .text.__vector_26
                0x000041a4       0x88 ../drivers\libIotLibrary.a(serial.o)
                0x000041a4                __vector_26
 .text.__vector_36
                0x0000422c       0xa4 ../drivers\libIotLibrary.a(serial.o)
                0x0000422c                __vector_36
 .text.__vector_37
                0x000042d0       0x88 ../drivers\libIotLibrary.a(serial.o)
                0x000042d0                __vector_37
 .text.__vector_51
                0x00004358       0xa4 ../drivers\libIotLibrary.a(serial.o)
                0x00004358                __vector_51
 .text.__vector_52
                0x000043fc       0x88 ../drivers\libIotLibrary.a(serial.o)
                0x000043fc                __vector_52
 .text.__vector_54
                0x00004484       0xa4 ../drivers\libIotLibrary.a(serial.o)
                0x00004484                __vector_54
 .text.__vector_55
                0x00004528       0x88 ../drivers\libIotLibrary.a(serial.o)
                0x00004528                __vector_55
 .text.usart_getchar
                0x000045b0       0x2a ../drivers\libIotLibrary.a(stdio_driver.o)
 .text.usart_putchar
                0x000045da       0x12 ../drivers\libIotLibrary.a(stdio_driver.o)
 .text.stdio_initialise
                0x000045ec       0x52 ../drivers\libIotLibrary.a(stdio_driver.o)
                0x000045ec                stdio_initialise
 .text._turn_off
                0x0000463e       0x98 ../drivers\libIotLibrary.a(status_leds.o)
 .text._turn_on
                0x000046d6       0x98 ../drivers\libIotLibrary.a(status_leds.o)
 .text._hal_led_task
                0x0000476e       0x8c ../drivers\libIotLibrary.a(status_leds.o)
 .text.status_leds_initialise
                0x000047fa       0x9c ../drivers\libIotLibrary.a(status_leds.o)
                0x000047fa                status_leds_initialise
 .text.status_leds_slowBlink
                0x00004896       0x46 ../drivers\libIotLibrary.a(status_leds.o)
                0x00004896                status_leds_slowBlink
 .text.status_leds_fastBlink
                0x000048dc       0x46 ../drivers\libIotLibrary.a(status_leds.o)
                0x000048dc                status_leds_fastBlink
 .text.status_leds_ledOn
                0x00004922       0x1e ../drivers\libIotLibrary.a(status_leds.o)
                0x00004922                status_leds_ledOn
 .text.status_leds_ledOff
                0x00004940       0x1e ../drivers\libIotLibrary.a(status_leds.o)
                0x00004940                status_leds_ledOff
 .text.status_leds_longPuls
                0x0000495e       0x24 ../drivers\libIotLibrary.a(status_leds.o)
                0x0000495e                status_leds_longPuls
 .text.status_leds_shortPuls
                0x00004982       0x22 ../drivers\libIotLibrary.a(status_leds.o)
                0x00004982                status_leds_shortPuls
 .text._initTwiInterface
                0x000049a4       0x22 ../drivers\libIotLibrary.a(twi.o)
 .text.twiCreate
                0x000049c6       0x9a ../drivers\libIotLibrary.a(twi.o)
                0x000049c6                twiCreate
 .text.twiIsBusy
                0x00004a60        0x8 ../drivers\libIotLibrary.a(twi.o)
                0x00004a60                twiIsBusy
 .text.twiTransmit
                0x00004a68       0x98 ../drivers\libIotLibrary.a(twi.o)
                0x00004a68                twiTransmit
 .text.twiReceive
                0x00004b00       0x66 ../drivers\libIotLibrary.a(twi.o)
                0x00004b00                twiReceive
 .text.__vector_39
                0x00004b66      0x17a ../drivers\libIotLibrary.a(twi.o)
                0x00004b66                __vector_39
 .text.fifo_init
                0x00004ce0       0x38 ../drivers\libIotLibrary.a(fifo.o)
                0x00004ce0                fifo_init
 .text.avr-libc
                0x00004d18      0x712 c:/program files (x86)/atmel/studio/7.0/toolchain/avr8/avr8-gnu-toolchain/bin/../lib/gcc/avr/5.4.0/../../../../avr/lib/avr6\libprintf_flt.a(vfprintf_flt.o)
                0x00004d18                vfprintf
 .text.avr-libc.fplib
                0x0000542a        0xa c:/program files (x86)/atmel/studio/7.0/toolchain/avr8/avr8-gnu-toolchain/bin/../lib/gcc/avr/5.4.0/../../../../avr/lib/avr6\libm.a(addsf3.o)
                0x0000542a                __subsf3
                0x0000542c                __addsf3
 .text.avr-libc.fplib
                0x00005434       0xc0 c:/program files (x86)/atmel/studio/7.0/toolchain/avr8/avr8-gnu-toolchain/bin/../lib/gcc/avr/5.4.0/../../../../avr/lib/avr6\libm.a(addsf3x.o)
                0x0000544e                __addsf3x
 .text.avr-libc.fplib
                0x000054f4        0x4 c:/program files (x86)/atmel/studio/7.0/toolchain/avr8/avr8-gnu-toolchain/bin/../lib/gcc/avr/5.4.0/../../../../avr/lib/avr6\libm.a(divsf3.o)
                0x000054f4                __divsf3
 .text.avr-libc.fplib
                0x000054f8       0xcc c:/program files (x86)/atmel/studio/7.0/toolchain/avr8/avr8-gnu-toolchain/bin/../lib/gcc/avr/5.4.0/../../../../avr/lib/avr6\libm.a(divsf3x.o)
                0x0000550e                __divsf3x
                0x00005512                __divsf3_pse
 .text.avr-libc.fplib
                0x000055c4       0x58 c:/program files (x86)/atmel/studio/7.0/toolchain/avr8/avr8-gnu-toolchain/bin/../lib/gcc/avr/5.4.0/../../../../avr/lib/avr6\libm.a(fixunssfsi.o)
                0x000055c4                __fixunssfsi
 .text.avr-libc.fplib
                0x0000561c       0x7a c:/program files (x86)/atmel/studio/7.0/toolchain/avr8/avr8-gnu-toolchain/bin/../lib/gcc/avr/5.4.0/../../../../avr/lib/avr6\libm.a(floatsisf.o)
                0x0000561c                __floatunsisf
                0x00005620                __floatsisf
 .text.avr-libc.fplib
                0x00005696        0xc c:/program files (x86)/atmel/studio/7.0/toolchain/avr8/avr8-gnu-toolchain/bin/../lib/gcc/avr/5.4.0/../../../../avr/lib/avr6\libm.a(fp_inf.o)
                0x00005696                __fp_inf
 .text.avr-libc.fplib
                0x000056a2        0x6 c:/program files (x86)/atmel/studio/7.0/toolchain/avr8/avr8-gnu-toolchain/bin/../lib/gcc/avr/5.4.0/../../../../avr/lib/avr6\libm.a(fp_nan.o)
                0x000056a2                __fp_nan
 .text.avr-libc.fplib
                0x000056a8        0xe c:/program files (x86)/atmel/studio/7.0/toolchain/avr8/avr8-gnu-toolchain/bin/../lib/gcc/avr/5.4.0/../../../../avr/lib/avr6\libm.a(fp_pscA.o)
                0x000056a8                __fp_pscA
 .text.avr-libc.fplib
                0x000056b6        0xe c:/program files (x86)/atmel/studio/7.0/toolchain/avr8/avr8-gnu-toolchain/bin/../lib/gcc/avr/5.4.0/../../../../avr/lib/avr6\libm.a(fp_pscB.o)
                0x000056b6                __fp_pscB
 .text.avr-libc.fplib
                0x000056c4       0x22 c:/program files (x86)/atmel/studio/7.0/toolchain/avr8/avr8-gnu-toolchain/bin/../lib/gcc/avr/5.4.0/../../../../avr/lib/avr6\libm.a(fp_round.o)
                0x000056c4                __fp_round
 .text.avr-libc.fplib
                0x000056e6       0x44 c:/program files (x86)/atmel/studio/7.0/toolchain/avr8/avr8-gnu-toolchain/bin/../lib/gcc/avr/5.4.0/../../../../avr/lib/avr6\libm.a(fp_split3.o)
                0x000056e6                __fp_split3
                0x000056f6                __fp_splitA
 .text.avr-libc.fplib
                0x0000572a        0xe c:/program files (x86)/atmel/studio/7.0/toolchain/avr8/avr8-gnu-toolchain/bin/../lib/gcc/avr/5.4.0/../../../../avr/lib/avr6\libm.a(fp_zero.o)
                0x0000572a                __fp_zero
                0x0000572c                __fp_szero
 .text.avr-libc.fplib
                0x00005738        0x4 c:/program files (x86)/atmel/studio/7.0/toolchain/avr8/avr8-gnu-toolchain/bin/../lib/gcc/avr/5.4.0/../../../../avr/lib/avr6\libm.a(mulsf3.o)
                0x00005738                __mulsf3
 .text.avr-libc.fplib
                0x0000573c       0xc2 c:/program files (x86)/atmel/studio/7.0/toolchain/avr8/avr8-gnu-toolchain/bin/../lib/gcc/avr/5.4.0/../../../../avr/lib/avr6\libm.a(mulsf3x.o)
                0x00005750                __mulsf3x
                0x00005754                __mulsf3_pse
 .text.libgcc.div
                0x000057fe       0x44 c:/program files (x86)/atmel/studio/7.0/toolchain/avr8/avr8-gnu-toolchain/bin/../lib/gcc/avr/5.4.0/avr6\libgcc.a(_udivmodsi4.o)
                0x000057fe                __udivmodsi4
 .text.libgcc   0x00005842       0x10 c:/program files (x86)/atmel/studio/7.0/toolchain/avr8/avr8-gnu-toolchain/bin/../lib/gcc/avr/5.4.0/avr6\libgcc.a(_tablejump2.o)
                0x00005842                __tablejump2__
 .text.avr-libc
                0x00005852      0x242 c:/program files (x86)/atmel/studio/7.0/toolchain/avr8/avr8-gnu-toolchain/bin/../lib/gcc/avr/5.4.0/../../../../avr/lib/avr6\libc.a(malloc.o)
                0x00005852                malloc
                0x00005982                free
 .text.avr-libc
                0x00005a94        0x8 c:/program files (x86)/atmel/studio/7.0/toolchain/avr8/avr8-gnu-toolchain/bin/../lib/gcc/avr/5.4.0/../../../../avr/lib/avr6\libc.a(abort.o)
                0x00005a94                abort
 .text.avr-libc
                0x00005a9c      0x1b0 c:/program files (x86)/atmel/studio/7.0/toolchain/avr8/avr8-gnu-toolchain/bin/../lib/gcc/avr/5.4.0/../../../../avr/lib/avr6\libc.a(ftoa_engine.o)
                0x00005a9c                __ftoa_engine
 .text.avr-libc
                0x00005c4c       0x16 c:/program files (x86)/atmel/studio/7.0/toolchain/avr8/avr8-gnu-toolchain/bin/../lib/gcc/avr/5.4.0/../../../../avr/lib/avr6\libc.a(strnlen_P.o)
                0x00005c4c                strnlen_P
 .text.avr-libc
                0x00005c62       0x12 c:/program files (x86)/atmel/studio/7.0/toolchain/avr8/avr8-gnu-toolchain/bin/../lib/gcc/avr/5.4.0/../../../../avr/lib/avr6\libc.a(memcpy.o)
                0x00005c62                memcpy
 .text.avr-libc
                0x00005c74        0xe c:/program files (x86)/atmel/studio/7.0/toolchain/avr8/avr8-gnu-toolchain/bin/../lib/gcc/avr/5.4.0/../../../../avr/lib/avr6\libc.a(memset.o)
                0x00005c74                memset
 .text.avr-libc
                0x00005c82       0x4a c:/program files (x86)/atmel/studio/7.0/toolchain/avr8/avr8-gnu-toolchain/bin/../lib/gcc/avr/5.4.0/../../../../avr/lib/avr6\libc.a(strcasestr.o)
                0x00005c82                strcasestr
 .text.avr-libc
                0x00005ccc       0x16 c:/program files (x86)/atmel/studio/7.0/toolchain/avr8/avr8-gnu-toolchain/bin/../lib/gcc/avr/5.4.0/../../../../avr/lib/avr6\libc.a(strcat.o)
                0x00005ccc                strcat
 .text.avr-libc
                0x00005ce2        0xe c:/program files (x86)/atmel/studio/7.0/toolchain/avr8/avr8-gnu-toolchain/bin/../lib/gcc/avr/5.4.0/../../../../avr/lib/avr6\libc.a(strcpy.o)
                0x00005ce2                strcpy
 .text.avr-libc
                0x00005cf0       0x30 c:/program files (x86)/atmel/studio/7.0/toolchain/avr8/avr8-gnu-toolchain/bin/../lib/gcc/avr/5.4.0/../../../../avr/lib/avr6\libc.a(strncasecmp.o)
                0x00005cf0                strncasecmp
 .text.avr-libc
                0x00005d20       0x16 c:/program files (x86)/atmel/studio/7.0/toolchain/avr8/avr8-gnu-toolchain/bin/../lib/gcc/avr/5.4.0/../../../../avr/lib/avr6\libc.a(strnlen.o)
                0x00005d20                strnlen
 .text.avr-libc
                0x00005d36       0x78 c:/program files (x86)/atmel/studio/7.0/toolchain/avr8/avr8-gnu-toolchain/bin/../lib/gcc/avr/5.4.0/../../../../avr/lib/avr6\libc.a(fputc.o)
                0x00005d36                fputc
 .text.avr-libc
                0x00005dae       0x28 c:/program files (x86)/atmel/studio/7.0/toolchain/avr8/avr8-gnu-toolchain/bin/../lib/gcc/avr/5.4.0/../../../../avr/lib/avr6\libc.a(printf.o)
                0x00005dae                printf
 .text.avr-libc
                0x00005dd6       0x60 c:/program files (x86)/atmel/studio/7.0/toolchain/avr8/avr8-gnu-toolchain/bin/../lib/gcc/avr/5.4.0/../../../../avr/lib/avr6\libc.a(puts.o)
                0x00005dd6                puts
 .text.avr-libc
                0x00005e36       0x5e c:/program files (x86)/atmel/studio/7.0/toolchain/avr8/avr8-gnu-toolchain/bin/../lib/gcc/avr/5.4.0/../../../../avr/lib/avr6\libc.a(sprintf.o)
                0x00005e36                sprintf
 .text.avr-libc
                0x00005e94       0xbc c:/program files (x86)/atmel/studio/7.0/toolchain/avr8/avr8-gnu-toolchain/bin/../lib/gcc/avr/5.4.0/../../../../avr/lib/avr6\libc.a(ultoa_invert.o)
                0x00005e94                __ultoa_invert
                0x00005f50                . = ALIGN (0x2)
 *(.fini9)
 .fini9         0x00005f50        0x0 c:/program files (x86)/atmel/studio/7.0/toolchain/avr8/avr8-gnu-toolchain/bin/../lib/gcc/avr/5.4.0/avr6\libgcc.a(_exit.o)
                0x00005f50                _exit
                0x00005f50                exit
 *(.fini9)
 *(.fini8)
 *(.fini8)
 *(.fini7)
 *(.fini7)
 *(.fini6)
 *(.fini6)
 *(.fini5)
 *(.fini5)
 *(.fini4)
 *(.fini4)
 *(.fini3)
 *(.fini3)
 *(.fini2)
 *(.fini2)
 *(.fini1)
 *(.fini1)
 *(.fini0)
 .fini0         0x00005f50        0x4 c:/program files (x86)/atmel/studio/7.0/toolchain/avr8/avr8-gnu-toolchain/bin/../lib/gcc/avr/5.4.0/avr6\libgcc.a(_exit.o)
 *(.fini0)
                0x00005f54                _etext = .

.data           0x00800200      0x54e load address 0x00005f54
                0x00800200                PROVIDE (__data_start, .)
 *(.data)
 .data          0x00800200        0x6 c:/program files (x86)/atmel/studio/7.0/toolchain/avr8/avr8-gnu-toolchain/bin/../lib/gcc/avr/5.4.0/../../../../avr/lib/avr6\libc.a(malloc.o)
                0x00800200                __malloc_heap_end
                0x00800202                __malloc_heap_start
                0x00800204                __malloc_margin
 *(.data*)
 .data.uxTopUsedPriority
                0x00800206        0x1 FreeRTOS/src/tasks.o
                0x00800206                uxTopUsedPriority
 .data._temp    0x00800207        0x2 ../drivers\libIotLibrary.a(hih8120.o)
 .data._hum     0x00800209        0x2 ../drivers\libIotLibrary.a(hih8120.o)
 .data._com_port_2_udr
                0x0080020b        0x8 ../drivers\libIotLibrary.a(serial.o)
                0x0080020b                _com_port_2_udr
 .data.mystdout.1882
                0x00800213        0xe ../drivers\libIotLibrary.a(stdio_driver.o)
 .data._twiCurrentState
                0x00800221        0x1 ../drivers\libIotLibrary.a(twi.o)
 *(.gnu.linkonce.d*)
 *(.rodata)
 .rodata        0x00800222       0x20 ../drivers\libIotLibrary.a(lora_driver.o)
 *(.rodata*)
 .rodata.str1.1
                0x00800242        0x5 FreeRTOS/src/tasks.o
 .rodata.str1.1
                0x00800247        0x8 FreeRTOS/src/timers.o
 .rodata.str1.1
                0x0080024f      0x149 LoRaWANHandler.o
 .rodata.str1.1
                0x00800398       0xe1 main.o
 .rodata.str1.1
                0x00800479      0x295 ../drivers\libIotLibrary.a(lora_driver.o)
                                0x2a5 (size before relaxing)
 .rodata._joinMode
                0x0080070e        0x4 ../drivers\libIotLibrary.a(lora_driver.o)
 .rodata._returnCode
                0x00800712       0x33 ../drivers\libIotLibrary.a(lora_driver.o)
                0x00800712                _returnCode
 .rodata.str1.1
                0x00800745        0x8 ../drivers\libIotLibrary.a(status_leds.o)
 *(.gnu.linkonce.r*)
                0x0080074e                . = ALIGN (0x2)
 *fill*         0x0080074d        0x1 
                0x0080074e                _edata = .
                0x0080074e                PROVIDE (__data_end, .)

.bss            0x0080074e      0xfed
                0x0080074e                PROVIDE (__bss_start, .)
 *(.bss)
 *(.bss*)
 .bss.xBlockAllocatedBit
                0x0080074e        0x2 FreeRTOS/src/heap_4.o
 .bss.xNumberOfSuccessfulFrees
                0x00800750        0x2 FreeRTOS/src/heap_4.o
 .bss.xNumberOfSuccessfulAllocations
                0x00800752        0x2 FreeRTOS/src/heap_4.o
 .bss.xMinimumEverFreeBytesRemaining
                0x00800754        0x2 FreeRTOS/src/heap_4.o
 .bss.xFreeBytesRemaining
                0x00800756        0x2 FreeRTOS/src/heap_4.o
 .bss.pxEnd     0x00800758        0x2 FreeRTOS/src/heap_4.o
 .bss.xStart    0x0080075a        0x4 FreeRTOS/src/heap_4.o
 .bss.ucHeap    0x0080075e      0xdac FreeRTOS/src/heap_4.o
 .bss.uxSchedulerSuspended
                0x0080150a        0x1 FreeRTOS/src/tasks.o
 .bss.xIdleTaskHandle
                0x0080150b        0x2 FreeRTOS/src/tasks.o
 .bss.xNextTaskUnblockTime
                0x0080150d        0x4 FreeRTOS/src/tasks.o
 .bss.uxTaskNumber
                0x00801511        0x1 FreeRTOS/src/tasks.o
 .bss.xNumOfOverflows
                0x00801512        0x1 FreeRTOS/src/tasks.o
 .bss.xYieldPending
                0x00801513        0x1 FreeRTOS/src/tasks.o
 .bss.xPendedTicks
                0x00801514        0x4 FreeRTOS/src/tasks.o
 .bss.xSchedulerRunning
                0x00801518        0x1 FreeRTOS/src/tasks.o
 .bss.uxTopReadyPriority
                0x00801519        0x1 FreeRTOS/src/tasks.o
 .bss.xTickCount
                0x0080151a        0x4 FreeRTOS/src/tasks.o
 .bss.uxCurrentNumberOfTasks
                0x0080151e        0x1 FreeRTOS/src/tasks.o
 .bss.xSuspendedTaskList
                0x0080151f        0xb FreeRTOS/src/tasks.o
 .bss.uxDeletedTasksWaitingCleanUp
                0x0080152a        0x1 FreeRTOS/src/tasks.o
 .bss.xTasksWaitingTermination
                0x0080152b        0xb FreeRTOS/src/tasks.o
 .bss.xPendingReadyList
                0x00801536        0xb FreeRTOS/src/tasks.o
 .bss.pxOverflowDelayedTaskList
                0x00801541        0x2 FreeRTOS/src/tasks.o
 .bss.pxDelayedTaskList
                0x00801543        0x2 FreeRTOS/src/tasks.o
 .bss.xDelayedTaskList2
                0x00801545        0xb FreeRTOS/src/tasks.o
 .bss.xDelayedTaskList1
                0x00801550        0xb FreeRTOS/src/tasks.o
 .bss.pxReadyTasksLists
                0x0080155b       0x6e FreeRTOS/src/tasks.o
 .bss.pxCurrentTCB
                0x008015c9        0x2 FreeRTOS/src/tasks.o
                0x008015c9                pxCurrentTCB
 .bss.xLastTime.2436
                0x008015cb        0x4 FreeRTOS/src/timers.o
 .bss.xTimerTaskHandle
                0x008015cf        0x2 FreeRTOS/src/timers.o
 .bss.xTimerQueue
                0x008015d1        0x2 FreeRTOS/src/timers.o
 .bss.pxOverflowTimerList
                0x008015d3        0x2 FreeRTOS/src/timers.o
 .bss.pxCurrentTimerList
                0x008015d5        0x2 FreeRTOS/src/timers.o
 .bss.xActiveTimerList2
                0x008015d7        0xb FreeRTOS/src/timers.o
 .bss.xActiveTimerList1
                0x008015e2        0xb FreeRTOS/src/timers.o
 .bss._uplink_payload
                0x008015ed       0x16 LoRaWANHandler.o
 .bss.temperature
                0x00801603        0x4 main.o
                0x00801603                temperature
 .bss.humidity  0x00801607        0x4 main.o
                0x00801607                humidity
 .bss._measuringIsReady
                0x0080160b        0x1 ../drivers\libIotLibrary.a(hih8120.o)
 .bss._hih8120Handler
                0x0080160c        0x2 ../drivers\libIotLibrary.a(hih8120.o)
 .bss._tmp_buf.2871
                0x0080160e       0x37 ../drivers\libIotLibrary.a(lora_driver.o)
 .bss.rec_buf_inp.2878
                0x00801645        0x1 ../drivers\libIotLibrary.a(lora_driver.o)
 .bss._downlinkMessageBuffer
                0x00801646        0x2 ../drivers\libIotLibrary.a(lora_driver.o)
 .bss._serialReplyBufferHandle
                0x00801648        0x2 ../drivers\libIotLibrary.a(lora_driver.o)
 .bss._rn2483_serial
                0x0080164a        0x2 ../drivers\libIotLibrary.a(lora_driver.o)
 .bss._downlinkPayload
                0x0080164c       0x16 ../drivers\libIotLibrary.a(lora_driver.o)
 .bss._payLoadHexBytes
                0x00801662       0x15 ../drivers\libIotLibrary.a(lora_driver.o)
 .bss._recMessageBuf
                0x00801677       0x2d ../drivers\libIotLibrary.a(lora_driver.o)
 .bss._sendMessage
                0x008016a4       0x2d ../drivers\libIotLibrary.a(lora_driver.o)
 .bss._replyMess
                0x008016d1       0x2d ../drivers\libIotLibrary.a(lora_driver.o)
 .bss._ser_handle
                0x008016fe        0x8 ../drivers\libIotLibrary.a(serial.o)
 .bss._com_serial_instance
                0x00801706        0x2 ../drivers\libIotLibrary.a(stdio_driver.o)
 .bss._led_status
                0x00801708       0x18 ../drivers\libIotLibrary.a(status_leds.o)
 .bss._index.1885
                0x00801720        0x1 ../drivers\libIotLibrary.a(twi.o)
 .bss._twiCurrentHandler
                0x00801721        0x2 ../drivers\libIotLibrary.a(twi.o)
 .bss._twiMessageLen
                0x00801723        0x1 ../drivers\libIotLibrary.a(twi.o)
 .bss._twiMessageBuffer
                0x00801724        0xa ../drivers\libIotLibrary.a(twi.o)
 .bss._twiIsInitiated
                0x0080172e        0x1 ../drivers\libIotLibrary.a(twi.o)
 *(COMMON)
 COMMON         0x0080172f        0x2 main.o
                0x0080172f                xTestSemaphore
 COMMON         0x00801731        0x4 c:/program files (x86)/atmel/studio/7.0/toolchain/avr8/avr8-gnu-toolchain/bin/../lib/gcc/avr/5.4.0/../../../../avr/lib/avr6\libc.a(malloc.o)
                0x00801731                __brkval
                0x00801733                __flp
 COMMON         0x00801735        0x6 c:/program files (x86)/atmel/studio/7.0/toolchain/avr8/avr8-gnu-toolchain/bin/../lib/gcc/avr/5.4.0/../../../../avr/lib/avr6\libc.a(iob.o)
                0x00801735                __iob
                0x0080173b                PROVIDE (__bss_end, .)
                0x00005f54                __data_load_start = LOADADDR (.data)
                0x000064a2                __data_load_end = (__data_load_start + SIZEOF (.data))

.noinit         0x0080173b        0x0
                [!provide]                PROVIDE (__noinit_start, .)
 *(.noinit*)
                [!provide]                PROVIDE (__noinit_end, .)
                0x0080173b                _end = .
                0x0080173b                PROVIDE (__heap_start, .)

.eeprom         0x00810000        0x0
 *(.eeprom*)
                0x00810000                __eeprom_end = .

.fuse
 *(.fuse)
 *(.lfuse)
 *(.hfuse)
 *(.efuse)

.lock
 *(.lock*)

.signature
 *(.signature*)

.user_signatures
 *(.user_signatures*)

.stab
 *(.stab)

.stabstr
 *(.stabstr)

.stab.excl
 *(.stab.excl)

.stab.exclstr
 *(.stab.exclstr)

.stab.index
 *(.stab.index)

.stab.indexstr
 *(.stab.indexstr)

.comment        0x00000000       0x5c
 *(.comment)
 .comment       0x00000000       0x30 FreeRTOS/src/heap_4.o
                                 0x31 (size before relaxing)
 .comment       0x00000030       0x31 FreeRTOS/src/list.o
 .comment       0x00000030       0x31 FreeRTOS/src/port.o
 .comment       0x00000030       0x31 FreeRTOS/src/queue.o
 .comment       0x00000030       0x31 FreeRTOS/src/stream_buffer.o
 .comment       0x00000030       0x31 FreeRTOS/src/tasks.o
 .comment       0x00000030       0x31 FreeRTOS/src/timers.o
 .comment       0x00000030       0x31 FreeRTOS/src/variantHooks.o
 .comment       0x00000030       0x31 LoRaWANHandler.o
 .comment       0x00000030       0x31 main.o
 .comment       0x00000030       0x31 ../drivers\libIotLibrary.a(hih8120.o)
 .comment       0x00000030       0x31 ../drivers\libIotLibrary.a(lora_driver.o)
 .comment       0x00000030       0x31 ../drivers\libIotLibrary.a(lora_driver_utils.o)
 .comment       0x00000030       0x31 ../drivers\libIotLibrary.a(serial.o)
 .comment       0x00000030       0x31 ../drivers\libIotLibrary.a(stdio_driver.o)
 .comment       0x00000030       0x31 ../drivers\libIotLibrary.a(status_leds.o)
 .comment       0x00000030       0x31 ../drivers\libIotLibrary.a(twi.o)
 .comment       0x00000030       0x31 ../drivers\libIotLibrary.a(fifo.o)
 .comment       0x00000030       0x2c c:/program files (x86)/atmel/studio/7.0/toolchain/avr8/avr8-gnu-toolchain/bin/../lib/gcc/avr/5.4.0/../../../../avr/lib/avr6\libprintf_flt.a(vfprintf_flt.o)
                                 0x2d (size before relaxing)
 .comment       0x0000005c       0x31 c:/program files (x86)/atmel/studio/7.0/toolchain/avr8/avr8-gnu-toolchain/bin/../lib/gcc/avr/5.4.0/../../../../avr/lib/avr6\libc.a(malloc.o)
 .comment       0x0000005c       0x31 c:/program files (x86)/atmel/studio/7.0/toolchain/avr8/avr8-gnu-toolchain/bin/../lib/gcc/avr/5.4.0/../../../../avr/lib/avr6\libc.a(fputc.o)
 .comment       0x0000005c       0x31 c:/program files (x86)/atmel/studio/7.0/toolchain/avr8/avr8-gnu-toolchain/bin/../lib/gcc/avr/5.4.0/../../../../avr/lib/avr6\libc.a(iob.o)
 .comment       0x0000005c       0x31 c:/program files (x86)/atmel/studio/7.0/toolchain/avr8/avr8-gnu-toolchain/bin/../lib/gcc/avr/5.4.0/../../../../avr/lib/avr6\libc.a(printf.o)
 .comment       0x0000005c       0x31 c:/program files (x86)/atmel/studio/7.0/toolchain/avr8/avr8-gnu-toolchain/bin/../lib/gcc/avr/5.4.0/../../../../avr/lib/avr6\libc.a(puts.o)
 .comment       0x0000005c       0x31 c:/program files (x86)/atmel/studio/7.0/toolchain/avr8/avr8-gnu-toolchain/bin/../lib/gcc/avr/5.4.0/../../../../avr/lib/avr6\libc.a(sprintf.o)

.note.gnu.avr.deviceinfo
                0x00000000       0x40
 .note.gnu.avr.deviceinfo
                0x00000000       0x40 C:/Program Files (x86)/Atmel/Studio/7.0/Packs/atmel/ATmega_DFP/1.7.374/gcc/dev/atmega2560/avr6/crtatmega2560.o

.note.gnu.build-id
 *(.note.gnu.build-id)

.debug
 *(.debug)

.line
 *(.line)

.debug_srcinfo
 *(.debug_srcinfo)

.debug_sfnames
 *(.debug_sfnames)

.debug_aranges  0x00000000      0x960
 *(.debug_aranges)
 .debug_aranges
                0x00000000       0x58 FreeRTOS/src/heap_4.o
 .debug_aranges
                0x00000058       0x40 FreeRTOS/src/list.o
 .debug_aranges
                0x00000098       0x58 FreeRTOS/src/port.o
 .debug_aranges
                0x000000f0       0xf8 FreeRTOS/src/queue.o
 .debug_aranges
                0x000001e8       0xc0 FreeRTOS/src/stream_buffer.o
 .debug_aranges
                0x000002a8      0x1d0 FreeRTOS/src/tasks.o
 .debug_aranges
                0x00000478       0xc8 FreeRTOS/src/timers.o
 .debug_aranges
                0x00000540       0x40 FreeRTOS/src/variantHooks.o
 .debug_aranges
                0x00000580       0x30 LoRaWANHandler.o
 .debug_aranges
                0x000005b0       0x48 main.o
 .debug_aranges
                0x000005f8       0x68 ../drivers\libIotLibrary.a(hih8120.o)
 .debug_aranges
                0x00000660      0x138 ../drivers\libIotLibrary.a(lora_driver.o)
 .debug_aranges
                0x00000798       0x28 ../drivers\libIotLibrary.a(lora_driver_utils.o)
 .debug_aranges
                0x000007c0       0x90 ../drivers\libIotLibrary.a(serial.o)
 .debug_aranges
                0x00000850       0x38 ../drivers\libIotLibrary.a(stdio_driver.o)
 .debug_aranges
                0x00000888       0x68 ../drivers\libIotLibrary.a(status_leds.o)
 .debug_aranges
                0x000008f0       0x50 ../drivers\libIotLibrary.a(twi.o)
 .debug_aranges
                0x00000940       0x20 ../drivers\libIotLibrary.a(fifo.o)

.debug_pubnames
 *(.debug_pubnames)

.debug_info     0x00000000     0xbe60
 *(.debug_info .gnu.linkonce.wi.*)
 .debug_info    0x00000000      0xbbc C:/Program Files (x86)/Atmel/Studio/7.0/Packs/atmel/ATmega_DFP/1.7.374/gcc/dev/atmega2560/avr6/crtatmega2560.o
 .debug_info    0x00000bbc      0x4e6 FreeRTOS/src/heap_4.o
 .debug_info    0x000010a2      0x2e7 FreeRTOS/src/list.o
 .debug_info    0x00001389      0x2ff FreeRTOS/src/port.o
 .debug_info    0x00001688     0x17e6 FreeRTOS/src/queue.o
 .debug_info    0x00002e6e     0x13df FreeRTOS/src/stream_buffer.o
 .debug_info    0x0000424d     0x2239 FreeRTOS/src/tasks.o
 .debug_info    0x00006486     0x10dd FreeRTOS/src/timers.o
 .debug_info    0x00007563      0x20f FreeRTOS/src/variantHooks.o
 .debug_info    0x00007772      0x77d LoRaWANHandler.o
 .debug_info    0x00007eef      0x5aa main.o
 .debug_info    0x00008499      0x3a9 ../drivers\libIotLibrary.a(hih8120.o)
 .debug_info    0x00008842     0x1747 ../drivers\libIotLibrary.a(lora_driver.o)
 .debug_info    0x00009f89      0x143 ../drivers\libIotLibrary.a(lora_driver_utils.o)
 .debug_info    0x0000a0cc      0xd9c ../drivers\libIotLibrary.a(serial.o)
 .debug_info    0x0000ae68      0x3b6 ../drivers\libIotLibrary.a(stdio_driver.o)
 .debug_info    0x0000b21e      0x522 ../drivers\libIotLibrary.a(status_leds.o)
 .debug_info    0x0000b740      0x55d ../drivers\libIotLibrary.a(twi.o)
 .debug_info    0x0000bc9d      0x1c3 ../drivers\libIotLibrary.a(fifo.o)

.debug_abbrev   0x00000000     0x2d4e
 *(.debug_abbrev)
 .debug_abbrev  0x00000000      0xb1a C:/Program Files (x86)/Atmel/Studio/7.0/Packs/atmel/ATmega_DFP/1.7.374/gcc/dev/atmega2560/avr6/crtatmega2560.o
 .debug_abbrev  0x00000b1a      0x200 FreeRTOS/src/heap_4.o
 .debug_abbrev  0x00000d1a       0xff FreeRTOS/src/list.o
 .debug_abbrev  0x00000e19      0x179 FreeRTOS/src/port.o
 .debug_abbrev  0x00000f92      0x241 FreeRTOS/src/queue.o
 .debug_abbrev  0x000011d3      0x246 FreeRTOS/src/stream_buffer.o
 .debug_abbrev  0x00001419      0x2c8 FreeRTOS/src/tasks.o
 .debug_abbrev  0x000016e1      0x28c FreeRTOS/src/timers.o
 .debug_abbrev  0x0000196d       0xff FreeRTOS/src/variantHooks.o
 .debug_abbrev  0x00001a6c      0x1b6 LoRaWANHandler.o
 .debug_abbrev  0x00001c22      0x1cf main.o
 .debug_abbrev  0x00001df1      0x184 ../drivers\libIotLibrary.a(hih8120.o)
 .debug_abbrev  0x00001f75      0x33b ../drivers\libIotLibrary.a(lora_driver.o)
 .debug_abbrev  0x000022b0       0xc0 ../drivers\libIotLibrary.a(lora_driver_utils.o)
 .debug_abbrev  0x00002370      0x355 ../drivers\libIotLibrary.a(serial.o)
 .debug_abbrev  0x000026c5      0x1b3 ../drivers\libIotLibrary.a(stdio_driver.o)
 .debug_abbrev  0x00002878      0x1d7 ../drivers\libIotLibrary.a(status_leds.o)
 .debug_abbrev  0x00002a4f      0x217 ../drivers\libIotLibrary.a(twi.o)
 .debug_abbrev  0x00002c66       0xe8 ../drivers\libIotLibrary.a(fifo.o)

.debug_line     0x00000000     0x5d55
 *(.debug_line .debug_line.* .debug_line_end)
 .debug_line    0x00000000      0x1fa C:/Program Files (x86)/Atmel/Studio/7.0/Packs/atmel/ATmega_DFP/1.7.374/gcc/dev/atmega2560/avr6/crtatmega2560.o
 .debug_line    0x000001fa      0x41f FreeRTOS/src/heap_4.o
 .debug_line    0x00000619      0x1db FreeRTOS/src/list.o
 .debug_line    0x000007f4      0x28a FreeRTOS/src/port.o
 .debug_line    0x00000a7e      0xbe3 FreeRTOS/src/queue.o
 .debug_line    0x00001661      0x79a FreeRTOS/src/stream_buffer.o
 .debug_line    0x00001dfb     0x15ba FreeRTOS/src/tasks.o
 .debug_line    0x000033b5      0x624 FreeRTOS/src/timers.o
 .debug_line    0x000039d9      0x1af FreeRTOS/src/variantHooks.o
 .debug_line    0x00003b88      0x257 LoRaWANHandler.o
 .debug_line    0x00003ddf      0x2a3 main.o
 .debug_line    0x00004082      0x24a ../drivers\libIotLibrary.a(hih8120.o)
 .debug_line    0x000042cc      0x9aa ../drivers\libIotLibrary.a(lora_driver.o)
 .debug_line    0x00004c76      0x195 ../drivers\libIotLibrary.a(lora_driver_utils.o)
 .debug_line    0x00004e0b      0x6a1 ../drivers\libIotLibrary.a(serial.o)
 .debug_line    0x000054ac      0x146 ../drivers\libIotLibrary.a(stdio_driver.o)
 .debug_line    0x000055f2      0x32c ../drivers\libIotLibrary.a(status_leds.o)
 .debug_line    0x0000591e      0x31c ../drivers\libIotLibrary.a(twi.o)
 .debug_line    0x00005c3a      0x11b ../drivers\libIotLibrary.a(fifo.o)

.debug_frame    0x00000000     0x2288
 *(.debug_frame)
 .debug_frame   0x00000000       0xfc FreeRTOS/src/heap_4.o
 .debug_frame   0x000000fc       0x90 FreeRTOS/src/list.o
 .debug_frame   0x0000018c       0x94 FreeRTOS/src/port.o
 .debug_frame   0x00000220      0x3a4 FreeRTOS/src/queue.o
 .debug_frame   0x000005c4      0x40c FreeRTOS/src/stream_buffer.o
 .debug_frame   0x000009d0      0x7a0 FreeRTOS/src/tasks.o
 .debug_frame   0x00001170      0x3ac FreeRTOS/src/timers.o
 .debug_frame   0x0000151c       0x64 FreeRTOS/src/variantHooks.o
 .debug_frame   0x00001580       0x80 LoRaWANHandler.o
 .debug_frame   0x00001600       0xcc main.o
 .debug_frame   0x000016cc       0xc0 ../drivers\libIotLibrary.a(hih8120.o)
 .debug_frame   0x0000178c      0x460 ../drivers\libIotLibrary.a(lora_driver.o)
 .debug_frame   0x00001bec       0x48 ../drivers\libIotLibrary.a(lora_driver_utils.o)
 .debug_frame   0x00001c34      0x384 ../drivers\libIotLibrary.a(serial.o)
 .debug_frame   0x00001fb8       0x94 ../drivers\libIotLibrary.a(stdio_driver.o)
 .debug_frame   0x0000204c       0xec ../drivers\libIotLibrary.a(status_leds.o)
 .debug_frame   0x00002138      0x12c ../drivers\libIotLibrary.a(twi.o)
 .debug_frame   0x00002264       0x24 ../drivers\libIotLibrary.a(fifo.o)

.debug_str      0x00000000     0x3c0a
 *(.debug_str)
 .debug_str     0x00000000      0x3e6 C:/Program Files (x86)/Atmel/Studio/7.0/Packs/atmel/ATmega_DFP/1.7.374/gcc/dev/atmega2560/avr6/crtatmega2560.o
 .debug_str     0x000003e6      0x453 FreeRTOS/src/heap_4.o
                                0x497 (size before relaxing)
 .debug_str     0x00000839      0x135 FreeRTOS/src/list.o
                                0x2d3 (size before relaxing)
 .debug_str     0x0000096e      0x16e FreeRTOS/src/port.o
                                0x308 (size before relaxing)
 .debug_str     0x00000adc      0x672 FreeRTOS/src/queue.o
                                0x947 (size before relaxing)
 .debug_str     0x0000114e      0x4ed FreeRTOS/src/stream_buffer.o
                                0x7d0 (size before relaxing)
 .debug_str     0x0000163b      0x941 FreeRTOS/src/tasks.o
                                0xf68 (size before relaxing)
 .debug_str     0x00001f7c      0x414 FreeRTOS/src/timers.o
                                0x83e (size before relaxing)
 .debug_str     0x00002390       0x81 FreeRTOS/src/variantHooks.o
                                0x27f (size before relaxing)
 .debug_str     0x00002411      0x47a LoRaWANHandler.o
                                0x682 (size before relaxing)
 .debug_str     0x0000288b      0x18d main.o
                                0x3e9 (size before relaxing)
 .debug_str     0x00002a18      0x347 ../drivers\libIotLibrary.a(hih8120.o)
                                0x45c (size before relaxing)
 .debug_str     0x00002d5f      0x6ab ../drivers\libIotLibrary.a(lora_driver.o)
                                0xcdb (size before relaxing)
 .debug_str     0x0000340a       0x54 ../drivers\libIotLibrary.a(lora_driver_utils.o)
                                0x206 (size before relaxing)
 .debug_str     0x0000345e      0x2f1 ../drivers\libIotLibrary.a(serial.o)
                                0x628 (size before relaxing)
 .debug_str     0x0000374f       0xa6 ../drivers\libIotLibrary.a(stdio_driver.o)
                                0x37d (size before relaxing)
 .debug_str     0x000037f5      0x104 ../drivers\libIotLibrary.a(status_leds.o)
                                0x381 (size before relaxing)
 .debug_str     0x000038f9      0x2ef ../drivers\libIotLibrary.a(twi.o)
                                0x5b4 (size before relaxing)
 .debug_str     0x00003be8       0x22 ../drivers\libIotLibrary.a(fifo.o)
                                0x239 (size before relaxing)

.debug_loc      0x00000000     0xaf81
 *(.debug_loc)
 .debug_loc     0x00000000      0x4be FreeRTOS/src/heap_4.o
 .debug_loc     0x000004be      0x17d FreeRTOS/src/list.o
 .debug_loc     0x0000063b       0xf6 FreeRTOS/src/port.o
 .debug_loc     0x00000731     0x1abd FreeRTOS/src/queue.o
 .debug_loc     0x000021ee     0x1daf FreeRTOS/src/stream_buffer.o
 .debug_loc     0x00003f9d     0x2a07 FreeRTOS/src/tasks.o
 .debug_loc     0x000069a4     0x10f3 FreeRTOS/src/timers.o
 .debug_loc     0x00007a97       0xdc FreeRTOS/src/variantHooks.o
 .debug_loc     0x00007b73      0x174 LoRaWANHandler.o
 .debug_loc     0x00007ce7      0x1d6 main.o
 .debug_loc     0x00007ebd       0x9f ../drivers\libIotLibrary.a(hih8120.o)
 .debug_loc     0x00007f5c     0x1216 ../drivers\libIotLibrary.a(lora_driver.o)
 .debug_loc     0x00009172      0x1d2 ../drivers\libIotLibrary.a(lora_driver_utils.o)
 .debug_loc     0x00009344     0x114c ../drivers\libIotLibrary.a(serial.o)
 .debug_loc     0x0000a490      0x18c ../drivers\libIotLibrary.a(stdio_driver.o)
 .debug_loc     0x0000a61c      0x292 ../drivers\libIotLibrary.a(status_leds.o)
 .debug_loc     0x0000a8ae      0x575 ../drivers\libIotLibrary.a(twi.o)
 .debug_loc     0x0000ae23      0x15e ../drivers\libIotLibrary.a(fifo.o)

.debug_macinfo
 *(.debug_macinfo)

.debug_weaknames
 *(.debug_weaknames)

.debug_funcnames
 *(.debug_funcnames)

.debug_typenames
 *(.debug_typenames)

.debug_varnames
 *(.debug_varnames)

.debug_pubtypes
 *(.debug_pubtypes)

.debug_ranges   0x00000000      0x8f8
 *(.debug_ranges)
 .debug_ranges  0x00000000       0x48 FreeRTOS/src/heap_4.o
 .debug_ranges  0x00000048       0x30 FreeRTOS/src/list.o
 .debug_ranges  0x00000078       0x48 FreeRTOS/src/port.o
 .debug_ranges  0x000000c0      0x130 FreeRTOS/src/queue.o
 .debug_ranges  0x000001f0       0xb0 FreeRTOS/src/stream_buffer.o
 .debug_ranges  0x000002a0      0x200 FreeRTOS/src/tasks.o
 .debug_ranges  0x000004a0       0xb8 FreeRTOS/src/timers.o
 .debug_ranges  0x00000558       0x30 FreeRTOS/src/variantHooks.o
 .debug_ranges  0x00000588       0x20 LoRaWANHandler.o
 .debug_ranges  0x000005a8       0x38 main.o
 .debug_ranges  0x000005e0       0x58 ../drivers\libIotLibrary.a(hih8120.o)
 .debug_ranges  0x00000638      0x128 ../drivers\libIotLibrary.a(lora_driver.o)
 .debug_ranges  0x00000760       0x30 ../drivers\libIotLibrary.a(lora_driver_utils.o)
 .debug_ranges  0x00000790       0x98 ../drivers\libIotLibrary.a(serial.o)
 .debug_ranges  0x00000828       0x28 ../drivers\libIotLibrary.a(stdio_driver.o)
 .debug_ranges  0x00000850       0x58 ../drivers\libIotLibrary.a(status_leds.o)
 .debug_ranges  0x000008a8       0x40 ../drivers\libIotLibrary.a(twi.o)
 .debug_ranges  0x000008e8       0x10 ../drivers\libIotLibrary.a(fifo.o)

.debug_macro
 *(.debug_macro)
OUTPUT(SEP4_Greenhouse.elf elf32-avr)
LOAD linker stubs
