Archive member included to satisfy reference by file (symbol)

../drivers\libIotLibrary.a(hih8120.o)
                              Sensors/TempHumSensor.o (hih8120_initialise)
../drivers\libIotLibrary.a(lora_driver.o)
                              UplinkHandlerImpl.o (lora_driver_flushBuffers)
../drivers\libIotLibrary.a(lora_driver_utils.o)
                              ../drivers\libIotLibrary.a(lora_driver.o) (decode_port_no)
../drivers\libIotLibrary.a(mh_z19.o)
                              Sensors/CO2Sensor.o (mh_z19_initialise)
../drivers\libIotLibrary.a(rc_servo.o)
                              ServoControllerImpl.o (rc_servo_setPosition)
../drivers\libIotLibrary.a(serial.o)
                              ../drivers\libIotLibrary.a(lora_driver.o) (serial_create)
../drivers\libIotLibrary.a(stdio_driver.o)
                              main.o (stdio_initialise)
../drivers\libIotLibrary.a(status_leds.o)
                              main.o (status_leds_initialise)
../drivers\libIotLibrary.a(twi.o)
                              ../drivers\libIotLibrary.a(hih8120.o) (twiCreate)
../drivers\libIotLibrary.a(fifo.o)
                              ../drivers\libIotLibrary.a(serial.o) (fifo_init)
c:/program files (x86)/atmel/studio/7.0/toolchain/avr8/avr8-gnu-toolchain/bin/../lib/gcc/avr/5.4.0/../../../../avr/lib/avr6\libprintf_flt.a(vfprintf_flt.o)
                              (vfprintf)
c:/program files (x86)/atmel/studio/7.0/toolchain/avr8/avr8-gnu-toolchain/bin/../lib/gcc/avr/5.4.0/../../../../avr/lib/avr6\libm.a(addsf3.o)
                              ../drivers\libIotLibrary.a(hih8120.o) (__subsf3)
c:/program files (x86)/atmel/studio/7.0/toolchain/avr8/avr8-gnu-toolchain/bin/../lib/gcc/avr/5.4.0/../../../../avr/lib/avr6\libm.a(addsf3x.o)
                              c:/program files (x86)/atmel/studio/7.0/toolchain/avr8/avr8-gnu-toolchain/bin/../lib/gcc/avr/5.4.0/../../../../avr/lib/avr6\libm.a(addsf3.o) (__addsf3x)
c:/program files (x86)/atmel/studio/7.0/toolchain/avr8/avr8-gnu-toolchain/bin/../lib/gcc/avr/5.4.0/../../../../avr/lib/avr6\libm.a(divsf3.o)
                              ../drivers\libIotLibrary.a(hih8120.o) (__divsf3)
c:/program files (x86)/atmel/studio/7.0/toolchain/avr8/avr8-gnu-toolchain/bin/../lib/gcc/avr/5.4.0/../../../../avr/lib/avr6\libm.a(divsf3x.o)
                              c:/program files (x86)/atmel/studio/7.0/toolchain/avr8/avr8-gnu-toolchain/bin/../lib/gcc/avr/5.4.0/../../../../avr/lib/avr6\libm.a(divsf3.o) (__divsf3x)
c:/program files (x86)/atmel/studio/7.0/toolchain/avr8/avr8-gnu-toolchain/bin/../lib/gcc/avr/5.4.0/../../../../avr/lib/avr6\libm.a(fixsfsi.o)
                              ../drivers\libIotLibrary.a(hih8120.o) (__fixsfsi)
c:/program files (x86)/atmel/studio/7.0/toolchain/avr8/avr8-gnu-toolchain/bin/../lib/gcc/avr/5.4.0/../../../../avr/lib/avr6\libm.a(fixunssfsi.o)
                              ../drivers\libIotLibrary.a(hih8120.o) (__fixunssfsi)
c:/program files (x86)/atmel/studio/7.0/toolchain/avr8/avr8-gnu-toolchain/bin/../lib/gcc/avr/5.4.0/../../../../avr/lib/avr6\libm.a(floatsisf.o)
                              ../drivers\libIotLibrary.a(hih8120.o) (__floatunsisf)
c:/program files (x86)/atmel/studio/7.0/toolchain/avr8/avr8-gnu-toolchain/bin/../lib/gcc/avr/5.4.0/../../../../avr/lib/avr6\libm.a(fp_inf.o)
                              c:/program files (x86)/atmel/studio/7.0/toolchain/avr8/avr8-gnu-toolchain/bin/../lib/gcc/avr/5.4.0/../../../../avr/lib/avr6\libm.a(addsf3x.o) (__fp_inf)
c:/program files (x86)/atmel/studio/7.0/toolchain/avr8/avr8-gnu-toolchain/bin/../lib/gcc/avr/5.4.0/../../../../avr/lib/avr6\libm.a(fp_nan.o)
                              c:/program files (x86)/atmel/studio/7.0/toolchain/avr8/avr8-gnu-toolchain/bin/../lib/gcc/avr/5.4.0/../../../../avr/lib/avr6\libm.a(addsf3x.o) (__fp_nan)
c:/program files (x86)/atmel/studio/7.0/toolchain/avr8/avr8-gnu-toolchain/bin/../lib/gcc/avr/5.4.0/../../../../avr/lib/avr6\libm.a(fp_pscA.o)
                              c:/program files (x86)/atmel/studio/7.0/toolchain/avr8/avr8-gnu-toolchain/bin/../lib/gcc/avr/5.4.0/../../../../avr/lib/avr6\libm.a(addsf3x.o) (__fp_pscA)
c:/program files (x86)/atmel/studio/7.0/toolchain/avr8/avr8-gnu-toolchain/bin/../lib/gcc/avr/5.4.0/../../../../avr/lib/avr6\libm.a(fp_pscB.o)
                              c:/program files (x86)/atmel/studio/7.0/toolchain/avr8/avr8-gnu-toolchain/bin/../lib/gcc/avr/5.4.0/../../../../avr/lib/avr6\libm.a(addsf3x.o) (__fp_pscB)
c:/program files (x86)/atmel/studio/7.0/toolchain/avr8/avr8-gnu-toolchain/bin/../lib/gcc/avr/5.4.0/../../../../avr/lib/avr6\libm.a(fp_round.o)
                              c:/program files (x86)/atmel/studio/7.0/toolchain/avr8/avr8-gnu-toolchain/bin/../lib/gcc/avr/5.4.0/../../../../avr/lib/avr6\libm.a(addsf3.o) (__fp_round)
c:/program files (x86)/atmel/studio/7.0/toolchain/avr8/avr8-gnu-toolchain/bin/../lib/gcc/avr/5.4.0/../../../../avr/lib/avr6\libm.a(fp_split3.o)
[...]
Memory Configuration

Name             Origin             Length             Attributes
text             0x00000000         0x00040000         xr
data             0x00800200         0x00002000         rw !x
eeprom           0x00810000         0x00001000         rw !x
fuse             0x00820000         0x00000003         rw !x
lock             0x00830000         0x00000400         rw !x
signature        0x00840000         0x00000400         rw !x
user_signatures  0x00850000         0x00000400         rw !x
*default*        0x00000000         0xffffffff

Linker script and memory map

Address of section .data set to 0x800200
LOAD C:/Program Files (x86)/Atmel/Studio/7.0/Packs/atmel/ATmega_DFP/1.7.374/gcc/dev/atmega2560/avr6/crtatmega2560.o
LOAD ApplicationImpl.o
LOAD ConfigurationImpl.o
LOAD DownlinkHandlerImpl.o
LOAD FanControllerImpl.o
LOAD FreeRTOS/FreeRTOSTraceDriver/FreeRTOSTraceDriver.o
LOAD FreeRTOS/src/croutine.o
LOAD FreeRTOS/src/event_groups.o
LOAD FreeRTOS/src/heap_4.o
LOAD FreeRTOS/src/list.o
LOAD FreeRTOS/src/port.o
LOAD FreeRTOS/src/queue.o
LOAD FreeRTOS/src/stream_buffer.o
LOAD FreeRTOS/src/tasks.o
LOAD FreeRTOS/src/timers.o
LOAD FreeRTOS/src/variantHooks.o
LOAD PackageHandlerImpl.o
LOAD Sensors/CO2Sensor.o
LOAD Sensors/TempHumSensor.o
LOAD InitializeImpl.o
LOAD ServoControllerImpl.o
LOAD UplinkHandlerImpl.o
LOAD main.o
START GROUP
LOAD c:/program files (x86)/atmel/studio/7.0/toolchain/avr8/avr8-gnu-toolchain/bin/../lib/gcc/avr/5.4.0/../../../../avr/lib/avr6\libm.a
LOAD ../drivers\libIotLibrary.a
LOAD c:/program files (x86)/atmel/studio/7.0/toolchain/avr8/avr8-gnu-toolchain/bin/../lib/gcc/avr/5.4.0/../../../../avr/lib/avr6\libprintf_flt.a
END GROUP
LOAD c:/program files (x86)/atmel/studio/7.0/toolchain/avr8/avr8-gnu-toolchain/bin/../lib/gcc/avr/5.4.0/avr6\libgcc.a
LOAD c:/program files (x86)/atmel/studio/7.0/toolchain/avr8/avr8-gnu-toolchain/bin/../lib/gcc/avr/5.4.0/../../../../avr/lib/avr6\libm.a
START GROUP
LOAD c:/program files (x86)/atmel/studio/7.0/toolchain/avr8/avr8-gnu-toolchain/bin/../lib/gcc/avr/5.4.0/avr6\libgcc.a
LOAD c:/program files (x86)/atmel/studio/7.0/toolchain/avr8/avr8-gnu-toolchain/bin/../lib/gcc/avr/5.4.0/../../../../avr/lib/avr6\libm.a
LOAD c:/program files (x86)/atmel/studio/7.0/toolchain/avr8/avr8-gnu-toolchain/bin/../lib/gcc/avr/5.4.0/../../../../avr/lib/avr6\libc.a
LOAD C:/Program Files (x86)/Atmel/Studio/7.0/Packs/atmel/ATmega_DFP/1.7.374/gcc/dev/atmega2560/avr6\libatmega2560.a
END GROUP
                0x00000000                __TEXT_REGION_ORIGIN__ = DEFINED (__TEXT_REGION_ORIGIN__)?__TEXT_REGION_ORIGIN__:0x0
                [0x00800200]                __DATA_REGION_ORIGIN__ = DEFINED (__DATA_REGION_ORIGIN__)?__DATA_REGION_ORIGIN__:0x800200
                [0x00040000]                __TEXT_REGION_LENGTH__ = DEFINED (__TEXT_REGION_LENGTH__)?__TEXT_REGION_LENGTH__:0x100000
                [0x00002000]                __DATA_REGION_LENGTH__ = DEFINED (__DATA_REGION_LENGTH__)?__DATA_REGION_LENGTH__:0xfe00
                [0x00001000]                __EEPROM_REGION_LENGTH__ = DEFINED (__EEPROM_REGION_LENGTH__)?__EEPROM_REGION_LENGTH__:0x10000
                [0x00000003]                __FUSE_REGION_LENGTH__ = DEFINED (__FUSE_REGION_LENGTH__)?__FUSE_REGION_LENGTH__:0x400
                0x00000400                __LOCK_REGION_LENGTH__ = DEFINED (__LOCK_REGION_LENGTH__)?__LOCK_REGION_LENGTH__:0x400
                0x00000400                __SIGNATURE_REGION_LENGTH__ = DEFINED (__SIGNATURE_REGION_LENGTH__)?__SIGNATURE_REGION_LENGTH__:0x400
                0x00000400                __USER_SIGNATURE_REGION_LENGTH__ = DEFINED (__USER_SIGNATURE_REGION_LENGTH__)?__USER_SIGNATURE_REGION_LENGTH__:0x400

.hash
 *(.hash)

.dynsym
 *(.dynsym)

.dynstr
 *(.dynstr)

.gnu.version
 *(.gnu.version)

.gnu.version_d
 *(.gnu.version_d)

.gnu.version_r
 *(.gnu.version_r)

.rel.init
 *(.rel.init)

.rela.init
 *(.rela.init)

.rel.text
 *(.rel.text)
 *(.rel.text.*)
 *(.rel.gnu.linkonce.t*)

.rela.text
 *(.rela.text)
 *(.rela.text.*)
 *(.rela.gnu.linkonce.t*)

.rel.fini
 *(.rel.fini)

.rela.fini
 *(.rela.fini)

.rel.rodata
 *(.rel.rodata)
 *(.rel.rodata.*)
 *(.rel.gnu.linkonce.r*)

.rela.rodata
 *(.rela.rodata)
 *(.rela.rodata.*)
 *(.rela.gnu.linkonce.r*)

.rel.data
 *(.rel.data)
 *(.rel.data.*)
 *(.rel.gnu.linkonce.d*)

.rela.data
 *(.rela.data)
 *(.rela.data.*)
 *(.rela.gnu.linkonce.d*)

.rel.ctors
 *(.rel.ctors)

.rela.ctors
 *(.rela.ctors)

.rel.dtors
 *(.rel.dtors)

.rela.dtors
 *(.rela.dtors)

.rel.got
 *(.rel.got)

.rela.got
 *(.rela.got)

.rel.bss
 *(.rel.bss)

.rela.bss
 *(.rela.bss)

.rel.plt
 *(.rel.plt)

.rela.plt
 *(.rela.plt)

.text           0x00000000     0x7038
 *(.vectors)
 .vectors       0x00000000       0xe4 C:/Program Files (x86)/Atmel/Studio/7.0/Packs/atmel/ATmega_DFP/1.7.374/gcc/dev/atmega2560/avr6/crtatmega2560.o
                0x00000000                __vector_default
                0x00000000                __vectors
 *(.vectors)
 *(.progmem.gcc*)
 .progmem.gcc_sw_table.prvProcessReceivedCommands
                0x000000e4       0x14 FreeRTOS/src/timers.o
 .progmem.gcc_sw_table.__vector_39
                0x000000f8       0xa2 ../drivers\libIotLibrary.a(twi.o)
                0x0000019a                . = ALIGN (0x2)
                0x0000019a                __trampolines_start = .
 *(.trampolines)
 .trampolines   0x0000019a        0x0 linker stubs
 *(.trampolines*)
                0x0000019a                __trampolines_end = .
 *libprintf_flt.a:*(.progmem.data)
 .progmem.data  0x0000019a        0x8 c:/program files (x86)/atmel/studio/7.0/toolchain/avr8/avr8-gnu-toolchain/bin/../lib/gcc/avr/5.4.0/../../../../avr/lib/avr6\libprintf_flt.a(vfprintf_flt.o)
 *libc.a:*(.progmem.data)
 .progmem.data  0x000001a2       0xfa c:/program files (x86)/atmel/studio/7.0/toolchain/avr8/avr8-gnu-toolchain/bin/../lib/gcc/avr/5.4.0/../../../../avr/lib/avr6\libc.a(ftoa_engine.o)
 *(.progmem*)
                0x0000029c                . = ALIGN (0x2)
 *(.jumptables)
 *(.jumptables*)
 *(.lowtext)
 .lowtext       0x0000029c       0x14 FreeRTOS/src/tasks.o
 .lowtext       0x000002b0       0x1e FreeRTOS/src/timers.o
 *(.lowtext*)
                0x000002ce                __ctors_start = .
 *(.ctors)
                0x000002ce                __ctors_end = .
                0x000002ce                __dtors_start = .
 *(.dtors)
                0x000002ce                __dtors_end = .
 SORT(*)(.ctors)
 SORT(*)(.dtors)
 *(.init0)
 .init0         0x000002ce        0x0 C:/Program Files (x86)/Atmel/Studio/7.0/Packs/atmel/ATmega_DFP/1.7.374/gcc/dev/atmega2560/avr6/crtatmega2560.o
                0x000002ce                __init
 *(.init0)
 *(.init1)
 *(.init1)
 *(.init2)
 .init2         0x000002ce       0x10 C:/Program Files (x86)/Atmel/Studio/7.0/Packs/atmel/ATmega_DFP/1.7.374/gcc/dev/atmega2560/avr6/crtatmega2560.o
 *(.init2)
 *(.init3)
 *(.init3)
 *(.init4)
 .init4         0x000002de       0x1a c:/program files (x86)/atmel/studio/7.0/toolchain/avr8/avr8-gnu-toolchain/bin/../lib/gcc/avr/5.4.0/avr6\libgcc.a(_copy_data.o)
                0x000002de                __do_copy_data
 .init4         0x000002f8       0x10 c:/program files (x86)/atmel/studio/7.0/toolchain/avr8/avr8-gnu-toolchain/bin/../lib/gcc/avr/5.4.0/avr6\libgcc.a(_clear_bss.o)
                0x000002f8                __do_clear_bss
 *(.init4)
 *(.init5)
 *(.init5)
 *(.init6)
 *(.init6)
 *(.init7)
 *(.init7)
 *(.init8)
 *(.init8)
 *(.init9)
 .init9         0x00000308        0x8 C:/Program Files (x86)/Atmel/Studio/7.0/Packs/atmel/ATmega_DFP/1.7.374/gcc/dev/atmega2560/avr6/crtatmega2560.o
 *(.init9)
 *(.text)
 .text          0x00000310        0x2 C:/Program Files (x86)/Atmel/Studio/7.0/Packs/atmel/ATmega_DFP/1.7.374/gcc/dev/atmega2560/avr6/crtatmega2560.o
                0x00000310                __vector_38
                0x00000310                __vector_22
                0x00000310                __vector_28
                0x00000310                __vector_1
                0x00000310                __vector_32
                0x00000310                __vector_34
                0x00000310                __vector_24
                0x00000310                __vector_46
                0x00000310                __bad_interrupt
                0x00000310                __vector_6
                0x00000310                __vector_31
                0x00000310                __vector_35
                0x00000310                __vector_3
                0x00000310                __vector_23
                0x00000310                __vector_30
                0x00000310                __vector_45
                0x00000310                __vector_11
                0x00000310                __vector_13
                0x00000310                __vector_17
                0x00000310                __vector_19
                0x00000310                __vector_56
                0x00000310                __vector_7
                0x00000310                __vector_49
                0x00000310                __vector_41
                0x00000310                __vector_43
                0x00000310                __vector_27
                0x00000310                __vector_5
                0x00000310                __vector_33
                0x00000310                __vector_47
                0x00000310                __vector_4
                0x00000310                __vector_44
                0x00000310                __vector_9
                0x00000310                __vector_2
                0x00000310                __vector_21
                0x00000310                __vector_15
                0x00000310                __vector_29
                0x00000310                __vector_40
                0x00000310                __vector_8
                0x00000310                __vector_48
                0x00000310                __vector_14
                0x00000310                __vector_53
                0x00000310                __vector_10
                0x00000310                __vector_50
                0x00000310                __vector_16
                0x00000310                __vector_18
                0x00000310                __vector_20
                0x00000310                __vector_42
                0x00000312                . = ALIGN (0x2)
 *(.text.*)
 .text.main_application_task
                0x00000312      0x110 ApplicationImpl.o
                0x00000312                main_application_task
 .text.create_main_application_task
                0x00000422       0x28 ApplicationImpl.o
                0x00000422                create_main_application_task
 .text.set_system_status
                0x0000044a       0x1c ConfigurationImpl.o
                0x0000044a                set_system_status
 .text.get_system_status
                0x00000466        0x6 ConfigurationImpl.o
                0x00000466                get_system_status
 .text.get_max_temperature
                0x0000046c        0xa ConfigurationImpl.o
                0x0000046c                get_max_temperature
 .text.set_max_temperature
                0x00000476        0xa ConfigurationImpl.o
                0x00000476                set_max_temperature
 .text.set_max_humidity
                0x00000480        0xa ConfigurationImpl.o
                0x00000480                set_max_humidity
 .text.set_max_co2
                0x0000048a        0xa ConfigurationImpl.o
                0x0000048a                set_max_co2
 .text.setConfiguration
                0x00000494       0xe2 ConfigurationImpl.o
                0x00000494                setConfiguration
 .text.lora_downlink_handler_task
                0x00000576       0xb8 DownlinkHandlerImpl.o
                0x00000576                lora_downlink_handler_task
 .text.create_lora_downlink_handler_task
                0x0000062e       0x28 DownlinkHandlerImpl.o
                0x0000062e                create_lora_downlink_handler_task
 .text.fan_controller_task
                0x00000656      0x114 FanControllerImpl.o
                0x00000656                fan_controller_task
 .text.create_fan_controller_task
                0x0000076a       0x2e FanControllerImpl.o
                0x0000076a                create_fan_controller_task
 .text.prvTestWaitCondition
                0x00000798       0x42 FreeRTOS/src/event_groups.o
 .text.xEventGroupCreate
                0x000007da       0x26 FreeRTOS/src/event_groups.o
                0x000007da                xEventGroupCreate
 .text.xEventGroupWaitBits
                0x00000800      0x140 FreeRTOS/src/event_groups.o
                0x00000800                xEventGroupWaitBits
 .text.xEventGroupSetBits
                0x00000940      0x11c FreeRTOS/src/event_groups.o
                0x00000940                xEventGroupSetBits
 .text.prvHeapInit
                0x00000a5c       0x52 FreeRTOS/src/heap_4.o
 .text.prvInsertBlockIntoFreeList
                0x00000aae       0x94 FreeRTOS/src/heap_4.o
 .text.pvPortMalloc
                0x00000b42      0x152 FreeRTOS/src/heap_4.o
                0x00000b42                pvPortMalloc
 .text.vPortFree
                0x00000c94       0x7a FreeRTOS/src/heap_4.o
                0x00000c94                vPortFree
 .text.vListInitialise
                0x00000d0e       0x22 FreeRTOS/src/list.o
                0x00000d0e                vListInitialise
 .text.vListInitialiseItem
                0x00000d30        0x8 FreeRTOS/src/list.o
                0x00000d30                vListInitialiseItem
 .text.vListInsert
                0x00000d38       0x7a FreeRTOS/src/list.o
                0x00000d38                vListInsert
 .text.uxListRemove
                0x00000db2       0x4e FreeRTOS/src/list.o
                0x00000db2                uxListRemove
 .text.prvSetupTimerInterrupt
                0x00000e00       0x18 FreeRTOS/src/port.o
 .text.pxPortInitialiseStack
                0x00000e18       0x2e FreeRTOS/src/port.o
                0x00000e18                pxPortInitialiseStack
 .text.xPortStartScheduler
                0x00000e46       0x64 FreeRTOS/src/port.o
                0x00000e46                xPortStartScheduler
 .text.vPortYield
                0x00000eaa       0xc2 FreeRTOS/src/port.o
                0x00000eaa                vPortYield
 .text.vPortYieldFromTick
                0x00000f6c       0xca FreeRTOS/src/port.o
                0x00000f6c                vPortYieldFromTick
 .text.__vector_12
                0x00001036        0x4 FreeRTOS/src/port.o
                0x00001036                __vector_12
 .text.prvGetDisinheritPriorityAfterTimeout
                0x0000103a       0x20 FreeRTOS/src/queue.o
 .text.prvIsQueueEmpty
                0x0000105a       0x1a FreeRTOS/src/queue.o
 .text.prvIsQueueFull
                0x00001074       0x1c FreeRTOS/src/queue.o
 .text.prvCopyDataToQueue
                0x00001090       0xbe FreeRTOS/src/queue.o
 .text.prvCopyDataFromQueue
                0x0000114e       0x34 FreeRTOS/src/queue.o
 .text.prvUnlockQueue
                0x00001182       0x68 FreeRTOS/src/queue.o
 .text.xQueueGenericReset
                0x000011ea       0x86 FreeRTOS/src/queue.o
                0x000011ea                xQueueGenericReset
 .text.prvInitialiseNewQueue
                0x00001270       0x24 FreeRTOS/src/queue.o
 .text.xQueueGenericCreate
                0x00001294       0x46 FreeRTOS/src/queue.o
                0x00001294                xQueueGenericCreate
 .text.xQueueGenericSend
                0x000012da      0x124 FreeRTOS/src/queue.o
                0x000012da                xQueueGenericSend
 .text.prvInitialiseMutex
                0x000013fe       0x24 FreeRTOS/src/queue.o
 .text.xQueueCreateMutex
                0x00001422       0x18 FreeRTOS/src/queue.o
                0x00001422                xQueueCreateMutex
 .text.xQueueGenericSendFromISR
                0x0000143a       0x76 FreeRTOS/src/queue.o
                0x0000143a                xQueueGenericSendFromISR
 .text.xQueueReceive
                0x000014b0      0x11e FreeRTOS/src/queue.o
                0x000014b0                xQueueReceive
 .text.xQueueSemaphoreTake
                0x000015ce      0x162 FreeRTOS/src/queue.o
                0x000015ce                xQueueSemaphoreTake
 .text.vQueueWaitForMessageRestricted
                0x00001730       0x38 FreeRTOS/src/queue.o
                0x00001730                vQueueWaitForMessageRestricted
 .text.prvBytesInBuffer
                0x00001768       0x26 FreeRTOS/src/stream_buffer.o
 .text.prvInitialiseNewStreamBuffer
                0x0000178e       0x20 FreeRTOS/src/stream_buffer.o
 .text.prvWriteBytesToBuffer
                0x000017ae       0x92 FreeRTOS/src/stream_buffer.o
 .text.prvWriteMessageToBuffer
                0x00001840       0x86 FreeRTOS/src/stream_buffer.o
 .text.prvReadBytesFromBuffer
                0x000018c6       0x9e FreeRTOS/src/stream_buffer.o
 .text.prvReadMessageFromBuffer
                0x00001964       0x8a FreeRTOS/src/stream_buffer.o
 .text.xStreamBufferGenericCreate
                0x000019ee       0x64 FreeRTOS/src/stream_buffer.o
                0x000019ee                xStreamBufferGenericCreate
 .text.xStreamBufferReset
                0x00001a52       0x3c FreeRTOS/src/stream_buffer.o
                0x00001a52                xStreamBufferReset
 .text.xStreamBufferSpacesAvailable
                0x00001a8e       0x24 FreeRTOS/src/stream_buffer.o
                0x00001a8e                xStreamBufferSpacesAvailable
 .text.xStreamBufferSend
                0x00001ab2      0x18a FreeRTOS/src/stream_buffer.o
                0x00001ab2                xStreamBufferSend
 .text.xStreamBufferSendFromISR
                0x00001c3c       0x88 FreeRTOS/src/stream_buffer.o
                0x00001c3c                xStreamBufferSendFromISR
 .text.xStreamBufferReceive
                0x00001cc4      0x106 FreeRTOS/src/stream_buffer.o
                0x00001cc4                xStreamBufferReceive
 .text.prvResetNextTaskUnblockTime
                0x00001dca       0x4e FreeRTOS/src/tasks.o
 .text.prvDeleteTCB
                0x00001e18       0x1a FreeRTOS/src/tasks.o
 .text.prvInitialiseNewTask
                0x00001e32       0xfc FreeRTOS/src/tasks.o
 .text.prvInitialiseTaskLists
                0x00001f2e       0x60 FreeRTOS/src/tasks.o
 .text.prvAddNewTaskToReadyList
                0x00001f8e       0xde FreeRTOS/src/tasks.o
 .text.prvCheckTasksWaitingTermination
                0x0000206c       0x4a FreeRTOS/src/tasks.o
 .text.prvAddCurrentTaskToDelayedList
                0x000020b6      0x144 FreeRTOS/src/tasks.o
 .text.xTaskCreate
                0x000021fa       0x98 FreeRTOS/src/tasks.o
                0x000021fa                xTaskCreate
 .text.vTaskStartScheduler
                0x00002292       0x70 FreeRTOS/src/tasks.o
                0x00002292                vTaskStartScheduler
 .text.vTaskSuspendAll
                0x00002302        0xc FreeRTOS/src/tasks.o
                0x00002302                vTaskSuspendAll
 .text.xTaskGetTickCount
                0x0000230e       0x1c FreeRTOS/src/tasks.o
                0x0000230e                xTaskGetTickCount
 .text.xTaskIncrementTick
                0x0000232a      0x258 FreeRTOS/src/tasks.o
                0x0000232a                xTaskIncrementTick
 .text.xTaskResumeAll
                0x00002582      0x1b8 FreeRTOS/src/tasks.o
                0x00002582                xTaskResumeAll
 .text.xTaskDelayUntil
                0x0000273a       0xca FreeRTOS/src/tasks.o
                0x0000273a                xTaskDelayUntil
 .text.vTaskDelay
                0x00002804       0x36 FreeRTOS/src/tasks.o
                0x00002804                vTaskDelay
 .text.vTaskSwitchContext
                0x0000283a       0xca FreeRTOS/src/tasks.o
                0x0000283a                vTaskSwitchContext
 .text.vTaskPlaceOnEventList
                0x00002904       0x2e FreeRTOS/src/tasks.o
                0x00002904                vTaskPlaceOnEventList
 .text.vTaskPlaceOnUnorderedEventList
                0x00002932       0x94 FreeRTOS/src/tasks.o
                0x00002932                vTaskPlaceOnUnorderedEventList
 .text.vTaskPlaceOnEventListRestricted
                0x000029c6       0x84 FreeRTOS/src/tasks.o
                0x000029c6                vTaskPlaceOnEventListRestricted
 .text.xTaskRemoveFromEventList
                0x00002a4a      0x15e FreeRTOS/src/tasks.o
                0x00002a4a                xTaskRemoveFromEventList
 .text.vTaskRemoveFromUnorderedEventList
                0x00002ba8      0x134 FreeRTOS/src/tasks.o
                0x00002ba8                vTaskRemoveFromUnorderedEventList
 .text.vTaskSetTimeOutState
                0x00002cdc       0x2c FreeRTOS/src/tasks.o
                0x00002cdc                vTaskSetTimeOutState
 .text.vTaskInternalSetTimeOutState
                0x00002d08       0x22 FreeRTOS/src/tasks.o
                0x00002d08                vTaskInternalSetTimeOutState
 .text.xTaskCheckForTimeOut
                0x00002d2a       0xcc FreeRTOS/src/tasks.o
                0x00002d2a                xTaskCheckForTimeOut
 .text.vTaskMissedYield
                0x00002df6        0x8 FreeRTOS/src/tasks.o
                0x00002df6                vTaskMissedYield
 .text.xTaskGetCurrentTaskHandle
                0x00002dfe        0xa FreeRTOS/src/tasks.o
                0x00002dfe                xTaskGetCurrentTaskHandle
 .text.xTaskGetSchedulerState
                0x00002e08       0x1c FreeRTOS/src/tasks.o
                0x00002e08                xTaskGetSchedulerState
 .text.xTaskPriorityInherit
                0x00002e24      0x10e FreeRTOS/src/tasks.o
                0x00002e24                xTaskPriorityInherit
 .text.xTaskPriorityDisinherit
                0x00002f32       0xb6 FreeRTOS/src/tasks.o
                0x00002f32                xTaskPriorityDisinherit
 .text.vTaskPriorityDisinheritAfterTimeout
                0x00002fe8       0xce FreeRTOS/src/tasks.o
                0x00002fe8                vTaskPriorityDisinheritAfterTimeout
 .text.uxTaskResetEventItemValue
                0x000030b6       0x54 FreeRTOS/src/tasks.o
                0x000030b6                uxTaskResetEventItemValue
 .text.pvTaskIncrementMutexHeldCount
                0x0000310a       0x24 FreeRTOS/src/tasks.o
                0x0000310a                pvTaskIncrementMutexHeldCount
 .text.xTaskGenericNotifyWait
                0x0000312e      0x150 FreeRTOS/src/tasks.o
                0x0000312e                xTaskGenericNotifyWait
 .text.xTaskGenericNotify
                0x0000327e      0x1ee FreeRTOS/src/tasks.o
                0x0000327e                xTaskGenericNotify
 .text.xTaskGenericNotifyFromISR
                0x0000346c      0x244 FreeRTOS/src/tasks.o
                0x0000346c                xTaskGenericNotifyFromISR
 .text.xTaskGenericNotifyStateClear
                0x000036b0       0x34 FreeRTOS/src/tasks.o
                0x000036b0                xTaskGenericNotifyStateClear
 .text.prvGetNextExpireTime
                0x000036e4       0x30 FreeRTOS/src/timers.o
 .text.prvInsertTimerInActiveList
                0x00003714       0x92 FreeRTOS/src/timers.o
 .text.prvCheckForValidListAndQueue
                0x000037a6       0x52 FreeRTOS/src/timers.o
 .text.xTimerCreateTimerTask
                0x000037f8       0x42 FreeRTOS/src/timers.o
                0x000037f8                xTimerCreateTimerTask
 .text.xTimerGenericCommand
                0x0000383a       0xbc FreeRTOS/src/timers.o
                0x0000383a                xTimerGenericCommand
 .text.prvSwitchTimerLists
                0x000038f6       0xd0 FreeRTOS/src/timers.o
 .text.prvSampleTimeNow
                0x000039c6       0x5c FreeRTOS/src/timers.o
 .text.prvProcessExpiredTimer
                0x00003a22       0xac FreeRTOS/src/timers.o
 .text.prvProcessTimerOrBlockTask
                0x00003ace       0xae FreeRTOS/src/timers.o
 .text.prvProcessReceivedCommands
                0x00003b7c      0x168 FreeRTOS/src/timers.o
 .text.vApplicationIdleHook
                0x00003ce4        0x2 FreeRTOS/src/variantHooks.o
                0x00003ce4                vApplicationIdleHook
 .text.prvSetMainLedOn
                0x00003ce6        0xe FreeRTOS/src/variantHooks.o
                0x00003ce6                prvSetMainLedOn
 .text.prvBlinkMainLed
                0x00003cf4        0x8 FreeRTOS/src/variantHooks.o
                0x00003cf4                prvBlinkMainLed
 .text.vApplicationMallocFailedHook
                0x00003cfc       0x18 FreeRTOS/src/variantHooks.o
                0x00003cfc                vApplicationMallocFailedHook
 .text.vApplicationStackOverflowHook
                0x00003d14       0x18 FreeRTOS/src/variantHooks.o
                0x00003d14                vApplicationStackOverflowHook
 .text.set_temperature_percent
                0x00003d2c        0xa PackageHandlerImpl.o
                0x00003d2c                set_temperature_percent
 .text.set_humidity_percent
                0x00003d36        0xa PackageHandlerImpl.o
                0x00003d36                set_humidity_percent
 .text.set_CO2_ppm
                0x00003d40        0xa PackageHandlerImpl.o
                0x00003d40                set_CO2_ppm
 .text.set_status
                0x00003d4a        0x6 PackageHandlerImpl.o
                0x00003d4a                set_status
 .text.get_lora_package
                0x00003d50       0x36 PackageHandlerImpl.o
                0x00003d50                get_lora_package
 .text.myCo2CallBack
                0x00003d86        0xa Sensors/CO2Sensor.o
                0x00003d86                myCo2CallBack
 .text.CO2_createSensor
                0x00003d90       0x10 Sensors/CO2Sensor.o
                0x00003d90                CO2_createSensor
 .text.CO2_measure
                0x00003da0       0x30 Sensors/CO2Sensor.o
                0x00003da0                CO2_measure
 .text.MeasureCo2Task
                0x00003dd0       0x3c Sensors/CO2Sensor.o
                0x00003dd0                MeasureCo2Task
 .text.CO2_getPPM
                0x00003e0c        0xa Sensors/CO2Sensor.o
                0x00003e0c                CO2_getPPM
 .text.create_CO2_sensor_task
                0x00003e16       0x2a Sensors/CO2Sensor.o
                0x00003e16                create_CO2_sensor_task
 .text.initialise_TempHumSensor
                0x00003e40       0x18 Sensors/TempHumSensor.o
                0x00003e40                initialise_TempHumSensor
 .text.create_TempHum_sensor_task
                0x00003e58       0x2a Sensors/TempHumSensor.o
                0x00003e58                create_TempHum_sensor_task
 .text.tempHumSensor_printReturnCode
                0x00003e82       0x1e Sensors/TempHumSensor.o
                0x00003e82                tempHumSensor_printReturnCode
 .text.measure_Temp_Hum
                0x00003ea0       0x42 Sensors/TempHumSensor.o
                0x00003ea0                measure_Temp_Hum
 .text.Temp_Hum_Main_Task
                0x00003ee2       0x3c Sensors/TempHumSensor.o
                0x00003ee2                Temp_Hum_Main_Task
 .text.TempHumSensor_getTemp
                0x00003f1e        0xa Sensors/TempHumSensor.o
                0x00003f1e                TempHumSensor_getTemp
 .text.TempHumSensor_getHum
                0x00003f28        0xa Sensors/TempHumSensor.o
                0x00003f28                TempHumSensor_getHum
 .text.initialize_event_groups
                0x00003f32       0x1a InitializeImpl.o
                0x00003f32                initialize_event_groups
 .text.initialize_message_buffers
                0x00003f4c       0x46 InitializeImpl.o
                0x00003f4c                initialize_message_buffers
 .text.initialize_semaphore
                0x00003f92       0x3a InitializeImpl.o
                0x00003f92                initialize_semaphore
 .text.initialise_rc_servo
                0x00003fcc        0x4 ServoControllerImpl.o
                0x00003fcc                initialise_rc_servo
 .text.servo_set_position
                0x00003fd0        0x4 ServoControllerImpl.o
                0x00003fd0                servo_set_position
 .text._lora_setup
                0x00003fd4      0x188 UplinkHandlerImpl.o
 .text.lora_uplink_handler_task
                0x0000415c       0xde UplinkHandlerImpl.o
                0x0000415c                lora_uplink_handler_task
 .text.create_lora_uplink_handler_task
                0x0000423a       0x28 UplinkHandlerImpl.o
                0x0000423a                create_lora_uplink_handler_task
 .text.create_all_tasks
                0x00004262       0x20 main.o
                0x00004262                create_all_tasks
 .text.initializeSystem
                0x00004282       0x24 main.o
                0x00004282                initializeSystem
 .text.main     0x000042a6       0x10 main.o
                0x000042a6                main
 .text._hihTwiCallback
                0x000042b6       0x5a ../drivers\libIotLibrary.a(hih8120.o)
 .text.hih8120_initialise
                0x00004310       0x30 ../drivers\libIotLibrary.a(hih8120.o)
                0x00004310                hih8120_initialise
 .text.hih8120_wakeup
                0x00004340       0x2a ../drivers\libIotLibrary.a(hih8120.o)
                0x00004340                hih8120_wakeup
 .text.hih8120_measure
                0x0000436a       0x22 ../drivers\libIotLibrary.a(hih8120.o)
                0x0000436a                hih8120_measure
 .text.hih8120_getHumidity
                0x0000438c       0x2a ../drivers\libIotLibrary.a(hih8120.o)
                0x0000438c                hih8120_getHumidity
 .text.hih8120_getHumidityPercent_x10
                0x000043b6       0x16 ../drivers\libIotLibrary.a(hih8120.o)
                0x000043b6                hih8120_getHumidityPercent_x10
 .text.hih8120_getTemperature
                0x000043cc       0x36 ../drivers\libIotLibrary.a(hih8120.o)
                0x000043cc                hih8120_getTemperature
 .text.hih8120_getTemperature_x10
                0x00004402       0x16 ../drivers\libIotLibrary.a(hih8120.o)
                0x00004402                hih8120_getTemperature_x10
 .text._serialCallBack
                0x00004418       0x8c ../drivers\libIotLibrary.a(lora_driver.o)
 .text._uploadMessage
                0x000044a4       0xb4 ../drivers\libIotLibrary.a(lora_driver.o)
 .text._reply2ReturnCode
                0x00004558       0xea ../drivers\libIotLibrary.a(lora_driver.o)
 .text._uploadMessageRc
                0x00004642        0x6 ../drivers\libIotLibrary.a(lora_driver.o)
 .text.lora_driver_flushBuffers
                0x00004648        0xe ../drivers\libIotLibrary.a(lora_driver.o)
                0x00004648                lora_driver_flushBuffers
 .text.lora_driver_initialise
                0x00004656       0x80 ../drivers\libIotLibrary.a(lora_driver.o)
                0x00004656                lora_driver_initialise
 .text.lora_driver_resetRn2483
                0x000046d6       0x1c ../drivers\libIotLibrary.a(lora_driver.o)
                0x000046d6                lora_driver_resetRn2483
 .text.lora_driver_rn2483FactoryReset
                0x000046f2       0x24 ../drivers\libIotLibrary.a(lora_driver.o)
                0x000046f2                lora_driver_rn2483FactoryReset
 .text.lora_driver_getRn2483Hweui
                0x00004716       0x38 ../drivers\libIotLibrary.a(lora_driver.o)
                0x00004716                lora_driver_getRn2483Hweui
 .text.lora_driver_setDeviceIdentifier
                0x0000474e       0x22 ../drivers\libIotLibrary.a(lora_driver.o)
                0x0000474e                lora_driver_setDeviceIdentifier
 .text.lora_driver_setApplicationIdentifier
                0x00004770       0x22 ../drivers\libIotLibrary.a(lora_driver.o)
                0x00004770                lora_driver_setApplicationIdentifier
 .text.lora_driver_setApplicationKey
                0x00004792       0x22 ../drivers\libIotLibrary.a(lora_driver.o)
                0x00004792                lora_driver_setApplicationKey
 .text.lora_driver_saveMac
                0x000047b4        0xc ../drivers\libIotLibrary.a(lora_driver.o)
                0x000047b4                lora_driver_saveMac
 .text.lora_driver_join
                0x000047c0       0x52 ../drivers\libIotLibrary.a(lora_driver.o)
                0x000047c0                lora_driver_join
 .text.lora_driver_sendUploadMessage
                0x00004812      0x196 ../drivers\libIotLibrary.a(lora_driver.o)
                0x00004812                lora_driver_sendUploadMessage
 .text.lora_driver_setAdaptiveDataRate
                0x000049a8       0x16 ../drivers\libIotLibrary.a(lora_driver.o)
                0x000049a8                lora_driver_setAdaptiveDataRate
 .text.lora_driver_setReceiveDelay
                0x000049be       0x30 ../drivers\libIotLibrary.a(lora_driver.o)
                0x000049be                lora_driver_setReceiveDelay
 .text.lora_driver_configureToEu868
                0x000049ee      0x1bc ../drivers\libIotLibrary.a(lora_driver.o)
                0x000049ee                lora_driver_configureToEu868
 .text.lora_driver_setOtaaIdentity
                0x00004baa       0x42 ../drivers\libIotLibrary.a(lora_driver.o)
                0x00004baa                lora_driver_setOtaaIdentity
 .text.lora_driver_mapReturnCodeToText
                0x00004bec       0x18 ../drivers\libIotLibrary.a(lora_driver.o)
                0x00004bec                lora_driver_mapReturnCodeToText
 .text.decode_port_no
                0x00004c04       0x58 ../drivers\libIotLibrary.a(lora_driver_utils.o)
                0x00004c04                decode_port_no
 .text.decode_hexadecimal_string_bytes
                0x00004c5c       0x92 ../drivers\libIotLibrary.a(lora_driver_utils.o)
                0x00004c5c                decode_hexadecimal_string_bytes
 .text._serialCallBack
                0x00004cee       0xb6 ../drivers\libIotLibrary.a(mh_z19.o)
 .text.mh_z19_initialise
                0x00004da4       0x4a ../drivers\libIotLibrary.a(mh_z19.o)
                0x00004da4                mh_z19_initialise
 .text.mh_z19_injectCallBack
                0x00004dee        0xa ../drivers\libIotLibrary.a(mh_z19.o)
                0x00004dee                mh_z19_injectCallBack
 .text.mh_z19_takeMeassuring
                0x00004df8       0x5e ../drivers\libIotLibrary.a(mh_z19.o)
                0x00004df8                mh_z19_takeMeassuring
 .text.mh_z19_getCo2Ppm
                0x00004e56       0x22 ../drivers\libIotLibrary.a(mh_z19.o)
                0x00004e56                mh_z19_getCo2Ppm
 .text.rc_servo_setPosition
                0x00004e78       0x30 ../drivers\libIotLibrary.a(rc_servo.o)
                0x00004e78                rc_servo_setPosition
 .text.rc_servo_initialise
                0x00004ea8       0x38 ../drivers\libIotLibrary.a(rc_servo.o)
                0x00004ea8                rc_servo_initialise
 .text.serial_create
                0x00004ee0      0x14c ../drivers\libIotLibrary.a(serial.o)
                0x00004ee0                serial_create
 .text.serial_sendByte
                0x0000502c       0x56 ../drivers\libIotLibrary.a(serial.o)
                0x0000502c                serial_sendByte
 .text.serial_sendBytes
                0x00005082       0xaa ../drivers\libIotLibrary.a(serial.o)
                0x00005082                serial_sendBytes
 .text.serial_getByte
                0x0000512c       0x40 ../drivers\libIotLibrary.a(serial.o)
                0x0000512c                serial_getByte
 .text.__vector_25
                0x0000516c       0xa4 ../drivers\libIotLibrary.a(serial.o)
                0x0000516c                __vector_25
 .text.__vector_26
                0x00005210       0x88 ../drivers\libIotLibrary.a(serial.o)
                0x00005210                __vector_26
 .text.__vector_36
                0x00005298       0xa4 ../drivers\libIotLibrary.a(serial.o)
                0x00005298                __vector_36
 .text.__vector_37
                0x0000533c       0x88 ../drivers\libIotLibrary.a(serial.o)
                0x0000533c                __vector_37
 .text.__vector_51
                0x000053c4       0xa4 ../drivers\libIotLibrary.a(serial.o)
                0x000053c4                __vector_51
 .text.__vector_52
                0x00005468       0x88 ../drivers\libIotLibrary.a(serial.o)
                0x00005468                __vector_52
 .text.__vector_54
                0x000054f0       0xa4 ../drivers\libIotLibrary.a(serial.o)
                0x000054f0                __vector_54
 .text.__vector_55
                0x00005594       0x88 ../drivers\libIotLibrary.a(serial.o)
                0x00005594                __vector_55
 .text.usart_getchar
                0x0000561c       0x2a ../drivers\libIotLibrary.a(stdio_driver.o)
 .text.usart_putchar
                0x00005646       0x12 ../drivers\libIotLibrary.a(stdio_driver.o)
 .text.stdio_initialise
                0x00005658       0x52 ../drivers\libIotLibrary.a(stdio_driver.o)
                0x00005658                stdio_initialise
 .text._turn_off
                0x000056aa       0x98 ../drivers\libIotLibrary.a(status_leds.o)
 .text._turn_on
                0x00005742       0x98 ../drivers\libIotLibrary.a(status_leds.o)
 .text._hal_led_task
                0x000057da       0x8c ../drivers\libIotLibrary.a(status_leds.o)
 .text.status_leds_initialise
                0x00005866       0x9c ../drivers\libIotLibrary.a(status_leds.o)
                0x00005866                status_leds_initialise
 .text.status_leds_slowBlink
                0x00005902       0x46 ../drivers\libIotLibrary.a(status_leds.o)
                0x00005902                status_leds_slowBlink
 .text.status_leds_fastBlink
                0x00005948       0x46 ../drivers\libIotLibrary.a(status_leds.o)
                0x00005948                status_leds_fastBlink
 .text.status_leds_ledOn
                0x0000598e       0x1e ../drivers\libIotLibrary.a(status_leds.o)
                0x0000598e                status_leds_ledOn
 .text.status_leds_ledOff
                0x000059ac       0x1e ../drivers\libIotLibrary.a(status_leds.o)
                0x000059ac                status_leds_ledOff
 .text.status_leds_longPuls
                0x000059ca       0x24 ../drivers\libIotLibrary.a(status_leds.o)
                0x000059ca                status_leds_longPuls
 .text.status_leds_shortPuls
                0x000059ee       0x22 ../drivers\libIotLibrary.a(status_leds.o)
                0x000059ee                status_leds_shortPuls
 .text._initTwiInterface
                0x00005a10       0x22 ../drivers\libIotLibrary.a(twi.o)
 .text.twiCreate
                0x00005a32       0x9a ../drivers\libIotLibrary.a(twi.o)
                0x00005a32                twiCreate
 .text.twiIsBusy
                0x00005acc        0x8 ../drivers\libIotLibrary.a(twi.o)
                0x00005acc                twiIsBusy
 .text.twiTransmit
                0x00005ad4       0x98 ../drivers\libIotLibrary.a(twi.o)
                0x00005ad4                twiTransmit
 .text.twiReceive
                0x00005b6c       0x66 ../drivers\libIotLibrary.a(twi.o)
                0x00005b6c                twiReceive
 .text.__vector_39
                0x00005bd2      0x17a ../drivers\libIotLibrary.a(twi.o)
                0x00005bd2                __vector_39
 .text.fifo_init
                0x00005d4c       0x38 ../drivers\libIotLibrary.a(fifo.o)
                0x00005d4c                fifo_init
 .text.avr-libc
                0x00005d84      0x714 c:/program files (x86)/atmel/studio/7.0/toolchain/avr8/avr8-gnu-toolchain/bin/../lib/gcc/avr/5.4.0/../../../../avr/lib/avr6\libprintf_flt.a(vfprintf_flt.o)
                0x00005d84                vfprintf
 .text.avr-libc.fplib
                0x00006498        0xa c:/program files (x86)/atmel/studio/7.0/toolchain/avr8/avr8-gnu-toolchain/bin/../lib/gcc/avr/5.4.0/../../../../avr/lib/avr6\libm.a(addsf3.o)
                0x00006498                __subsf3
                0x0000649a                __addsf3
 .text.avr-libc.fplib
                0x000064a2       0xc0 c:/program files (x86)/atmel/studio/7.0/toolchain/avr8/avr8-gnu-toolchain/bin/../lib/gcc/avr/5.4.0/../../../../avr/lib/avr6\libm.a(addsf3x.o)
                0x000064bc                __addsf3x
 .text.avr-libc.fplib
                0x00006562        0x4 c:/program files (x86)/atmel/studio/7.0/toolchain/avr8/avr8-gnu-toolchain/bin/../lib/gcc/avr/5.4.0/../../../../avr/lib/avr6\libm.a(divsf3.o)
                0x00006562                __divsf3
 .text.avr-libc.fplib
                0x00006566       0xcc c:/program files (x86)/atmel/studio/7.0/toolchain/avr8/avr8-gnu-toolchain/bin/../lib/gcc/avr/5.4.0/../../../../avr/lib/avr6\libm.a(divsf3x.o)
                0x0000657c                __divsf3x
                0x00006580                __divsf3_pse
 .text.avr-libc.fplib
                0x00006632        0xa c:/program files (x86)/atmel/studio/7.0/toolchain/avr8/avr8-gnu-toolchain/bin/../lib/gcc/avr/5.4.0/../../../../avr/lib/avr6\libm.a(fixsfsi.o)
                0x00006632                __fixsfsi
 .text.avr-libc.fplib
                0x0000663c       0x58 c:/program files (x86)/atmel/studio/7.0/toolchain/avr8/avr8-gnu-toolchain/bin/../lib/gcc/avr/5.4.0/../../../../avr/lib/avr6\libm.a(fixunssfsi.o)
                0x0000663c                __fixunssfsi
 .text.avr-libc.fplib
                0x00006694       0x7a c:/program files (x86)/atmel/studio/7.0/toolchain/avr8/avr8-gnu-toolchain/bin/../lib/gcc/avr/5.4.0/../../../../avr/lib/avr6\libm.a(floatsisf.o)
                0x00006694                __floatunsisf
                0x00006698                __floatsisf
 .text.avr-libc.fplib
                0x0000670e        0xc c:/program files (x86)/atmel/studio/7.0/toolchain/avr8/avr8-gnu-toolchain/bin/../lib/gcc/avr/5.4.0/../../../../avr/lib/avr6\libm.a(fp_inf.o)
                0x0000670e                __fp_inf
 .text.avr-libc.fplib
                0x0000671a        0x6 c:/program files (x86)/atmel/studio/7.0/toolchain/avr8/avr8-gnu-toolchain/bin/../lib/gcc/avr/5.4.0/../../../../avr/lib/avr6\libm.a(fp_nan.o)
                0x0000671a                __fp_nan
 .text.avr-libc.fplib
                0x00006720        0xe c:/program files (x86)/atmel/studio/7.0/toolchain/avr8/avr8-gnu-toolchain/bin/../lib/gcc/avr/5.4.0/../../../../avr/lib/avr6\libm.a(fp_pscA.o)
                0x00006720                __fp_pscA
 .text.avr-libc.fplib
                0x0000672e        0xe c:/program files (x86)/atmel/studio/7.0/toolchain/avr8/avr8-gnu-toolchain/bin/../lib/gcc/avr/5.4.0/../../../../avr/lib/avr6\libm.a(fp_pscB.o)
                0x0000672e                __fp_pscB
 .text.avr-libc.fplib
                0x0000673c       0x22 c:/program files (x86)/atmel/studio/7.0/toolchain/avr8/avr8-gnu-toolchain/bin/../lib/gcc/avr/5.4.0/../../../../avr/lib/avr6\libm.a(fp_round.o)
                0x0000673c                __fp_round
 .text.avr-libc.fplib
                0x0000675e       0x44 c:/program files (x86)/atmel/studio/7.0/toolchain/avr8/avr8-gnu-toolchain/bin/../lib/gcc/avr/5.4.0/../../../../avr/lib/avr6\libm.a(fp_split3.o)
                0x0000675e                __fp_split3
                0x0000676e                __fp_splitA
 .text.avr-libc.fplib
                0x000067a2        0xe c:/program files (x86)/atmel/studio/7.0/toolchain/avr8/avr8-gnu-toolchain/bin/../lib/gcc/avr/5.4.0/../../../../avr/lib/avr6\libm.a(fp_zero.o)
                0x000067a2                __fp_zero
                0x000067a4                __fp_szero
 .text.avr-libc.fplib
                0x000067b0        0x4 c:/program files (x86)/atmel/studio/7.0/toolchain/avr8/avr8-gnu-toolchain/bin/../lib/gcc/avr/5.4.0/../../../../avr/lib/avr6\libm.a(mulsf3.o)
                0x000067b0                __mulsf3
 .text.avr-libc.fplib
                0x000067b4       0xc2 c:/program files (x86)/atmel/studio/7.0/toolchain/avr8/avr8-gnu-toolchain/bin/../lib/gcc/avr/5.4.0/../../../../avr/lib/avr6\libm.a(mulsf3x.o)
                0x000067c8                __mulsf3x
                0x000067cc                __mulsf3_pse
 .text.libgcc.div
                0x00006876       0x26 c:/program files (x86)/atmel/studio/7.0/toolchain/avr8/avr8-gnu-toolchain/bin/../lib/gcc/avr/5.4.0/avr6\libgcc.a(_divmodhi4.o)
                0x00006876                _div
                0x00006876                __divmodhi4
 .text.libgcc.div
                0x0000689c       0x44 c:/program files (x86)/atmel/studio/7.0/toolchain/avr8/avr8-gnu-toolchain/bin/../lib/gcc/avr/5.4.0/avr6\libgcc.a(_udivmodsi4.o)
                0x0000689c                __udivmodsi4
 .text.libgcc   0x000068e0       0x10 c:/program files (x86)/atmel/studio/7.0/toolchain/avr8/avr8-gnu-toolchain/bin/../lib/gcc/avr/5.4.0/avr6\libgcc.a(_tablejump2.o)
                0x000068e0                __tablejump2__
 .text.libgcc.mul
                0x000068f0       0x1e c:/program files (x86)/atmel/studio/7.0/toolchain/avr8/avr8-gnu-toolchain/bin/../lib/gcc/avr/5.4.0/avr6\libgcc.a(_umulhisi3.o)
                0x000068f0                __umulhisi3
 .text.libgcc.div
                0x0000690e       0x28 c:/program files (x86)/atmel/studio/7.0/toolchain/avr8/avr8-gnu-toolchain/bin/../lib/gcc/avr/5.4.0/avr6\libgcc.a(_udivmodhi4.o)
                0x0000690e                __udivmodhi4
 .text.avr-libc
                0x00006936      0x242 c:/program files (x86)/atmel/studio/7.0/toolchain/avr8/avr8-gnu-toolchain/bin/../lib/gcc/avr/5.4.0/../../../../avr/lib/avr6\libc.a(malloc.o)
                0x00006936                malloc
                0x00006a66                free
 .text.avr-libc
                0x00006b78        0x8 c:/program files (x86)/atmel/studio/7.0/toolchain/avr8/avr8-gnu-toolchain/bin/../lib/gcc/avr/5.4.0/../../../../avr/lib/avr6\libc.a(abort.o)
                0x00006b78                abort
 .text.avr-libc
                0x00006b80      0x1b0 c:/program files (x86)/atmel/studio/7.0/toolchain/avr8/avr8-gnu-toolchain/bin/../lib/gcc/avr/5.4.0/../../../../avr/lib/avr6\libc.a(ftoa_engine.o)
                0x00006b80                __ftoa_engine
 .text.avr-libc
                0x00006d30       0x16 c:/program files (x86)/atmel/studio/7.0/toolchain/avr8/avr8-gnu-toolchain/bin/../lib/gcc/avr/5.4.0/../../../../avr/lib/avr6\libc.a(strnlen_P.o)
                0x00006d30                strnlen_P
 .text.avr-libc
                0x00006d46       0x12 c:/program files (x86)/atmel/studio/7.0/toolchain/avr8/avr8-gnu-toolchain/bin/../lib/gcc/avr/5.4.0/../../../../avr/lib/avr6\libc.a(memcpy.o)
                0x00006d46                memcpy
 .text.avr-libc
                0x00006d58        0xe c:/program files (x86)/atmel/studio/7.0/toolchain/avr8/avr8-gnu-toolchain/bin/../lib/gcc/avr/5.4.0/../../../../avr/lib/avr6\libc.a(memset.o)
                0x00006d58                memset
 .text.avr-libc
                0x00006d66       0x4a c:/program files (x86)/atmel/studio/7.0/toolchain/avr8/avr8-gnu-toolchain/bin/../lib/gcc/avr/5.4.0/../../../../avr/lib/avr6\libc.a(strcasestr.o)
                0x00006d66                strcasestr
 .text.avr-libc
                0x00006db0       0x16 c:/program files (x86)/atmel/studio/7.0/toolchain/avr8/avr8-gnu-toolchain/bin/../lib/gcc/avr/5.4.0/../../../../avr/lib/avr6\libc.a(strcat.o)
                0x00006db0                strcat
 .text.avr-libc
                0x00006dc6        0xe c:/program files (x86)/atmel/studio/7.0/toolchain/avr8/avr8-gnu-toolchain/bin/../lib/gcc/avr/5.4.0/../../../../avr/lib/avr6\libc.a(strcpy.o)
                0x00006dc6                strcpy
 .text.avr-libc
                0x00006dd4       0x30 c:/program files (x86)/atmel/studio/7.0/toolchain/avr8/avr8-gnu-toolchain/bin/../lib/gcc/avr/5.4.0/../../../../avr/lib/avr6\libc.a(strncasecmp.o)
                0x00006dd4                strncasecmp
 .text.avr-libc
                0x00006e04       0x16 c:/program files (x86)/atmel/studio/7.0/toolchain/avr8/avr8-gnu-toolchain/bin/../lib/gcc/avr/5.4.0/../../../../avr/lib/avr6\libc.a(strnlen.o)
                0x00006e04                strnlen
 .text.avr-libc
                0x00006e1a       0x78 c:/program files (x86)/atmel/studio/7.0/toolchain/avr8/avr8-gnu-toolchain/bin/../lib/gcc/avr/5.4.0/../../../../avr/lib/avr6\libc.a(fputc.o)
                0x00006e1a                fputc
 .text.avr-libc
                0x00006e92       0x28 c:/program files (x86)/atmel/studio/7.0/toolchain/avr8/avr8-gnu-toolchain/bin/../lib/gcc/avr/5.4.0/../../../../avr/lib/avr6\libc.a(printf.o)
                0x00006e92                printf
 .text.avr-libc
                0x00006eba       0x60 c:/program files (x86)/atmel/studio/7.0/toolchain/avr8/avr8-gnu-toolchain/bin/../lib/gcc/avr/5.4.0/../../../../avr/lib/avr6\libc.a(puts.o)
                0x00006eba                puts
 .text.avr-libc
                0x00006f1a       0x5e c:/program files (x86)/atmel/studio/7.0/toolchain/avr8/avr8-gnu-toolchain/bin/../lib/gcc/avr/5.4.0/../../../../avr/lib/avr6\libc.a(sprintf.o)
                0x00006f1a                sprintf
 .text.avr-libc
                0x00006f78       0xbc c:/program files (x86)/atmel/studio/7.0/toolchain/avr8/avr8-gnu-toolchain/bin/../lib/gcc/avr/5.4.0/../../../../avr/lib/avr6\libc.a(ultoa_invert.o)
                0x00006f78                __ultoa_invert
                0x00007034                . = ALIGN (0x2)
 *(.fini9)
 .fini9         0x00007034        0x0 c:/program files (x86)/atmel/studio/7.0/toolchain/avr8/avr8-gnu-toolchain/bin/../lib/gcc/avr/5.4.0/avr6\libgcc.a(_exit.o)
                0x00007034                _exit
                0x00007034                exit
 *(.fini9)
 *(.fini8)
 *(.fini8)
 *(.fini7)
 *(.fini7)
 *(.fini6)
 *(.fini6)
 *(.fini5)
 *(.fini5)
 *(.fini4)
 *(.fini4)
 *(.fini3)
 *(.fini3)
 *(.fini2)
 *(.fini2)
 *(.fini1)
 *(.fini1)
 *(.fini0)
 .fini0         0x00007034        0x4 c:/program files (x86)/atmel/studio/7.0/toolchain/avr8/avr8-gnu-toolchain/bin/../lib/gcc/avr/5.4.0/avr6\libgcc.a(_exit.o)
 *(.fini0)
                0x00007038                _etext = .

.data           0x00800200      0x73e load address 0x00007038
                0x00800200                PROVIDE (__data_start, .)
 *(.data)
 .data          0x00800200        0x6 c:/program files (x86)/atmel/studio/7.0/toolchain/avr8/avr8-gnu-toolchain/bin/../lib/gcc/avr/5.4.0/../../../../avr/lib/avr6\libc.a(malloc.o)
                0x00800200                __malloc_heap_end
                0x00800202                __malloc_heap_start
                0x00800204                __malloc_margin
 *(.data*)
 .data.uxTopUsedPriority
                0x00800206        0x1 FreeRTOS/src/tasks.o
                0x00800206                uxTopUsedPriority
 .data._temp    0x00800207        0x2 ../drivers\libIotLibrary.a(hih8120.o)
 .data._hum     0x00800209        0x2 ../drivers\libIotLibrary.a(hih8120.o)
 .data._com_port_2_udr
                0x0080020b        0x8 ../drivers\libIotLibrary.a(serial.o)
                0x0080020b                _com_port_2_udr
 .data.mystdout.1882
                0x00800213        0xe ../drivers\libIotLibrary.a(stdio_driver.o)
 .data._twiCurrentState
                0x00800221        0x1 ../drivers\libIotLibrary.a(twi.o)
 *(.gnu.linkonce.d*)
 *(.rodata)
 .rodata        0x00800222       0x20 ../drivers\libIotLibrary.a(lora_driver.o)
 .rodata        0x00800242       0x2d ../drivers\libIotLibrary.a(mh_z19.o)
 *(.rodata*)
 .rodata.str1.1
                0x0080026f       0x34 ApplicationImpl.o
 .rodata.str1.1
                0x008002a3       0x48 ConfigurationImpl.o
 .rodata.str1.1
                0x008002eb       0x5c DownlinkHandlerImpl.o
 .rodata.str1.1
                0x00800347       0x34 FanControllerImpl.o
 .rodata.str1.1
                0x0080037b        0x5 FreeRTOS/src/tasks.o
 .rodata.str1.1
                0x00800380        0x8 FreeRTOS/src/timers.o
 .rodata.str1.1
                0x00800388       0x42 Sensors/CO2Sensor.o
 .rodata.str1.1
                0x008003ca       0x88 Sensors/TempHumSensor.o
 .rodata.str1.1
                0x00800452       0x74 InitializeImpl.o
 .rodata.str1.1
                0x008004c6      0x197 UplinkHandlerImpl.o
 .rodata.str1.1
                0x0080065d       0x12 main.o
 .rodata.str1.1
                0x0080066f      0x290 ../drivers\libIotLibrary.a(lora_driver.o)
                                0x2a5 (size before relaxing)
 .rodata._joinMode
                0x008008ff        0x4 ../drivers\libIotLibrary.a(lora_driver.o)
 .rodata._returnCode
                0x00800903       0x33 ../drivers\libIotLibrary.a(lora_driver.o)
                0x00800903                _returnCode
 .rodata.str1.1
                0x00800936        0x8 ../drivers\libIotLibrary.a(status_leds.o)
 *(.gnu.linkonce.r*)
                0x0080093e                . = ALIGN (0x2)
                0x0080093e                _edata = .
                0x0080093e                PROVIDE (__data_end, .)

.bss            0x0080093e     0x1023
                0x0080093e                PROVIDE (__bss_start, .)
 *(.bss)
 *(.bss*)
 .bss.system_status
                0x0080093e        0x1 ConfigurationImpl.o
 .bss.max_co2   0x0080093f        0x2 ConfigurationImpl.o
 .bss.max_humidity
                0x00800941        0x2 ConfigurationImpl.o
 .bss.max_temperature
                0x00800943        0x2 ConfigurationImpl.o
 .bss._downlink_payload
                0x00800945       0x16 DownlinkHandlerImpl.o
 .bss.xBlockAllocatedBit
                0x0080095b        0x2 FreeRTOS/src/heap_4.o
 .bss.xNumberOfSuccessfulFrees
                0x0080095d        0x2 FreeRTOS/src/heap_4.o
 .bss.xNumberOfSuccessfulAllocations
                0x0080095f        0x2 FreeRTOS/src/heap_4.o
 .bss.xMinimumEverFreeBytesRemaining
                0x00800961        0x2 FreeRTOS/src/heap_4.o
 .bss.xFreeBytesRemaining
                0x00800963        0x2 FreeRTOS/src/heap_4.o
 .bss.pxEnd     0x00800965        0x2 FreeRTOS/src/heap_4.o
 .bss.xStart    0x00800967        0x4 FreeRTOS/src/heap_4.o
 .bss.ucHeap    0x0080096b      0xdac FreeRTOS/src/heap_4.o
 .bss.uxSchedulerSuspended
                0x00801717        0x1 FreeRTOS/src/tasks.o
 .bss.xIdleTaskHandle
                0x00801718        0x2 FreeRTOS/src/tasks.o
 .bss.xNextTaskUnblockTime
                0x0080171a        0x4 FreeRTOS/src/tasks.o
 .bss.uxTaskNumber
                0x0080171e        0x1 FreeRTOS/src/tasks.o
 .bss.xNumOfOverflows
                0x0080171f        0x1 FreeRTOS/src/tasks.o
 .bss.xYieldPending
                0x00801720        0x1 FreeRTOS/src/tasks.o
 .bss.xPendedTicks
                0x00801721        0x4 FreeRTOS/src/tasks.o
 .bss.xSchedulerRunning
                0x00801725        0x1 FreeRTOS/src/tasks.o
 .bss.uxTopReadyPriority
                0x00801726        0x1 FreeRTOS/src/tasks.o
 .bss.xTickCount
                0x00801727        0x4 FreeRTOS/src/tasks.o
 .bss.uxCurrentNumberOfTasks
                0x0080172b        0x1 FreeRTOS/src/tasks.o
 .bss.xSuspendedTaskList
                0x0080172c        0xb FreeRTOS/src/tasks.o
 .bss.uxDeletedTasksWaitingCleanUp
                0x00801737        0x1 FreeRTOS/src/tasks.o
 .bss.xTasksWaitingTermination
                0x00801738        0xb FreeRTOS/src/tasks.o
 .bss.xPendingReadyList
                0x00801743        0xb FreeRTOS/src/tasks.o
 .bss.pxOverflowDelayedTaskList
                0x0080174e        0x2 FreeRTOS/src/tasks.o
 .bss.pxDelayedTaskList
                0x00801750        0x2 FreeRTOS/src/tasks.o
 .bss.xDelayedTaskList2
                0x00801752        0xb FreeRTOS/src/tasks.o
 .bss.xDelayedTaskList1
                0x0080175d        0xb FreeRTOS/src/tasks.o
 .bss.pxReadyTasksLists
                0x00801768       0x6e FreeRTOS/src/tasks.o
 .bss.pxCurrentTCB
                0x008017d6        0x2 FreeRTOS/src/tasks.o
                0x008017d6                pxCurrentTCB
 .bss.xLastTime.2436
                0x008017d8        0x4 FreeRTOS/src/timers.o
 .bss.xTimerTaskHandle
                0x008017dc        0x2 FreeRTOS/src/timers.o
 .bss.xTimerQueue
                0x008017de        0x2 FreeRTOS/src/timers.o
 .bss.pxOverflowTimerList
                0x008017e0        0x2 FreeRTOS/src/timers.o
 .bss.pxCurrentTimerList
                0x008017e2        0x2 FreeRTOS/src/timers.o
 .bss.xActiveTimerList2
                0x008017e4        0xb FreeRTOS/src/timers.o
 .bss.xActiveTimerList1
                0x008017ef        0xb FreeRTOS/src/timers.o
 .bss.status    0x008017fa        0x1 PackageHandlerImpl.o
 .bss.CO2_PPM   0x008017fb        0x2 PackageHandlerImpl.o
 .bss.humidityPercent
                0x008017fd        0x2 PackageHandlerImpl.o
 .bss.temperaturePercent
                0x008017ff        0x2 PackageHandlerImpl.o
 .bss.lastCO2ppm
                0x00801801        0x2 Sensors/CO2Sensor.o
                0x00801801                lastCO2ppm
 .bss.temperature
                0x00801803        0x2 Sensors/TempHumSensor.o
                0x00801803                temperature
 .bss.humidity  0x00801805        0x2 Sensors/TempHumSensor.o
                0x00801805                humidity
 .bss._uplink_payload
                0x00801807       0x16 UplinkHandlerImpl.o
 .bss._measuringIsReady
                0x0080181d        0x1 ../drivers\libIotLibrary.a(hih8120.o)
 .bss._hih8120Handler
                0x0080181e        0x2 ../drivers\libIotLibrary.a(hih8120.o)
 .bss._tmp_buf.2871
                0x00801820       0x37 ../drivers\libIotLibrary.a(lora_driver.o)
 .bss.rec_buf_inp.2878
                0x00801857        0x1 ../drivers\libIotLibrary.a(lora_driver.o)
 .bss._downlinkMessageBuffer
                0x00801858        0x2 ../drivers\libIotLibrary.a(lora_driver.o)
 .bss._serialReplyBufferHandle
                0x0080185a        0x2 ../drivers\libIotLibrary.a(lora_driver.o)
 .bss._rn2483_serial
                0x0080185c        0x2 ../drivers\libIotLibrary.a(lora_driver.o)
 .bss._downlinkPayload
                0x0080185e       0x16 ../drivers\libIotLibrary.a(lora_driver.o)
 .bss._payLoadHexBytes
                0x00801874       0x15 ../drivers\libIotLibrary.a(lora_driver.o)
 .bss._recMessageBuf
                0x00801889       0x2d ../drivers\libIotLibrary.a(lora_driver.o)
 .bss._sendMessage
                0x008018b6       0x2d ../drivers\libIotLibrary.a(lora_driver.o)
 .bss._replyMess
                0x008018e3       0x2d ../drivers\libIotLibrary.a(lora_driver.o)
 .bss.data.1944
                0x00801910        0x2 ../drivers\libIotLibrary.a(mh_z19.o)
 .bss.inDex.1943
                0x00801912        0x1 ../drivers\libIotLibrary.a(mh_z19.o)
 .bss.crc_sum.1945
                0x00801913        0x1 ../drivers\libIotLibrary.a(mh_z19.o)
 .bss._appCallBack
                0x00801914        0x2 ../drivers\libIotLibrary.a(mh_z19.o)
 .bss._mh_state
                0x00801916        0x1 ../drivers\libIotLibrary.a(mh_z19.o)
                0x00801916                _mh_state
 .bss._ppm      0x00801917        0x2 ../drivers\libIotLibrary.a(mh_z19.o)
 .bss._serial   0x00801919        0x2 ../drivers\libIotLibrary.a(mh_z19.o)
 .bss._ser_handle
                0x0080191b        0x8 ../drivers\libIotLibrary.a(serial.o)
 .bss._com_serial_instance
                0x00801923        0x2 ../drivers\libIotLibrary.a(stdio_driver.o)
 .bss._led_status
                0x00801925       0x18 ../drivers\libIotLibrary.a(status_leds.o)
 .bss._index.1885
                0x0080193d        0x1 ../drivers\libIotLibrary.a(twi.o)
 .bss._twiCurrentHandler
                0x0080193e        0x2 ../drivers\libIotLibrary.a(twi.o)
 .bss._twiMessageLen
                0x00801940        0x1 ../drivers\libIotLibrary.a(twi.o)
 .bss._twiMessageBuffer
                0x00801941        0xa ../drivers\libIotLibrary.a(twi.o)
 .bss._twiIsInitiated
                0x0080194b        0x1 ../drivers\libIotLibrary.a(twi.o)
 *(COMMON)
 COMMON         0x0080194c        0x1 Sensors/CO2Sensor.o
                0x0080194c                rc
 COMMON         0x0080194d        0xa InitializeImpl.o
                0x0080194d                configSemaphore
                0x0080194f                dataReadyEventGroup
                0x00801951                measureEventGroup
                0x00801953                uplinkMessageBufferHandle
                0x00801955                downlinkMessageBufferHandle
 COMMON         0x00801957        0x4 c:/program files (x86)/atmel/studio/7.0/toolchain/avr8/avr8-gnu-toolchain/bin/../lib/gcc/avr/5.4.0/../../../../avr/lib/avr6\libc.a(malloc.o)
                0x00801957                __brkval
                0x00801959                __flp
 COMMON         0x0080195b        0x6 c:/program files (x86)/atmel/studio/7.0/toolchain/avr8/avr8-gnu-toolchain/bin/../lib/gcc/avr/5.4.0/../../../../avr/lib/avr6\libc.a(iob.o)
                0x0080195b                __iob
                0x00801961                PROVIDE (__bss_end, .)
                0x00007038                __data_load_start = LOADADDR (.data)
                0x00007776                __data_load_end = (__data_load_start + SIZEOF (.data))

.noinit         0x00801961        0x0
                [!provide]                PROVIDE (__noinit_start, .)
 *(.noinit*)
                [!provide]                PROVIDE (__noinit_end, .)
                0x00801961                _end = .
                0x00801961                PROVIDE (__heap_start, .)

.eeprom         0x00810000        0x0
 *(.eeprom*)
                0x00810000                __eeprom_end = .

.fuse
 *(.fuse)
 *(.lfuse)
 *(.hfuse)
 *(.efuse)

.lock
 *(.lock*)

.signature
 *(.signature*)

.user_signatures
 *(.user_signatures*)

.stab
 *(.stab)

.stabstr
 *(.stabstr)

.stab.excl
 *(.stab.excl)

.stab.exclstr
 *(.stab.exclstr)

.stab.index
 *(.stab.index)

.stab.indexstr
 *(.stab.indexstr)

.comment        0x00000000       0x5c
 *(.comment)
 .comment       0x00000000       0x30 ApplicationImpl.o
                                 0x31 (size before relaxing)
 .comment       0x00000030       0x31 ConfigurationImpl.o
 .comment       0x00000030       0x31 DownlinkHandlerImpl.o
 .comment       0x00000030       0x31 FanControllerImpl.o
 .comment       0x00000030       0x31 FreeRTOS/src/event_groups.o
 .comment       0x00000030       0x31 FreeRTOS/src/heap_4.o
 .comment       0x00000030       0x31 FreeRTOS/src/list.o
 .comment       0x00000030       0x31 FreeRTOS/src/port.o
 .comment       0x00000030       0x31 FreeRTOS/src/queue.o
 .comment       0x00000030       0x31 FreeRTOS/src/stream_buffer.o
 .comment       0x00000030       0x31 FreeRTOS/src/tasks.o
 .comment       0x00000030       0x31 FreeRTOS/src/timers.o
 .comment       0x00000030       0x31 FreeRTOS/src/variantHooks.o
 .comment       0x00000030       0x31 PackageHandlerImpl.o
 .comment       0x00000030       0x31 Sensors/CO2Sensor.o
 .comment       0x00000030       0x31 Sensors/TempHumSensor.o
 .comment       0x00000030       0x31 InitializeImpl.o
 .comment       0x00000030       0x31 ServoControllerImpl.o
 .comment       0x00000030       0x31 UplinkHandlerImpl.o
 .comment       0x00000030       0x31 main.o
 .comment       0x00000030       0x31 ../drivers\libIotLibrary.a(hih8120.o)
 .comment       0x00000030       0x31 ../drivers\libIotLibrary.a(lora_driver.o)
 .comment       0x00000030       0x31 ../drivers\libIotLibrary.a(lora_driver_utils.o)
 .comment       0x00000030       0x31 ../drivers\libIotLibrary.a(mh_z19.o)
 .comment       0x00000030       0x31 ../drivers\libIotLibrary.a(rc_servo.o)
 .comment       0x00000030       0x31 ../drivers\libIotLibrary.a(serial.o)
 .comment       0x00000030       0x31 ../drivers\libIotLibrary.a(stdio_driver.o)
 .comment       0x00000030       0x31 ../drivers\libIotLibrary.a(status_leds.o)
 .comment       0x00000030       0x31 ../drivers\libIotLibrary.a(twi.o)
 .comment       0x00000030       0x31 ../drivers\libIotLibrary.a(fifo.o)
 .comment       0x00000030       0x2c c:/program files (x86)/atmel/studio/7.0/toolchain/avr8/avr8-gnu-toolchain/bin/../lib/gcc/avr/5.4.0/../../../../avr/lib/avr6\libprintf_flt.a(vfprintf_flt.o)
                                 0x2d (size before relaxing)
 .comment       0x0000005c       0x31 c:/program files (x86)/atmel/studio/7.0/toolchain/avr8/avr8-gnu-toolchain/bin/../lib/gcc/avr/5.4.0/../../../../avr/lib/avr6\libc.a(malloc.o)
 .comment       0x0000005c       0x31 c:/program files (x86)/atmel/studio/7.0/toolchain/avr8/avr8-gnu-toolchain/bin/../lib/gcc/avr/5.4.0/../../../../avr/lib/avr6\libc.a(fputc.o)
 .comment       0x0000005c       0x31 c:/program files (x86)/atmel/studio/7.0/toolchain/avr8/avr8-gnu-toolchain/bin/../lib/gcc/avr/5.4.0/../../../../avr/lib/avr6\libc.a(iob.o)
 .comment       0x0000005c       0x31 c:/program files (x86)/atmel/studio/7.0/toolchain/avr8/avr8-gnu-toolchain/bin/../lib/gcc/avr/5.4.0/../../../../avr/lib/avr6\libc.a(printf.o)
 .comment       0x0000005c       0x31 c:/program files (x86)/atmel/studio/7.0/toolchain/avr8/avr8-gnu-toolchain/bin/../lib/gcc/avr/5.4.0/../../../../avr/lib/avr6\libc.a(puts.o)
 .comment       0x0000005c       0x31 c:/program files (x86)/atmel/studio/7.0/toolchain/avr8/avr8-gnu-toolchain/bin/../lib/gcc/avr/5.4.0/../../../../avr/lib/avr6\libc.a(sprintf.o)

.note.gnu.avr.deviceinfo
                0x00000000       0x40
 .note.gnu.avr.deviceinfo
                0x00000000       0x40 C:/Program Files (x86)/Atmel/Studio/7.0/Packs/atmel/ATmega_DFP/1.7.374/gcc/dev/atmega2560/avr6/crtatmega2560.o

.note.gnu.build-id
 *(.note.gnu.build-id)

.debug
 *(.debug)

.line
 *(.line)

.debug_srcinfo
 *(.debug_srcinfo)

.debug_sfnames
 *(.debug_sfnames)

.debug_aranges  0x00000000      0xc50
 *(.debug_aranges)
 .debug_aranges
                0x00000000       0x28 ApplicationImpl.o
 .debug_aranges
                0x00000028       0x78 ConfigurationImpl.o
 .debug_aranges
                0x000000a0       0x28 DownlinkHandlerImpl.o
 .debug_aranges
                0x000000c8       0x28 FanControllerImpl.o
 .debug_aranges
                0x000000f0       0x68 FreeRTOS/src/event_groups.o
 .debug_aranges
                0x00000158       0x58 FreeRTOS/src/heap_4.o
 .debug_aranges
                0x000001b0       0x40 FreeRTOS/src/list.o
 .debug_aranges
                0x000001f0       0x58 FreeRTOS/src/port.o
 .debug_aranges
                0x00000248       0xf8 FreeRTOS/src/queue.o
 .debug_aranges
                0x00000340       0xc0 FreeRTOS/src/stream_buffer.o
 .debug_aranges
                0x00000400      0x1d0 FreeRTOS/src/tasks.o
 .debug_aranges
                0x000005d0       0xc8 FreeRTOS/src/timers.o
 .debug_aranges
                0x00000698       0x40 FreeRTOS/src/variantHooks.o
 .debug_aranges
                0x000006d8       0x40 PackageHandlerImpl.o
 .debug_aranges
                0x00000718       0x48 Sensors/CO2Sensor.o
 .debug_aranges
                0x00000760       0x50 Sensors/TempHumSensor.o
 .debug_aranges
                0x000007b0       0x30 InitializeImpl.o
 .debug_aranges
                0x000007e0       0x28 ServoControllerImpl.o
 .debug_aranges
                0x00000808       0x30 UplinkHandlerImpl.o
 .debug_aranges
                0x00000838       0x30 main.o
 .debug_aranges
                0x00000868       0x68 ../drivers\libIotLibrary.a(hih8120.o)
 .debug_aranges
                0x000008d0      0x138 ../drivers\libIotLibrary.a(lora_driver.o)
 .debug_aranges
                0x00000a08       0x28 ../drivers\libIotLibrary.a(lora_driver_utils.o)
 .debug_aranges
                0x00000a30       0x58 ../drivers\libIotLibrary.a(mh_z19.o)
 .debug_aranges
                0x00000a88       0x28 ../drivers\libIotLibrary.a(rc_servo.o)
 .debug_aranges
                0x00000ab0       0x90 ../drivers\libIotLibrary.a(serial.o)
 .debug_aranges
                0x00000b40       0x38 ../drivers\libIotLibrary.a(stdio_driver.o)
 .debug_aranges
                0x00000b78       0x68 ../drivers\libIotLibrary.a(status_leds.o)
 .debug_aranges
                0x00000be0       0x50 ../drivers\libIotLibrary.a(twi.o)
 .debug_aranges
                0x00000c30       0x20 ../drivers\libIotLibrary.a(fifo.o)

.debug_pubnames
 *(.debug_pubnames)

.debug_info     0x00000000     0xe912
 *(.debug_info .gnu.linkonce.wi.*)
 .debug_info    0x00000000      0xbbc C:/Program Files (x86)/Atmel/Studio/7.0/Packs/atmel/ATmega_DFP/1.7.374/gcc/dev/atmega2560/avr6/crtatmega2560.o
 .debug_info    0x00000bbc      0x542 ApplicationImpl.o
 .debug_info    0x000010fe      0x3f7 ConfigurationImpl.o
 .debug_info    0x000014f5      0x339 DownlinkHandlerImpl.o
 .debug_info    0x0000182e      0x434 FanControllerImpl.o
 .debug_info    0x00001c62      0x971 FreeRTOS/src/event_groups.o
 .debug_info    0x000025d3      0x4e6 FreeRTOS/src/heap_4.o
 .debug_info    0x00002ab9      0x2e7 FreeRTOS/src/list.o
 .debug_info    0x00002da0      0x2ff FreeRTOS/src/port.o
 .debug_info    0x0000309f     0x17e6 FreeRTOS/src/queue.o
 .debug_info    0x00004885     0x13df FreeRTOS/src/stream_buffer.o
 .debug_info    0x00005c64     0x2239 FreeRTOS/src/tasks.o
 .debug_info    0x00007e9d     0x10dd FreeRTOS/src/timers.o
 .debug_info    0x00008f7a      0x20f FreeRTOS/src/variantHooks.o
 .debug_info    0x00009189      0x211 PackageHandlerImpl.o
 .debug_info    0x0000939a      0x3d1 Sensors/CO2Sensor.o
 .debug_info    0x0000976b      0x46f Sensors/TempHumSensor.o
 .debug_info    0x00009bda      0x2d6 InitializeImpl.o
 .debug_info    0x00009eb0      0x106 ServoControllerImpl.o
 .debug_info    0x00009fb6      0x663 UplinkHandlerImpl.o
 .debug_info    0x0000a619      0x2cd main.o
 .debug_info    0x0000a8e6      0x3a9 ../drivers\libIotLibrary.a(hih8120.o)
 .debug_info    0x0000ac8f     0x1747 ../drivers\libIotLibrary.a(lora_driver.o)
 .debug_info    0x0000c3d6      0x143 ../drivers\libIotLibrary.a(lora_driver_utils.o)
 .debug_info    0x0000c519      0x556 ../drivers\libIotLibrary.a(mh_z19.o)
 .debug_info    0x0000ca6f      0x10f ../drivers\libIotLibrary.a(rc_servo.o)
 .debug_info    0x0000cb7e      0xd9c ../drivers\libIotLibrary.a(serial.o)
 .debug_info    0x0000d91a      0x3b6 ../drivers\libIotLibrary.a(stdio_driver.o)
 .debug_info    0x0000dcd0      0x522 ../drivers\libIotLibrary.a(status_leds.o)
 .debug_info    0x0000e1f2      0x55d ../drivers\libIotLibrary.a(twi.o)
 .debug_info    0x0000e74f      0x1c3 ../drivers\libIotLibrary.a(fifo.o)

.debug_abbrev   0x00000000     0x3d4a
 *(.debug_abbrev)
 .debug_abbrev  0x00000000      0xb1a C:/Program Files (x86)/Atmel/Studio/7.0/Packs/atmel/ATmega_DFP/1.7.374/gcc/dev/atmega2560/avr6/crtatmega2560.o
 .debug_abbrev  0x00000b1a      0x18f ApplicationImpl.o
 .debug_abbrev  0x00000ca9      0x15d ConfigurationImpl.o
 .debug_abbrev  0x00000e06      0x17d DownlinkHandlerImpl.o
 .debug_abbrev  0x00000f83      0x14a FanControllerImpl.o
 .debug_abbrev  0x000010cd      0x1dc FreeRTOS/src/event_groups.o
 .debug_abbrev  0x000012a9      0x200 FreeRTOS/src/heap_4.o
 .debug_abbrev  0x000014a9       0xff FreeRTOS/src/list.o
 .debug_abbrev  0x000015a8      0x179 FreeRTOS/src/port.o
 .debug_abbrev  0x00001721      0x241 FreeRTOS/src/queue.o
 .debug_abbrev  0x00001962      0x246 FreeRTOS/src/stream_buffer.o
 .debug_abbrev  0x00001ba8      0x2c8 FreeRTOS/src/tasks.o
 .debug_abbrev  0x00001e70      0x28c FreeRTOS/src/timers.o
 .debug_abbrev  0x000020fc       0xff FreeRTOS/src/variantHooks.o
 .debug_abbrev  0x000021fb       0xdb PackageHandlerImpl.o
 .debug_abbrev  0x000022d6      0x1bf Sensors/CO2Sensor.o
 .debug_abbrev  0x00002495      0x1c9 Sensors/TempHumSensor.o
 .debug_abbrev  0x0000265e       0xfb InitializeImpl.o
 .debug_abbrev  0x00002759       0xae ServoControllerImpl.o
 .debug_abbrev  0x00002807      0x1ea UplinkHandlerImpl.o
 .debug_abbrev  0x000029f1      0x108 main.o
 .debug_abbrev  0x00002af9      0x184 ../drivers\libIotLibrary.a(hih8120.o)
 .debug_abbrev  0x00002c7d      0x33b ../drivers\libIotLibrary.a(lora_driver.o)
 .debug_abbrev  0x00002fb8       0xc0 ../drivers\libIotLibrary.a(lora_driver_utils.o)
 .debug_abbrev  0x00003078      0x238 ../drivers\libIotLibrary.a(mh_z19.o)
 .debug_abbrev  0x000032b0       0xbc ../drivers\libIotLibrary.a(rc_servo.o)
 .debug_abbrev  0x0000336c      0x355 ../drivers\libIotLibrary.a(serial.o)
 .debug_abbrev  0x000036c1      0x1b3 ../drivers\libIotLibrary.a(stdio_driver.o)
 .debug_abbrev  0x00003874      0x1d7 ../drivers\libIotLibrary.a(status_leds.o)
 .debug_abbrev  0x00003a4b      0x217 ../drivers\libIotLibrary.a(twi.o)
 .debug_abbrev  0x00003c62       0xe8 ../drivers\libIotLibrary.a(fifo.o)

.debug_line     0x00000000     0x752b
 *(.debug_line .debug_line.* .debug_line_end)
 .debug_line    0x00000000      0x1fa C:/Program Files (x86)/Atmel/Studio/7.0/Packs/atmel/ATmega_DFP/1.7.374/gcc/dev/atmega2560/avr6/crtatmega2560.o
 .debug_line    0x000001fa      0x246 ApplicationImpl.o
 .debug_line    0x00000440      0x21d ConfigurationImpl.o
 .debug_line    0x0000065d      0x1b5 DownlinkHandlerImpl.o
 .debug_line    0x00000812      0x207 FanControllerImpl.o
 .debug_line    0x00000a19      0x413 FreeRTOS/src/event_groups.o
 .debug_line    0x00000e2c      0x41f FreeRTOS/src/heap_4.o
 .debug_line    0x0000124b      0x1db FreeRTOS/src/list.o
 .debug_line    0x00001426      0x28a FreeRTOS/src/port.o
 .debug_line    0x000016b0      0xbe3 FreeRTOS/src/queue.o
 .debug_line    0x00002293      0x79a FreeRTOS/src/stream_buffer.o
 .debug_line    0x00002a2d     0x15ba FreeRTOS/src/tasks.o
 .debug_line    0x00003fe7      0x624 FreeRTOS/src/timers.o
 .debug_line    0x0000460b      0x1af FreeRTOS/src/variantHooks.o
 .debug_line    0x000047ba      0x159 PackageHandlerImpl.o
 .debug_line    0x00004913      0x1e3 Sensors/CO2Sensor.o
 .debug_line    0x00004af6      0x21c Sensors/TempHumSensor.o
 .debug_line    0x00004d12      0x20b InitializeImpl.o
 .debug_line    0x00004f1d       0xdf ServoControllerImpl.o
 .debug_line    0x00004ffc      0x26d UplinkHandlerImpl.o
 .debug_line    0x00005269      0x1f6 main.o
 .debug_line    0x0000545f      0x24a ../drivers\libIotLibrary.a(hih8120.o)
 .debug_line    0x000056a9      0x9aa ../drivers\libIotLibrary.a(lora_driver.o)
 .debug_line    0x00006053      0x195 ../drivers\libIotLibrary.a(lora_driver_utils.o)
 .debug_line    0x000061e8      0x2fc ../drivers\libIotLibrary.a(mh_z19.o)
 .debug_line    0x000064e4       0xfd ../drivers\libIotLibrary.a(rc_servo.o)
 .debug_line    0x000065e1      0x6a1 ../drivers\libIotLibrary.a(serial.o)
 .debug_line    0x00006c82      0x146 ../drivers\libIotLibrary.a(stdio_driver.o)
 .debug_line    0x00006dc8      0x32c ../drivers\libIotLibrary.a(status_leds.o)
 .debug_line    0x000070f4      0x31c ../drivers\libIotLibrary.a(twi.o)
 .debug_line    0x00007410      0x11b ../drivers\libIotLibrary.a(fifo.o)

.debug_frame    0x00000000     0x2994
 *(.debug_frame)
 .debug_frame   0x00000000       0x54 ApplicationImpl.o
 .debug_frame   0x00000054      0x120 ConfigurationImpl.o
 .debug_frame   0x00000174       0x60 DownlinkHandlerImpl.o
 .debug_frame   0x000001d4       0x54 FanControllerImpl.o
 .debug_frame   0x00000228      0x1dc FreeRTOS/src/event_groups.o
 .debug_frame   0x00000404       0xfc FreeRTOS/src/heap_4.o
 .debug_frame   0x00000500       0x90 FreeRTOS/src/list.o
 .debug_frame   0x00000590       0x94 FreeRTOS/src/port.o
 .debug_frame   0x00000624      0x3a4 FreeRTOS/src/queue.o
 .debug_frame   0x000009c8      0x40c FreeRTOS/src/stream_buffer.o
 .debug_frame   0x00000dd4      0x7a0 FreeRTOS/src/tasks.o
 .debug_frame   0x00001574      0x3ac FreeRTOS/src/timers.o
 .debug_frame   0x00001920       0x64 FreeRTOS/src/variantHooks.o
 .debug_frame   0x00001984       0x64 PackageHandlerImpl.o
 .debug_frame   0x000019e8       0x90 Sensors/CO2Sensor.o
 .debug_frame   0x00001a78       0xb0 Sensors/TempHumSensor.o
 .debug_frame   0x00001b28       0x54 InitializeImpl.o
 .debug_frame   0x00001b7c       0x34 ServoControllerImpl.o
 .debug_frame   0x00001bb0       0xb0 UplinkHandlerImpl.o
 .debug_frame   0x00001c60       0x44 main.o
 .debug_frame   0x00001ca4       0xc0 ../drivers\libIotLibrary.a(hih8120.o)
 .debug_frame   0x00001d64      0x460 ../drivers\libIotLibrary.a(lora_driver.o)
 .debug_frame   0x000021c4       0x48 ../drivers\libIotLibrary.a(lora_driver_utils.o)
 .debug_frame   0x0000220c      0x100 ../drivers\libIotLibrary.a(mh_z19.o)
 .debug_frame   0x0000230c       0x34 ../drivers\libIotLibrary.a(rc_servo.o)
 .debug_frame   0x00002340      0x384 ../drivers\libIotLibrary.a(serial.o)
 .debug_frame   0x000026c4       0x94 ../drivers\libIotLibrary.a(stdio_driver.o)
 .debug_frame   0x00002758       0xec ../drivers\libIotLibrary.a(status_leds.o)
 .debug_frame   0x00002844      0x12c ../drivers\libIotLibrary.a(twi.o)
 .debug_frame   0x00002970       0x24 ../drivers\libIotLibrary.a(fifo.o)

.debug_str      0x00000000     0x460c
 *(.debug_str)
 .debug_str     0x00000000      0x3e6 C:/Program Files (x86)/Atmel/Studio/7.0/Packs/atmel/ATmega_DFP/1.7.374/gcc/dev/atmega2560/avr6/crtatmega2560.o
 .debug_str     0x000003e6      0x41b ApplicationImpl.o
                                0x496 (size before relaxing)
 .debug_str     0x00000801      0x208 ConfigurationImpl.o
                                0x42e (size before relaxing)
 .debug_str     0x00000a09       0x8f DownlinkHandlerImpl.o
                                0x36d (size before relaxing)
 .debug_str     0x00000a98       0x80 FanControllerImpl.o
                                0x3e3 (size before relaxing)
 .debug_str     0x00000b18      0x36f FreeRTOS/src/event_groups.o
                                0x59b (size before relaxing)
 .debug_str     0x00000e87      0x2ce FreeRTOS/src/heap_4.o
                                0x491 (size before relaxing)
 .debug_str     0x00001155       0x89 FreeRTOS/src/list.o
                                0x2cd (size before relaxing)
 .debug_str     0x000011de      0x147 FreeRTOS/src/port.o
                                0x302 (size before relaxing)
 .debug_str     0x00001325      0x613 FreeRTOS/src/queue.o
                                0x941 (size before relaxing)
 .debug_str     0x00001938      0x49f FreeRTOS/src/stream_buffer.o
                                0x7ca (size before relaxing)
 .debug_str     0x00001dd7      0x89a FreeRTOS/src/tasks.o
                                0xf62 (size before relaxing)
 .debug_str     0x00002671      0x414 FreeRTOS/src/timers.o
                                0x838 (size before relaxing)
 .debug_str     0x00002a85       0x81 FreeRTOS/src/variantHooks.o
                                0x279 (size before relaxing)
 .debug_str     0x00002b06       0x51 PackageHandlerImpl.o
                                0x285 (size before relaxing)
 .debug_str     0x00002b57      0x16d Sensors/CO2Sensor.o
                                0x3c0 (size before relaxing)
 .debug_str     0x00002cc4      0x18c Sensors/TempHumSensor.o
                                0x459 (size before relaxing)
 .debug_str     0x00002e50       0x5e InitializeImpl.o
                                0x335 (size before relaxing)
 .debug_str     0x00002eae       0x60 ServoControllerImpl.o
                                0x1e2 (size before relaxing)
 .debug_str     0x00002f0e      0x3a1 UplinkHandlerImpl.o
                                0x63c (size before relaxing)
 .debug_str     0x000032af       0x72 main.o
                                0x366 (size before relaxing)
 .debug_str     0x00003321      0x2d9 ../drivers\libIotLibrary.a(hih8120.o)
                                0x45c (size before relaxing)
 .debug_str     0x000035fa      0x6de ../drivers\libIotLibrary.a(lora_driver.o)
                                0xcdb (size before relaxing)
 .debug_str     0x00003cd8       0x4f ../drivers\libIotLibrary.a(lora_driver_utils.o)
                                0x206 (size before relaxing)
 .debug_str     0x00003d27      0x101 ../drivers\libIotLibrary.a(mh_z19.o)
                                0x489 (size before relaxing)
 .debug_str     0x00003e28       0x2c ../drivers\libIotLibrary.a(rc_servo.o)
                                0x1e2 (size before relaxing)
 .debug_str     0x00003e54      0x2e7 ../drivers\libIotLibrary.a(serial.o)
                                0x628 (size before relaxing)
 .debug_str     0x0000413b       0xa6 ../drivers\libIotLibrary.a(stdio_driver.o)
                                0x37d (size before relaxing)
 .debug_str     0x000041e1      0x11a ../drivers\libIotLibrary.a(status_leds.o)
                                0x381 (size before relaxing)
 .debug_str     0x000042fb      0x2ef ../drivers\libIotLibrary.a(twi.o)
                                0x5b4 (size before relaxing)
 .debug_str     0x000045ea       0x22 ../drivers\libIotLibrary.a(fifo.o)
                                0x239 (size before relaxing)

.debug_loc      0x00000000     0xc6b9
 *(.debug_loc)
 .debug_loc     0x00000000      0x11d ApplicationImpl.o
 .debug_loc     0x0000011d      0x1e9 ConfigurationImpl.o
 .debug_loc     0x00000306      0x105 DownlinkHandlerImpl.o
 .debug_loc     0x0000040b      0x11e FanControllerImpl.o
 .debug_loc     0x00000529      0xcc9 FreeRTOS/src/event_groups.o
 .debug_loc     0x000011f2      0x4be FreeRTOS/src/heap_4.o
 .debug_loc     0x000016b0      0x17d FreeRTOS/src/list.o
 .debug_loc     0x0000182d       0xf6 FreeRTOS/src/port.o
 .debug_loc     0x00001923     0x1abd FreeRTOS/src/queue.o
 .debug_loc     0x000033e0     0x1daf FreeRTOS/src/stream_buffer.o
 .debug_loc     0x0000518f     0x2a07 FreeRTOS/src/tasks.o
 .debug_loc     0x00007b96     0x10f3 FreeRTOS/src/timers.o
 .debug_loc     0x00008c89       0xdc FreeRTOS/src/variantHooks.o
 .debug_loc     0x00008d65       0x20 PackageHandlerImpl.o
 .debug_loc     0x00008d85       0xc2 Sensors/CO2Sensor.o
 .debug_loc     0x00008e47      0x14c Sensors/TempHumSensor.o
 .debug_loc     0x00008f93       0x49 InitializeImpl.o
 .debug_loc     0x00008fdc       0x42 ServoControllerImpl.o
 .debug_loc     0x0000901e      0x22c UplinkHandlerImpl.o
 .debug_loc     0x0000924a       0x9f ../drivers\libIotLibrary.a(hih8120.o)
 .debug_loc     0x000092e9     0x1216 ../drivers\libIotLibrary.a(lora_driver.o)
 .debug_loc     0x0000a4ff      0x1d2 ../drivers\libIotLibrary.a(lora_driver_utils.o)
 .debug_loc     0x0000a6d1      0x37c ../drivers\libIotLibrary.a(mh_z19.o)
 .debug_loc     0x0000aa4d       0x2f ../drivers\libIotLibrary.a(rc_servo.o)
 .debug_loc     0x0000aa7c     0x114c ../drivers\libIotLibrary.a(serial.o)
 .debug_loc     0x0000bbc8      0x18c ../drivers\libIotLibrary.a(stdio_driver.o)
 .debug_loc     0x0000bd54      0x292 ../drivers\libIotLibrary.a(status_leds.o)
 .debug_loc     0x0000bfe6      0x575 ../drivers\libIotLibrary.a(twi.o)
 .debug_loc     0x0000c55b      0x15e ../drivers\libIotLibrary.a(fifo.o)

.debug_macinfo
 *(.debug_macinfo)

.debug_weaknames
 *(.debug_weaknames)

.debug_funcnames
 *(.debug_funcnames)

.debug_typenames
 *(.debug_typenames)

.debug_varnames
 *(.debug_varnames)

.debug_pubtypes
 *(.debug_pubtypes)

.debug_ranges   0x00000000      0xb40
 *(.debug_ranges)
 .debug_ranges  0x00000000       0x18 ApplicationImpl.o
 .debug_ranges  0x00000018       0x68 ConfigurationImpl.o
 .debug_ranges  0x00000080       0x18 DownlinkHandlerImpl.o
 .debug_ranges  0x00000098       0x18 FanControllerImpl.o
 .debug_ranges  0x000000b0       0x70 FreeRTOS/src/event_groups.o
 .debug_ranges  0x00000120       0x48 FreeRTOS/src/heap_4.o
 .debug_ranges  0x00000168       0x30 FreeRTOS/src/list.o
 .debug_ranges  0x00000198       0x48 FreeRTOS/src/port.o
 .debug_ranges  0x000001e0      0x130 FreeRTOS/src/queue.o
 .debug_ranges  0x00000310       0xb0 FreeRTOS/src/stream_buffer.o
 .debug_ranges  0x000003c0      0x200 FreeRTOS/src/tasks.o
 .debug_ranges  0x000005c0       0xb8 FreeRTOS/src/timers.o
 .debug_ranges  0x00000678       0x30 FreeRTOS/src/variantHooks.o
 .debug_ranges  0x000006a8       0x30 PackageHandlerImpl.o
 .debug_ranges  0x000006d8       0x38 Sensors/CO2Sensor.o
 .debug_ranges  0x00000710       0x40 Sensors/TempHumSensor.o
 .debug_ranges  0x00000750       0x20 InitializeImpl.o
 .debug_ranges  0x00000770       0x18 ServoControllerImpl.o
 .debug_ranges  0x00000788       0x20 UplinkHandlerImpl.o
 .debug_ranges  0x000007a8       0x20 main.o
 .debug_ranges  0x000007c8       0x58 ../drivers\libIotLibrary.a(hih8120.o)
 .debug_ranges  0x00000820      0x128 ../drivers\libIotLibrary.a(lora_driver.o)
 .debug_ranges  0x00000948       0x30 ../drivers\libIotLibrary.a(lora_driver_utils.o)
 .debug_ranges  0x00000978       0x48 ../drivers\libIotLibrary.a(mh_z19.o)
 .debug_ranges  0x000009c0       0x18 ../drivers\libIotLibrary.a(rc_servo.o)
 .debug_ranges  0x000009d8       0x98 ../drivers\libIotLibrary.a(serial.o)
 .debug_ranges  0x00000a70       0x28 ../drivers\libIotLibrary.a(stdio_driver.o)
 .debug_ranges  0x00000a98       0x58 ../drivers\libIotLibrary.a(status_leds.o)
 .debug_ranges  0x00000af0       0x40 ../drivers\libIotLibrary.a(twi.o)
 .debug_ranges  0x00000b30       0x10 ../drivers\libIotLibrary.a(fifo.o)

.debug_macro
 *(.debug_macro)
OUTPUT(SEP4_Greenhouse.elf elf32-avr)
LOAD linker stubs
