Archive member included to satisfy reference by file (symbol)

../drivers\libIotLibrary.a(hih8120.o)
                              Sensors/TempHumSensor.o (hih8120_initialise)
../drivers\libIotLibrary.a(lora_driver.o)
                              LoRaWANHandler.o (lora_driver_flushBuffers)
../drivers\libIotLibrary.a(lora_driver_utils.o)
                              ../drivers\libIotLibrary.a(lora_driver.o) (decode_port_no)
../drivers\libIotLibrary.a(mh_z19.o)
                              Sensors/CO2Sensor.o (mh_z19_initialise)
../drivers\libIotLibrary.a(serial.o)
                              ../drivers\libIotLibrary.a(lora_driver.o) (serial_create)
../drivers\libIotLibrary.a(stdio_driver.o)
                              main.o (stdio_initialise)
../drivers\libIotLibrary.a(status_leds.o)
                              main.o (status_leds_initialise)
../drivers\libIotLibrary.a(twi.o)
                              ../drivers\libIotLibrary.a(hih8120.o) (twiCreate)
../drivers\libIotLibrary.a(fifo.o)
                              ../drivers\libIotLibrary.a(serial.o) (fifo_init)
c:/program files (x86)/atmel/studio/7.0/toolchain/avr8/avr8-gnu-toolchain/bin/../lib/gcc/avr/5.4.0/../../../../avr/lib/avr6\libprintf_flt.a(vfprintf_flt.o)
                              (vfprintf)
c:/program files (x86)/atmel/studio/7.0/toolchain/avr8/avr8-gnu-toolchain/bin/../lib/gcc/avr/5.4.0/../../../../avr/lib/avr6\libm.a(addsf3.o)
                              ../drivers\libIotLibrary.a(hih8120.o) (__subsf3)
c:/program files (x86)/atmel/studio/7.0/toolchain/avr8/avr8-gnu-toolchain/bin/../lib/gcc/avr/5.4.0/../../../../avr/lib/avr6\libm.a(addsf3x.o)
                              c:/program files (x86)/atmel/studio/7.0/toolchain/avr8/avr8-gnu-toolchain/bin/../lib/gcc/avr/5.4.0/../../../../avr/lib/avr6\libm.a(addsf3.o) (__addsf3x)
c:/program files (x86)/atmel/studio/7.0/toolchain/avr8/avr8-gnu-toolchain/bin/../lib/gcc/avr/5.4.0/../../../../avr/lib/avr6\libm.a(divsf3.o)
                              ../drivers\libIotLibrary.a(hih8120.o) (__divsf3)
c:/program files (x86)/atmel/studio/7.0/toolchain/avr8/avr8-gnu-toolchain/bin/../lib/gcc/avr/5.4.0/../../../../avr/lib/avr6\libm.a(divsf3x.o)
                              c:/program files (x86)/atmel/studio/7.0/toolchain/avr8/avr8-gnu-toolchain/bin/../lib/gcc/avr/5.4.0/../../../../avr/lib/avr6\libm.a(divsf3.o) (__divsf3x)
c:/program files (x86)/atmel/studio/7.0/toolchain/avr8/avr8-gnu-toolchain/bin/../lib/gcc/avr/5.4.0/../../../../avr/lib/avr6\libm.a(fixsfsi.o)
                              ../drivers\libIotLibrary.a(hih8120.o) (__fixsfsi)
c:/program files (x86)/atmel/studio/7.0/toolchain/avr8/avr8-gnu-toolchain/bin/../lib/gcc/avr/5.4.0/../../../../avr/lib/avr6\libm.a(fixunssfsi.o)
                              ../drivers\libIotLibrary.a(hih8120.o) (__fixunssfsi)
c:/program files (x86)/atmel/studio/7.0/toolchain/avr8/avr8-gnu-toolchain/bin/../lib/gcc/avr/5.4.0/../../../../avr/lib/avr6\libm.a(floatsisf.o)
                              ../drivers\libIotLibrary.a(hih8120.o) (__floatunsisf)
c:/program files (x86)/atmel/studio/7.0/toolchain/avr8/avr8-gnu-toolchain/bin/../lib/gcc/avr/5.4.0/../../../../avr/lib/avr6\libm.a(fp_inf.o)
                              c:/program files (x86)/atmel/studio/7.0/toolchain/avr8/avr8-gnu-toolchain/bin/../lib/gcc/avr/5.4.0/../../../../avr/lib/avr6\libm.a(addsf3x.o) (__fp_inf)
c:/program files (x86)/atmel/studio/7.0/toolchain/avr8/avr8-gnu-toolchain/bin/../lib/gcc/avr/5.4.0/../../../../avr/lib/avr6\libm.a(fp_nan.o)
                              c:/program files (x86)/atmel/studio/7.0/toolchain/avr8/avr8-gnu-toolchain/bin/../lib/gcc/avr/5.4.0/../../../../avr/lib/avr6\libm.a(addsf3x.o) (__fp_nan)
c:/program files (x86)/atmel/studio/7.0/toolchain/avr8/avr8-gnu-toolchain/bin/../lib/gcc/avr/5.4.0/../../../../avr/lib/avr6\libm.a(fp_pscA.o)
                              c:/program files (x86)/atmel/studio/7.0/toolchain/avr8/avr8-gnu-toolchain/bin/../lib/gcc/avr/5.4.0/../../../../avr/lib/avr6\libm.a(addsf3x.o) (__fp_pscA)
c:/program files (x86)/atmel/studio/7.0/toolchain/avr8/avr8-gnu-toolchain/bin/../lib/gcc/avr/5.4.0/../../../../avr/lib/avr6\libm.a(fp_pscB.o)
                              c:/program files (x86)/atmel/studio/7.0/toolchain/avr8/avr8-gnu-toolchain/bin/../lib/gcc/avr/5.4.0/../../../../avr/lib/avr6\libm.a(addsf3x.o) (__fp_pscB)
c:/program files (x86)/atmel/studio/7.0/toolchain/avr8/avr8-gnu-toolchain/bin/../lib/gcc/avr/5.4.0/../../../../avr/lib/avr6\libm.a(fp_round.o)
                              c:/program files (x86)/atmel/studio/7.0/toolchain/avr8/avr8-gnu-toolchain/bin/../lib/gcc/avr/5.4.0/../../../../avr/lib/avr6\libm.a(addsf3.o) (__fp_round)
c:/program files (x86)/atmel/studio/7.0/toolchain/avr8/avr8-gnu-toolchain/bin/../lib/gcc/avr/5.4.0/../../../../avr/lib/avr6\libm.a(fp_split3.o)
[...]
Memory Configuration

Name             Origin             Length             Attributes
text             0x00000000         0x00040000         xr
data             0x00800200         0x00002000         rw !x
eeprom           0x00810000         0x00001000         rw !x
fuse             0x00820000         0x00000003         rw !x
lock             0x00830000         0x00000400         rw !x
signature        0x00840000         0x00000400         rw !x
user_signatures  0x00850000         0x00000400         rw !x
*default*        0x00000000         0xffffffff

Linker script and memory map

Address of section .data set to 0x800200
LOAD C:/Program Files (x86)/Atmel/Studio/7.0/Packs/atmel/ATmega_DFP/1.7.374/gcc/dev/atmega2560/avr6/crtatmega2560.o
LOAD Application.o
LOAD FreeRTOS/FreeRTOSTraceDriver/FreeRTOSTraceDriver.o
LOAD FreeRTOS/src/croutine.o
LOAD FreeRTOS/src/event_groups.o
LOAD FreeRTOS/src/heap_4.o
LOAD FreeRTOS/src/list.o
LOAD FreeRTOS/src/port.o
LOAD FreeRTOS/src/queue.o
LOAD FreeRTOS/src/stream_buffer.o
LOAD FreeRTOS/src/tasks.o
LOAD FreeRTOS/src/timers.o
LOAD FreeRTOS/src/variantHooks.o
LOAD PackageHandlerImpl.o
LOAD Sensors/CO2Sensor.o
LOAD Sensors/TempHumSensor.o
LOAD LoRaWANHandler.o
LOAD main.o
START GROUP
LOAD c:/program files (x86)/atmel/studio/7.0/toolchain/avr8/avr8-gnu-toolchain/bin/../lib/gcc/avr/5.4.0/../../../../avr/lib/avr6\libm.a
LOAD ../drivers\libIotLibrary.a
LOAD c:/program files (x86)/atmel/studio/7.0/toolchain/avr8/avr8-gnu-toolchain/bin/../lib/gcc/avr/5.4.0/../../../../avr/lib/avr6\libprintf_flt.a
END GROUP
LOAD c:/program files (x86)/atmel/studio/7.0/toolchain/avr8/avr8-gnu-toolchain/bin/../lib/gcc/avr/5.4.0/avr6\libgcc.a
LOAD c:/program files (x86)/atmel/studio/7.0/toolchain/avr8/avr8-gnu-toolchain/bin/../lib/gcc/avr/5.4.0/../../../../avr/lib/avr6\libm.a
START GROUP
LOAD c:/program files (x86)/atmel/studio/7.0/toolchain/avr8/avr8-gnu-toolchain/bin/../lib/gcc/avr/5.4.0/avr6\libgcc.a
LOAD c:/program files (x86)/atmel/studio/7.0/toolchain/avr8/avr8-gnu-toolchain/bin/../lib/gcc/avr/5.4.0/../../../../avr/lib/avr6\libm.a
LOAD c:/program files (x86)/atmel/studio/7.0/toolchain/avr8/avr8-gnu-toolchain/bin/../lib/gcc/avr/5.4.0/../../../../avr/lib/avr6\libc.a
LOAD C:/Program Files (x86)/Atmel/Studio/7.0/Packs/atmel/ATmega_DFP/1.7.374/gcc/dev/atmega2560/avr6\libatmega2560.a
END GROUP
                0x00000000                __TEXT_REGION_ORIGIN__ = DEFINED (__TEXT_REGION_ORIGIN__)?__TEXT_REGION_ORIGIN__:0x0
                [0x00800200]                __DATA_REGION_ORIGIN__ = DEFINED (__DATA_REGION_ORIGIN__)?__DATA_REGION_ORIGIN__:0x800200
                [0x00040000]                __TEXT_REGION_LENGTH__ = DEFINED (__TEXT_REGION_LENGTH__)?__TEXT_REGION_LENGTH__:0x100000
                [0x00002000]                __DATA_REGION_LENGTH__ = DEFINED (__DATA_REGION_LENGTH__)?__DATA_REGION_LENGTH__:0xfe00
                [0x00001000]                __EEPROM_REGION_LENGTH__ = DEFINED (__EEPROM_REGION_LENGTH__)?__EEPROM_REGION_LENGTH__:0x10000
                [0x00000003]                __FUSE_REGION_LENGTH__ = DEFINED (__FUSE_REGION_LENGTH__)?__FUSE_REGION_LENGTH__:0x400
                0x00000400                __LOCK_REGION_LENGTH__ = DEFINED (__LOCK_REGION_LENGTH__)?__LOCK_REGION_LENGTH__:0x400
                0x00000400                __SIGNATURE_REGION_LENGTH__ = DEFINED (__SIGNATURE_REGION_LENGTH__)?__SIGNATURE_REGION_LENGTH__:0x400
                0x00000400                __USER_SIGNATURE_REGION_LENGTH__ = DEFINED (__USER_SIGNATURE_REGION_LENGTH__)?__USER_SIGNATURE_REGION_LENGTH__:0x400

.hash
 *(.hash)

.dynsym
 *(.dynsym)

.dynstr
 *(.dynstr)

.gnu.version
 *(.gnu.version)

.gnu.version_d
 *(.gnu.version_d)

.gnu.version_r
 *(.gnu.version_r)

.rel.init
 *(.rel.init)

.rela.init
 *(.rela.init)

.rel.text
 *(.rel.text)
 *(.rel.text.*)
 *(.rel.gnu.linkonce.t*)

.rela.text
 *(.rela.text)
 *(.rela.text.*)
 *(.rela.gnu.linkonce.t*)

.rel.fini
 *(.rel.fini)

.rela.fini
 *(.rela.fini)

.rel.rodata
 *(.rel.rodata)
 *(.rel.rodata.*)
 *(.rel.gnu.linkonce.r*)

.rela.rodata
 *(.rela.rodata)
 *(.rela.rodata.*)
 *(.rela.gnu.linkonce.r*)

.rel.data
 *(.rel.data)
 *(.rel.data.*)
 *(.rel.gnu.linkonce.d*)

.rela.data
 *(.rela.data)
 *(.rela.data.*)
 *(.rela.gnu.linkonce.d*)

.rel.ctors
 *(.rel.ctors)

.rela.ctors
 *(.rela.ctors)

.rel.dtors
 *(.rel.dtors)

.rela.dtors
 *(.rela.dtors)

.rel.got
 *(.rel.got)

.rela.got
 *(.rela.got)

.rel.bss
 *(.rel.bss)

.rela.bss
 *(.rela.bss)

.rel.plt
 *(.rel.plt)

.rela.plt
 *(.rela.plt)

.text           0x00000000     0x67bc
 *(.vectors)
 .vectors       0x00000000       0xe4 C:/Program Files (x86)/Atmel/Studio/7.0/Packs/atmel/ATmega_DFP/1.7.374/gcc/dev/atmega2560/avr6/crtatmega2560.o
                0x00000000                __vector_default
                0x00000000                __vectors
 *(.vectors)
 *(.progmem.gcc*)
 .progmem.gcc_sw_table.prvProcessReceivedCommands
                0x000000e4       0x14 FreeRTOS/src/timers.o
 .progmem.gcc_sw_table.__vector_39
                0x000000f8       0xa2 ../drivers\libIotLibrary.a(twi.o)
                0x0000019a                . = ALIGN (0x2)
                0x0000019a                __trampolines_start = .
 *(.trampolines)
 .trampolines   0x0000019a        0x0 linker stubs
 *(.trampolines*)
                0x0000019a                __trampolines_end = .
 *libprintf_flt.a:*(.progmem.data)
 .progmem.data  0x0000019a        0x8 c:/program files (x86)/atmel/studio/7.0/toolchain/avr8/avr8-gnu-toolchain/bin/../lib/gcc/avr/5.4.0/../../../../avr/lib/avr6\libprintf_flt.a(vfprintf_flt.o)
 *libc.a:*(.progmem.data)
 .progmem.data  0x000001a2       0xfa c:/program files (x86)/atmel/studio/7.0/toolchain/avr8/avr8-gnu-toolchain/bin/../lib/gcc/avr/5.4.0/../../../../avr/lib/avr6\libc.a(ftoa_engine.o)
 *(.progmem*)
                0x0000029c                . = ALIGN (0x2)
 *(.jumptables)
 *(.jumptables*)
 *(.lowtext)
 .lowtext       0x0000029c       0x14 FreeRTOS/src/tasks.o
 .lowtext       0x000002b0       0x1e FreeRTOS/src/timers.o
 *(.lowtext*)
                0x000002ce                __ctors_start = .
 *(.ctors)
                0x000002ce                __ctors_end = .
                0x000002ce                __dtors_start = .
 *(.dtors)
                0x000002ce                __dtors_end = .
 SORT(*)(.ctors)
 SORT(*)(.dtors)
 *(.init0)
 .init0         0x000002ce        0x0 C:/Program Files (x86)/Atmel/Studio/7.0/Packs/atmel/ATmega_DFP/1.7.374/gcc/dev/atmega2560/avr6/crtatmega2560.o
                0x000002ce                __init
 *(.init0)
 *(.init1)
 *(.init1)
 *(.init2)
 .init2         0x000002ce       0x10 C:/Program Files (x86)/Atmel/Studio/7.0/Packs/atmel/ATmega_DFP/1.7.374/gcc/dev/atmega2560/avr6/crtatmega2560.o
 *(.init2)
 *(.init3)
 *(.init3)
 *(.init4)
 .init4         0x000002de       0x1a c:/program files (x86)/atmel/studio/7.0/toolchain/avr8/avr8-gnu-toolchain/bin/../lib/gcc/avr/5.4.0/avr6\libgcc.a(_copy_data.o)
                0x000002de                __do_copy_data
 .init4         0x000002f8       0x10 c:/program files (x86)/atmel/studio/7.0/toolchain/avr8/avr8-gnu-toolchain/bin/../lib/gcc/avr/5.4.0/avr6\libgcc.a(_clear_bss.o)
                0x000002f8                __do_clear_bss
 *(.init4)
 *(.init5)
 *(.init5)
 *(.init6)
 *(.init6)
 *(.init7)
 *(.init7)
 *(.init8)
 *(.init8)
 *(.init9)
 .init9         0x00000308        0x8 C:/Program Files (x86)/Atmel/Studio/7.0/Packs/atmel/ATmega_DFP/1.7.374/gcc/dev/atmega2560/avr6/crtatmega2560.o
 *(.init9)
 *(.text)
 .text          0x00000310        0x2 C:/Program Files (x86)/Atmel/Studio/7.0/Packs/atmel/ATmega_DFP/1.7.374/gcc/dev/atmega2560/avr6/crtatmega2560.o
                0x00000310                __vector_38
                0x00000310                __vector_22
                0x00000310                __vector_28
                0x00000310                __vector_1
                0x00000310                __vector_32
                0x00000310                __vector_34
                0x00000310                __vector_24
                0x00000310                __vector_46
                0x00000310                __bad_interrupt
                0x00000310                __vector_6
                0x00000310                __vector_31
                0x00000310                __vector_35
                0x00000310                __vector_3
                0x00000310                __vector_23
                0x00000310                __vector_30
                0x00000310                __vector_45
                0x00000310                __vector_11
                0x00000310                __vector_13
                0x00000310                __vector_17
                0x00000310                __vector_19
                0x00000310                __vector_56
                0x00000310                __vector_7
                0x00000310                __vector_49
                0x00000310                __vector_41
                0x00000310                __vector_43
                0x00000310                __vector_27
                0x00000310                __vector_5
                0x00000310                __vector_33
                0x00000310                __vector_47
                0x00000310                __vector_4
                0x00000310                __vector_44
                0x00000310                __vector_9
                0x00000310                __vector_2
                0x00000310                __vector_21
                0x00000310                __vector_15
                0x00000310                __vector_29
                0x00000310                __vector_40
                0x00000310                __vector_8
                0x00000310                __vector_48
                0x00000310                __vector_14
                0x00000310                __vector_53
                0x00000310                __vector_10
                0x00000310                __vector_50
                0x00000310                __vector_16
                0x00000310                __vector_18
                0x00000310                __vector_20
                0x00000310                __vector_42
                0x00000312                . = ALIGN (0x2)
 *(.text.*)
 .text.main_application_task
                0x00000312       0xde Application.o
                0x00000312                main_application_task
 .text.create_sensor_tasks
                0x000003f0        0xa Application.o
                0x000003f0                create_sensor_tasks
 .text.initialize_event_groups
                0x000003fa       0x16 Application.o
                0x000003fa                initialize_event_groups
 .text.initialize_application
                0x00000410       0x46 Application.o
                0x00000410                initialize_application
 .text.prvTestWaitCondition
                0x00000456       0x42 FreeRTOS/src/event_groups.o
 .text.xEventGroupCreate
                0x00000498       0x26 FreeRTOS/src/event_groups.o
                0x00000498                xEventGroupCreate
 .text.xEventGroupWaitBits
                0x000004be      0x140 FreeRTOS/src/event_groups.o
                0x000004be                xEventGroupWaitBits
 .text.xEventGroupSetBits
                0x000005fe      0x11c FreeRTOS/src/event_groups.o
                0x000005fe                xEventGroupSetBits
 .text.prvHeapInit
                0x0000071a       0x52 FreeRTOS/src/heap_4.o
 .text.prvInsertBlockIntoFreeList
                0x0000076c       0x94 FreeRTOS/src/heap_4.o
 .text.pvPortMalloc
                0x00000800      0x152 FreeRTOS/src/heap_4.o
                0x00000800                pvPortMalloc
 .text.vPortFree
                0x00000952       0x7a FreeRTOS/src/heap_4.o
                0x00000952                vPortFree
 .text.vListInitialise
                0x000009cc       0x22 FreeRTOS/src/list.o
                0x000009cc                vListInitialise
 .text.vListInitialiseItem
                0x000009ee        0x8 FreeRTOS/src/list.o
                0x000009ee                vListInitialiseItem
 .text.vListInsert
                0x000009f6       0x7a FreeRTOS/src/list.o
                0x000009f6                vListInsert
 .text.uxListRemove
                0x00000a70       0x4e FreeRTOS/src/list.o
                0x00000a70                uxListRemove
 .text.prvSetupTimerInterrupt
                0x00000abe       0x18 FreeRTOS/src/port.o
 .text.pxPortInitialiseStack
                0x00000ad6       0x2e FreeRTOS/src/port.o
                0x00000ad6                pxPortInitialiseStack
 .text.xPortStartScheduler
                0x00000b04       0x64 FreeRTOS/src/port.o
                0x00000b04                xPortStartScheduler
 .text.vPortYield
                0x00000b68       0xc2 FreeRTOS/src/port.o
                0x00000b68                vPortYield
 .text.vPortYieldFromTick
                0x00000c2a       0xca FreeRTOS/src/port.o
                0x00000c2a                vPortYieldFromTick
 .text.__vector_12
                0x00000cf4        0x4 FreeRTOS/src/port.o
                0x00000cf4                __vector_12
 .text.prvIsQueueEmpty
                0x00000cf8       0x1a FreeRTOS/src/queue.o
 .text.prvIsQueueFull
                0x00000d12       0x1c FreeRTOS/src/queue.o
 .text.prvCopyDataToQueue
                0x00000d2e       0xbe FreeRTOS/src/queue.o
 .text.prvCopyDataFromQueue
                0x00000dec       0x34 FreeRTOS/src/queue.o
 .text.prvUnlockQueue
                0x00000e20       0x68 FreeRTOS/src/queue.o
 .text.xQueueGenericReset
                0x00000e88       0x86 FreeRTOS/src/queue.o
                0x00000e88                xQueueGenericReset
 .text.prvInitialiseNewQueue
                0x00000f0e       0x24 FreeRTOS/src/queue.o
 .text.xQueueGenericCreate
                0x00000f32       0x46 FreeRTOS/src/queue.o
                0x00000f32                xQueueGenericCreate
 .text.xQueueGenericSend
                0x00000f78      0x122 FreeRTOS/src/queue.o
                0x00000f78                xQueueGenericSend
 .text.xQueueGenericSendFromISR
                0x0000109a       0x76 FreeRTOS/src/queue.o
                0x0000109a                xQueueGenericSendFromISR
 .text.xQueueReceive
                0x00001110      0x11e FreeRTOS/src/queue.o
                0x00001110                xQueueReceive
 .text.vQueueWaitForMessageRestricted
                0x0000122e       0x38 FreeRTOS/src/queue.o
                0x0000122e                vQueueWaitForMessageRestricted
 .text.prvBytesInBuffer
                0x00001266       0x26 FreeRTOS/src/stream_buffer.o
 .text.prvInitialiseNewStreamBuffer
                0x0000128c       0x20 FreeRTOS/src/stream_buffer.o
 .text.prvWriteBytesToBuffer
                0x000012ac       0x92 FreeRTOS/src/stream_buffer.o
 .text.prvWriteMessageToBuffer
                0x0000133e       0x86 FreeRTOS/src/stream_buffer.o
 .text.prvReadBytesFromBuffer
                0x000013c4       0x9e FreeRTOS/src/stream_buffer.o
 .text.prvReadMessageFromBuffer
                0x00001462       0x8a FreeRTOS/src/stream_buffer.o
 .text.xStreamBufferGenericCreate
                0x000014ec       0x64 FreeRTOS/src/stream_buffer.o
                0x000014ec                xStreamBufferGenericCreate
 .text.xStreamBufferReset
                0x00001550       0x3c FreeRTOS/src/stream_buffer.o
                0x00001550                xStreamBufferReset
 .text.xStreamBufferSpacesAvailable
                0x0000158c       0x24 FreeRTOS/src/stream_buffer.o
                0x0000158c                xStreamBufferSpacesAvailable
 .text.xStreamBufferSend
                0x000015b0      0x18a FreeRTOS/src/stream_buffer.o
                0x000015b0                xStreamBufferSend
 .text.xStreamBufferSendFromISR
                0x0000173a       0x88 FreeRTOS/src/stream_buffer.o
                0x0000173a                xStreamBufferSendFromISR
 .text.xStreamBufferReceive
                0x000017c2      0x106 FreeRTOS/src/stream_buffer.o
                0x000017c2                xStreamBufferReceive
 .text.prvResetNextTaskUnblockTime
                0x000018c8       0x4e FreeRTOS/src/tasks.o
 .text.prvDeleteTCB
                0x00001916       0x16 FreeRTOS/src/tasks.o
 .text.prvInitialiseNewTask
                0x0000192c       0xf6 FreeRTOS/src/tasks.o
 .text.prvInitialiseTaskLists
                0x00001a22       0x60 FreeRTOS/src/tasks.o
 .text.prvAddNewTaskToReadyList
                0x00001a82       0xdc FreeRTOS/src/tasks.o
 .text.prvCheckTasksWaitingTermination
                0x00001b5e       0x4a FreeRTOS/src/tasks.o
 .text.prvAddCurrentTaskToDelayedList
                0x00001ba8      0x144 FreeRTOS/src/tasks.o
 .text.xTaskCreate
                0x00001cec       0x98 FreeRTOS/src/tasks.o
                0x00001cec                xTaskCreate
 .text.vTaskStartScheduler
                0x00001d84       0x70 FreeRTOS/src/tasks.o
                0x00001d84                vTaskStartScheduler
 .text.vTaskSuspendAll
                0x00001df4        0xc FreeRTOS/src/tasks.o
                0x00001df4                vTaskSuspendAll
 .text.xTaskGetTickCount
                0x00001e00       0x1c FreeRTOS/src/tasks.o
                0x00001e00                xTaskGetTickCount
 .text.xTaskIncrementTick
                0x00001e1c      0x258 FreeRTOS/src/tasks.o
                0x00001e1c                xTaskIncrementTick
 .text.xTaskResumeAll
                0x00002074      0x1b8 FreeRTOS/src/tasks.o
                0x00002074                xTaskResumeAll
 .text.xTaskDelayUntil
                0x0000222c       0xca FreeRTOS/src/tasks.o
                0x0000222c                xTaskDelayUntil
 .text.vTaskDelay
                0x000022f6       0x36 FreeRTOS/src/tasks.o
                0x000022f6                vTaskDelay
 .text.vTaskSwitchContext
                0x0000232c       0xca FreeRTOS/src/tasks.o
                0x0000232c                vTaskSwitchContext
 .text.vTaskPlaceOnEventList
                0x000023f6       0x2e FreeRTOS/src/tasks.o
                0x000023f6                vTaskPlaceOnEventList
 .text.vTaskPlaceOnUnorderedEventList
                0x00002424       0x94 FreeRTOS/src/tasks.o
                0x00002424                vTaskPlaceOnUnorderedEventList
 .text.vTaskPlaceOnEventListRestricted
                0x000024b8       0x84 FreeRTOS/src/tasks.o
                0x000024b8                vTaskPlaceOnEventListRestricted
 .text.xTaskRemoveFromEventList
                0x0000253c      0x15e FreeRTOS/src/tasks.o
                0x0000253c                xTaskRemoveFromEventList
 .text.vTaskRemoveFromUnorderedEventList
                0x0000269a      0x134 FreeRTOS/src/tasks.o
                0x0000269a                vTaskRemoveFromUnorderedEventList
 .text.vTaskSetTimeOutState
                0x000027ce       0x2c FreeRTOS/src/tasks.o
                0x000027ce                vTaskSetTimeOutState
 .text.vTaskInternalSetTimeOutState
                0x000027fa       0x22 FreeRTOS/src/tasks.o
                0x000027fa                vTaskInternalSetTimeOutState
 .text.xTaskCheckForTimeOut
                0x0000281c       0xcc FreeRTOS/src/tasks.o
                0x0000281c                xTaskCheckForTimeOut
 .text.vTaskMissedYield
                0x000028e8        0x8 FreeRTOS/src/tasks.o
                0x000028e8                vTaskMissedYield
 .text.xTaskGetCurrentTaskHandle
                0x000028f0        0xa FreeRTOS/src/tasks.o
                0x000028f0                xTaskGetCurrentTaskHandle
 .text.xTaskGetSchedulerState
                0x000028fa       0x1c FreeRTOS/src/tasks.o
                0x000028fa                xTaskGetSchedulerState
 .text.xTaskPriorityDisinherit
                0x00002916       0xb6 FreeRTOS/src/tasks.o
                0x00002916                xTaskPriorityDisinherit
 .text.uxTaskResetEventItemValue
                0x000029cc       0x54 FreeRTOS/src/tasks.o
                0x000029cc                uxTaskResetEventItemValue
 .text.xTaskGenericNotifyWait
                0x00002a20      0x14e FreeRTOS/src/tasks.o
                0x00002a20                xTaskGenericNotifyWait
 .text.xTaskGenericNotify
                0x00002b6e      0x1ee FreeRTOS/src/tasks.o
                0x00002b6e                xTaskGenericNotify
 .text.xTaskGenericNotifyFromISR
                0x00002d5c      0x244 FreeRTOS/src/tasks.o
                0x00002d5c                xTaskGenericNotifyFromISR
 .text.xTaskGenericNotifyStateClear
                0x00002fa0       0x34 FreeRTOS/src/tasks.o
                0x00002fa0                xTaskGenericNotifyStateClear
 .text.prvGetNextExpireTime
                0x00002fd4       0x30 FreeRTOS/src/timers.o
 .text.prvInsertTimerInActiveList
                0x00003004       0x92 FreeRTOS/src/timers.o
 .text.prvCheckForValidListAndQueue
                0x00003096       0x52 FreeRTOS/src/timers.o
 .text.xTimerCreateTimerTask
                0x000030e8       0x42 FreeRTOS/src/timers.o
                0x000030e8                xTimerCreateTimerTask
 .text.xTimerGenericCommand
                0x0000312a       0xbc FreeRTOS/src/timers.o
                0x0000312a                xTimerGenericCommand
 .text.prvSwitchTimerLists
                0x000031e6       0xd0 FreeRTOS/src/timers.o
 .text.prvSampleTimeNow
                0x000032b6       0x5c FreeRTOS/src/timers.o
 .text.prvProcessExpiredTimer
                0x00003312       0xac FreeRTOS/src/timers.o
 .text.prvProcessTimerOrBlockTask
                0x000033be       0xae FreeRTOS/src/timers.o
 .text.prvProcessReceivedCommands
                0x0000346c      0x168 FreeRTOS/src/timers.o
 .text.vApplicationIdleHook
                0x000035d4        0x2 FreeRTOS/src/variantHooks.o
                0x000035d4                vApplicationIdleHook
 .text.prvSetMainLedOn
                0x000035d6        0xe FreeRTOS/src/variantHooks.o
                0x000035d6                prvSetMainLedOn
 .text.prvBlinkMainLed
                0x000035e4        0x8 FreeRTOS/src/variantHooks.o
                0x000035e4                prvBlinkMainLed
 .text.vApplicationMallocFailedHook
                0x000035ec       0x18 FreeRTOS/src/variantHooks.o
                0x000035ec                vApplicationMallocFailedHook
 .text.vApplicationStackOverflowHook
                0x00003604       0x18 FreeRTOS/src/variantHooks.o
                0x00003604                vApplicationStackOverflowHook
 .text.set_temperature_percent
                0x0000361c        0xa PackageHandlerImpl.o
                0x0000361c                set_temperature_percent
 .text.set_humidity_percent
                0x00003626        0xa PackageHandlerImpl.o
                0x00003626                set_humidity_percent
 .text.set_CO2_ppm
                0x00003630        0xa PackageHandlerImpl.o
                0x00003630                set_CO2_ppm
 .text.get_lora_package
                0x0000363a       0x34 PackageHandlerImpl.o
                0x0000363a                get_lora_package
 .text.myCo2CallBack
                0x0000366e        0xa Sensors/CO2Sensor.o
                0x0000366e                myCo2CallBack
 .text.CO2_createSensor
                0x00003678        0xc Sensors/CO2Sensor.o
                0x00003678                CO2_createSensor
 .text.CO2_measure
                0x00003684       0x2e Sensors/CO2Sensor.o
                0x00003684                CO2_measure
 .text.MeasureCo2Task
                0x000036b2       0x3c Sensors/CO2Sensor.o
                0x000036b2                MeasureCo2Task
 .text.CO2_getPPM
                0x000036ee        0xa Sensors/CO2Sensor.o
                0x000036ee                CO2_getPPM
 .text.createCO2SensorTask
                0x000036f8       0x2a Sensors/CO2Sensor.o
                0x000036f8                createCO2SensorTask
 .text.initialise_TempHumSensor
                0x00003722       0x18 Sensors/TempHumSensor.o
                0x00003722                initialise_TempHumSensor
 .text.create_TempHumSensorTask
                0x0000373a       0x2a Sensors/TempHumSensor.o
                0x0000373a                create_TempHumSensorTask
 .text.measure_Temp_Hum
                0x00003764       0x46 Sensors/TempHumSensor.o
                0x00003764                measure_Temp_Hum
 .text.Temp_Hum_Main_Task
                0x000037aa       0x50 Sensors/TempHumSensor.o
                0x000037aa                Temp_Hum_Main_Task
 .text.TempHumSensor_getTemp
                0x000037fa        0xa Sensors/TempHumSensor.o
                0x000037fa                TempHumSensor_getTemp
 .text.TempHumSensor_getHum
                0x00003804        0xa Sensors/TempHumSensor.o
                0x00003804                TempHumSensor_getHum
 .text._lora_setup
                0x0000380e      0x188 LoRaWANHandler.o
 .text.lora_handler_task
                0x00003996      0x114 LoRaWANHandler.o
                0x00003996                lora_handler_task
 .text.setUplinkMessageBufferHandle
                0x00003aaa        0xa LoRaWANHandler.o
                0x00003aaa                setUplinkMessageBufferHandle
 .text.lora_handler_initialise
                0x00003ab4       0x28 LoRaWANHandler.o
                0x00003ab4                lora_handler_initialise
 .text.initializeSystem
                0x00003adc       0x24 main.o
                0x00003adc                initializeSystem
 .text.main     0x00003b00       0x10 main.o
                0x00003b00                main
 .text._hihTwiCallback
                0x00003b10       0x5a ../drivers\libIotLibrary.a(hih8120.o)
 .text.hih8120_initialise
                0x00003b6a       0x30 ../drivers\libIotLibrary.a(hih8120.o)
                0x00003b6a                hih8120_initialise
 .text.hih8120_wakeup
                0x00003b9a       0x2a ../drivers\libIotLibrary.a(hih8120.o)
                0x00003b9a                hih8120_wakeup
 .text.hih8120_measure
                0x00003bc4       0x22 ../drivers\libIotLibrary.a(hih8120.o)
                0x00003bc4                hih8120_measure
 .text.hih8120_getHumidity
                0x00003be6       0x2a ../drivers\libIotLibrary.a(hih8120.o)
                0x00003be6                hih8120_getHumidity
 .text.hih8120_getHumidityPercent_x10
                0x00003c10       0x16 ../drivers\libIotLibrary.a(hih8120.o)
                0x00003c10                hih8120_getHumidityPercent_x10
 .text.hih8120_getTemperature
                0x00003c26       0x36 ../drivers\libIotLibrary.a(hih8120.o)
                0x00003c26                hih8120_getTemperature
 .text.hih8120_getTemperature_x10
                0x00003c5c       0x16 ../drivers\libIotLibrary.a(hih8120.o)
                0x00003c5c                hih8120_getTemperature_x10
 .text._serialCallBack
                0x00003c72       0x8c ../drivers\libIotLibrary.a(lora_driver.o)
 .text._uploadMessage
                0x00003cfe       0xb4 ../drivers\libIotLibrary.a(lora_driver.o)
 .text._reply2ReturnCode
                0x00003db2       0xea ../drivers\libIotLibrary.a(lora_driver.o)
 .text._uploadMessageRc
                0x00003e9c        0x6 ../drivers\libIotLibrary.a(lora_driver.o)
 .text.lora_driver_flushBuffers
                0x00003ea2        0xe ../drivers\libIotLibrary.a(lora_driver.o)
                0x00003ea2                lora_driver_flushBuffers
 .text.lora_driver_initialise
                0x00003eb0       0x80 ../drivers\libIotLibrary.a(lora_driver.o)
                0x00003eb0                lora_driver_initialise
 .text.lora_driver_resetRn2483
                0x00003f30       0x1c ../drivers\libIotLibrary.a(lora_driver.o)
                0x00003f30                lora_driver_resetRn2483
 .text.lora_driver_rn2483FactoryReset
                0x00003f4c       0x24 ../drivers\libIotLibrary.a(lora_driver.o)
                0x00003f4c                lora_driver_rn2483FactoryReset
 .text.lora_driver_getRn2483Hweui
                0x00003f70       0x38 ../drivers\libIotLibrary.a(lora_driver.o)
                0x00003f70                lora_driver_getRn2483Hweui
 .text.lora_driver_setDeviceIdentifier
                0x00003fa8       0x22 ../drivers\libIotLibrary.a(lora_driver.o)
                0x00003fa8                lora_driver_setDeviceIdentifier
 .text.lora_driver_setApplicationIdentifier
                0x00003fca       0x22 ../drivers\libIotLibrary.a(lora_driver.o)
                0x00003fca                lora_driver_setApplicationIdentifier
 .text.lora_driver_setApplicationKey
                0x00003fec       0x22 ../drivers\libIotLibrary.a(lora_driver.o)
                0x00003fec                lora_driver_setApplicationKey
 .text.lora_driver_saveMac
                0x0000400e        0xc ../drivers\libIotLibrary.a(lora_driver.o)
                0x0000400e                lora_driver_saveMac
 .text.lora_driver_join
                0x0000401a       0x52 ../drivers\libIotLibrary.a(lora_driver.o)
                0x0000401a                lora_driver_join
 .text.lora_driver_sendUploadMessage
                0x0000406c      0x196 ../drivers\libIotLibrary.a(lora_driver.o)
                0x0000406c                lora_driver_sendUploadMessage
 .text.lora_driver_setAdaptiveDataRate
                0x00004202       0x16 ../drivers\libIotLibrary.a(lora_driver.o)
                0x00004202                lora_driver_setAdaptiveDataRate
 .text.lora_driver_setReceiveDelay
                0x00004218       0x30 ../drivers\libIotLibrary.a(lora_driver.o)
                0x00004218                lora_driver_setReceiveDelay
 .text.lora_driver_configureToEu868
                0x00004248      0x1bc ../drivers\libIotLibrary.a(lora_driver.o)
                0x00004248                lora_driver_configureToEu868
 .text.lora_driver_setOtaaIdentity
                0x00004404       0x42 ../drivers\libIotLibrary.a(lora_driver.o)
                0x00004404                lora_driver_setOtaaIdentity
 .text.lora_driver_mapReturnCodeToText
                0x00004446       0x18 ../drivers\libIotLibrary.a(lora_driver.o)
                0x00004446                lora_driver_mapReturnCodeToText
 .text.decode_port_no
                0x0000445e       0x58 ../drivers\libIotLibrary.a(lora_driver_utils.o)
                0x0000445e                decode_port_no
 .text.decode_hexadecimal_string_bytes
                0x000044b6       0x92 ../drivers\libIotLibrary.a(lora_driver_utils.o)
                0x000044b6                decode_hexadecimal_string_bytes
 .text._serialCallBack
                0x00004548       0xb6 ../drivers\libIotLibrary.a(mh_z19.o)
 .text.mh_z19_initialise
                0x000045fe       0x4a ../drivers\libIotLibrary.a(mh_z19.o)
                0x000045fe                mh_z19_initialise
 .text.mh_z19_injectCallBack
                0x00004648        0xa ../drivers\libIotLibrary.a(mh_z19.o)
                0x00004648                mh_z19_injectCallBack
 .text.mh_z19_takeMeassuring
                0x00004652       0x5e ../drivers\libIotLibrary.a(mh_z19.o)
                0x00004652                mh_z19_takeMeassuring
 .text.mh_z19_getCo2Ppm
                0x000046b0       0x22 ../drivers\libIotLibrary.a(mh_z19.o)
                0x000046b0                mh_z19_getCo2Ppm
 .text.serial_create
                0x000046d2      0x14c ../drivers\libIotLibrary.a(serial.o)
                0x000046d2                serial_create
 .text.serial_sendByte
                0x0000481e       0x56 ../drivers\libIotLibrary.a(serial.o)
                0x0000481e                serial_sendByte
 .text.serial_sendBytes
                0x00004874       0xaa ../drivers\libIotLibrary.a(serial.o)
                0x00004874                serial_sendBytes
 .text.serial_getByte
                0x0000491e       0x40 ../drivers\libIotLibrary.a(serial.o)
                0x0000491e                serial_getByte
 .text.__vector_25
                0x0000495e       0xa4 ../drivers\libIotLibrary.a(serial.o)
                0x0000495e                __vector_25
 .text.__vector_26
                0x00004a02       0x88 ../drivers\libIotLibrary.a(serial.o)
                0x00004a02                __vector_26
 .text.__vector_36
                0x00004a8a       0xa4 ../drivers\libIotLibrary.a(serial.o)
                0x00004a8a                __vector_36
 .text.__vector_37
                0x00004b2e       0x88 ../drivers\libIotLibrary.a(serial.o)
                0x00004b2e                __vector_37
 .text.__vector_51
                0x00004bb6       0xa4 ../drivers\libIotLibrary.a(serial.o)
                0x00004bb6                __vector_51
 .text.__vector_52
                0x00004c5a       0x88 ../drivers\libIotLibrary.a(serial.o)
                0x00004c5a                __vector_52
 .text.__vector_54
                0x00004ce2       0xa4 ../drivers\libIotLibrary.a(serial.o)
                0x00004ce2                __vector_54
 .text.__vector_55
                0x00004d86       0x88 ../drivers\libIotLibrary.a(serial.o)
                0x00004d86                __vector_55
 .text.usart_getchar
                0x00004e0e       0x2a ../drivers\libIotLibrary.a(stdio_driver.o)
 .text.usart_putchar
                0x00004e38       0x12 ../drivers\libIotLibrary.a(stdio_driver.o)
 .text.stdio_initialise
                0x00004e4a       0x52 ../drivers\libIotLibrary.a(stdio_driver.o)
                0x00004e4a                stdio_initialise
 .text._turn_off
                0x00004e9c       0x98 ../drivers\libIotLibrary.a(status_leds.o)
 .text._turn_on
                0x00004f34       0x98 ../drivers\libIotLibrary.a(status_leds.o)
 .text._hal_led_task
                0x00004fcc       0x8c ../drivers\libIotLibrary.a(status_leds.o)
 .text.status_leds_initialise
                0x00005058       0x9c ../drivers\libIotLibrary.a(status_leds.o)
                0x00005058                status_leds_initialise
 .text.status_leds_slowBlink
                0x000050f4       0x46 ../drivers\libIotLibrary.a(status_leds.o)
                0x000050f4                status_leds_slowBlink
 .text.status_leds_fastBlink
                0x0000513a       0x46 ../drivers\libIotLibrary.a(status_leds.o)
                0x0000513a                status_leds_fastBlink
 .text.status_leds_ledOn
                0x00005180       0x1e ../drivers\libIotLibrary.a(status_leds.o)
                0x00005180                status_leds_ledOn
 .text.status_leds_ledOff
                0x0000519e       0x1e ../drivers\libIotLibrary.a(status_leds.o)
                0x0000519e                status_leds_ledOff
 .text.status_leds_longPuls
                0x000051bc       0x24 ../drivers\libIotLibrary.a(status_leds.o)
                0x000051bc                status_leds_longPuls
 .text.status_leds_shortPuls
                0x000051e0       0x22 ../drivers\libIotLibrary.a(status_leds.o)
                0x000051e0                status_leds_shortPuls
 .text._initTwiInterface
                0x00005202       0x22 ../drivers\libIotLibrary.a(twi.o)
 .text.twiCreate
                0x00005224       0x9a ../drivers\libIotLibrary.a(twi.o)
                0x00005224                twiCreate
 .text.twiIsBusy
                0x000052be        0x8 ../drivers\libIotLibrary.a(twi.o)
                0x000052be                twiIsBusy
 .text.twiTransmit
                0x000052c6       0x98 ../drivers\libIotLibrary.a(twi.o)
                0x000052c6                twiTransmit
 .text.twiReceive
                0x0000535e       0x66 ../drivers\libIotLibrary.a(twi.o)
                0x0000535e                twiReceive
 .text.__vector_39
                0x000053c4      0x17a ../drivers\libIotLibrary.a(twi.o)
                0x000053c4                __vector_39
 .text.fifo_init
                0x0000553e       0x38 ../drivers\libIotLibrary.a(fifo.o)
                0x0000553e                fifo_init
 .text.avr-libc
                0x00005576      0x712 c:/program files (x86)/atmel/studio/7.0/toolchain/avr8/avr8-gnu-toolchain/bin/../lib/gcc/avr/5.4.0/../../../../avr/lib/avr6\libprintf_flt.a(vfprintf_flt.o)
                0x00005576                vfprintf
 .text.avr-libc.fplib
                0x00005c88        0xa c:/program files (x86)/atmel/studio/7.0/toolchain/avr8/avr8-gnu-toolchain/bin/../lib/gcc/avr/5.4.0/../../../../avr/lib/avr6\libm.a(addsf3.o)
                0x00005c88                __subsf3
                0x00005c8a                __addsf3
 .text.avr-libc.fplib
                0x00005c92       0xc0 c:/program files (x86)/atmel/studio/7.0/toolchain/avr8/avr8-gnu-toolchain/bin/../lib/gcc/avr/5.4.0/../../../../avr/lib/avr6\libm.a(addsf3x.o)
                0x00005cac                __addsf3x
 .text.avr-libc.fplib
                0x00005d52        0x4 c:/program files (x86)/atmel/studio/7.0/toolchain/avr8/avr8-gnu-toolchain/bin/../lib/gcc/avr/5.4.0/../../../../avr/lib/avr6\libm.a(divsf3.o)
                0x00005d52                __divsf3
 .text.avr-libc.fplib
                0x00005d56       0xcc c:/program files (x86)/atmel/studio/7.0/toolchain/avr8/avr8-gnu-toolchain/bin/../lib/gcc/avr/5.4.0/../../../../avr/lib/avr6\libm.a(divsf3x.o)
                0x00005d6c                __divsf3x
                0x00005d70                __divsf3_pse
 .text.avr-libc.fplib
                0x00005e22        0xa c:/program files (x86)/atmel/studio/7.0/toolchain/avr8/avr8-gnu-toolchain/bin/../lib/gcc/avr/5.4.0/../../../../avr/lib/avr6\libm.a(fixsfsi.o)
                0x00005e22                __fixsfsi
 .text.avr-libc.fplib
                0x00005e2c       0x58 c:/program files (x86)/atmel/studio/7.0/toolchain/avr8/avr8-gnu-toolchain/bin/../lib/gcc/avr/5.4.0/../../../../avr/lib/avr6\libm.a(fixunssfsi.o)
                0x00005e2c                __fixunssfsi
 .text.avr-libc.fplib
                0x00005e84       0x7a c:/program files (x86)/atmel/studio/7.0/toolchain/avr8/avr8-gnu-toolchain/bin/../lib/gcc/avr/5.4.0/../../../../avr/lib/avr6\libm.a(floatsisf.o)
                0x00005e84                __floatunsisf
                0x00005e88                __floatsisf
 .text.avr-libc.fplib
                0x00005efe        0xc c:/program files (x86)/atmel/studio/7.0/toolchain/avr8/avr8-gnu-toolchain/bin/../lib/gcc/avr/5.4.0/../../../../avr/lib/avr6\libm.a(fp_inf.o)
                0x00005efe                __fp_inf
 .text.avr-libc.fplib
                0x00005f0a        0x6 c:/program files (x86)/atmel/studio/7.0/toolchain/avr8/avr8-gnu-toolchain/bin/../lib/gcc/avr/5.4.0/../../../../avr/lib/avr6\libm.a(fp_nan.o)
                0x00005f0a                __fp_nan
 .text.avr-libc.fplib
                0x00005f10        0xe c:/program files (x86)/atmel/studio/7.0/toolchain/avr8/avr8-gnu-toolchain/bin/../lib/gcc/avr/5.4.0/../../../../avr/lib/avr6\libm.a(fp_pscA.o)
                0x00005f10                __fp_pscA
 .text.avr-libc.fplib
                0x00005f1e        0xe c:/program files (x86)/atmel/studio/7.0/toolchain/avr8/avr8-gnu-toolchain/bin/../lib/gcc/avr/5.4.0/../../../../avr/lib/avr6\libm.a(fp_pscB.o)
                0x00005f1e                __fp_pscB
 .text.avr-libc.fplib
                0x00005f2c       0x22 c:/program files (x86)/atmel/studio/7.0/toolchain/avr8/avr8-gnu-toolchain/bin/../lib/gcc/avr/5.4.0/../../../../avr/lib/avr6\libm.a(fp_round.o)
                0x00005f2c                __fp_round
 .text.avr-libc.fplib
                0x00005f4e       0x44 c:/program files (x86)/atmel/studio/7.0/toolchain/avr8/avr8-gnu-toolchain/bin/../lib/gcc/avr/5.4.0/../../../../avr/lib/avr6\libm.a(fp_split3.o)
                0x00005f4e                __fp_split3
                0x00005f5e                __fp_splitA
 .text.avr-libc.fplib
                0x00005f92        0xe c:/program files (x86)/atmel/studio/7.0/toolchain/avr8/avr8-gnu-toolchain/bin/../lib/gcc/avr/5.4.0/../../../../avr/lib/avr6\libm.a(fp_zero.o)
                0x00005f92                __fp_zero
                0x00005f94                __fp_szero
 .text.avr-libc.fplib
                0x00005fa0        0x4 c:/program files (x86)/atmel/studio/7.0/toolchain/avr8/avr8-gnu-toolchain/bin/../lib/gcc/avr/5.4.0/../../../../avr/lib/avr6\libm.a(mulsf3.o)
                0x00005fa0                __mulsf3
 .text.avr-libc.fplib
                0x00005fa4       0xc2 c:/program files (x86)/atmel/studio/7.0/toolchain/avr8/avr8-gnu-toolchain/bin/../lib/gcc/avr/5.4.0/../../../../avr/lib/avr6\libm.a(mulsf3x.o)
                0x00005fb8                __mulsf3x
                0x00005fbc                __mulsf3_pse
 .text.libgcc.div
                0x00006066       0x44 c:/program files (x86)/atmel/studio/7.0/toolchain/avr8/avr8-gnu-toolchain/bin/../lib/gcc/avr/5.4.0/avr6\libgcc.a(_udivmodsi4.o)
                0x00006066                __udivmodsi4
 .text.libgcc   0x000060aa       0x10 c:/program files (x86)/atmel/studio/7.0/toolchain/avr8/avr8-gnu-toolchain/bin/../lib/gcc/avr/5.4.0/avr6\libgcc.a(_tablejump2.o)
                0x000060aa                __tablejump2__
 .text.avr-libc
                0x000060ba      0x242 c:/program files (x86)/atmel/studio/7.0/toolchain/avr8/avr8-gnu-toolchain/bin/../lib/gcc/avr/5.4.0/../../../../avr/lib/avr6\libc.a(malloc.o)
                0x000060ba                malloc
                0x000061ea                free
 .text.avr-libc
                0x000062fc        0x8 c:/program files (x86)/atmel/studio/7.0/toolchain/avr8/avr8-gnu-toolchain/bin/../lib/gcc/avr/5.4.0/../../../../avr/lib/avr6\libc.a(abort.o)
                0x000062fc                abort
 .text.avr-libc
                0x00006304      0x1b0 c:/program files (x86)/atmel/studio/7.0/toolchain/avr8/avr8-gnu-toolchain/bin/../lib/gcc/avr/5.4.0/../../../../avr/lib/avr6\libc.a(ftoa_engine.o)
                0x00006304                __ftoa_engine
 .text.avr-libc
                0x000064b4       0x16 c:/program files (x86)/atmel/studio/7.0/toolchain/avr8/avr8-gnu-toolchain/bin/../lib/gcc/avr/5.4.0/../../../../avr/lib/avr6\libc.a(strnlen_P.o)
                0x000064b4                strnlen_P
 .text.avr-libc
                0x000064ca       0x12 c:/program files (x86)/atmel/studio/7.0/toolchain/avr8/avr8-gnu-toolchain/bin/../lib/gcc/avr/5.4.0/../../../../avr/lib/avr6\libc.a(memcpy.o)
                0x000064ca                memcpy
 .text.avr-libc
                0x000064dc        0xe c:/program files (x86)/atmel/studio/7.0/toolchain/avr8/avr8-gnu-toolchain/bin/../lib/gcc/avr/5.4.0/../../../../avr/lib/avr6\libc.a(memset.o)
                0x000064dc                memset
 .text.avr-libc
                0x000064ea       0x4a c:/program files (x86)/atmel/studio/7.0/toolchain/avr8/avr8-gnu-toolchain/bin/../lib/gcc/avr/5.4.0/../../../../avr/lib/avr6\libc.a(strcasestr.o)
                0x000064ea                strcasestr
 .text.avr-libc
                0x00006534       0x16 c:/program files (x86)/atmel/studio/7.0/toolchain/avr8/avr8-gnu-toolchain/bin/../lib/gcc/avr/5.4.0/../../../../avr/lib/avr6\libc.a(strcat.o)
                0x00006534                strcat
 .text.avr-libc
                0x0000654a        0xe c:/program files (x86)/atmel/studio/7.0/toolchain/avr8/avr8-gnu-toolchain/bin/../lib/gcc/avr/5.4.0/../../../../avr/lib/avr6\libc.a(strcpy.o)
                0x0000654a                strcpy
 .text.avr-libc
                0x00006558       0x30 c:/program files (x86)/atmel/studio/7.0/toolchain/avr8/avr8-gnu-toolchain/bin/../lib/gcc/avr/5.4.0/../../../../avr/lib/avr6\libc.a(strncasecmp.o)
                0x00006558                strncasecmp
 .text.avr-libc
                0x00006588       0x16 c:/program files (x86)/atmel/studio/7.0/toolchain/avr8/avr8-gnu-toolchain/bin/../lib/gcc/avr/5.4.0/../../../../avr/lib/avr6\libc.a(strnlen.o)
                0x00006588                strnlen
 .text.avr-libc
                0x0000659e       0x78 c:/program files (x86)/atmel/studio/7.0/toolchain/avr8/avr8-gnu-toolchain/bin/../lib/gcc/avr/5.4.0/../../../../avr/lib/avr6\libc.a(fputc.o)
                0x0000659e                fputc
 .text.avr-libc
                0x00006616       0x28 c:/program files (x86)/atmel/studio/7.0/toolchain/avr8/avr8-gnu-toolchain/bin/../lib/gcc/avr/5.4.0/../../../../avr/lib/avr6\libc.a(printf.o)
                0x00006616                printf
 .text.avr-libc
                0x0000663e       0x60 c:/program files (x86)/atmel/studio/7.0/toolchain/avr8/avr8-gnu-toolchain/bin/../lib/gcc/avr/5.4.0/../../../../avr/lib/avr6\libc.a(puts.o)
                0x0000663e                puts
 .text.avr-libc
                0x0000669e       0x5e c:/program files (x86)/atmel/studio/7.0/toolchain/avr8/avr8-gnu-toolchain/bin/../lib/gcc/avr/5.4.0/../../../../avr/lib/avr6\libc.a(sprintf.o)
                0x0000669e                sprintf
 .text.avr-libc
                0x000066fc       0xbc c:/program files (x86)/atmel/studio/7.0/toolchain/avr8/avr8-gnu-toolchain/bin/../lib/gcc/avr/5.4.0/../../../../avr/lib/avr6\libc.a(ultoa_invert.o)
                0x000066fc                __ultoa_invert
                0x000067b8                . = ALIGN (0x2)
 *(.fini9)
 .fini9         0x000067b8        0x0 c:/program files (x86)/atmel/studio/7.0/toolchain/avr8/avr8-gnu-toolchain/bin/../lib/gcc/avr/5.4.0/avr6\libgcc.a(_exit.o)
                0x000067b8                _exit
                0x000067b8                exit
 *(.fini9)
 *(.fini8)
 *(.fini8)
 *(.fini7)
 *(.fini7)
 *(.fini6)
 *(.fini6)
 *(.fini5)
 *(.fini5)
 *(.fini4)
 *(.fini4)
 *(.fini3)
 *(.fini3)
 *(.fini2)
 *(.fini2)
 *(.fini1)
 *(.fini1)
 *(.fini0)
 .fini0         0x000067b8        0x4 c:/program files (x86)/atmel/studio/7.0/toolchain/avr8/avr8-gnu-toolchain/bin/../lib/gcc/avr/5.4.0/avr6\libgcc.a(_exit.o)
 *(.fini0)
                0x000067bc                _etext = .

.data           0x00800200      0x5f2 load address 0x000067bc
                0x00800200                PROVIDE (__data_start, .)
 *(.data)
 .data          0x00800200        0x6 c:/program files (x86)/atmel/studio/7.0/toolchain/avr8/avr8-gnu-toolchain/bin/../lib/gcc/avr/5.4.0/../../../../avr/lib/avr6\libc.a(malloc.o)
                0x00800200                __malloc_heap_end
                0x00800202                __malloc_heap_start
                0x00800204                __malloc_margin
 *(.data*)
 .data.uxTopUsedPriority
                0x00800206        0x1 FreeRTOS/src/tasks.o
                0x00800206                uxTopUsedPriority
 .data._temp    0x00800207        0x2 ../drivers\libIotLibrary.a(hih8120.o)
 .data._hum     0x00800209        0x2 ../drivers\libIotLibrary.a(hih8120.o)
 .data._com_port_2_udr
                0x0080020b        0x8 ../drivers\libIotLibrary.a(serial.o)
                0x0080020b                _com_port_2_udr
 .data.mystdout.1882
                0x00800213        0xe ../drivers\libIotLibrary.a(stdio_driver.o)
 .data._twiCurrentState
                0x00800221        0x1 ../drivers\libIotLibrary.a(twi.o)
 *(.gnu.linkonce.d*)
 *(.rodata)
 .rodata        0x00800222       0x20 ../drivers\libIotLibrary.a(lora_driver.o)
 .rodata        0x00800242       0x2d ../drivers\libIotLibrary.a(mh_z19.o)
 *(.rodata*)
 .rodata.str1.1
                0x0080026f       0x34 Application.o
 .rodata.str1.1
                0x008002a3        0x5 FreeRTOS/src/tasks.o
 .rodata.str1.1
                0x008002a8        0x8 FreeRTOS/src/timers.o
 .rodata.str1.1
                0x008002b0       0x42 Sensors/CO2Sensor.o
 .rodata.str1.1
                0x008002f2       0x89 Sensors/TempHumSensor.o
 .rodata.str1.1
                0x0080037b      0x191 LoRaWANHandler.o
 .rodata.str1.1
                0x0080050c       0x12 main.o
 .rodata.str1.1
                0x0080051e      0x295 ../drivers\libIotLibrary.a(lora_driver.o)
                                0x2a5 (size before relaxing)
 .rodata._joinMode
                0x008007b3        0x4 ../drivers\libIotLibrary.a(lora_driver.o)
 .rodata._returnCode
                0x008007b7       0x33 ../drivers\libIotLibrary.a(lora_driver.o)
                0x008007b7                _returnCode
 .rodata.str1.1
                0x008007ea        0x8 ../drivers\libIotLibrary.a(status_leds.o)
 *(.gnu.linkonce.r*)
                0x008007f2                . = ALIGN (0x2)
                0x008007f2                _edata = .
                0x008007f2                PROVIDE (__data_end, .)

.bss            0x008007f2     0x1003
                0x008007f2                PROVIDE (__bss_start, .)
 *(.bss)
 *(.bss*)
 .bss.xBlockAllocatedBit
                0x008007f2        0x2 FreeRTOS/src/heap_4.o
 .bss.xNumberOfSuccessfulFrees
                0x008007f4        0x2 FreeRTOS/src/heap_4.o
 .bss.xNumberOfSuccessfulAllocations
                0x008007f6        0x2 FreeRTOS/src/heap_4.o
 .bss.xMinimumEverFreeBytesRemaining
                0x008007f8        0x2 FreeRTOS/src/heap_4.o
 .bss.xFreeBytesRemaining
                0x008007fa        0x2 FreeRTOS/src/heap_4.o
 .bss.pxEnd     0x008007fc        0x2 FreeRTOS/src/heap_4.o
 .bss.xStart    0x008007fe        0x4 FreeRTOS/src/heap_4.o
 .bss.ucHeap    0x00800802      0xdac FreeRTOS/src/heap_4.o
 .bss.uxSchedulerSuspended
                0x008015ae        0x1 FreeRTOS/src/tasks.o
 .bss.xIdleTaskHandle
                0x008015af        0x2 FreeRTOS/src/tasks.o
 .bss.xNextTaskUnblockTime
                0x008015b1        0x4 FreeRTOS/src/tasks.o
 .bss.uxTaskNumber
                0x008015b5        0x1 FreeRTOS/src/tasks.o
 .bss.xNumOfOverflows
                0x008015b6        0x1 FreeRTOS/src/tasks.o
 .bss.xYieldPending
                0x008015b7        0x1 FreeRTOS/src/tasks.o
 .bss.xPendedTicks
                0x008015b8        0x4 FreeRTOS/src/tasks.o
 .bss.xSchedulerRunning
                0x008015bc        0x1 FreeRTOS/src/tasks.o
 .bss.uxTopReadyPriority
                0x008015bd        0x1 FreeRTOS/src/tasks.o
 .bss.xTickCount
                0x008015be        0x4 FreeRTOS/src/tasks.o
 .bss.uxCurrentNumberOfTasks
                0x008015c2        0x1 FreeRTOS/src/tasks.o
 .bss.xSuspendedTaskList
                0x008015c3        0xb FreeRTOS/src/tasks.o
 .bss.uxDeletedTasksWaitingCleanUp
                0x008015ce        0x1 FreeRTOS/src/tasks.o
 .bss.xTasksWaitingTermination
                0x008015cf        0xb FreeRTOS/src/tasks.o
 .bss.xPendingReadyList
                0x008015da        0xb FreeRTOS/src/tasks.o
 .bss.pxOverflowDelayedTaskList
                0x008015e5        0x2 FreeRTOS/src/tasks.o
 .bss.pxDelayedTaskList
                0x008015e7        0x2 FreeRTOS/src/tasks.o
 .bss.xDelayedTaskList2
                0x008015e9        0xb FreeRTOS/src/tasks.o
 .bss.xDelayedTaskList1
                0x008015f4        0xb FreeRTOS/src/tasks.o
 .bss.pxReadyTasksLists
                0x008015ff       0x6e FreeRTOS/src/tasks.o
 .bss.pxCurrentTCB
                0x0080166d        0x2 FreeRTOS/src/tasks.o
                0x0080166d                pxCurrentTCB
 .bss.xLastTime.2436
                0x0080166f        0x4 FreeRTOS/src/timers.o
 .bss.xTimerTaskHandle
                0x00801673        0x2 FreeRTOS/src/timers.o
 .bss.xTimerQueue
                0x00801675        0x2 FreeRTOS/src/timers.o
 .bss.pxOverflowTimerList
                0x00801677        0x2 FreeRTOS/src/timers.o
 .bss.pxCurrentTimerList
                0x00801679        0x2 FreeRTOS/src/timers.o
 .bss.xActiveTimerList2
                0x0080167b        0xb FreeRTOS/src/timers.o
 .bss.xActiveTimerList1
                0x00801686        0xb FreeRTOS/src/timers.o
 .bss.CO2_PPM   0x00801691        0x2 PackageHandlerImpl.o
 .bss.humidityPercent
                0x00801693        0x2 PackageHandlerImpl.o
 .bss.temperaturePercent
                0x00801695        0x2 PackageHandlerImpl.o
 .bss.lastCO2ppm
                0x00801697        0x2 Sensors/CO2Sensor.o
                0x00801697                lastCO2ppm
 .bss.temperature
                0x00801699        0x2 Sensors/TempHumSensor.o
                0x00801699                temperature
 .bss.humidity  0x0080169b        0x2 Sensors/TempHumSensor.o
                0x0080169b                humidity
 .bss.uplinkBufferHandle
                0x0080169d        0x2 LoRaWANHandler.o
 .bss._uplink_payload
                0x0080169f       0x16 LoRaWANHandler.o
 .bss._measuringIsReady
                0x008016b5        0x1 ../drivers\libIotLibrary.a(hih8120.o)
 .bss._hih8120Handler
                0x008016b6        0x2 ../drivers\libIotLibrary.a(hih8120.o)
 .bss._tmp_buf.2871
                0x008016b8       0x37 ../drivers\libIotLibrary.a(lora_driver.o)
 .bss.rec_buf_inp.2878
                0x008016ef        0x1 ../drivers\libIotLibrary.a(lora_driver.o)
 .bss._downlinkMessageBuffer
                0x008016f0        0x2 ../drivers\libIotLibrary.a(lora_driver.o)
 .bss._serialReplyBufferHandle
                0x008016f2        0x2 ../drivers\libIotLibrary.a(lora_driver.o)
 .bss._rn2483_serial
                0x008016f4        0x2 ../drivers\libIotLibrary.a(lora_driver.o)
 .bss._downlinkPayload
                0x008016f6       0x16 ../drivers\libIotLibrary.a(lora_driver.o)
 .bss._payLoadHexBytes
                0x0080170c       0x15 ../drivers\libIotLibrary.a(lora_driver.o)
 .bss._recMessageBuf
                0x00801721       0x2d ../drivers\libIotLibrary.a(lora_driver.o)
 .bss._sendMessage
                0x0080174e       0x2d ../drivers\libIotLibrary.a(lora_driver.o)
 .bss._replyMess
                0x0080177b       0x2d ../drivers\libIotLibrary.a(lora_driver.o)
 .bss.data.1944
                0x008017a8        0x2 ../drivers\libIotLibrary.a(mh_z19.o)
 .bss.inDex.1943
                0x008017aa        0x1 ../drivers\libIotLibrary.a(mh_z19.o)
 .bss.crc_sum.1945
                0x008017ab        0x1 ../drivers\libIotLibrary.a(mh_z19.o)
 .bss._appCallBack
                0x008017ac        0x2 ../drivers\libIotLibrary.a(mh_z19.o)
 .bss._mh_state
                0x008017ae        0x1 ../drivers\libIotLibrary.a(mh_z19.o)
                0x008017ae                _mh_state
 .bss._ppm      0x008017af        0x2 ../drivers\libIotLibrary.a(mh_z19.o)
 .bss._serial   0x008017b1        0x2 ../drivers\libIotLibrary.a(mh_z19.o)
 .bss._ser_handle
                0x008017b3        0x8 ../drivers\libIotLibrary.a(serial.o)
 .bss._com_serial_instance
                0x008017bb        0x2 ../drivers\libIotLibrary.a(stdio_driver.o)
 .bss._led_status
                0x008017bd       0x18 ../drivers\libIotLibrary.a(status_leds.o)
 .bss._index.1885
                0x008017d5        0x1 ../drivers\libIotLibrary.a(twi.o)
 .bss._twiCurrentHandler
                0x008017d6        0x2 ../drivers\libIotLibrary.a(twi.o)
 .bss._twiMessageLen
                0x008017d8        0x1 ../drivers\libIotLibrary.a(twi.o)
 .bss._twiMessageBuffer
                0x008017d9        0xa ../drivers\libIotLibrary.a(twi.o)
 .bss._twiIsInitiated
                0x008017e3        0x1 ../drivers\libIotLibrary.a(twi.o)
 *(COMMON)
 COMMON         0x008017e4        0x6 Application.o
                0x008017e4                dataReadyEventGroup
                0x008017e6                measureEventGroup
                0x008017e8                uplinkBufferHandle
 COMMON         0x008017ea        0x1 Sensors/CO2Sensor.o
                0x008017ea                rc
 COMMON         0x008017eb        0x4 c:/program files (x86)/atmel/studio/7.0/toolchain/avr8/avr8-gnu-toolchain/bin/../lib/gcc/avr/5.4.0/../../../../avr/lib/avr6\libc.a(malloc.o)
                0x008017eb                __brkval
                0x008017ed                __flp
 COMMON         0x008017ef        0x6 c:/program files (x86)/atmel/studio/7.0/toolchain/avr8/avr8-gnu-toolchain/bin/../lib/gcc/avr/5.4.0/../../../../avr/lib/avr6\libc.a(iob.o)
                0x008017ef                __iob
                0x008017f5                PROVIDE (__bss_end, .)
                0x000067bc                __data_load_start = LOADADDR (.data)
                0x00006dae                __data_load_end = (__data_load_start + SIZEOF (.data))

.noinit         0x008017f5        0x0
                [!provide]                PROVIDE (__noinit_start, .)
 *(.noinit*)
                [!provide]                PROVIDE (__noinit_end, .)
                0x008017f5                _end = .
                0x008017f5                PROVIDE (__heap_start, .)

.eeprom         0x00810000        0x0
 *(.eeprom*)
                0x00810000                __eeprom_end = .

.fuse
 *(.fuse)
 *(.lfuse)
 *(.hfuse)
 *(.efuse)

.lock
 *(.lock*)

.signature
 *(.signature*)

.user_signatures
 *(.user_signatures*)

.stab
 *(.stab)

.stabstr
 *(.stabstr)

.stab.excl
 *(.stab.excl)

.stab.exclstr
 *(.stab.exclstr)

.stab.index
 *(.stab.index)

.stab.indexstr
 *(.stab.indexstr)

.comment        0x00000000       0x5c
 *(.comment)
 .comment       0x00000000       0x30 Application.o
                                 0x31 (size before relaxing)
 .comment       0x00000030       0x31 FreeRTOS/src/event_groups.o
 .comment       0x00000030       0x31 FreeRTOS/src/heap_4.o
 .comment       0x00000030       0x31 FreeRTOS/src/list.o
 .comment       0x00000030       0x31 FreeRTOS/src/port.o
 .comment       0x00000030       0x31 FreeRTOS/src/queue.o
 .comment       0x00000030       0x31 FreeRTOS/src/stream_buffer.o
 .comment       0x00000030       0x31 FreeRTOS/src/tasks.o
 .comment       0x00000030       0x31 FreeRTOS/src/timers.o
 .comment       0x00000030       0x31 FreeRTOS/src/variantHooks.o
 .comment       0x00000030       0x31 PackageHandlerImpl.o
 .comment       0x00000030       0x31 Sensors/CO2Sensor.o
 .comment       0x00000030       0x31 Sensors/TempHumSensor.o
 .comment       0x00000030       0x31 LoRaWANHandler.o
 .comment       0x00000030       0x31 main.o
 .comment       0x00000030       0x31 ../drivers\libIotLibrary.a(hih8120.o)
 .comment       0x00000030       0x31 ../drivers\libIotLibrary.a(lora_driver.o)
 .comment       0x00000030       0x31 ../drivers\libIotLibrary.a(lora_driver_utils.o)
 .comment       0x00000030       0x31 ../drivers\libIotLibrary.a(mh_z19.o)
 .comment       0x00000030       0x31 ../drivers\libIotLibrary.a(serial.o)
 .comment       0x00000030       0x31 ../drivers\libIotLibrary.a(stdio_driver.o)
 .comment       0x00000030       0x31 ../drivers\libIotLibrary.a(status_leds.o)
 .comment       0x00000030       0x31 ../drivers\libIotLibrary.a(twi.o)
 .comment       0x00000030       0x31 ../drivers\libIotLibrary.a(fifo.o)
 .comment       0x00000030       0x2c c:/program files (x86)/atmel/studio/7.0/toolchain/avr8/avr8-gnu-toolchain/bin/../lib/gcc/avr/5.4.0/../../../../avr/lib/avr6\libprintf_flt.a(vfprintf_flt.o)
                                 0x2d (size before relaxing)
 .comment       0x0000005c       0x31 c:/program files (x86)/atmel/studio/7.0/toolchain/avr8/avr8-gnu-toolchain/bin/../lib/gcc/avr/5.4.0/../../../../avr/lib/avr6\libc.a(malloc.o)
 .comment       0x0000005c       0x31 c:/program files (x86)/atmel/studio/7.0/toolchain/avr8/avr8-gnu-toolchain/bin/../lib/gcc/avr/5.4.0/../../../../avr/lib/avr6\libc.a(fputc.o)
 .comment       0x0000005c       0x31 c:/program files (x86)/atmel/studio/7.0/toolchain/avr8/avr8-gnu-toolchain/bin/../lib/gcc/avr/5.4.0/../../../../avr/lib/avr6\libc.a(iob.o)
 .comment       0x0000005c       0x31 c:/program files (x86)/atmel/studio/7.0/toolchain/avr8/avr8-gnu-toolchain/bin/../lib/gcc/avr/5.4.0/../../../../avr/lib/avr6\libc.a(printf.o)
 .comment       0x0000005c       0x31 c:/program files (x86)/atmel/studio/7.0/toolchain/avr8/avr8-gnu-toolchain/bin/../lib/gcc/avr/5.4.0/../../../../avr/lib/avr6\libc.a(puts.o)
 .comment       0x0000005c       0x31 c:/program files (x86)/atmel/studio/7.0/toolchain/avr8/avr8-gnu-toolchain/bin/../lib/gcc/avr/5.4.0/../../../../avr/lib/avr6\libc.a(sprintf.o)

.note.gnu.avr.deviceinfo
                0x00000000       0x40
 .note.gnu.avr.deviceinfo
                0x00000000       0x40 C:/Program Files (x86)/Atmel/Studio/7.0/Packs/atmel/ATmega_DFP/1.7.374/gcc/dev/atmega2560/avr6/crtatmega2560.o

.note.gnu.build-id
 *(.note.gnu.build-id)

.debug
 *(.debug)

.line
 *(.line)

.debug_srcinfo
 *(.debug_srcinfo)

.debug_sfnames
 *(.debug_sfnames)

.debug_aranges  0x00000000      0xb08
 *(.debug_aranges)
 .debug_aranges
                0x00000000       0x38 Application.o
 .debug_aranges
                0x00000038       0x68 FreeRTOS/src/event_groups.o
 .debug_aranges
                0x000000a0       0x58 FreeRTOS/src/heap_4.o
 .debug_aranges
                0x000000f8       0x40 FreeRTOS/src/list.o
 .debug_aranges
                0x00000138       0x58 FreeRTOS/src/port.o
 .debug_aranges
                0x00000190       0xf8 FreeRTOS/src/queue.o
 .debug_aranges
                0x00000288       0xc0 FreeRTOS/src/stream_buffer.o
 .debug_aranges
                0x00000348      0x1d0 FreeRTOS/src/tasks.o
 .debug_aranges
                0x00000518       0xc8 FreeRTOS/src/timers.o
 .debug_aranges
                0x000005e0       0x40 FreeRTOS/src/variantHooks.o
 .debug_aranges
                0x00000620       0x38 PackageHandlerImpl.o
 .debug_aranges
                0x00000658       0x48 Sensors/CO2Sensor.o
 .debug_aranges
                0x000006a0       0x48 Sensors/TempHumSensor.o
 .debug_aranges
                0x000006e8       0x38 LoRaWANHandler.o
 .debug_aranges
                0x00000720       0x28 main.o
 .debug_aranges
                0x00000748       0x68 ../drivers\libIotLibrary.a(hih8120.o)
 .debug_aranges
                0x000007b0      0x138 ../drivers\libIotLibrary.a(lora_driver.o)
 .debug_aranges
                0x000008e8       0x28 ../drivers\libIotLibrary.a(lora_driver_utils.o)
 .debug_aranges
                0x00000910       0x58 ../drivers\libIotLibrary.a(mh_z19.o)
 .debug_aranges
                0x00000968       0x90 ../drivers\libIotLibrary.a(serial.o)
 .debug_aranges
                0x000009f8       0x38 ../drivers\libIotLibrary.a(stdio_driver.o)
 .debug_aranges
                0x00000a30       0x68 ../drivers\libIotLibrary.a(status_leds.o)
 .debug_aranges
                0x00000a98       0x50 ../drivers\libIotLibrary.a(twi.o)
 .debug_aranges
                0x00000ae8       0x20 ../drivers\libIotLibrary.a(fifo.o)

.debug_pubnames
 *(.debug_pubnames)

.debug_info     0x00000000     0xd919
 *(.debug_info .gnu.linkonce.wi.*)
 .debug_info    0x00000000      0xbbc C:/Program Files (x86)/Atmel/Studio/7.0/Packs/atmel/ATmega_DFP/1.7.374/gcc/dev/atmega2560/avr6/crtatmega2560.o
 .debug_info    0x00000bbc      0x567 Application.o
 .debug_info    0x00001123      0x971 FreeRTOS/src/event_groups.o
 .debug_info    0x00001a94      0x4e6 FreeRTOS/src/heap_4.o
 .debug_info    0x00001f7a      0x2e7 FreeRTOS/src/list.o
 .debug_info    0x00002261      0x2ff FreeRTOS/src/port.o
 .debug_info    0x00002560     0x17e6 FreeRTOS/src/queue.o
 .debug_info    0x00003d46     0x13df FreeRTOS/src/stream_buffer.o
 .debug_info    0x00005125     0x2239 FreeRTOS/src/tasks.o
 .debug_info    0x0000735e     0x10dd FreeRTOS/src/timers.o
 .debug_info    0x0000843b      0x20f FreeRTOS/src/variantHooks.o
 .debug_info    0x0000864a      0x1e9 PackageHandlerImpl.o
 .debug_info    0x00008833      0x3c1 Sensors/CO2Sensor.o
 .debug_info    0x00008bf4      0x3c0 Sensors/TempHumSensor.o
 .debug_info    0x00008fb4      0x881 LoRaWANHandler.o
 .debug_info    0x00009835      0x1c7 main.o
 .debug_info    0x000099fc      0x3a9 ../drivers\libIotLibrary.a(hih8120.o)
 .debug_info    0x00009da5     0x1747 ../drivers\libIotLibrary.a(lora_driver.o)
 .debug_info    0x0000b4ec      0x143 ../drivers\libIotLibrary.a(lora_driver_utils.o)
 .debug_info    0x0000b62f      0x556 ../drivers\libIotLibrary.a(mh_z19.o)
 .debug_info    0x0000bb85      0xd9c ../drivers\libIotLibrary.a(serial.o)
 .debug_info    0x0000c921      0x3b6 ../drivers\libIotLibrary.a(stdio_driver.o)
 .debug_info    0x0000ccd7      0x522 ../drivers\libIotLibrary.a(status_leds.o)
 .debug_info    0x0000d1f9      0x55d ../drivers\libIotLibrary.a(twi.o)
 .debug_info    0x0000d756      0x1c3 ../drivers\libIotLibrary.a(fifo.o)

.debug_abbrev   0x00000000     0x362b
 *(.debug_abbrev)
 .debug_abbrev  0x00000000      0xb1a C:/Program Files (x86)/Atmel/Studio/7.0/Packs/atmel/ATmega_DFP/1.7.374/gcc/dev/atmega2560/avr6/crtatmega2560.o
 .debug_abbrev  0x00000b1a      0x1b4 Application.o
 .debug_abbrev  0x00000cce      0x1dc FreeRTOS/src/event_groups.o
 .debug_abbrev  0x00000eaa      0x200 FreeRTOS/src/heap_4.o
 .debug_abbrev  0x000010aa       0xff FreeRTOS/src/list.o
 .debug_abbrev  0x000011a9      0x179 FreeRTOS/src/port.o
 .debug_abbrev  0x00001322      0x241 FreeRTOS/src/queue.o
 .debug_abbrev  0x00001563      0x246 FreeRTOS/src/stream_buffer.o
 .debug_abbrev  0x000017a9      0x2c8 FreeRTOS/src/tasks.o
 .debug_abbrev  0x00001a71      0x28c FreeRTOS/src/timers.o
 .debug_abbrev  0x00001cfd       0xff FreeRTOS/src/variantHooks.o
 .debug_abbrev  0x00001dfc       0xf1 PackageHandlerImpl.o
 .debug_abbrev  0x00001eed      0x196 Sensors/CO2Sensor.o
 .debug_abbrev  0x00002083      0x13d Sensors/TempHumSensor.o
 .debug_abbrev  0x000021c0      0x1f1 LoRaWANHandler.o
 .debug_abbrev  0x000023b1       0xe5 main.o
 .debug_abbrev  0x00002496      0x184 ../drivers\libIotLibrary.a(hih8120.o)
 .debug_abbrev  0x0000261a      0x33b ../drivers\libIotLibrary.a(lora_driver.o)
 .debug_abbrev  0x00002955       0xc0 ../drivers\libIotLibrary.a(lora_driver_utils.o)
 .debug_abbrev  0x00002a15      0x238 ../drivers\libIotLibrary.a(mh_z19.o)
 .debug_abbrev  0x00002c4d      0x355 ../drivers\libIotLibrary.a(serial.o)
 .debug_abbrev  0x00002fa2      0x1b3 ../drivers\libIotLibrary.a(stdio_driver.o)
 .debug_abbrev  0x00003155      0x1d7 ../drivers\libIotLibrary.a(status_leds.o)
 .debug_abbrev  0x0000332c      0x217 ../drivers\libIotLibrary.a(twi.o)
 .debug_abbrev  0x00003543       0xe8 ../drivers\libIotLibrary.a(fifo.o)

.debug_line     0x00000000     0x6b8a
 *(.debug_line .debug_line.* .debug_line_end)
 .debug_line    0x00000000      0x1fa C:/Program Files (x86)/Atmel/Studio/7.0/Packs/atmel/ATmega_DFP/1.7.374/gcc/dev/atmega2560/avr6/crtatmega2560.o
 .debug_line    0x000001fa      0x2b5 Application.o
 .debug_line    0x000004af      0x413 FreeRTOS/src/event_groups.o
 .debug_line    0x000008c2      0x41f FreeRTOS/src/heap_4.o
 .debug_line    0x00000ce1      0x1db FreeRTOS/src/list.o
 .debug_line    0x00000ebc      0x28a FreeRTOS/src/port.o
 .debug_line    0x00001146      0xbe3 FreeRTOS/src/queue.o
 .debug_line    0x00001d29      0x79a FreeRTOS/src/stream_buffer.o
 .debug_line    0x000024c3     0x15ba FreeRTOS/src/tasks.o
 .debug_line    0x00003a7d      0x624 FreeRTOS/src/timers.o
 .debug_line    0x000040a1      0x1af FreeRTOS/src/variantHooks.o
 .debug_line    0x00004250      0x143 PackageHandlerImpl.o
 .debug_line    0x00004393      0x1d9 Sensors/CO2Sensor.o
 .debug_line    0x0000456c      0x1ec Sensors/TempHumSensor.o
 .debug_line    0x00004758      0x2fe LoRaWANHandler.o
 .debug_line    0x00004a56      0x165 main.o
 .debug_line    0x00004bbb      0x24a ../drivers\libIotLibrary.a(hih8120.o)
 .debug_line    0x00004e05      0x9aa ../drivers\libIotLibrary.a(lora_driver.o)
 .debug_line    0x000057af      0x195 ../drivers\libIotLibrary.a(lora_driver_utils.o)
 .debug_line    0x00005944      0x2fc ../drivers\libIotLibrary.a(mh_z19.o)
 .debug_line    0x00005c40      0x6a1 ../drivers\libIotLibrary.a(serial.o)
 .debug_line    0x000062e1      0x146 ../drivers\libIotLibrary.a(stdio_driver.o)
 .debug_line    0x00006427      0x32c ../drivers\libIotLibrary.a(status_leds.o)
 .debug_line    0x00006753      0x31c ../drivers\libIotLibrary.a(twi.o)
 .debug_line    0x00006a6f      0x11b ../drivers\libIotLibrary.a(fifo.o)

.debug_frame    0x00000000     0x26d8
 *(.debug_frame)
 .debug_frame   0x00000000       0x74 Application.o
 .debug_frame   0x00000074      0x1dc FreeRTOS/src/event_groups.o
 .debug_frame   0x00000250       0xfc FreeRTOS/src/heap_4.o
 .debug_frame   0x0000034c       0x90 FreeRTOS/src/list.o
 .debug_frame   0x000003dc       0x94 FreeRTOS/src/port.o
 .debug_frame   0x00000470      0x3a4 FreeRTOS/src/queue.o
 .debug_frame   0x00000814      0x40c FreeRTOS/src/stream_buffer.o
 .debug_frame   0x00000c20      0x7a0 FreeRTOS/src/tasks.o
 .debug_frame   0x000013c0      0x3ac FreeRTOS/src/timers.o
 .debug_frame   0x0000176c       0x64 FreeRTOS/src/variantHooks.o
 .debug_frame   0x000017d0       0x54 PackageHandlerImpl.o
 .debug_frame   0x00001824       0x90 Sensors/CO2Sensor.o
 .debug_frame   0x000018b4       0xa4 Sensors/TempHumSensor.o
 .debug_frame   0x00001958       0x90 LoRaWANHandler.o
 .debug_frame   0x000019e8       0x34 main.o
 .debug_frame   0x00001a1c       0xc0 ../drivers\libIotLibrary.a(hih8120.o)
 .debug_frame   0x00001adc      0x460 ../drivers\libIotLibrary.a(lora_driver.o)
 .debug_frame   0x00001f3c       0x48 ../drivers\libIotLibrary.a(lora_driver_utils.o)
 .debug_frame   0x00001f84      0x100 ../drivers\libIotLibrary.a(mh_z19.o)
 .debug_frame   0x00002084      0x384 ../drivers\libIotLibrary.a(serial.o)
 .debug_frame   0x00002408       0x94 ../drivers\libIotLibrary.a(stdio_driver.o)
 .debug_frame   0x0000249c       0xec ../drivers\libIotLibrary.a(status_leds.o)
 .debug_frame   0x00002588      0x12c ../drivers\libIotLibrary.a(twi.o)
 .debug_frame   0x000026b4       0x24 ../drivers\libIotLibrary.a(fifo.o)

.debug_str      0x00000000     0x4251
 *(.debug_str)
 .debug_str     0x00000000      0x3e6 C:/Program Files (x86)/Atmel/Studio/7.0/Packs/atmel/ATmega_DFP/1.7.374/gcc/dev/atmega2560/avr6/crtatmega2560.o
 .debug_str     0x000003e6      0x444 Application.o
                                0x4a9 (size before relaxing)
 .debug_str     0x0000082a      0x369 FreeRTOS/src/event_groups.o
                                0x5a1 (size before relaxing)
 .debug_str     0x00000b93      0x2c7 FreeRTOS/src/heap_4.o
                                0x497 (size before relaxing)
 .debug_str     0x00000e5a       0x89 FreeRTOS/src/list.o
                                0x2d3 (size before relaxing)
 .debug_str     0x00000ee3      0x156 FreeRTOS/src/port.o
                                0x308 (size before relaxing)
 .debug_str     0x00001039      0x652 FreeRTOS/src/queue.o
                                0x947 (size before relaxing)
 .debug_str     0x0000168b      0x499 FreeRTOS/src/stream_buffer.o
                                0x7d0 (size before relaxing)
 .debug_str     0x00001b24      0x89a FreeRTOS/src/tasks.o
                                0xf68 (size before relaxing)
 .debug_str     0x000023be      0x414 FreeRTOS/src/timers.o
                                0x83e (size before relaxing)
 .debug_str     0x000027d2       0x81 FreeRTOS/src/variantHooks.o
                                0x27f (size before relaxing)
 .debug_str     0x00002853       0x61 PackageHandlerImpl.o
                                0x27b (size before relaxing)
 .debug_str     0x000028b4      0x156 Sensors/CO2Sensor.o
                                0x3ba (size before relaxing)
 .debug_str     0x00002a0a      0x12d Sensors/TempHumSensor.o
                                0x3de (size before relaxing)
 .debug_str     0x00002b37      0x444 LoRaWANHandler.o
                                0x721 (size before relaxing)
 .debug_str     0x00002f7b       0x61 main.o
                                0x258 (size before relaxing)
 .debug_str     0x00002fdc      0x2f4 ../drivers\libIotLibrary.a(hih8120.o)
                                0x45c (size before relaxing)
 .debug_str     0x000032d0      0x68f ../drivers\libIotLibrary.a(lora_driver.o)
                                0xcdb (size before relaxing)
 .debug_str     0x0000395f       0x4f ../drivers\libIotLibrary.a(lora_driver_utils.o)
                                0x206 (size before relaxing)
 .debug_str     0x000039ae      0x101 ../drivers\libIotLibrary.a(mh_z19.o)
                                0x489 (size before relaxing)
 .debug_str     0x00003aaf      0x2e7 ../drivers\libIotLibrary.a(serial.o)
                                0x628 (size before relaxing)
 .debug_str     0x00003d96       0xa6 ../drivers\libIotLibrary.a(stdio_driver.o)
                                0x37d (size before relaxing)
 .debug_str     0x00003e3c      0x104 ../drivers\libIotLibrary.a(status_leds.o)
                                0x381 (size before relaxing)
 .debug_str     0x00003f40      0x2ef ../drivers\libIotLibrary.a(twi.o)
                                0x5b4 (size before relaxing)
 .debug_str     0x0000422f       0x22 ../drivers\libIotLibrary.a(fifo.o)
                                0x239 (size before relaxing)

.debug_loc      0x00000000     0xc13f
 *(.debug_loc)
 .debug_loc     0x00000000       0xf1 Application.o
 .debug_loc     0x000000f1      0xcc9 FreeRTOS/src/event_groups.o
 .debug_loc     0x00000dba      0x4be FreeRTOS/src/heap_4.o
 .debug_loc     0x00001278      0x17d FreeRTOS/src/list.o
 .debug_loc     0x000013f5       0xf6 FreeRTOS/src/port.o
 .debug_loc     0x000014eb     0x1abd FreeRTOS/src/queue.o
 .debug_loc     0x00002fa8     0x1daf FreeRTOS/src/stream_buffer.o
 .debug_loc     0x00004d57     0x2a07 FreeRTOS/src/tasks.o
 .debug_loc     0x0000775e     0x10f3 FreeRTOS/src/timers.o
 .debug_loc     0x00008851       0xdc FreeRTOS/src/variantHooks.o
 .debug_loc     0x0000892d       0x20 PackageHandlerImpl.o
 .debug_loc     0x0000894d       0x96 Sensors/CO2Sensor.o
 .debug_loc     0x000089e3       0xf9 Sensors/TempHumSensor.o
 .debug_loc     0x00008adc      0x223 LoRaWANHandler.o
 .debug_loc     0x00008cff       0x9f ../drivers\libIotLibrary.a(hih8120.o)
 .debug_loc     0x00008d9e     0x1216 ../drivers\libIotLibrary.a(lora_driver.o)
 .debug_loc     0x00009fb4      0x1d2 ../drivers\libIotLibrary.a(lora_driver_utils.o)
 .debug_loc     0x0000a186      0x37c ../drivers\libIotLibrary.a(mh_z19.o)
 .debug_loc     0x0000a502     0x114c ../drivers\libIotLibrary.a(serial.o)
 .debug_loc     0x0000b64e      0x18c ../drivers\libIotLibrary.a(stdio_driver.o)
 .debug_loc     0x0000b7da      0x292 ../drivers\libIotLibrary.a(status_leds.o)
 .debug_loc     0x0000ba6c      0x575 ../drivers\libIotLibrary.a(twi.o)
 .debug_loc     0x0000bfe1      0x15e ../drivers\libIotLibrary.a(fifo.o)

.debug_macinfo
 *(.debug_macinfo)

.debug_weaknames
 *(.debug_weaknames)

.debug_funcnames
 *(.debug_funcnames)

.debug_typenames
 *(.debug_typenames)

.debug_varnames
 *(.debug_varnames)

.debug_pubtypes
 *(.debug_pubtypes)

.debug_ranges   0x00000000      0xa58
 *(.debug_ranges)
 .debug_ranges  0x00000000       0x28 Application.o
 .debug_ranges  0x00000028       0x70 FreeRTOS/src/event_groups.o
 .debug_ranges  0x00000098       0x48 FreeRTOS/src/heap_4.o
 .debug_ranges  0x000000e0       0x30 FreeRTOS/src/list.o
 .debug_ranges  0x00000110       0x48 FreeRTOS/src/port.o
 .debug_ranges  0x00000158      0x130 FreeRTOS/src/queue.o
 .debug_ranges  0x00000288       0xb0 FreeRTOS/src/stream_buffer.o
 .debug_ranges  0x00000338      0x200 FreeRTOS/src/tasks.o
 .debug_ranges  0x00000538       0xb8 FreeRTOS/src/timers.o
 .debug_ranges  0x000005f0       0x30 FreeRTOS/src/variantHooks.o
 .debug_ranges  0x00000620       0x28 PackageHandlerImpl.o
 .debug_ranges  0x00000648       0x38 Sensors/CO2Sensor.o
 .debug_ranges  0x00000680       0x38 Sensors/TempHumSensor.o
 .debug_ranges  0x000006b8       0x28 LoRaWANHandler.o
 .debug_ranges  0x000006e0       0x18 main.o
 .debug_ranges  0x000006f8       0x58 ../drivers\libIotLibrary.a(hih8120.o)
 .debug_ranges  0x00000750      0x128 ../drivers\libIotLibrary.a(lora_driver.o)
 .debug_ranges  0x00000878       0x30 ../drivers\libIotLibrary.a(lora_driver_utils.o)
 .debug_ranges  0x000008a8       0x48 ../drivers\libIotLibrary.a(mh_z19.o)
 .debug_ranges  0x000008f0       0x98 ../drivers\libIotLibrary.a(serial.o)
 .debug_ranges  0x00000988       0x28 ../drivers\libIotLibrary.a(stdio_driver.o)
 .debug_ranges  0x000009b0       0x58 ../drivers\libIotLibrary.a(status_leds.o)
 .debug_ranges  0x00000a08       0x40 ../drivers\libIotLibrary.a(twi.o)
 .debug_ranges  0x00000a48       0x10 ../drivers\libIotLibrary.a(fifo.o)

.debug_macro
 *(.debug_macro)
OUTPUT(SEP4_Greenhouse.elf elf32-avr)
LOAD linker stubs
