Archive member included to satisfy reference by file (symbol)

c:/program files (x86)/atmel/studio/7.0/toolchain/avr8/avr8-gnu-toolchain/bin/../lib/gcc/avr/5.4.0/../../../../avr/lib/avr6\libm.a(cmpsf2.o)
                              FreeRTOS/src/variantHooks.o (__ltsf2)
c:/program files (x86)/atmel/studio/7.0/toolchain/avr8/avr8-gnu-toolchain/bin/../lib/gcc/avr/5.4.0/../../../../avr/lib/avr6\libm.a(fixunssfsi.o)
                              FreeRTOS/src/variantHooks.o (__fixunssfsi)
c:/program files (x86)/atmel/studio/7.0/toolchain/avr8/avr8-gnu-toolchain/bin/../lib/gcc/avr/5.4.0/../../../../avr/lib/avr6\libm.a(fp_cmp.o)
                              c:/program files (x86)/atmel/studio/7.0/toolchain/avr8/avr8-gnu-toolchain/bin/../lib/gcc/avr/5.4.0/../../../../avr/lib/avr6\libm.a(cmpsf2.o) (__fp_cmp)
c:/program files (x86)/atmel/studio/7.0/toolchain/avr8/avr8-gnu-toolchain/bin/../lib/gcc/avr/5.4.0/../../../../avr/lib/avr6\libm.a(fp_split3.o)
                              c:/program files (x86)/atmel/studio/7.0/toolchain/avr8/avr8-gnu-toolchain/bin/../lib/gcc/avr/5.4.0/../../../../avr/lib/avr6\libm.a(fixunssfsi.o) (__fp_splitA)
c:/program files (x86)/atmel/studio/7.0/toolchain/avr8/avr8-gnu-toolchain/bin/../lib/gcc/avr/5.4.0/../../../../avr/lib/avr6\libm.a(fp_zero.o)
                              c:/program files (x86)/atmel/studio/7.0/toolchain/avr8/avr8-gnu-toolchain/bin/../lib/gcc/avr/5.4.0/../../../../avr/lib/avr6\libm.a(fixunssfsi.o) (__fp_zero)
c:/program files (x86)/atmel/studio/7.0/toolchain/avr8/avr8-gnu-toolchain/bin/../lib/gcc/avr/5.4.0/../../../../avr/lib/avr6\libm.a(gesf2.o)
                              FreeRTOS/src/variantHooks.o (__gtsf2)
c:/program files (x86)/atmel/studio/7.0/toolchain/avr8/avr8-gnu-toolchain/bin/../lib/gcc/avr/5.4.0/../../../../avr/lib/avr6\libm.a(mulsf3.o)
                              FreeRTOS/src/variantHooks.o (__mulsf3)
c:/program files (x86)/atmel/studio/7.0/toolchain/avr8/avr8-gnu-toolchain/bin/../lib/gcc/avr/5.4.0/../../../../avr/lib/avr6\libm.a(mulsf3x.o)
                              c:/program files (x86)/atmel/studio/7.0/toolchain/avr8/avr8-gnu-toolchain/bin/../lib/gcc/avr/5.4.0/../../../../avr/lib/avr6\libm.a(mulsf3.o) (__mulsf3x)
c:/program files (x86)/atmel/studio/7.0/toolchain/avr8/avr8-gnu-toolchain/bin/../lib/gcc/avr/5.4.0/../../../../avr/lib/avr6\libm.a(fp_inf.o)
                              c:/program files (x86)/atmel/studio/7.0/toolchain/avr8/avr8-gnu-toolchain/bin/../lib/gcc/avr/5.4.0/../../../../avr/lib/avr6\libm.a(mulsf3x.o) (__fp_inf)
c:/program files (x86)/atmel/studio/7.0/toolchain/avr8/avr8-gnu-toolchain/bin/../lib/gcc/avr/5.4.0/../../../../avr/lib/avr6\libm.a(fp_nan.o)
                              c:/program files (x86)/atmel/studio/7.0/toolchain/avr8/avr8-gnu-toolchain/bin/../lib/gcc/avr/5.4.0/../../../../avr/lib/avr6\libm.a(mulsf3x.o) (__fp_nan)
c:/program files (x86)/atmel/studio/7.0/toolchain/avr8/avr8-gnu-toolchain/bin/../lib/gcc/avr/5.4.0/../../../../avr/lib/avr6\libm.a(fp_pscA.o)
                              c:/program files (x86)/atmel/studio/7.0/toolchain/avr8/avr8-gnu-toolchain/bin/../lib/gcc/avr/5.4.0/../../../../avr/lib/avr6\libm.a(mulsf3x.o) (__fp_pscA)
c:/program files (x86)/atmel/studio/7.0/toolchain/avr8/avr8-gnu-toolchain/bin/../lib/gcc/avr/5.4.0/../../../../avr/lib/avr6\libm.a(fp_pscB.o)
                              c:/program files (x86)/atmel/studio/7.0/toolchain/avr8/avr8-gnu-toolchain/bin/../lib/gcc/avr/5.4.0/../../../../avr/lib/avr6\libm.a(mulsf3x.o) (__fp_pscB)
c:/program files (x86)/atmel/studio/7.0/toolchain/avr8/avr8-gnu-toolchain/bin/../lib/gcc/avr/5.4.0/../../../../avr/lib/avr6\libm.a(fp_round.o)
                              c:/program files (x86)/atmel/studio/7.0/toolchain/avr8/avr8-gnu-toolchain/bin/../lib/gcc/avr/5.4.0/../../../../avr/lib/avr6\libm.a(mulsf3.o) (__fp_round)
../drivers\libIotLibrary.a(hih8120.o)
                              Sensors/tempHumSensor.o (hih8120_initialise)
../drivers\libIotLibrary.a(lora_driver.o)
                              uplinkHandler.o (lora_driver_flushBuffers)
../drivers\libIotLibrary.a(lora_driver_utils.o)
                              ../drivers\libIotLibrary.a(lora_driver.o) (decode_port_no)
../drivers\libIotLibrary.a(mh_z19.o)
                              Sensors/co2Sensor.o (mh_z19_initialise)
../drivers\libIotLibrary.a(rc_servo.o)
                              servoController.o (rc_servo_setPosition)
../drivers\libIotLibrary.a(serial.o)
                              ../drivers\libIotLibrary.a(lora_driver.o) (serial_create)
../drivers\libIotLibrary.a(stdio_driver.o)
                              main.o (stdio_initialise)
../drivers\libIotLibrary.a(status_leds.o)
                              main.o (status_leds_initialise)
../drivers\libIotLibrary.a(twi.o)
                              ../drivers\libIotLibrary.a(hih8120.o) (twiCreate)
../drivers\libIotLibrary.a(fifo.o)
                              ../drivers\libIotLibrary.a(serial.o) (fifo_init)
[...]
Memory Configuration

Name             Origin             Length             Attributes
text             0x00000000         0x00040000         xr
data             0x00800200         0x00002000         rw !x
eeprom           0x00810000         0x00001000         rw !x
fuse             0x00820000         0x00000003         rw !x
lock             0x00830000         0x00000400         rw !x
signature        0x00840000         0x00000400         rw !x
user_signatures  0x00850000         0x00000400         rw !x
*default*        0x00000000         0xffffffff

Linker script and memory map

Address of section .data set to 0x800200
LOAD C:/Program Files (x86)/Atmel/Studio/7.0/Packs/atmel/ATmega_DFP/1.7.374/gcc/dev/atmega2560/avr6/crtatmega2560.o
LOAD application.o
LOAD configuration.o
LOAD downlinkHandler.o
LOAD servoController.o
LOAD windowController.o
LOAD FreeRTOS/FreeRTOSTraceDriver/FreeRTOSTraceDriver.o
LOAD FreeRTOS/src/croutine.o
LOAD FreeRTOS/src/event_groups.o
LOAD FreeRTOS/src/heap_4.o
LOAD FreeRTOS/src/list.o
LOAD FreeRTOS/src/port.o
LOAD FreeRTOS/src/queue.o
LOAD FreeRTOS/src/stream_buffer.o
LOAD FreeRTOS/src/tasks.o
LOAD FreeRTOS/src/timers.o
LOAD FreeRTOS/src/variantHooks.o
LOAD packageHandler.o
LOAD Sensors/co2Sensor.o
LOAD Sensors/tempHumSensor.o
LOAD initialize.o
LOAD uplinkHandler.o
LOAD main.o
START GROUP
LOAD c:/program files (x86)/atmel/studio/7.0/toolchain/avr8/avr8-gnu-toolchain/bin/../lib/gcc/avr/5.4.0/../../../../avr/lib/avr6\libm.a
LOAD ../drivers\libIotLibrary.a
LOAD c:/program files (x86)/atmel/studio/7.0/toolchain/avr8/avr8-gnu-toolchain/bin/../lib/gcc/avr/5.4.0/../../../../avr/lib/avr6\libprintf_flt.a
END GROUP
LOAD c:/program files (x86)/atmel/studio/7.0/toolchain/avr8/avr8-gnu-toolchain/bin/../lib/gcc/avr/5.4.0/avr6\libgcc.a
LOAD c:/program files (x86)/atmel/studio/7.0/toolchain/avr8/avr8-gnu-toolchain/bin/../lib/gcc/avr/5.4.0/../../../../avr/lib/avr6\libm.a
START GROUP
LOAD c:/program files (x86)/atmel/studio/7.0/toolchain/avr8/avr8-gnu-toolchain/bin/../lib/gcc/avr/5.4.0/avr6\libgcc.a
LOAD c:/program files (x86)/atmel/studio/7.0/toolchain/avr8/avr8-gnu-toolchain/bin/../lib/gcc/avr/5.4.0/../../../../avr/lib/avr6\libm.a
LOAD c:/program files (x86)/atmel/studio/7.0/toolchain/avr8/avr8-gnu-toolchain/bin/../lib/gcc/avr/5.4.0/../../../../avr/lib/avr6\libc.a
LOAD C:/Program Files (x86)/Atmel/Studio/7.0/Packs/atmel/ATmega_DFP/1.7.374/gcc/dev/atmega2560/avr6\libatmega2560.a
END GROUP
                0x00000000                __TEXT_REGION_ORIGIN__ = DEFINED (__TEXT_REGION_ORIGIN__)?__TEXT_REGION_ORIGIN__:0x0
                [0x00800200]                __DATA_REGION_ORIGIN__ = DEFINED (__DATA_REGION_ORIGIN__)?__DATA_REGION_ORIGIN__:0x800200
                [0x00040000]                __TEXT_REGION_LENGTH__ = DEFINED (__TEXT_REGION_LENGTH__)?__TEXT_REGION_LENGTH__:0x100000
                [0x00002000]                __DATA_REGION_LENGTH__ = DEFINED (__DATA_REGION_LENGTH__)?__DATA_REGION_LENGTH__:0xfe00
                [0x00001000]                __EEPROM_REGION_LENGTH__ = DEFINED (__EEPROM_REGION_LENGTH__)?__EEPROM_REGION_LENGTH__:0x10000
                [0x00000003]                __FUSE_REGION_LENGTH__ = DEFINED (__FUSE_REGION_LENGTH__)?__FUSE_REGION_LENGTH__:0x400
                0x00000400                __LOCK_REGION_LENGTH__ = DEFINED (__LOCK_REGION_LENGTH__)?__LOCK_REGION_LENGTH__:0x400
                0x00000400                __SIGNATURE_REGION_LENGTH__ = DEFINED (__SIGNATURE_REGION_LENGTH__)?__SIGNATURE_REGION_LENGTH__:0x400
                0x00000400                __USER_SIGNATURE_REGION_LENGTH__ = DEFINED (__USER_SIGNATURE_REGION_LENGTH__)?__USER_SIGNATURE_REGION_LENGTH__:0x400

.hash
 *(.hash)

.dynsym
 *(.dynsym)

.dynstr
 *(.dynstr)

.gnu.version
 *(.gnu.version)

.gnu.version_d
 *(.gnu.version_d)

.gnu.version_r
 *(.gnu.version_r)

.rel.init
 *(.rel.init)

.rela.init
 *(.rela.init)

.rel.text
 *(.rel.text)
 *(.rel.text.*)
 *(.rel.gnu.linkonce.t*)

.rela.text
 *(.rela.text)
 *(.rela.text.*)
 *(.rela.gnu.linkonce.t*)

.rel.fini
 *(.rel.fini)

.rela.fini
 *(.rela.fini)

.rel.rodata
 *(.rel.rodata)
 *(.rel.rodata.*)
 *(.rel.gnu.linkonce.r*)

.rela.rodata
 *(.rela.rodata)
 *(.rela.rodata.*)
 *(.rela.gnu.linkonce.r*)

.rel.data
 *(.rel.data)
 *(.rel.data.*)
 *(.rel.gnu.linkonce.d*)

.rela.data
 *(.rela.data)
 *(.rela.data.*)
 *(.rela.gnu.linkonce.d*)

.rel.ctors
 *(.rel.ctors)

.rela.ctors
 *(.rela.ctors)

.rel.dtors
 *(.rel.dtors)

.rela.dtors
 *(.rela.dtors)

.rel.got
 *(.rel.got)

.rela.got
 *(.rela.got)

.rel.bss
 *(.rel.bss)

.rela.bss
 *(.rela.bss)

.rel.plt
 *(.rel.plt)

.rela.plt
 *(.rela.plt)

.text           0x00000000     0x9bd2
 *(.vectors)
 .vectors       0x00000000       0xe4 C:/Program Files (x86)/Atmel/Studio/7.0/Packs/atmel/ATmega_DFP/1.7.374/gcc/dev/atmega2560/avr6/crtatmega2560.o
                0x00000000                __vector_default
                0x00000000                __vectors
 *(.vectors)
 *(.progmem.gcc*)
 .progmem.gcc_sw_table.prvProcessReceivedCommands
                0x000000e4       0x14 FreeRTOS/src/timers.o
 .progmem.gcc_sw_table.__vector_39
                0x000000f8       0xa2 ../drivers\libIotLibrary.a(twi.o)
                0x0000019a                . = ALIGN (0x2)
                0x0000019a                __trampolines_start = .
 *(.trampolines)
 .trampolines   0x0000019a        0x0 linker stubs
 *(.trampolines*)
                0x0000019a                __trampolines_end = .
 *libprintf_flt.a:*(.progmem.data)
 .progmem.data  0x0000019a        0x8 c:/program files (x86)/atmel/studio/7.0/toolchain/avr8/avr8-gnu-toolchain/bin/../lib/gcc/avr/5.4.0/../../../../avr/lib/avr6\libprintf_flt.a(vfprintf_flt.o)
 *libc.a:*(.progmem.data)
 .progmem.data  0x000001a2       0xfa c:/program files (x86)/atmel/studio/7.0/toolchain/avr8/avr8-gnu-toolchain/bin/../lib/gcc/avr/5.4.0/../../../../avr/lib/avr6\libc.a(ftoa_engine.o)
 *(.progmem*)
                0x0000029c                . = ALIGN (0x2)
 *(.jumptables)
 *(.jumptables*)
 *(.lowtext)
 .lowtext       0x0000029c       0x26 FreeRTOS/src/tasks.o
 .lowtext       0x000002c2       0x46 FreeRTOS/src/timers.o
 *(.lowtext*)
                0x00000308                __ctors_start = .
 *(.ctors)
                0x00000308                __ctors_end = .
                0x00000308                __dtors_start = .
 *(.dtors)
                0x00000308                __dtors_end = .
 SORT(*)(.ctors)
 SORT(*)(.dtors)
 *(.init0)
 .init0         0x00000308        0x0 C:/Program Files (x86)/Atmel/Studio/7.0/Packs/atmel/ATmega_DFP/1.7.374/gcc/dev/atmega2560/avr6/crtatmega2560.o
                0x00000308                __init
 *(.init0)
 *(.init1)
 *(.init1)
 *(.init2)
 .init2         0x00000308       0x10 C:/Program Files (x86)/Atmel/Studio/7.0/Packs/atmel/ATmega_DFP/1.7.374/gcc/dev/atmega2560/avr6/crtatmega2560.o
 *(.init2)
 *(.init3)
 *(.init3)
 *(.init4)
 .init4         0x00000318       0x1a c:/program files (x86)/atmel/studio/7.0/toolchain/avr8/avr8-gnu-toolchain/bin/../lib/gcc/avr/5.4.0/avr6\libgcc.a(_copy_data.o)
                0x00000318                __do_copy_data
 .init4         0x00000332       0x10 c:/program files (x86)/atmel/studio/7.0/toolchain/avr8/avr8-gnu-toolchain/bin/../lib/gcc/avr/5.4.0/avr6\libgcc.a(_clear_bss.o)
                0x00000332                __do_clear_bss
 *(.init4)
 *(.init5)
 *(.init5)
 *(.init6)
 *(.init6)
 *(.init7)
 *(.init7)
 *(.init8)
 *(.init8)
 *(.init9)
 .init9         0x00000342        0x8 C:/Program Files (x86)/Atmel/Studio/7.0/Packs/atmel/ATmega_DFP/1.7.374/gcc/dev/atmega2560/avr6/crtatmega2560.o
 *(.init9)
 *(.text)
 .text          0x0000034a        0x2 C:/Program Files (x86)/Atmel/Studio/7.0/Packs/atmel/ATmega_DFP/1.7.374/gcc/dev/atmega2560/avr6/crtatmega2560.o
                0x0000034a                __vector_38
                0x0000034a                __vector_22
                0x0000034a                __vector_28
                0x0000034a                __vector_1
                0x0000034a                __vector_32
                0x0000034a                __vector_34
                0x0000034a                __vector_24
                0x0000034a                __vector_46
                0x0000034a                __bad_interrupt
                0x0000034a                __vector_6
                0x0000034a                __vector_31
                0x0000034a                __vector_35
                0x0000034a                __vector_3
                0x0000034a                __vector_23
                0x0000034a                __vector_30
                0x0000034a                __vector_45
                0x0000034a                __vector_11
                0x0000034a                __vector_13
                0x0000034a                __vector_17
                0x0000034a                __vector_19
                0x0000034a                __vector_56
                0x0000034a                __vector_7
                0x0000034a                __vector_49
                0x0000034a                __vector_41
                0x0000034a                __vector_43
                0x0000034a                __vector_27
                0x0000034a                __vector_5
                0x0000034a                __vector_33
                0x0000034a                __vector_47
                0x0000034a                __vector_4
                0x0000034a                __vector_44
                0x0000034a                __vector_9
                0x0000034a                __vector_2
                0x0000034a                __vector_21
                0x0000034a                __vector_15
                0x0000034a                __vector_29
                0x0000034a                __vector_40
                0x0000034a                __vector_8
                0x0000034a                __vector_48
                0x0000034a                __vector_14
                0x0000034a                __vector_53
                0x0000034a                __vector_10
                0x0000034a                __vector_50
                0x0000034a                __vector_16
                0x0000034a                __vector_18
                0x0000034a                __vector_20
                0x0000034a                __vector_42
                0x0000034c                . = ALIGN (0x2)
 *(.text.*)
 .text.application_create
                0x0000034c       0x1a application.o
                0x0000034c                application_create
 .text.application_createTask
                0x00000366       0x3c application.o
                0x00000366                application_createTask
 .text.application_task
                0x000003a2      0x12a application.o
                0x000003a2                application_task
 .text.configuration_getMaxTemperature
                0x000004cc       0x16 configuration.o
                0x000004cc                configuration_getMaxTemperature
 .text.configuration_getMaxHumidity
                0x000004e2       0x16 configuration.o
                0x000004e2                configuration_getMaxHumidity
 .text.downlinkHandler_create
                0x000004f8       0x1a downlinkHandler.o
                0x000004f8                downlinkHandler_create
 .text.downlinkHandler_createTask
                0x00000512       0x3c downlinkHandler.o
                0x00000512                downlinkHandler_createTask
 .text.downlinkHandler_task
                0x0000054e       0x72 downlinkHandler.o
                0x0000054e                downlinkHandler_task
 .text.servoController_create
                0x000005c0       0x14 servoController.o
                0x000005c0                servoController_create
 .text.servoController_setPosition
                0x000005d4       0x24 servoController.o
                0x000005d4                servoController_setPosition
 .text.windowController_create
                0x000005f8       0x2e windowController.o
                0x000005f8                windowController_create
 .text.windowController_createTask
                0x00000626       0x3c windowController.o
                0x00000626                windowController_createTask
 .text.windowController_task
                0x00000662      0x12e windowController.o
                0x00000662                windowController_task
 .text.xEventGroupCreate
                0x00000790       0x42 FreeRTOS/src/event_groups.o
                0x00000790                xEventGroupCreate
 .text.xEventGroupWaitBits
                0x000007d2      0x26e FreeRTOS/src/event_groups.o
                0x000007d2                xEventGroupWaitBits
 .text.xEventGroupSetBits
                0x00000a40      0x21c FreeRTOS/src/event_groups.o
                0x00000a40                xEventGroupSetBits
 .text.prvTestWaitCondition
                0x00000c5c       0x9a FreeRTOS/src/event_groups.o
 .text.pvPortMalloc
                0x00000cf6      0x22c FreeRTOS/src/heap_4.o
                0x00000cf6                pvPortMalloc
 .text.vPortFree
                0x00000f22       0xde FreeRTOS/src/heap_4.o
                0x00000f22                vPortFree
 .text.prvHeapInit
                0x00001000      0x100 FreeRTOS/src/heap_4.o
 .text.prvInsertBlockIntoFreeList
                0x00001100      0x168 FreeRTOS/src/heap_4.o
 .text.vListInitialise
                0x00001268       0x74 FreeRTOS/src/list.o
                0x00001268                vListInitialise
 .text.vListInitialiseItem
                0x000012dc       0x26 FreeRTOS/src/list.o
                0x000012dc                vListInitialiseItem
 .text.vListInsert
                0x00001302      0x10e FreeRTOS/src/list.o
                0x00001302                vListInsert
 .text.uxListRemove
                0x00001410       0xae FreeRTOS/src/list.o
                0x00001410                uxListRemove
 .text.pxPortInitialiseStack
                0x000014be      0x11c FreeRTOS/src/port.o
                0x000014be                pxPortInitialiseStack
 .text.xPortStartScheduler
                0x000015da       0x70 FreeRTOS/src/port.o
                0x000015da                xPortStartScheduler
 .text.vPortYield
                0x0000164a       0xc4 FreeRTOS/src/port.o
                0x0000164a                vPortYield
 .text.vPortYieldFromTick
                0x0000170e       0xd4 FreeRTOS/src/port.o
                0x0000170e                vPortYieldFromTick
 .text.prvSetupTimerInterrupt
                0x000017e2       0x3e FreeRTOS/src/port.o
 .text.__vector_12
                0x00001820        0x6 FreeRTOS/src/port.o
                0x00001820                __vector_12
 .text.xQueueGenericReset
                0x00001826      0x120 FreeRTOS/src/queue.o
                0x00001826                xQueueGenericReset
 .text.xQueueGenericCreate
                0x00001946       0x90 FreeRTOS/src/queue.o
                0x00001946                xQueueGenericCreate
 .text.prvInitialiseNewQueue
                0x000019d6       0x7e FreeRTOS/src/queue.o
 .text.xQueueGenericSend
                0x00001a54      0x16c FreeRTOS/src/queue.o
                0x00001a54                xQueueGenericSend
 .text.xQueueGenericSendFromISR
                0x00001bc0       0xc6 FreeRTOS/src/queue.o
                0x00001bc0                xQueueGenericSendFromISR
 .text.xQueueReceive
                0x00001c86      0x168 FreeRTOS/src/queue.o
                0x00001c86                xQueueReceive
 .text.prvCopyDataToQueue
                0x00001dee      0x1a0 FreeRTOS/src/queue.o
 .text.prvCopyDataFromQueue
                0x00001f8e       0xa2 FreeRTOS/src/queue.o
 .text.prvUnlockQueue
                0x00002030       0xbc FreeRTOS/src/queue.o
 .text.prvIsQueueEmpty
                0x000020ec       0x3a FreeRTOS/src/queue.o
 .text.prvIsQueueFull
                0x00002126       0x42 FreeRTOS/src/queue.o
 .text.vQueueWaitForMessageRestricted
                0x00002168       0x9e FreeRTOS/src/queue.o
                0x00002168                vQueueWaitForMessageRestricted
 .text.xStreamBufferGenericCreate
                0x00002206       0xaa FreeRTOS/src/stream_buffer.o
                0x00002206                xStreamBufferGenericCreate
 .text.xStreamBufferReset
                0x000022b0       0x9c FreeRTOS/src/stream_buffer.o
                0x000022b0                xStreamBufferReset
 .text.xStreamBufferSpacesAvailable
                0x0000234c       0x9c FreeRTOS/src/stream_buffer.o
                0x0000234c                xStreamBufferSpacesAvailable
 .text.xStreamBufferSend
                0x000023e8      0x1f4 FreeRTOS/src/stream_buffer.o
                0x000023e8                xStreamBufferSend
 .text.xStreamBufferSendFromISR
                0x000025dc      0x102 FreeRTOS/src/stream_buffer.o
                0x000025dc                xStreamBufferSendFromISR
 .text.prvWriteMessageToBuffer
                0x000026de       0xd8 FreeRTOS/src/stream_buffer.o
 .text.xStreamBufferReceive
                0x000027b6      0x194 FreeRTOS/src/stream_buffer.o
                0x000027b6                xStreamBufferReceive
 .text.prvReadMessageFromBuffer
                0x0000294a       0xcc FreeRTOS/src/stream_buffer.o
 .text.prvWriteBytesToBuffer
                0x00002a16      0x11e FreeRTOS/src/stream_buffer.o
 .text.prvReadBytesFromBuffer
                0x00002b34      0x14e FreeRTOS/src/stream_buffer.o
 .text.prvBytesInBuffer
                0x00002c82       0x86 FreeRTOS/src/stream_buffer.o
 .text.prvInitialiseNewStreamBuffer
                0x00002d08       0x82 FreeRTOS/src/stream_buffer.o
 .text.xTaskCreate
                0x00002d8a       0xdc FreeRTOS/src/tasks.o
                0x00002d8a                xTaskCreate
 .text.prvInitialiseNewTask
                0x00002e66      0x1de FreeRTOS/src/tasks.o
 .text.prvAddNewTaskToReadyList
                0x00003044      0x1a6 FreeRTOS/src/tasks.o
 .text.xTaskDelayUntil
                0x000031ea      0x178 FreeRTOS/src/tasks.o
                0x000031ea                xTaskDelayUntil
 .text.vTaskDelay
                0x00003362       0x5c FreeRTOS/src/tasks.o
                0x00003362                vTaskDelay
 .text.vTaskStartScheduler
                0x000033be       0x8a FreeRTOS/src/tasks.o
                0x000033be                vTaskStartScheduler
 .text.vTaskSuspendAll
                0x00003448       0x1a FreeRTOS/src/tasks.o
                0x00003448                vTaskSuspendAll
 .text.xTaskResumeAll
                0x00003462      0x31e FreeRTOS/src/tasks.o
                0x00003462                xTaskResumeAll
 .text.xTaskGetTickCount
                0x00003780       0x48 FreeRTOS/src/tasks.o
                0x00003780                xTaskGetTickCount
 .text.xTaskIncrementTick
                0x000037c8      0x3f2 FreeRTOS/src/tasks.o
                0x000037c8                xTaskIncrementTick
 .text.vTaskSwitchContext
                0x00003bba      0x118 FreeRTOS/src/tasks.o
                0x00003bba                vTaskSwitchContext
 .text.vTaskPlaceOnEventList
                0x00003cd2       0x56 FreeRTOS/src/tasks.o
                0x00003cd2                vTaskPlaceOnEventList
 .text.vTaskPlaceOnUnorderedEventList
                0x00003d28      0x104 FreeRTOS/src/tasks.o
                0x00003d28                vTaskPlaceOnUnorderedEventList
 .text.vTaskPlaceOnEventListRestricted
                0x00003e2c       0xee FreeRTOS/src/tasks.o
                0x00003e2c                vTaskPlaceOnEventListRestricted
 .text.xTaskRemoveFromEventList
                0x00003f1a      0x2ea FreeRTOS/src/tasks.o
                0x00003f1a                xTaskRemoveFromEventList
 .text.vTaskRemoveFromUnorderedEventList
                0x00004204      0x27c FreeRTOS/src/tasks.o
                0x00004204                vTaskRemoveFromUnorderedEventList
 .text.vTaskSetTimeOutState
                0x00004480       0x50 FreeRTOS/src/tasks.o
                0x00004480                vTaskSetTimeOutState
 .text.vTaskInternalSetTimeOutState
                0x000044d0       0x46 FreeRTOS/src/tasks.o
                0x000044d0                vTaskInternalSetTimeOutState
 .text.xTaskCheckForTimeOut
                0x00004516      0x160 FreeRTOS/src/tasks.o
                0x00004516                xTaskCheckForTimeOut
 .text.vTaskMissedYield
                0x00004676       0x16 FreeRTOS/src/tasks.o
                0x00004676                vTaskMissedYield
 .text.prvInitialiseTaskLists
                0x0000468c       0x7e FreeRTOS/src/tasks.o
 .text.prvCheckTasksWaitingTermination
                0x0000470a       0x62 FreeRTOS/src/tasks.o
 .text.prvDeleteTCB
                0x0000476c       0x32 FreeRTOS/src/tasks.o
 .text.prvResetNextTaskUnblockTime
                0x0000479e       0x60 FreeRTOS/src/tasks.o
 .text.xTaskGetCurrentTaskHandle
                0x000047fe       0x26 FreeRTOS/src/tasks.o
                0x000047fe                xTaskGetCurrentTaskHandle
 .text.xTaskGetSchedulerState
                0x00004824       0x32 FreeRTOS/src/tasks.o
                0x00004824                xTaskGetSchedulerState
 .text.xTaskPriorityDisinherit
                0x00004856      0x1ce FreeRTOS/src/tasks.o
                0x00004856                xTaskPriorityDisinherit
 .text.uxTaskResetEventItemValue
                0x00004a24       0x8e FreeRTOS/src/tasks.o
                0x00004a24                uxTaskResetEventItemValue
 .text.xTaskGenericNotifyWait
                0x00004ab2      0x20e FreeRTOS/src/tasks.o
                0x00004ab2                xTaskGenericNotifyWait
 .text.xTaskGenericNotify
                0x00004cc0      0x3a2 FreeRTOS/src/tasks.o
                0x00004cc0                xTaskGenericNotify
 .text.xTaskGenericNotifyFromISR
                0x00005062      0x438 FreeRTOS/src/tasks.o
                0x00005062                xTaskGenericNotifyFromISR
 .text.xTaskGenericNotifyStateClear
                0x0000549a       0x7e FreeRTOS/src/tasks.o
                0x0000549a                xTaskGenericNotifyStateClear
 .text.prvAddCurrentTaskToDelayedList
                0x00005518      0x1c6 FreeRTOS/src/tasks.o
 .text.xTimerCreateTimerTask
                0x000056de       0x54 FreeRTOS/src/timers.o
                0x000056de                xTimerCreateTimerTask
 .text.xTimerGenericCommand
                0x00005732       0xf0 FreeRTOS/src/timers.o
                0x00005732                xTimerGenericCommand
 .text.prvProcessExpiredTimer
                0x00005822      0x116 FreeRTOS/src/timers.o
 .text.prvProcessTimerOrBlockTask
                0x00005938       0xfe FreeRTOS/src/timers.o
 .text.prvGetNextExpireTime
                0x00005a36       0x82 FreeRTOS/src/timers.o
 .text.prvSampleTimeNow
                0x00005ab8       0x8e FreeRTOS/src/timers.o
 .text.prvInsertTimerInActiveList
                0x00005b46      0x13e FreeRTOS/src/timers.o
 .text.prvProcessReceivedCommands
                0x00005c84      0x244 FreeRTOS/src/timers.o
 .text.prvSwitchTimerLists
                0x00005ec8      0x186 FreeRTOS/src/timers.o
 .text.prvCheckForValidListAndQueue
                0x0000604e       0x60 FreeRTOS/src/timers.o
 .text.vApplicationIdleHook
                0x000060ae       0x10 FreeRTOS/src/variantHooks.o
                0x000060ae                vApplicationIdleHook
 .text.prvSetMainLedOn
                0x000060be       0x34 FreeRTOS/src/variantHooks.o
                0x000060be                prvSetMainLedOn
 .text.prvBlinkMainLed
                0x000060f2       0x22 FreeRTOS/src/variantHooks.o
                0x000060f2                prvBlinkMainLed
 .text.vApplicationMallocFailedHook
                0x00006114       0xf2 FreeRTOS/src/variantHooks.o
                0x00006114                vApplicationMallocFailedHook
 .text.vApplicationStackOverflowHook
                0x00006206       0xfa FreeRTOS/src/variantHooks.o
                0x00006206                vApplicationStackOverflowHook
 .text.packageHandler_setTemperaturePercent
                0x00006300       0x28 packageHandler.o
                0x00006300                packageHandler_setTemperaturePercent
 .text.packageHandler_setHumidityPercent
                0x00006328       0x28 packageHandler.o
                0x00006328                packageHandler_setHumidityPercent
 .text.packageHandler_setCO2ppm
                0x00006350       0x28 packageHandler.o
                0x00006350                packageHandler_setCO2ppm
 .text.packageHandler_getLoraPackage
                0x00006378       0xa0 packageHandler.o
                0x00006378                packageHandler_getLoraPackage
 .text.co2Sensor_create
                0x00006418       0x28 Sensors/co2Sensor.o
                0x00006418                co2Sensor_create
 .text.co2Sensor_getPPM
                0x00006440       0x16 Sensors/co2Sensor.o
                0x00006440                co2Sensor_getPPM
 .text.myCo2CallBack
                0x00006456       0x28 Sensors/co2Sensor.o
                0x00006456                myCo2CallBack
 .text.co2Sensor_measure
                0x0000647e       0x58 Sensors/co2Sensor.o
                0x0000647e                co2Sensor_measure
 .text.co2Sensor_createTask
                0x000064d6       0x3c Sensors/co2Sensor.o
                0x000064d6                co2Sensor_createTask
 .text.co2Sensor_task
                0x00006512       0x76 Sensors/co2Sensor.o
                0x00006512                co2Sensor_task
 .text.co2Sensor_printReturnCode
                0x00006588       0x80 Sensors/co2Sensor.o
                0x00006588                co2Sensor_printReturnCode
 .text.tempHumSensor_create
                0x00006608       0x1c Sensors/tempHumSensor.o
                0x00006608                tempHumSensor_create
 .text.tempHumSensor_getTemp
                0x00006624       0x16 Sensors/tempHumSensor.o
                0x00006624                tempHumSensor_getTemp
 .text.tempHumSensor_getHum
                0x0000663a       0x16 Sensors/tempHumSensor.o
                0x0000663a                tempHumSensor_getHum
 .text.tempHumSensor_initialise
                0x00006650       0x42 Sensors/tempHumSensor.o
                0x00006650                tempHumSensor_initialise
 .text.tempHumSensor_measure
                0x00006692       0xe8 Sensors/tempHumSensor.o
                0x00006692                tempHumSensor_measure
 .text.tempHumSensor_createTask
                0x0000677a       0x3c Sensors/tempHumSensor.o
                0x0000677a                tempHumSensor_createTask
 .text.tempHumSensor_task
                0x000067b6       0x76 Sensors/tempHumSensor.o
                0x000067b6                tempHumSensor_task
 .text.tempHumSensor_printReturnCode
                0x0000682c       0x80 Sensors/tempHumSensor.o
                0x0000682c                tempHumSensor_printReturnCode
 .text.initialize_event_groups
                0x000068ac       0x28 initialize.o
                0x000068ac                initialize_event_groups
 .text.initialize_message_buffers
                0x000068d4       0x64 initialize.o
                0x000068d4                initialize_message_buffers
 .text.uplinkHandler_create
                0x00006938       0x1a uplinkHandler.o
                0x00006938                uplinkHandler_create
 .text.uplinkHandler_createTask
                0x00006952       0x3c uplinkHandler.o
                0x00006952                uplinkHandler_createTask
 .text._lora_setup
                0x0000698e      0x24e uplinkHandler.o
 .text.uplinkHandler_task
                0x00006bdc      0x18a uplinkHandler.o
                0x00006bdc                uplinkHandler_task
 .text.main_create
                0x00006d66       0x32 main.o
                0x00006d66                main_create
 .text.initializeSystem
                0x00006d98       0x30 main.o
                0x00006d98                initializeSystem
 .text.main     0x00006dc8       0x18 main.o
                0x00006dc8                main
 .text.avr-libc.fplib
                0x00006de0        0x8 c:/program files (x86)/atmel/studio/7.0/toolchain/avr8/avr8-gnu-toolchain/bin/../lib/gcc/avr/5.4.0/../../../../avr/lib/avr6\libm.a(cmpsf2.o)
                0x00006de0                __nesf2
                0x00006de0                __eqsf2
                0x00006de0                __cmpsf2
                0x00006de0                __ltsf2
                0x00006de0                __lesf2
 .text.avr-libc.fplib
                0x00006de8       0x58 c:/program files (x86)/atmel/studio/7.0/toolchain/avr8/avr8-gnu-toolchain/bin/../lib/gcc/avr/5.4.0/../../../../avr/lib/avr6\libm.a(fixunssfsi.o)
                0x00006de8                __fixunssfsi
 .text.avr-libc.fplib
                0x00006e40       0x48 c:/program files (x86)/atmel/studio/7.0/toolchain/avr8/avr8-gnu-toolchain/bin/../lib/gcc/avr/5.4.0/../../../../avr/lib/avr6\libm.a(fp_cmp.o)
                0x00006e40                __fp_cmp
 .text.avr-libc.fplib
                0x00006e88       0x44 c:/program files (x86)/atmel/studio/7.0/toolchain/avr8/avr8-gnu-toolchain/bin/../lib/gcc/avr/5.4.0/../../../../avr/lib/avr6\libm.a(fp_split3.o)
                0x00006e88                __fp_split3
                0x00006e98                __fp_splitA
 .text.avr-libc.fplib
                0x00006ecc        0xe c:/program files (x86)/atmel/studio/7.0/toolchain/avr8/avr8-gnu-toolchain/bin/../lib/gcc/avr/5.4.0/../../../../avr/lib/avr6\libm.a(fp_zero.o)
                0x00006ecc                __fp_zero
                0x00006ece                __fp_szero
 .text.avr-libc.fplib
                0x00006eda        0x8 c:/program files (x86)/atmel/studio/7.0/toolchain/avr8/avr8-gnu-toolchain/bin/../lib/gcc/avr/5.4.0/../../../../avr/lib/avr6\libm.a(gesf2.o)
                0x00006eda                __gesf2
                0x00006eda                __gtsf2
 .text.avr-libc.fplib
                0x00006ee2        0x4 c:/program files (x86)/atmel/studio/7.0/toolchain/avr8/avr8-gnu-toolchain/bin/../lib/gcc/avr/5.4.0/../../../../avr/lib/avr6\libm.a(mulsf3.o)
                0x00006ee2                __mulsf3
 .text.avr-libc.fplib
                0x00006ee6       0xc2 c:/program files (x86)/atmel/studio/7.0/toolchain/avr8/avr8-gnu-toolchain/bin/../lib/gcc/avr/5.4.0/../../../../avr/lib/avr6\libm.a(mulsf3x.o)
                0x00006efa                __mulsf3x
                0x00006efe                __mulsf3_pse
 .text.avr-libc.fplib
                0x00006fa8        0xc c:/program files (x86)/atmel/studio/7.0/toolchain/avr8/avr8-gnu-toolchain/bin/../lib/gcc/avr/5.4.0/../../../../avr/lib/avr6\libm.a(fp_inf.o)
                0x00006fa8                __fp_inf
 .text.avr-libc.fplib
                0x00006fb4        0x6 c:/program files (x86)/atmel/studio/7.0/toolchain/avr8/avr8-gnu-toolchain/bin/../lib/gcc/avr/5.4.0/../../../../avr/lib/avr6\libm.a(fp_nan.o)
                0x00006fb4                __fp_nan
 .text.avr-libc.fplib
                0x00006fba        0xe c:/program files (x86)/atmel/studio/7.0/toolchain/avr8/avr8-gnu-toolchain/bin/../lib/gcc/avr/5.4.0/../../../../avr/lib/avr6\libm.a(fp_pscA.o)
                0x00006fba                __fp_pscA
 .text.avr-libc.fplib
                0x00006fc8        0xe c:/program files (x86)/atmel/studio/7.0/toolchain/avr8/avr8-gnu-toolchain/bin/../lib/gcc/avr/5.4.0/../../../../avr/lib/avr6\libm.a(fp_pscB.o)
                0x00006fc8                __fp_pscB
 .text.avr-libc.fplib
                0x00006fd6       0x22 c:/program files (x86)/atmel/studio/7.0/toolchain/avr8/avr8-gnu-toolchain/bin/../lib/gcc/avr/5.4.0/../../../../avr/lib/avr6\libm.a(fp_round.o)
                0x00006fd6                __fp_round
 .text._hihTwiCallback
                0x00006ff8       0x5a ../drivers\libIotLibrary.a(hih8120.o)
 .text.hih8120_initialise
                0x00007052       0x30 ../drivers\libIotLibrary.a(hih8120.o)
                0x00007052                hih8120_initialise
 .text.hih8120_isReady
                0x00007082        0x6 ../drivers\libIotLibrary.a(hih8120.o)
                0x00007082                hih8120_isReady
 .text.hih8120_wakeup
                0x00007088       0x2a ../drivers\libIotLibrary.a(hih8120.o)
                0x00007088                hih8120_wakeup
 .text.hih8120_measure
                0x000070b2       0x22 ../drivers\libIotLibrary.a(hih8120.o)
                0x000070b2                hih8120_measure
 .text.hih8120_getHumidity
                0x000070d4       0x28 ../drivers\libIotLibrary.a(hih8120.o)
                0x000070d4                hih8120_getHumidity
 .text.hih8120_getHumidityPercent_x10
                0x000070fc       0x12 ../drivers\libIotLibrary.a(hih8120.o)
                0x000070fc                hih8120_getHumidityPercent_x10
 .text.hih8120_getTemperature
                0x0000710e       0x34 ../drivers\libIotLibrary.a(hih8120.o)
                0x0000710e                hih8120_getTemperature
 .text.hih8120_getTemperature_x10
                0x00007142       0x14 ../drivers\libIotLibrary.a(hih8120.o)
                0x00007142                hih8120_getTemperature_x10
 .text._serialCallBack
                0x00007156       0x8c ../drivers\libIotLibrary.a(lora_driver.o)
 .text._uploadMessage
                0x000071e2       0xb4 ../drivers\libIotLibrary.a(lora_driver.o)
 .text._reply2ReturnCode
                0x00007296       0xea ../drivers\libIotLibrary.a(lora_driver.o)
 .text._uploadMessageRc
                0x00007380        0x6 ../drivers\libIotLibrary.a(lora_driver.o)
 .text.lora_driver_flushBuffers
                0x00007386        0xe ../drivers\libIotLibrary.a(lora_driver.o)
                0x00007386                lora_driver_flushBuffers
 .text.lora_driver_initialise
                0x00007394       0x80 ../drivers\libIotLibrary.a(lora_driver.o)
                0x00007394                lora_driver_initialise
 .text.lora_driver_resetRn2483
                0x00007414       0x1c ../drivers\libIotLibrary.a(lora_driver.o)
                0x00007414                lora_driver_resetRn2483
 .text.lora_driver_rn2483FactoryReset
                0x00007430       0x24 ../drivers\libIotLibrary.a(lora_driver.o)
                0x00007430                lora_driver_rn2483FactoryReset
 .text.lora_driver_getRn2483Hweui
                0x00007454       0x38 ../drivers\libIotLibrary.a(lora_driver.o)
                0x00007454                lora_driver_getRn2483Hweui
 .text.lora_driver_setDeviceIdentifier
                0x0000748c       0x22 ../drivers\libIotLibrary.a(lora_driver.o)
                0x0000748c                lora_driver_setDeviceIdentifier
 .text.lora_driver_setApplicationIdentifier
                0x000074ae       0x22 ../drivers\libIotLibrary.a(lora_driver.o)
                0x000074ae                lora_driver_setApplicationIdentifier
 .text.lora_driver_setApplicationKey
                0x000074d0       0x22 ../drivers\libIotLibrary.a(lora_driver.o)
                0x000074d0                lora_driver_setApplicationKey
 .text.lora_driver_saveMac
                0x000074f2        0xc ../drivers\libIotLibrary.a(lora_driver.o)
                0x000074f2                lora_driver_saveMac
 .text.lora_driver_join
                0x000074fe       0x52 ../drivers\libIotLibrary.a(lora_driver.o)
                0x000074fe                lora_driver_join
 .text.lora_driver_sendUploadMessage
                0x00007550      0x196 ../drivers\libIotLibrary.a(lora_driver.o)
                0x00007550                lora_driver_sendUploadMessage
 .text.lora_driver_setAdaptiveDataRate
                0x000076e6       0x16 ../drivers\libIotLibrary.a(lora_driver.o)
                0x000076e6                lora_driver_setAdaptiveDataRate
 .text.lora_driver_setReceiveDelay
                0x000076fc       0x30 ../drivers\libIotLibrary.a(lora_driver.o)
                0x000076fc                lora_driver_setReceiveDelay
 .text.lora_driver_configureToEu868
                0x0000772c      0x1bc ../drivers\libIotLibrary.a(lora_driver.o)
                0x0000772c                lora_driver_configureToEu868
 .text.lora_driver_setOtaaIdentity
                0x000078e8       0x42 ../drivers\libIotLibrary.a(lora_driver.o)
                0x000078e8                lora_driver_setOtaaIdentity
 .text.lora_driver_mapReturnCodeToText
                0x0000792a       0x18 ../drivers\libIotLibrary.a(lora_driver.o)
                0x0000792a                lora_driver_mapReturnCodeToText
 .text.decode_port_no
                0x00007942       0x58 ../drivers\libIotLibrary.a(lora_driver_utils.o)
                0x00007942                decode_port_no
 .text.decode_hexadecimal_string_bytes
                0x0000799a       0x92 ../drivers\libIotLibrary.a(lora_driver_utils.o)
                0x0000799a                decode_hexadecimal_string_bytes
 .text._serialCallBack
                0x00007a2c       0xb6 ../drivers\libIotLibrary.a(mh_z19.o)
 .text.mh_z19_initialise
                0x00007ae2       0x4a ../drivers\libIotLibrary.a(mh_z19.o)
                0x00007ae2                mh_z19_initialise
 .text.mh_z19_injectCallBack
                0x00007b2c        0xa ../drivers\libIotLibrary.a(mh_z19.o)
                0x00007b2c                mh_z19_injectCallBack
 .text.mh_z19_takeMeassuring
                0x00007b36       0x5e ../drivers\libIotLibrary.a(mh_z19.o)
                0x00007b36                mh_z19_takeMeassuring
 .text.mh_z19_getCo2Ppm
                0x00007b94       0x22 ../drivers\libIotLibrary.a(mh_z19.o)
                0x00007b94                mh_z19_getCo2Ppm
 .text.rc_servo_setPosition
                0x00007bb6       0x30 ../drivers\libIotLibrary.a(rc_servo.o)
                0x00007bb6                rc_servo_setPosition
 .text.rc_servo_initialise
                0x00007be6       0x38 ../drivers\libIotLibrary.a(rc_servo.o)
                0x00007be6                rc_servo_initialise
 .text.serial_create
                0x00007c1e      0x148 ../drivers\libIotLibrary.a(serial.o)
                0x00007c1e                serial_create
 .text.serial_sendByte
                0x00007d66       0x56 ../drivers\libIotLibrary.a(serial.o)
                0x00007d66                serial_sendByte
 .text.serial_sendBytes
                0x00007dbc       0xaa ../drivers\libIotLibrary.a(serial.o)
                0x00007dbc                serial_sendBytes
 .text.serial_getByte
                0x00007e66       0x40 ../drivers\libIotLibrary.a(serial.o)
                0x00007e66                serial_getByte
 .text.__vector_25
                0x00007ea6       0xa4 ../drivers\libIotLibrary.a(serial.o)
                0x00007ea6                __vector_25
 .text.__vector_26
                0x00007f4a       0x88 ../drivers\libIotLibrary.a(serial.o)
                0x00007f4a                __vector_26
 .text.__vector_36
                0x00007fd2       0xa4 ../drivers\libIotLibrary.a(serial.o)
                0x00007fd2                __vector_36
 .text.__vector_37
                0x00008076       0x88 ../drivers\libIotLibrary.a(serial.o)
                0x00008076                __vector_37
 .text.__vector_51
                0x000080fe       0xa4 ../drivers\libIotLibrary.a(serial.o)
                0x000080fe                __vector_51
 .text.__vector_52
                0x000081a2       0x88 ../drivers\libIotLibrary.a(serial.o)
                0x000081a2                __vector_52
 .text.__vector_54
                0x0000822a       0xa4 ../drivers\libIotLibrary.a(serial.o)
                0x0000822a                __vector_54
 .text.__vector_55
                0x000082ce       0x88 ../drivers\libIotLibrary.a(serial.o)
                0x000082ce                __vector_55
 .text.usart_getchar
                0x00008356       0x2a ../drivers\libIotLibrary.a(stdio_driver.o)
 .text.usart_putchar
                0x00008380       0x12 ../drivers\libIotLibrary.a(stdio_driver.o)
 .text.stdio_initialise
                0x00008392       0x52 ../drivers\libIotLibrary.a(stdio_driver.o)
                0x00008392                stdio_initialise
 .text._turn_off
                0x000083e4       0x98 ../drivers\libIotLibrary.a(status_leds.o)
 .text._turn_on
                0x0000847c       0x98 ../drivers\libIotLibrary.a(status_leds.o)
 .text._hal_led_task
                0x00008514       0x8c ../drivers\libIotLibrary.a(status_leds.o)
 .text.status_leds_initialise
                0x000085a0       0x9c ../drivers\libIotLibrary.a(status_leds.o)
                0x000085a0                status_leds_initialise
 .text.status_leds_slowBlink
                0x0000863c       0x46 ../drivers\libIotLibrary.a(status_leds.o)
                0x0000863c                status_leds_slowBlink
 .text.status_leds_fastBlink
                0x00008682       0x46 ../drivers\libIotLibrary.a(status_leds.o)
                0x00008682                status_leds_fastBlink
 .text.status_leds_ledOn
                0x000086c8       0x1e ../drivers\libIotLibrary.a(status_leds.o)
                0x000086c8                status_leds_ledOn
 .text.status_leds_ledOff
                0x000086e6       0x1e ../drivers\libIotLibrary.a(status_leds.o)
                0x000086e6                status_leds_ledOff
 .text.status_leds_longPuls
                0x00008704       0x24 ../drivers\libIotLibrary.a(status_leds.o)
                0x00008704                status_leds_longPuls
 .text.status_leds_shortPuls
                0x00008728       0x22 ../drivers\libIotLibrary.a(status_leds.o)
                0x00008728                status_leds_shortPuls
 .text._initTwiInterface
                0x0000874a       0x22 ../drivers\libIotLibrary.a(twi.o)
 .text.twiCreate
                0x0000876c       0x9a ../drivers\libIotLibrary.a(twi.o)
                0x0000876c                twiCreate
 .text.twiIsBusy
                0x00008806        0x8 ../drivers\libIotLibrary.a(twi.o)
                0x00008806                twiIsBusy
 .text.twiTransmit
                0x0000880e       0x98 ../drivers\libIotLibrary.a(twi.o)
                0x0000880e                twiTransmit
 .text.twiReceive
                0x000088a6       0x66 ../drivers\libIotLibrary.a(twi.o)
                0x000088a6                twiReceive
 .text.__vector_39
                0x0000890c      0x17a ../drivers\libIotLibrary.a(twi.o)
                0x0000890c                __vector_39
 .text.fifo_init
                0x00008a86       0x38 ../drivers\libIotLibrary.a(fifo.o)
                0x00008a86                fifo_init
 .text.avr-libc
                0x00008abe      0x712 c:/program files (x86)/atmel/studio/7.0/toolchain/avr8/avr8-gnu-toolchain/bin/../lib/gcc/avr/5.4.0/../../../../avr/lib/avr6\libprintf_flt.a(vfprintf_flt.o)
                0x00008abe                vfprintf
 .text.avr-libc.fplib
                0x000091d0        0xc c:/program files (x86)/atmel/studio/7.0/toolchain/avr8/avr8-gnu-toolchain/bin/../lib/gcc/avr/5.4.0/../../../../avr/lib/avr6\libm.a(addsf3.o)
                0x000091d0                __subsf3
                0x000091d2                __addsf3
 .text.avr-libc.fplib
                0x000091dc       0xcc c:/program files (x86)/atmel/studio/7.0/toolchain/avr8/avr8-gnu-toolchain/bin/../lib/gcc/avr/5.4.0/../../../../avr/lib/avr6\libm.a(addsf3x.o)
                0x000091fe                __addsf3x
 .text.avr-libc.fplib
                0x000092a8        0x6 c:/program files (x86)/atmel/studio/7.0/toolchain/avr8/avr8-gnu-toolchain/bin/../lib/gcc/avr/5.4.0/../../../../avr/lib/avr6\libm.a(divsf3.o)
                0x000092a8                __divsf3
 .text.avr-libc.fplib
                0x000092ae       0xdc c:/program files (x86)/atmel/studio/7.0/toolchain/avr8/avr8-gnu-toolchain/bin/../lib/gcc/avr/5.4.0/../../../../avr/lib/avr6\libm.a(divsf3x.o)
                0x000092ce                __divsf3x
                0x000092d4                __divsf3_pse
 .text.avr-libc.fplib
                0x0000938a        0xe c:/program files (x86)/atmel/studio/7.0/toolchain/avr8/avr8-gnu-toolchain/bin/../lib/gcc/avr/5.4.0/../../../../avr/lib/avr6\libm.a(fixsfsi.o)
                0x0000938a                __fixsfsi
 .text.avr-libc.fplib
                0x00009398       0x7a c:/program files (x86)/atmel/studio/7.0/toolchain/avr8/avr8-gnu-toolchain/bin/../lib/gcc/avr/5.4.0/../../../../avr/lib/avr6\libm.a(floatsisf.o)
                0x00009398                __floatunsisf
                0x0000939c                __floatsisf
 .text.libgcc.div
                0x00009412       0x26 c:/program files (x86)/atmel/studio/7.0/toolchain/avr8/avr8-gnu-toolchain/bin/../lib/gcc/avr/5.4.0/avr6\libgcc.a(_divmodhi4.o)
                0x00009412                _div
                0x00009412                __divmodhi4
 .text.libgcc.div
                0x00009438       0x44 c:/program files (x86)/atmel/studio/7.0/toolchain/avr8/avr8-gnu-toolchain/bin/../lib/gcc/avr/5.4.0/avr6\libgcc.a(_udivmodsi4.o)
                0x00009438                __udivmodsi4
 .text.libgcc   0x0000947c       0x10 c:/program files (x86)/atmel/studio/7.0/toolchain/avr8/avr8-gnu-toolchain/bin/../lib/gcc/avr/5.4.0/avr6\libgcc.a(_tablejump2.o)
                0x0000947c                __tablejump2__
 .text.libgcc.mul
                0x0000948c       0x1e c:/program files (x86)/atmel/studio/7.0/toolchain/avr8/avr8-gnu-toolchain/bin/../lib/gcc/avr/5.4.0/avr6\libgcc.a(_umulhisi3.o)
                0x0000948c                __umulhisi3
 .text.libgcc.div
                0x000094aa       0x28 c:/program files (x86)/atmel/studio/7.0/toolchain/avr8/avr8-gnu-toolchain/bin/../lib/gcc/avr/5.4.0/avr6\libgcc.a(_udivmodhi4.o)
                0x000094aa                __udivmodhi4
 .text.avr-libc
                0x000094d2      0x242 c:/program files (x86)/atmel/studio/7.0/toolchain/avr8/avr8-gnu-toolchain/bin/../lib/gcc/avr/5.4.0/../../../../avr/lib/avr6\libc.a(malloc.o)
                0x000094d2                malloc
                0x00009602                free
 .text.avr-libc
                0x00009714        0x8 c:/program files (x86)/atmel/studio/7.0/toolchain/avr8/avr8-gnu-toolchain/bin/../lib/gcc/avr/5.4.0/../../../../avr/lib/avr6\libc.a(abort.o)
                0x00009714                abort
 .text.avr-libc
                0x0000971c      0x1b0 c:/program files (x86)/atmel/studio/7.0/toolchain/avr8/avr8-gnu-toolchain/bin/../lib/gcc/avr/5.4.0/../../../../avr/lib/avr6\libc.a(ftoa_engine.o)
                0x0000971c                __ftoa_engine
 .text.avr-libc
                0x000098cc       0x16 c:/program files (x86)/atmel/studio/7.0/toolchain/avr8/avr8-gnu-toolchain/bin/../lib/gcc/avr/5.4.0/../../../../avr/lib/avr6\libc.a(strnlen_P.o)
                0x000098cc                strnlen_P
 .text.avr-libc
                0x000098e2       0x12 c:/program files (x86)/atmel/studio/7.0/toolchain/avr8/avr8-gnu-toolchain/bin/../lib/gcc/avr/5.4.0/../../../../avr/lib/avr6\libc.a(memcpy.o)
                0x000098e2                memcpy
 .text.avr-libc
                0x000098f4        0xe c:/program files (x86)/atmel/studio/7.0/toolchain/avr8/avr8-gnu-toolchain/bin/../lib/gcc/avr/5.4.0/../../../../avr/lib/avr6\libc.a(memset.o)
                0x000098f4                memset
 .text.avr-libc
                0x00009902       0x4a c:/program files (x86)/atmel/studio/7.0/toolchain/avr8/avr8-gnu-toolchain/bin/../lib/gcc/avr/5.4.0/../../../../avr/lib/avr6\libc.a(strcasestr.o)
                0x00009902                strcasestr
 .text.avr-libc
                0x0000994c       0x16 c:/program files (x86)/atmel/studio/7.0/toolchain/avr8/avr8-gnu-toolchain/bin/../lib/gcc/avr/5.4.0/../../../../avr/lib/avr6\libc.a(strcat.o)
                0x0000994c                strcat
 .text.avr-libc
                0x00009962        0xe c:/program files (x86)/atmel/studio/7.0/toolchain/avr8/avr8-gnu-toolchain/bin/../lib/gcc/avr/5.4.0/../../../../avr/lib/avr6\libc.a(strcpy.o)
                0x00009962                strcpy
 .text.avr-libc
                0x00009970       0x30 c:/program files (x86)/atmel/studio/7.0/toolchain/avr8/avr8-gnu-toolchain/bin/../lib/gcc/avr/5.4.0/../../../../avr/lib/avr6\libc.a(strncasecmp.o)
                0x00009970                strncasecmp
 .text.avr-libc
                0x000099a0       0x16 c:/program files (x86)/atmel/studio/7.0/toolchain/avr8/avr8-gnu-toolchain/bin/../lib/gcc/avr/5.4.0/../../../../avr/lib/avr6\libc.a(strnlen.o)
                0x000099a0                strnlen
 .text.avr-libc
                0x000099b6       0x78 c:/program files (x86)/atmel/studio/7.0/toolchain/avr8/avr8-gnu-toolchain/bin/../lib/gcc/avr/5.4.0/../../../../avr/lib/avr6\libc.a(fputc.o)
                0x000099b6                fputc
 .text.avr-libc
                0x00009a2e       0x26 c:/program files (x86)/atmel/studio/7.0/toolchain/avr8/avr8-gnu-toolchain/bin/../lib/gcc/avr/5.4.0/../../../../avr/lib/avr6\libc.a(printf.o)
                0x00009a2e                printf
 .text.avr-libc
                0x00009a54       0x60 c:/program files (x86)/atmel/studio/7.0/toolchain/avr8/avr8-gnu-toolchain/bin/../lib/gcc/avr/5.4.0/../../../../avr/lib/avr6\libc.a(puts.o)
                0x00009a54                puts
 .text.avr-libc
                0x00009ab4       0x5e c:/program files (x86)/atmel/studio/7.0/toolchain/avr8/avr8-gnu-toolchain/bin/../lib/gcc/avr/5.4.0/../../../../avr/lib/avr6\libc.a(sprintf.o)
                0x00009ab4                sprintf
 .text.avr-libc
                0x00009b12       0xbc c:/program files (x86)/atmel/studio/7.0/toolchain/avr8/avr8-gnu-toolchain/bin/../lib/gcc/avr/5.4.0/../../../../avr/lib/avr6\libc.a(ultoa_invert.o)
                0x00009b12                __ultoa_invert
                0x00009bce                . = ALIGN (0x2)
 *(.fini9)
 .fini9         0x00009bce        0x0 c:/program files (x86)/atmel/studio/7.0/toolchain/avr8/avr8-gnu-toolchain/bin/../lib/gcc/avr/5.4.0/avr6\libgcc.a(_exit.o)
                0x00009bce                _exit
                0x00009bce                exit
 *(.fini9)
 *(.fini8)
 *(.fini8)
 *(.fini7)
 *(.fini7)
 *(.fini6)
 *(.fini6)
 *(.fini5)
 *(.fini5)
 *(.fini4)
 *(.fini4)
 *(.fini3)
 *(.fini3)
 *(.fini2)
 *(.fini2)
 *(.fini1)
 *(.fini1)
 *(.fini0)
 .fini0         0x00009bce        0x4 c:/program files (x86)/atmel/studio/7.0/toolchain/avr8/avr8-gnu-toolchain/bin/../lib/gcc/avr/5.4.0/avr6\libgcc.a(_exit.o)
 *(.fini0)
                0x00009bd2                _etext = .

.data           0x00800200      0xb02 load address 0x00009bd2
                0x00800200                PROVIDE (__data_start, .)
 *(.data)
 .data          0x00800200        0x6 c:/program files (x86)/atmel/studio/7.0/toolchain/avr8/avr8-gnu-toolchain/bin/../lib/gcc/avr/5.4.0/../../../../avr/lib/avr6\libc.a(malloc.o)
                0x00800200                __malloc_heap_end
                0x00800202                __malloc_heap_start
                0x00800204                __malloc_margin
 *(.data*)
 .data.uxTopUsedPriority
                0x00800206        0x1 FreeRTOS/src/tasks.o
                0x00800206                uxTopUsedPriority
 .data.status   0x00800207        0x1 packageHandler.o
 .data._temp    0x00800208        0x2 ../drivers\libIotLibrary.a(hih8120.o)
 .data._hum     0x0080020a        0x2 ../drivers\libIotLibrary.a(hih8120.o)
 .data._com_port_2_udr
                0x0080020c        0x8 ../drivers\libIotLibrary.a(serial.o)
                0x0080020c                _com_port_2_udr
 .data.mystdout.1882
                0x00800214        0xe ../drivers\libIotLibrary.a(stdio_driver.o)
 .data._twiCurrentState
                0x00800222        0x1 ../drivers\libIotLibrary.a(twi.o)
 *(.gnu.linkonce.d*)
 *(.rodata)
 .rodata        0x00800223       0x5a application.o
 .rodata        0x0080027d       0x56 downlinkHandler.o
 .rodata        0x008002d3       0x82 windowController.o
 .rodata        0x00800355        0x5 FreeRTOS/src/tasks.o
 .rodata        0x0080035a        0x8 FreeRTOS/src/timers.o
 .rodata        0x00800362      0x169 Sensors/co2Sensor.o
 .rodata        0x008004cb      0x2f6 Sensors/tempHumSensor.o
 .rodata        0x008007c1       0x76 initialize.o
 .rodata        0x00800837      0x197 uplinkHandler.o
 .rodata        0x008009ce       0x12 main.o
 .rodata        0x008009e0       0x20 ../drivers\libIotLibrary.a(lora_driver.o)
 .rodata        0x00800a00       0x2d ../drivers\libIotLibrary.a(mh_z19.o)
 *(.rodata*)
 .rodata.str1.1
                0x00800a2d      0x295 ../drivers\libIotLibrary.a(lora_driver.o)
                                0x2a5 (size before relaxing)
 .rodata._joinMode
                0x00800cc2        0x4 ../drivers\libIotLibrary.a(lora_driver.o)
 .rodata._returnCode
                0x00800cc6       0x33 ../drivers\libIotLibrary.a(lora_driver.o)
                0x00800cc6                _returnCode
 .rodata.str1.1
                0x00800cf9        0x8 ../drivers\libIotLibrary.a(status_leds.o)
 *(.gnu.linkonce.r*)
                0x00800d02                . = ALIGN (0x2)
 *fill*         0x00800d01        0x1 
                0x00800d02                _edata = .
                0x00800d02                PROVIDE (__data_end, .)

.bss            0x00800d02     0x101c
                0x00800d02                PROVIDE (__bss_start, .)
 *(.bss)
 *(.bss*)
 .bss.max_temperature
                0x00800d02        0x2 configuration.o
 .bss.max_humidity
                0x00800d04        0x2 configuration.o
 .bss._downlink_payload
                0x00800d06       0x16 downlinkHandler.o
 .bss.ucHeap    0x00800d1c      0xdac FreeRTOS/src/heap_4.o
 .bss.xStart    0x00801ac8        0x4 FreeRTOS/src/heap_4.o
 .bss.pxEnd     0x00801acc        0x2 FreeRTOS/src/heap_4.o
 .bss.xFreeBytesRemaining
                0x00801ace        0x2 FreeRTOS/src/heap_4.o
 .bss.xMinimumEverFreeBytesRemaining
                0x00801ad0        0x2 FreeRTOS/src/heap_4.o
 .bss.xNumberOfSuccessfulAllocations
                0x00801ad2        0x2 FreeRTOS/src/heap_4.o
 .bss.xNumberOfSuccessfulFrees
                0x00801ad4        0x2 FreeRTOS/src/heap_4.o
 .bss.xBlockAllocatedBit
                0x00801ad6        0x2 FreeRTOS/src/heap_4.o
 .bss.pxCurrentTCB
                0x00801ad8        0x2 FreeRTOS/src/tasks.o
                0x00801ad8                pxCurrentTCB
 .bss.pxReadyTasksLists
                0x00801ada       0x6e FreeRTOS/src/tasks.o
 .bss.xDelayedTaskList1
                0x00801b48        0xb FreeRTOS/src/tasks.o
 .bss.xDelayedTaskList2
                0x00801b53        0xb FreeRTOS/src/tasks.o
 .bss.pxDelayedTaskList
                0x00801b5e        0x2 FreeRTOS/src/tasks.o
 .bss.pxOverflowDelayedTaskList
                0x00801b60        0x2 FreeRTOS/src/tasks.o
 .bss.xPendingReadyList
                0x00801b62        0xb FreeRTOS/src/tasks.o
 .bss.xTasksWaitingTermination
                0x00801b6d        0xb FreeRTOS/src/tasks.o
 .bss.uxDeletedTasksWaitingCleanUp
                0x00801b78        0x1 FreeRTOS/src/tasks.o
 .bss.xSuspendedTaskList
                0x00801b79        0xb FreeRTOS/src/tasks.o
 .bss.uxCurrentNumberOfTasks
                0x00801b84        0x1 FreeRTOS/src/tasks.o
 .bss.xTickCount
                0x00801b85        0x4 FreeRTOS/src/tasks.o
 .bss.uxTopReadyPriority
                0x00801b89        0x1 FreeRTOS/src/tasks.o
 .bss.xSchedulerRunning
                0x00801b8a        0x1 FreeRTOS/src/tasks.o
 .bss.xPendedTicks
                0x00801b8b        0x4 FreeRTOS/src/tasks.o
 .bss.xYieldPending
                0x00801b8f        0x1 FreeRTOS/src/tasks.o
 .bss.xNumOfOverflows
                0x00801b90        0x1 FreeRTOS/src/tasks.o
 .bss.uxTaskNumber
                0x00801b91        0x1 FreeRTOS/src/tasks.o
 .bss.xNextTaskUnblockTime
                0x00801b92        0x4 FreeRTOS/src/tasks.o
 .bss.xIdleTaskHandle
                0x00801b96        0x2 FreeRTOS/src/tasks.o
 .bss.uxSchedulerSuspended
                0x00801b98        0x1 FreeRTOS/src/tasks.o
 .bss.xActiveTimerList1
                0x00801b99        0xb FreeRTOS/src/timers.o
 .bss.xActiveTimerList2
                0x00801ba4        0xb FreeRTOS/src/timers.o
 .bss.pxCurrentTimerList
                0x00801baf        0x2 FreeRTOS/src/timers.o
 .bss.pxOverflowTimerList
                0x00801bb1        0x2 FreeRTOS/src/timers.o
 .bss.xTimerQueue
                0x00801bb3        0x2 FreeRTOS/src/timers.o
 .bss.xTimerTaskHandle
                0x00801bb5        0x2 FreeRTOS/src/timers.o
 .bss.xLastTime.2436
                0x00801bb7        0x4 FreeRTOS/src/timers.o
 .bss.temperaturePercent
                0x00801bbb        0x2 packageHandler.o
 .bss.humidityPercent
                0x00801bbd        0x2 packageHandler.o
 .bss.CO2_PPM   0x00801bbf        0x2 packageHandler.o
 .bss.lastCO2ppm
                0x00801bc1        0x2 Sensors/co2Sensor.o
                0x00801bc1                lastCO2ppm
 .bss.humidity  0x00801bc3        0x2 Sensors/tempHumSensor.o
                0x00801bc3                humidity
 .bss.temperature
                0x00801bc5        0x2 Sensors/tempHumSensor.o
                0x00801bc5                temperature
 .bss._uplink_payload
                0x00801bc7       0x16 uplinkHandler.o
 .bss._measuringIsReady
                0x00801bdd        0x1 ../drivers\libIotLibrary.a(hih8120.o)
 .bss._hih8120Handler
                0x00801bde        0x2 ../drivers\libIotLibrary.a(hih8120.o)
 .bss._tmp_buf.2871
                0x00801be0       0x37 ../drivers\libIotLibrary.a(lora_driver.o)
 .bss.rec_buf_inp.2878
                0x00801c17        0x1 ../drivers\libIotLibrary.a(lora_driver.o)
 .bss._downlinkMessageBuffer
                0x00801c18        0x2 ../drivers\libIotLibrary.a(lora_driver.o)
 .bss._serialReplyBufferHandle
                0x00801c1a        0x2 ../drivers\libIotLibrary.a(lora_driver.o)
 .bss._rn2483_serial
                0x00801c1c        0x2 ../drivers\libIotLibrary.a(lora_driver.o)
 .bss._downlinkPayload
                0x00801c1e       0x16 ../drivers\libIotLibrary.a(lora_driver.o)
 .bss._payLoadHexBytes
                0x00801c34       0x15 ../drivers\libIotLibrary.a(lora_driver.o)
 .bss._recMessageBuf
                0x00801c49       0x2d ../drivers\libIotLibrary.a(lora_driver.o)
 .bss._sendMessage
                0x00801c76       0x2d ../drivers\libIotLibrary.a(lora_driver.o)
 .bss._replyMess
                0x00801ca3       0x2d ../drivers\libIotLibrary.a(lora_driver.o)
 .bss.data.1944
                0x00801cd0        0x2 ../drivers\libIotLibrary.a(mh_z19.o)
 .bss.inDex.1943
                0x00801cd2        0x1 ../drivers\libIotLibrary.a(mh_z19.o)
 .bss.crc_sum.1945
                0x00801cd3        0x1 ../drivers\libIotLibrary.a(mh_z19.o)
 .bss._appCallBack
                0x00801cd4        0x2 ../drivers\libIotLibrary.a(mh_z19.o)
 .bss._mh_state
                0x00801cd6        0x1 ../drivers\libIotLibrary.a(mh_z19.o)
                0x00801cd6                _mh_state
 .bss._ppm      0x00801cd7        0x2 ../drivers\libIotLibrary.a(mh_z19.o)
 .bss._serial   0x00801cd9        0x2 ../drivers\libIotLibrary.a(mh_z19.o)
 .bss._ser_handle
                0x00801cdb        0x8 ../drivers\libIotLibrary.a(serial.o)
 .bss._com_serial_instance
                0x00801ce3        0x2 ../drivers\libIotLibrary.a(stdio_driver.o)
 .bss._led_status
                0x00801ce5       0x18 ../drivers\libIotLibrary.a(status_leds.o)
 .bss._index.1885
                0x00801cfd        0x1 ../drivers\libIotLibrary.a(twi.o)
 .bss._twiCurrentHandler
                0x00801cfe        0x2 ../drivers\libIotLibrary.a(twi.o)
 .bss._twiMessageLen
                0x00801d00        0x1 ../drivers\libIotLibrary.a(twi.o)
 .bss._twiMessageBuffer
                0x00801d01        0xa ../drivers\libIotLibrary.a(twi.o)
 .bss._twiIsInitiated
                0x00801d0b        0x1 ../drivers\libIotLibrary.a(twi.o)
 *(COMMON)
 COMMON         0x00801d0c        0x8 initialize.o
                0x00801d0c                dataReadyEventGroup
                0x00801d0e                measureEventGroup
                0x00801d10                uplinkMessageBufferHandle
                0x00801d12                downlinkMessageBufferHandle
 COMMON         0x00801d14        0x4 c:/program files (x86)/atmel/studio/7.0/toolchain/avr8/avr8-gnu-toolchain/bin/../lib/gcc/avr/5.4.0/../../../../avr/lib/avr6\libc.a(malloc.o)
                0x00801d14                __brkval
                0x00801d16                __flp
 COMMON         0x00801d18        0x6 c:/program files (x86)/atmel/studio/7.0/toolchain/avr8/avr8-gnu-toolchain/bin/../lib/gcc/avr/5.4.0/../../../../avr/lib/avr6\libc.a(iob.o)
                0x00801d18                __iob
                0x00801d1e                PROVIDE (__bss_end, .)
                0x00009bd2                __data_load_start = LOADADDR (.data)
                0x0000a6d4                __data_load_end = (__data_load_start + SIZEOF (.data))

.noinit         0x00801d1e        0x0
                [!provide]                PROVIDE (__noinit_start, .)
 *(.noinit*)
                [!provide]                PROVIDE (__noinit_end, .)
                0x00801d1e                _end = .
                0x00801d1e                PROVIDE (__heap_start, .)

.eeprom         0x00810000        0x0
 *(.eeprom*)
                0x00810000                __eeprom_end = .

.fuse
 *(.fuse)
 *(.lfuse)
 *(.hfuse)
 *(.efuse)

.lock
 *(.lock*)

.signature
 *(.signature*)

.user_signatures
 *(.user_signatures*)

.stab
 *(.stab)

.stabstr
 *(.stabstr)

.stab.excl
 *(.stab.excl)

.stab.exclstr
 *(.stab.exclstr)

.stab.index
 *(.stab.index)

.stab.indexstr
 *(.stab.indexstr)

.comment        0x00000000       0x5c
 *(.comment)
 .comment       0x00000000       0x30 application.o
                                 0x31 (size before relaxing)
 .comment       0x00000030       0x31 configuration.o
 .comment       0x00000030       0x31 downlinkHandler.o
 .comment       0x00000030       0x31 servoController.o
 .comment       0x00000030       0x31 windowController.o
 .comment       0x00000030       0x31 FreeRTOS/src/event_groups.o
 .comment       0x00000030       0x31 FreeRTOS/src/heap_4.o
 .comment       0x00000030       0x31 FreeRTOS/src/list.o
 .comment       0x00000030       0x31 FreeRTOS/src/port.o
 .comment       0x00000030       0x31 FreeRTOS/src/queue.o
 .comment       0x00000030       0x31 FreeRTOS/src/stream_buffer.o
 .comment       0x00000030       0x31 FreeRTOS/src/tasks.o
 .comment       0x00000030       0x31 FreeRTOS/src/timers.o
 .comment       0x00000030       0x31 FreeRTOS/src/variantHooks.o
 .comment       0x00000030       0x31 packageHandler.o
 .comment       0x00000030       0x31 Sensors/co2Sensor.o
 .comment       0x00000030       0x31 Sensors/tempHumSensor.o
 .comment       0x00000030       0x31 initialize.o
 .comment       0x00000030       0x31 uplinkHandler.o
 .comment       0x00000030       0x31 main.o
 .comment       0x00000030       0x31 ../drivers\libIotLibrary.a(hih8120.o)
 .comment       0x00000030       0x31 ../drivers\libIotLibrary.a(lora_driver.o)
 .comment       0x00000030       0x31 ../drivers\libIotLibrary.a(lora_driver_utils.o)
 .comment       0x00000030       0x31 ../drivers\libIotLibrary.a(mh_z19.o)
 .comment       0x00000030       0x31 ../drivers\libIotLibrary.a(rc_servo.o)
 .comment       0x00000030       0x31 ../drivers\libIotLibrary.a(serial.o)
 .comment       0x00000030       0x31 ../drivers\libIotLibrary.a(stdio_driver.o)
 .comment       0x00000030       0x31 ../drivers\libIotLibrary.a(status_leds.o)
 .comment       0x00000030       0x31 ../drivers\libIotLibrary.a(twi.o)
 .comment       0x00000030       0x31 ../drivers\libIotLibrary.a(fifo.o)
 .comment       0x00000030       0x2c c:/program files (x86)/atmel/studio/7.0/toolchain/avr8/avr8-gnu-toolchain/bin/../lib/gcc/avr/5.4.0/../../../../avr/lib/avr6\libprintf_flt.a(vfprintf_flt.o)
                                 0x2d (size before relaxing)
 .comment       0x0000005c       0x31 c:/program files (x86)/atmel/studio/7.0/toolchain/avr8/avr8-gnu-toolchain/bin/../lib/gcc/avr/5.4.0/../../../../avr/lib/avr6\libc.a(malloc.o)
 .comment       0x0000005c       0x31 c:/program files (x86)/atmel/studio/7.0/toolchain/avr8/avr8-gnu-toolchain/bin/../lib/gcc/avr/5.4.0/../../../../avr/lib/avr6\libc.a(fputc.o)
 .comment       0x0000005c       0x31 c:/program files (x86)/atmel/studio/7.0/toolchain/avr8/avr8-gnu-toolchain/bin/../lib/gcc/avr/5.4.0/../../../../avr/lib/avr6\libc.a(iob.o)
 .comment       0x0000005c       0x31 c:/program files (x86)/atmel/studio/7.0/toolchain/avr8/avr8-gnu-toolchain/bin/../lib/gcc/avr/5.4.0/../../../../avr/lib/avr6\libc.a(printf.o)
 .comment       0x0000005c       0x31 c:/program files (x86)/atmel/studio/7.0/toolchain/avr8/avr8-gnu-toolchain/bin/../lib/gcc/avr/5.4.0/../../../../avr/lib/avr6\libc.a(puts.o)
 .comment       0x0000005c       0x31 c:/program files (x86)/atmel/studio/7.0/toolchain/avr8/avr8-gnu-toolchain/bin/../lib/gcc/avr/5.4.0/../../../../avr/lib/avr6\libc.a(sprintf.o)

.note.gnu.avr.deviceinfo
                0x00000000       0x40
 .note.gnu.avr.deviceinfo
                0x00000000       0x40 C:/Program Files (x86)/Atmel/Studio/7.0/Packs/atmel/ATmega_DFP/1.7.374/gcc/dev/atmega2560/avr6/crtatmega2560.o

.note.gnu.build-id
 *(.note.gnu.build-id)

.debug
 *(.debug)

.line
 *(.line)

.debug_srcinfo
 *(.debug_srcinfo)

.debug_sfnames
 *(.debug_sfnames)

.debug_aranges  0x00000000      0xc38
 *(.debug_aranges)
 .debug_aranges
                0x00000000       0x30 application.o
 .debug_aranges
                0x00000030       0x40 configuration.o
 .debug_aranges
                0x00000070       0x30 downlinkHandler.o
 .debug_aranges
                0x000000a0       0x28 servoController.o
 .debug_aranges
                0x000000c8       0x30 windowController.o
 .debug_aranges
                0x000000f8       0x68 FreeRTOS/src/event_groups.o
 .debug_aranges
                0x00000160       0x58 FreeRTOS/src/heap_4.o
 .debug_aranges
                0x000001b8       0x40 FreeRTOS/src/list.o
 .debug_aranges
                0x000001f8       0x58 FreeRTOS/src/port.o
 .debug_aranges
                0x00000250       0xf8 FreeRTOS/src/queue.o
 .debug_aranges
                0x00000348       0xc0 FreeRTOS/src/stream_buffer.o
 .debug_aranges
                0x00000408      0x1d0 FreeRTOS/src/tasks.o
 .debug_aranges
                0x000005d8       0xc8 FreeRTOS/src/timers.o
 .debug_aranges
                0x000006a0       0x40 FreeRTOS/src/variantHooks.o
 .debug_aranges
                0x000006e0       0x38 packageHandler.o
 .debug_aranges
                0x00000718       0x50 Sensors/co2Sensor.o
 .debug_aranges
                0x00000768       0x58 Sensors/tempHumSensor.o
 .debug_aranges
                0x000007c0       0x28 initialize.o
 .debug_aranges
                0x000007e8       0x38 uplinkHandler.o
 .debug_aranges
                0x00000820       0x30 main.o
 .debug_aranges
                0x00000850       0x68 ../drivers\libIotLibrary.a(hih8120.o)
 .debug_aranges
                0x000008b8      0x138 ../drivers\libIotLibrary.a(lora_driver.o)
 .debug_aranges
                0x000009f0       0x28 ../drivers\libIotLibrary.a(lora_driver_utils.o)
 .debug_aranges
                0x00000a18       0x58 ../drivers\libIotLibrary.a(mh_z19.o)
 .debug_aranges
                0x00000a70       0x28 ../drivers\libIotLibrary.a(rc_servo.o)
 .debug_aranges
                0x00000a98       0x90 ../drivers\libIotLibrary.a(serial.o)
 .debug_aranges
                0x00000b28       0x38 ../drivers\libIotLibrary.a(stdio_driver.o)
 .debug_aranges
                0x00000b60       0x68 ../drivers\libIotLibrary.a(status_leds.o)
 .debug_aranges
                0x00000bc8       0x50 ../drivers\libIotLibrary.a(twi.o)
 .debug_aranges
                0x00000c18       0x20 ../drivers\libIotLibrary.a(fifo.o)

.debug_pubnames
 *(.debug_pubnames)

.debug_info     0x00000000     0xb21a
 *(.debug_info .gnu.linkonce.wi.*)
 .debug_info    0x00000000      0xbbc C:/Program Files (x86)/Atmel/Studio/7.0/Packs/atmel/ATmega_DFP/1.7.374/gcc/dev/atmega2560/avr6/crtatmega2560.o
 .debug_info    0x00000bbc      0x24b application.o
 .debug_info    0x00000e07      0x1f0 configuration.o
 .debug_info    0x00000ff7      0x1b9 downlinkHandler.o
 .debug_info    0x000011b0       0xc0 servoController.o
 .debug_info    0x00001270      0x188 windowController.o
 .debug_info    0x000013f8      0x671 FreeRTOS/src/event_groups.o
 .debug_info    0x00001a69      0x428 FreeRTOS/src/heap_4.o
 .debug_info    0x00001e91      0x2cd FreeRTOS/src/list.o
 .debug_info    0x0000215e      0x298 FreeRTOS/src/port.o
 .debug_info    0x000023f6      0xea5 FreeRTOS/src/queue.o
 .debug_info    0x0000329b      0xc19 FreeRTOS/src/stream_buffer.o
 .debug_info    0x00003eb4     0x19eb FreeRTOS/src/tasks.o
 .debug_info    0x0000589f      0xa6a FreeRTOS/src/timers.o
 .debug_info    0x00006309      0x252 FreeRTOS/src/variantHooks.o
 .debug_info    0x0000655b      0x1dd packageHandler.o
 .debug_info    0x00006738      0x29b Sensors/co2Sensor.o
 .debug_info    0x000069d3      0x2bc Sensors/tempHumSensor.o
 .debug_info    0x00006c8f      0x127 initialize.o
 .debug_info    0x00006db6      0x345 uplinkHandler.o
 .debug_info    0x000070fb       0xf3 main.o
 .debug_info    0x000071ee      0x3a9 ../drivers\libIotLibrary.a(hih8120.o)
 .debug_info    0x00007597     0x1747 ../drivers\libIotLibrary.a(lora_driver.o)
 .debug_info    0x00008cde      0x143 ../drivers\libIotLibrary.a(lora_driver_utils.o)
 .debug_info    0x00008e21      0x556 ../drivers\libIotLibrary.a(mh_z19.o)
 .debug_info    0x00009377      0x10f ../drivers\libIotLibrary.a(rc_servo.o)
 .debug_info    0x00009486      0xd9c ../drivers\libIotLibrary.a(serial.o)
 .debug_info    0x0000a222      0x3b6 ../drivers\libIotLibrary.a(stdio_driver.o)
 .debug_info    0x0000a5d8      0x522 ../drivers\libIotLibrary.a(status_leds.o)
 .debug_info    0x0000aafa      0x55d ../drivers\libIotLibrary.a(twi.o)
 .debug_info    0x0000b057      0x1c3 ../drivers\libIotLibrary.a(fifo.o)

.debug_abbrev   0x00000000     0x3396
 *(.debug_abbrev)
 .debug_abbrev  0x00000000      0xb1a C:/Program Files (x86)/Atmel/Studio/7.0/Packs/atmel/ATmega_DFP/1.7.374/gcc/dev/atmega2560/avr6/crtatmega2560.o
 .debug_abbrev  0x00000b1a       0xea application.o
 .debug_abbrev  0x00000c04       0xe2 configuration.o
 .debug_abbrev  0x00000ce6       0xda downlinkHandler.o
 .debug_abbrev  0x00000dc0       0x76 servoController.o
 .debug_abbrev  0x00000e36       0x7f windowController.o
 .debug_abbrev  0x00000eb5      0x140 FreeRTOS/src/event_groups.o
 .debug_abbrev  0x00000ff5      0x174 FreeRTOS/src/heap_4.o
 .debug_abbrev  0x00001169       0xc7 FreeRTOS/src/list.o
 .debug_abbrev  0x00001230      0x184 FreeRTOS/src/port.o
 .debug_abbrev  0x000013b4      0x194 FreeRTOS/src/queue.o
 .debug_abbrev  0x00001548      0x1b4 FreeRTOS/src/stream_buffer.o
 .debug_abbrev  0x000016fc      0x235 FreeRTOS/src/tasks.o
 .debug_abbrev  0x00001931      0x1ce FreeRTOS/src/timers.o
 .debug_abbrev  0x00001aff       0xf2 FreeRTOS/src/variantHooks.o
 .debug_abbrev  0x00001bf1       0xcc packageHandler.o
 .debug_abbrev  0x00001cbd      0x126 Sensors/co2Sensor.o
 .debug_abbrev  0x00001de3      0x11d Sensors/tempHumSensor.o
 .debug_abbrev  0x00001f00       0x79 initialize.o
 .debug_abbrev  0x00001f79      0x133 uplinkHandler.o
 .debug_abbrev  0x000020ac       0x99 main.o
 .debug_abbrev  0x00002145      0x184 ../drivers\libIotLibrary.a(hih8120.o)
 .debug_abbrev  0x000022c9      0x33b ../drivers\libIotLibrary.a(lora_driver.o)
 .debug_abbrev  0x00002604       0xc0 ../drivers\libIotLibrary.a(lora_driver_utils.o)
 .debug_abbrev  0x000026c4      0x238 ../drivers\libIotLibrary.a(mh_z19.o)
 .debug_abbrev  0x000028fc       0xbc ../drivers\libIotLibrary.a(rc_servo.o)
 .debug_abbrev  0x000029b8      0x355 ../drivers\libIotLibrary.a(serial.o)
 .debug_abbrev  0x00002d0d      0x1b3 ../drivers\libIotLibrary.a(stdio_driver.o)
 .debug_abbrev  0x00002ec0      0x1d7 ../drivers\libIotLibrary.a(status_leds.o)
 .debug_abbrev  0x00003097      0x217 ../drivers\libIotLibrary.a(twi.o)
 .debug_abbrev  0x000032ae       0xe8 ../drivers\libIotLibrary.a(fifo.o)

.debug_line     0x00000000     0x793e
 *(.debug_line .debug_line.* .debug_line_end)
 .debug_line    0x00000000      0x1fa C:/Program Files (x86)/Atmel/Studio/7.0/Packs/atmel/ATmega_DFP/1.7.374/gcc/dev/atmega2560/avr6/crtatmega2560.o
 .debug_line    0x000001fa      0x1be application.o
 .debug_line    0x000003b8      0x160 configuration.o
 .debug_line    0x00000518      0x16e downlinkHandler.o
 .debug_line    0x00000686       0xce servoController.o
 .debug_line    0x00000754      0x176 windowController.o
 .debug_line    0x000008ca      0x491 FreeRTOS/src/event_groups.o
 .debug_line    0x00000d5b      0x471 FreeRTOS/src/heap_4.o
 .debug_line    0x000011cc      0x1f1 FreeRTOS/src/list.o
 .debug_line    0x000013bd      0x2fc FreeRTOS/src/port.o
 .debug_line    0x000016b9      0xce1 FreeRTOS/src/queue.o
 .debug_line    0x0000239a      0x866 FreeRTOS/src/stream_buffer.o
 .debug_line    0x00002c00     0x17c1 FreeRTOS/src/tasks.o
 .debug_line    0x000043c1      0x6c8 FreeRTOS/src/timers.o
 .debug_line    0x00004a89      0x26c FreeRTOS/src/variantHooks.o
 .debug_line    0x00004cf5      0x157 packageHandler.o
 .debug_line    0x00004e4c      0x228 Sensors/co2Sensor.o
 .debug_line    0x00005074      0x29e Sensors/tempHumSensor.o
 .debug_line    0x00005312      0x1a2 initialize.o
 .debug_line    0x000054b4      0x2a4 uplinkHandler.o
 .debug_line    0x00005758      0x11a main.o
 .debug_line    0x00005872      0x24a ../drivers\libIotLibrary.a(hih8120.o)
 .debug_line    0x00005abc      0x9aa ../drivers\libIotLibrary.a(lora_driver.o)
 .debug_line    0x00006466      0x195 ../drivers\libIotLibrary.a(lora_driver_utils.o)
 .debug_line    0x000065fb      0x2fc ../drivers\libIotLibrary.a(mh_z19.o)
 .debug_line    0x000068f7       0xfd ../drivers\libIotLibrary.a(rc_servo.o)
 .debug_line    0x000069f4      0x6a1 ../drivers\libIotLibrary.a(serial.o)
 .debug_line    0x00007095      0x146 ../drivers\libIotLibrary.a(stdio_driver.o)
 .debug_line    0x000071db      0x32c ../drivers\libIotLibrary.a(status_leds.o)
 .debug_line    0x00007507      0x31c ../drivers\libIotLibrary.a(twi.o)
 .debug_line    0x00007823      0x11b ../drivers\libIotLibrary.a(fifo.o)

.debug_frame    0x00000000     0x2c9c
 *(.debug_frame)
 .debug_frame   0x00000000       0xa4 application.o
 .debug_frame   0x000000a4       0xb4 configuration.o
 .debug_frame   0x00000158       0x90 downlinkHandler.o
 .debug_frame   0x000001e8       0x54 servoController.o
 .debug_frame   0x0000023c       0x84 windowController.o
 .debug_frame   0x000002c0      0x19c FreeRTOS/src/event_groups.o
 .debug_frame   0x0000045c      0x114 FreeRTOS/src/heap_4.o
 .debug_frame   0x00000570       0xb4 FreeRTOS/src/list.o
 .debug_frame   0x00000624       0xd4 FreeRTOS/src/port.o
 .debug_frame   0x000006f8      0x3d4 FreeRTOS/src/queue.o
 .debug_frame   0x00000acc      0x3ac FreeRTOS/src/stream_buffer.o
 .debug_frame   0x00000e78      0x83c FreeRTOS/src/tasks.o
 .debug_frame   0x000016b4      0x3d8 FreeRTOS/src/timers.o
 .debug_frame   0x00001a8c       0xb4 FreeRTOS/src/variantHooks.o
 .debug_frame   0x00001b40       0x94 packageHandler.o
 .debug_frame   0x00001bd4      0x120 Sensors/co2Sensor.o
 .debug_frame   0x00001cf4      0x140 Sensors/tempHumSensor.o
 .debug_frame   0x00001e34       0x54 initialize.o
 .debug_frame   0x00001e88       0xb0 uplinkHandler.o
 .debug_frame   0x00001f38       0x74 main.o
 .debug_frame   0x00001fac       0xc0 ../drivers\libIotLibrary.a(hih8120.o)
 .debug_frame   0x0000206c      0x460 ../drivers\libIotLibrary.a(lora_driver.o)
 .debug_frame   0x000024cc       0x48 ../drivers\libIotLibrary.a(lora_driver_utils.o)
 .debug_frame   0x00002514      0x100 ../drivers\libIotLibrary.a(mh_z19.o)
 .debug_frame   0x00002614       0x34 ../drivers\libIotLibrary.a(rc_servo.o)
 .debug_frame   0x00002648      0x384 ../drivers\libIotLibrary.a(serial.o)
 .debug_frame   0x000029cc       0x94 ../drivers\libIotLibrary.a(stdio_driver.o)
 .debug_frame   0x00002a60       0xec ../drivers\libIotLibrary.a(status_leds.o)
 .debug_frame   0x00002b4c      0x12c ../drivers\libIotLibrary.a(twi.o)
 .debug_frame   0x00002c78       0x24 ../drivers\libIotLibrary.a(fifo.o)

.debug_str      0x00000000     0x45b2
 *(.debug_str)
 .debug_str     0x00000000      0x3e6 C:/Program Files (x86)/Atmel/Studio/7.0/Packs/atmel/ATmega_DFP/1.7.374/gcc/dev/atmega2560/avr6/crtatmega2560.o
 .debug_str     0x000003e6      0x2c1 application.o
                                0x31a (size before relaxing)
 .debug_str     0x000006a7      0x115 configuration.o
                                0x2ca (size before relaxing)
 .debug_str     0x000007bc       0x9b downlinkHandler.o
                                0x2b3 (size before relaxing)
 .debug_str     0x00000857       0x5a servoController.o
                                0x1c1 (size before relaxing)
 .debug_str     0x000008b1       0xac windowController.o
                                0x27a (size before relaxing)
 .debug_str     0x0000095d      0x2ea FreeRTOS/src/event_groups.o
                                0x4ef (size before relaxing)
 .debug_str     0x00000c47      0x2e5 FreeRTOS/src/heap_4.o
                                0x472 (size before relaxing)
 .debug_str     0x00000f2c       0x99 FreeRTOS/src/list.o
                                0x2cd (size before relaxing)
 .debug_str     0x00000fc5      0x12c FreeRTOS/src/port.o
                                0x2dc (size before relaxing)
 .debug_str     0x000010f1      0x530 FreeRTOS/src/queue.o
                                0x7ce (size before relaxing)
 .debug_str     0x00001621      0x450 FreeRTOS/src/stream_buffer.o
                                0x6e8 (size before relaxing)
 .debug_str     0x00001a71      0xabe FreeRTOS/src/tasks.o
                                0xe7d (size before relaxing)
 .debug_str     0x0000252f      0x42a FreeRTOS/src/timers.o
                                0x719 (size before relaxing)
 .debug_str     0x00002959       0x97 FreeRTOS/src/variantHooks.o
                                0x271 (size before relaxing)
 .debug_str     0x000029f0       0xc6 packageHandler.o
                                0x2a5 (size before relaxing)
 .debug_str     0x00002ab6      0x15c Sensors/co2Sensor.o
                                0x377 (size before relaxing)
 .debug_str     0x00002c12      0x162 Sensors/tempHumSensor.o
                                0x3b6 (size before relaxing)
 .debug_str     0x00002d74       0x45 initialize.o
                                0x259 (size before relaxing)
 .debug_str     0x00002db9      0x244 uplinkHandler.o
                                0x49d (size before relaxing)
 .debug_str     0x00002ffd       0x2e main.o
                                0x1f2 (size before relaxing)
 .debug_str     0x0000302b      0x345 ../drivers\libIotLibrary.a(hih8120.o)
                                0x45c (size before relaxing)
 .debug_str     0x00003370      0x809 ../drivers\libIotLibrary.a(lora_driver.o)
                                0xcdb (size before relaxing)
 .debug_str     0x00003b79       0x4f ../drivers\libIotLibrary.a(lora_driver_utils.o)
                                0x206 (size before relaxing)
 .debug_str     0x00003bc8      0x155 ../drivers\libIotLibrary.a(mh_z19.o)
                                0x489 (size before relaxing)
 .debug_str     0x00003d1d       0x55 ../drivers\libIotLibrary.a(rc_servo.o)
                                0x1e2 (size before relaxing)
 .debug_str     0x00003d72      0x2e7 ../drivers\libIotLibrary.a(serial.o)
                                0x628 (size before relaxing)
 .debug_str     0x00004059       0xb7 ../drivers\libIotLibrary.a(stdio_driver.o)
                                0x37d (size before relaxing)
 .debug_str     0x00004110      0x191 ../drivers\libIotLibrary.a(status_leds.o)
                                0x381 (size before relaxing)
 .debug_str     0x000042a1      0x2ef ../drivers\libIotLibrary.a(twi.o)
                                0x5b4 (size before relaxing)
 .debug_str     0x00004590       0x22 ../drivers\libIotLibrary.a(fifo.o)
                                0x239 (size before relaxing)

.debug_loc      0x00000000     0x76a2
 *(.debug_loc)
 .debug_loc     0x00000000      0x14c application.o
 .debug_loc     0x0000014c      0x14e configuration.o
 .debug_loc     0x0000029a      0x119 downlinkHandler.o
 .debug_loc     0x000003b3       0x83 servoController.o
 .debug_loc     0x00000436       0xfe windowController.o
 .debug_loc     0x00000534      0x373 FreeRTOS/src/event_groups.o
 .debug_loc     0x000008a7      0x216 FreeRTOS/src/heap_4.o
 .debug_loc     0x00000abd      0x167 FreeRTOS/src/list.o
 .debug_loc     0x00000c24       0xf8 FreeRTOS/src/port.o
 .debug_loc     0x00000d1c      0x855 FreeRTOS/src/queue.o
 .debug_loc     0x00001571      0x821 FreeRTOS/src/stream_buffer.o
 .debug_loc     0x00001d92     0x1253 FreeRTOS/src/tasks.o
 .debug_loc     0x00002fe5      0x889 FreeRTOS/src/timers.o
 .debug_loc     0x0000386e      0x13f FreeRTOS/src/variantHooks.o
 .debug_loc     0x000039ad      0x11f packageHandler.o
 .debug_loc     0x00003acc      0x253 Sensors/co2Sensor.o
 .debug_loc     0x00003d1f      0x28e Sensors/tempHumSensor.o
 .debug_loc     0x00003fad       0x76 initialize.o
 .debug_loc     0x00004023      0x15f uplinkHandler.o
 .debug_loc     0x00004182       0xb1 main.o
 .debug_loc     0x00004233       0x9f ../drivers\libIotLibrary.a(hih8120.o)
 .debug_loc     0x000042d2     0x1216 ../drivers\libIotLibrary.a(lora_driver.o)
 .debug_loc     0x000054e8      0x1d2 ../drivers\libIotLibrary.a(lora_driver_utils.o)
 .debug_loc     0x000056ba      0x37c ../drivers\libIotLibrary.a(mh_z19.o)
 .debug_loc     0x00005a36       0x2f ../drivers\libIotLibrary.a(rc_servo.o)
 .debug_loc     0x00005a65     0x114c ../drivers\libIotLibrary.a(serial.o)
 .debug_loc     0x00006bb1      0x18c ../drivers\libIotLibrary.a(stdio_driver.o)
 .debug_loc     0x00006d3d      0x292 ../drivers\libIotLibrary.a(status_leds.o)
 .debug_loc     0x00006fcf      0x575 ../drivers\libIotLibrary.a(twi.o)
 .debug_loc     0x00007544      0x15e ../drivers\libIotLibrary.a(fifo.o)

.debug_macinfo
 *(.debug_macinfo)

.debug_weaknames
 *(.debug_weaknames)

.debug_funcnames
 *(.debug_funcnames)

.debug_typenames
 *(.debug_typenames)

.debug_varnames
 *(.debug_varnames)

.debug_pubtypes
 *(.debug_pubtypes)

.debug_ranges   0x00000000      0xa88
 *(.debug_ranges)
 .debug_ranges  0x00000000       0x20 application.o
 .debug_ranges  0x00000020       0x30 configuration.o
 .debug_ranges  0x00000050       0x20 downlinkHandler.o
 .debug_ranges  0x00000070       0x18 servoController.o
 .debug_ranges  0x00000088       0x20 windowController.o
 .debug_ranges  0x000000a8       0x58 FreeRTOS/src/event_groups.o
 .debug_ranges  0x00000100       0x48 FreeRTOS/src/heap_4.o
 .debug_ranges  0x00000148       0x30 FreeRTOS/src/list.o
 .debug_ranges  0x00000178       0x48 FreeRTOS/src/port.o
 .debug_ranges  0x000001c0       0xe8 FreeRTOS/src/queue.o
 .debug_ranges  0x000002a8       0xb0 FreeRTOS/src/stream_buffer.o
 .debug_ranges  0x00000358      0x1c0 FreeRTOS/src/tasks.o
 .debug_ranges  0x00000518       0xb8 FreeRTOS/src/timers.o
 .debug_ranges  0x000005d0       0x30 FreeRTOS/src/variantHooks.o
 .debug_ranges  0x00000600       0x28 packageHandler.o
 .debug_ranges  0x00000628       0x40 Sensors/co2Sensor.o
 .debug_ranges  0x00000668       0x48 Sensors/tempHumSensor.o
 .debug_ranges  0x000006b0       0x18 initialize.o
 .debug_ranges  0x000006c8       0x28 uplinkHandler.o
 .debug_ranges  0x000006f0       0x20 main.o
 .debug_ranges  0x00000710       0x58 ../drivers\libIotLibrary.a(hih8120.o)
 .debug_ranges  0x00000768      0x128 ../drivers\libIotLibrary.a(lora_driver.o)
 .debug_ranges  0x00000890       0x30 ../drivers\libIotLibrary.a(lora_driver_utils.o)
 .debug_ranges  0x000008c0       0x48 ../drivers\libIotLibrary.a(mh_z19.o)
 .debug_ranges  0x00000908       0x18 ../drivers\libIotLibrary.a(rc_servo.o)
 .debug_ranges  0x00000920       0x98 ../drivers\libIotLibrary.a(serial.o)
 .debug_ranges  0x000009b8       0x28 ../drivers\libIotLibrary.a(stdio_driver.o)
 .debug_ranges  0x000009e0       0x58 ../drivers\libIotLibrary.a(status_leds.o)
 .debug_ranges  0x00000a38       0x40 ../drivers\libIotLibrary.a(twi.o)
 .debug_ranges  0x00000a78       0x10 ../drivers\libIotLibrary.a(fifo.o)

.debug_macro
 *(.debug_macro)
OUTPUT(SEP4_Greenhouse.elf elf32-avr)
LOAD linker stubs
