Archive member included to satisfy reference by file (symbol)

../drivers\libIotLibrary.a(hih8120.o)
                              Sensors/tempHumSensor.o (hih8120_initialise)
../drivers\libIotLibrary.a(lora_driver.o)
                              uplinkHandler.o (lora_driver_flushBuffers)
../drivers\libIotLibrary.a(lora_driver_utils.o)
                              ../drivers\libIotLibrary.a(lora_driver.o) (decode_port_no)
../drivers\libIotLibrary.a(mh_z19.o)
                              Sensors/co2Sensor.o (mh_z19_initialise)
../drivers\libIotLibrary.a(rc_servo.o)
                              servoController.o (rc_servo_setPosition)
../drivers\libIotLibrary.a(serial.o)
                              ../drivers\libIotLibrary.a(lora_driver.o) (serial_create)
../drivers\libIotLibrary.a(stdio_driver.o)
                              main.o (stdio_initialise)
../drivers\libIotLibrary.a(status_leds.o)
                              main.o (status_leds_initialise)
../drivers\libIotLibrary.a(tsl2591.o)
                              Sensors/lightSensor.o (tsl2591_initialise)
../drivers\libIotLibrary.a(twi.o)
                              ../drivers\libIotLibrary.a(hih8120.o) (twiCreate)
../drivers\libIotLibrary.a(fifo.o)
                              ../drivers\libIotLibrary.a(serial.o) (fifo_init)
c:/program files (x86)/atmel/studio/7.0/toolchain/avr8/avr8-gnu-toolchain/bin/../lib/gcc/avr/5.4.0/../../../../avr/lib/avr6\libprintf_flt.a(vfprintf_flt.o)
                              (vfprintf)
c:/program files (x86)/atmel/studio/7.0/toolchain/avr8/avr8-gnu-toolchain/bin/../lib/gcc/avr/5.4.0/../../../../avr/lib/avr6\libm.a(addsf3.o)
                              ../drivers\libIotLibrary.a(hih8120.o) (__subsf3)
c:/program files (x86)/atmel/studio/7.0/toolchain/avr8/avr8-gnu-toolchain/bin/../lib/gcc/avr/5.4.0/../../../../avr/lib/avr6\libm.a(addsf3x.o)
                              c:/program files (x86)/atmel/studio/7.0/toolchain/avr8/avr8-gnu-toolchain/bin/../lib/gcc/avr/5.4.0/../../../../avr/lib/avr6\libm.a(addsf3.o) (__addsf3x)
c:/program files (x86)/atmel/studio/7.0/toolchain/avr8/avr8-gnu-toolchain/bin/../lib/gcc/avr/5.4.0/../../../../avr/lib/avr6\libm.a(divsf3.o)
                              ../drivers\libIotLibrary.a(hih8120.o) (__divsf3)
c:/program files (x86)/atmel/studio/7.0/toolchain/avr8/avr8-gnu-toolchain/bin/../lib/gcc/avr/5.4.0/../../../../avr/lib/avr6\libm.a(divsf3x.o)
                              c:/program files (x86)/atmel/studio/7.0/toolchain/avr8/avr8-gnu-toolchain/bin/../lib/gcc/avr/5.4.0/../../../../avr/lib/avr6\libm.a(divsf3.o) (__divsf3x)
c:/program files (x86)/atmel/studio/7.0/toolchain/avr8/avr8-gnu-toolchain/bin/../lib/gcc/avr/5.4.0/../../../../avr/lib/avr6\libm.a(fixsfsi.o)
                              ../drivers\libIotLibrary.a(hih8120.o) (__fixsfsi)
c:/program files (x86)/atmel/studio/7.0/toolchain/avr8/avr8-gnu-toolchain/bin/../lib/gcc/avr/5.4.0/../../../../avr/lib/avr6\libm.a(fixunssfsi.o)
                              ../drivers\libIotLibrary.a(hih8120.o) (__fixunssfsi)
c:/program files (x86)/atmel/studio/7.0/toolchain/avr8/avr8-gnu-toolchain/bin/../lib/gcc/avr/5.4.0/../../../../avr/lib/avr6\libm.a(floatsisf.o)
                              ../drivers\libIotLibrary.a(hih8120.o) (__floatunsisf)
c:/program files (x86)/atmel/studio/7.0/toolchain/avr8/avr8-gnu-toolchain/bin/../lib/gcc/avr/5.4.0/../../../../avr/lib/avr6\libm.a(fp_inf.o)
                              c:/program files (x86)/atmel/studio/7.0/toolchain/avr8/avr8-gnu-toolchain/bin/../lib/gcc/avr/5.4.0/../../../../avr/lib/avr6\libm.a(addsf3x.o) (__fp_inf)
c:/program files (x86)/atmel/studio/7.0/toolchain/avr8/avr8-gnu-toolchain/bin/../lib/gcc/avr/5.4.0/../../../../avr/lib/avr6\libm.a(fp_nan.o)
                              c:/program files (x86)/atmel/studio/7.0/toolchain/avr8/avr8-gnu-toolchain/bin/../lib/gcc/avr/5.4.0/../../../../avr/lib/avr6\libm.a(addsf3x.o) (__fp_nan)
c:/program files (x86)/atmel/studio/7.0/toolchain/avr8/avr8-gnu-toolchain/bin/../lib/gcc/avr/5.4.0/../../../../avr/lib/avr6\libm.a(fp_pscA.o)
                              c:/program files (x86)/atmel/studio/7.0/toolchain/avr8/avr8-gnu-toolchain/bin/../lib/gcc/avr/5.4.0/../../../../avr/lib/avr6\libm.a(addsf3x.o) (__fp_pscA)
c:/program files (x86)/atmel/studio/7.0/toolchain/avr8/avr8-gnu-toolchain/bin/../lib/gcc/avr/5.4.0/../../../../avr/lib/avr6\libm.a(fp_pscB.o)
                              c:/program files (x86)/atmel/studio/7.0/toolchain/avr8/avr8-gnu-toolchain/bin/../lib/gcc/avr/5.4.0/../../../../avr/lib/avr6\libm.a(addsf3x.o) (__fp_pscB)
c:/program files (x86)/atmel/studio/7.0/toolchain/avr8/avr8-gnu-toolchain/bin/../lib/gcc/avr/5.4.0/../../../../avr/lib/avr6\libm.a(fp_round.o)
                              c:/program files (x86)/atmel/studio/7.0/toolchain/avr8/avr8-gnu-toolchain/bin/../lib/gcc/avr/5.4.0/../../../../avr/lib/avr6\libm.a(addsf3.o) (__fp_round)
[...]
Memory Configuration

Name             Origin             Length             Attributes
text             0x00000000         0x00040000         xr
data             0x00800200         0x00002000         rw !x
eeprom           0x00810000         0x00001000         rw !x
fuse             0x00820000         0x00000003         rw !x
lock             0x00830000         0x00000400         rw !x
signature        0x00840000         0x00000400         rw !x
user_signatures  0x00850000         0x00000400         rw !x
*default*        0x00000000         0xffffffff

Linker script and memory map

Address of section .data set to 0x800200
LOAD C:/Program Files (x86)/Atmel/Studio/7.0/Packs/atmel/ATmega_DFP/1.7.374/gcc/dev/atmega2560/avr6/crtatmega2560.o
LOAD application.o
LOAD configuration.o
LOAD downlinkHandler.o
LOAD actionsController.o
LOAD FreeRTOS/FreeRTOSTraceDriver/FreeRTOSTraceDriver.o
LOAD FreeRTOS/src/croutine.o
LOAD FreeRTOS/src/event_groups.o
LOAD FreeRTOS/src/heap_4.o
LOAD FreeRTOS/src/list.o
LOAD FreeRTOS/src/port.o
LOAD FreeRTOS/src/queue.o
LOAD FreeRTOS/src/stream_buffer.o
LOAD FreeRTOS/src/tasks.o
LOAD FreeRTOS/src/timers.o
LOAD FreeRTOS/src/variantHooks.o
LOAD packageHandler.o
LOAD Sensors/co2Sensor.o
LOAD Sensors/lightSensor.o
LOAD Sensors/tempHumSensor.o
LOAD initialize.o
LOAD servoController.o
LOAD uplinkHandler.o
LOAD main.o
START GROUP
LOAD c:/program files (x86)/atmel/studio/7.0/toolchain/avr8/avr8-gnu-toolchain/bin/../lib/gcc/avr/5.4.0/../../../../avr/lib/avr6\libm.a
LOAD ../drivers\libIotLibrary.a
LOAD c:/program files (x86)/atmel/studio/7.0/toolchain/avr8/avr8-gnu-toolchain/bin/../lib/gcc/avr/5.4.0/../../../../avr/lib/avr6\libprintf_flt.a
END GROUP
LOAD c:/program files (x86)/atmel/studio/7.0/toolchain/avr8/avr8-gnu-toolchain/bin/../lib/gcc/avr/5.4.0/avr6\libgcc.a
LOAD c:/program files (x86)/atmel/studio/7.0/toolchain/avr8/avr8-gnu-toolchain/bin/../lib/gcc/avr/5.4.0/../../../../avr/lib/avr6\libm.a
START GROUP
LOAD c:/program files (x86)/atmel/studio/7.0/toolchain/avr8/avr8-gnu-toolchain/bin/../lib/gcc/avr/5.4.0/avr6\libgcc.a
LOAD c:/program files (x86)/atmel/studio/7.0/toolchain/avr8/avr8-gnu-toolchain/bin/../lib/gcc/avr/5.4.0/../../../../avr/lib/avr6\libm.a
LOAD c:/program files (x86)/atmel/studio/7.0/toolchain/avr8/avr8-gnu-toolchain/bin/../lib/gcc/avr/5.4.0/../../../../avr/lib/avr6\libc.a
LOAD C:/Program Files (x86)/Atmel/Studio/7.0/Packs/atmel/ATmega_DFP/1.7.374/gcc/dev/atmega2560/avr6\libatmega2560.a
END GROUP
                0x00000000                __TEXT_REGION_ORIGIN__ = DEFINED (__TEXT_REGION_ORIGIN__)?__TEXT_REGION_ORIGIN__:0x0
                [0x00800200]                __DATA_REGION_ORIGIN__ = DEFINED (__DATA_REGION_ORIGIN__)?__DATA_REGION_ORIGIN__:0x800200
                [0x00040000]                __TEXT_REGION_LENGTH__ = DEFINED (__TEXT_REGION_LENGTH__)?__TEXT_REGION_LENGTH__:0x100000
                [0x00002000]                __DATA_REGION_LENGTH__ = DEFINED (__DATA_REGION_LENGTH__)?__DATA_REGION_LENGTH__:0xfe00
                [0x00001000]                __EEPROM_REGION_LENGTH__ = DEFINED (__EEPROM_REGION_LENGTH__)?__EEPROM_REGION_LENGTH__:0x10000
                [0x00000003]                __FUSE_REGION_LENGTH__ = DEFINED (__FUSE_REGION_LENGTH__)?__FUSE_REGION_LENGTH__:0x400
                0x00000400                __LOCK_REGION_LENGTH__ = DEFINED (__LOCK_REGION_LENGTH__)?__LOCK_REGION_LENGTH__:0x400
                0x00000400                __SIGNATURE_REGION_LENGTH__ = DEFINED (__SIGNATURE_REGION_LENGTH__)?__SIGNATURE_REGION_LENGTH__:0x400
                0x00000400                __USER_SIGNATURE_REGION_LENGTH__ = DEFINED (__USER_SIGNATURE_REGION_LENGTH__)?__USER_SIGNATURE_REGION_LENGTH__:0x400

.hash
 *(.hash)

.dynsym
 *(.dynsym)

.dynstr
 *(.dynstr)

.gnu.version
 *(.gnu.version)

.gnu.version_d
 *(.gnu.version_d)

.gnu.version_r
 *(.gnu.version_r)

.rel.init
 *(.rel.init)

.rela.init
 *(.rela.init)

.rel.text
 *(.rel.text)
 *(.rel.text.*)
 *(.rel.gnu.linkonce.t*)

.rela.text
 *(.rela.text)
 *(.rela.text.*)
 *(.rela.gnu.linkonce.t*)

.rel.fini
 *(.rel.fini)

.rela.fini
 *(.rela.fini)

.rel.rodata
 *(.rel.rodata)
 *(.rel.rodata.*)
 *(.rel.gnu.linkonce.r*)

.rela.rodata
 *(.rela.rodata)
 *(.rela.rodata.*)
 *(.rela.gnu.linkonce.r*)

.rel.data
 *(.rel.data)
 *(.rel.data.*)
 *(.rel.gnu.linkonce.d*)

.rela.data
 *(.rela.data)
 *(.rela.data.*)
 *(.rela.gnu.linkonce.d*)

.rel.ctors
 *(.rel.ctors)

.rela.ctors
 *(.rela.ctors)

.rel.dtors
 *(.rel.dtors)

.rela.dtors
 *(.rela.dtors)

.rel.got
 *(.rel.got)

.rela.got
 *(.rela.got)

.rel.bss
 *(.rel.bss)

.rela.bss
 *(.rela.bss)

.rel.plt
 *(.rel.plt)

.rela.plt
 *(.rela.plt)

.text           0x00000000     0x7382
 *(.vectors)
 .vectors       0x00000000       0xe4 C:/Program Files (x86)/Atmel/Studio/7.0/Packs/atmel/ATmega_DFP/1.7.374/gcc/dev/atmega2560/avr6/crtatmega2560.o
                0x00000000                __vector_default
                0x00000000                __vectors
 *(.vectors)
 *(.progmem.gcc*)
 .progmem.gcc_sw_table.prvProcessReceivedCommands
                0x000000e4       0x14 FreeRTOS/src/timers.o
 .progmem.gcc_sw_table.__vector_39
                0x000000f8       0xa2 ../drivers\libIotLibrary.a(twi.o)
                0x0000019a                . = ALIGN (0x2)
                0x0000019a                __trampolines_start = .
 *(.trampolines)
 .trampolines   0x0000019a        0x0 linker stubs
 *(.trampolines*)
                0x0000019a                __trampolines_end = .
 *libprintf_flt.a:*(.progmem.data)
 .progmem.data  0x0000019a        0x8 c:/program files (x86)/atmel/studio/7.0/toolchain/avr8/avr8-gnu-toolchain/bin/../lib/gcc/avr/5.4.0/../../../../avr/lib/avr6\libprintf_flt.a(vfprintf_flt.o)
 *libc.a:*(.progmem.data)
 .progmem.data  0x000001a2       0xfa c:/program files (x86)/atmel/studio/7.0/toolchain/avr8/avr8-gnu-toolchain/bin/../lib/gcc/avr/5.4.0/../../../../avr/lib/avr6\libc.a(ftoa_engine.o)
 *(.progmem*)
                0x0000029c                . = ALIGN (0x2)
 *(.jumptables)
 *(.jumptables*)
 *(.lowtext)
 .lowtext       0x0000029c       0x14 FreeRTOS/src/tasks.o
 .lowtext       0x000002b0       0x1e FreeRTOS/src/timers.o
 *(.lowtext*)
                0x000002ce                __ctors_start = .
 *(.ctors)
                0x000002ce                __ctors_end = .
                0x000002ce                __dtors_start = .
 *(.dtors)
                0x000002ce                __dtors_end = .
 SORT(*)(.ctors)
 SORT(*)(.dtors)
 *(.init0)
 .init0         0x000002ce        0x0 C:/Program Files (x86)/Atmel/Studio/7.0/Packs/atmel/ATmega_DFP/1.7.374/gcc/dev/atmega2560/avr6/crtatmega2560.o
                0x000002ce                __init
 *(.init0)
 *(.init1)
 *(.init1)
 *(.init2)
 .init2         0x000002ce       0x10 C:/Program Files (x86)/Atmel/Studio/7.0/Packs/atmel/ATmega_DFP/1.7.374/gcc/dev/atmega2560/avr6/crtatmega2560.o
 *(.init2)
 *(.init3)
 *(.init3)
 *(.init4)
 .init4         0x000002de       0x1a c:/program files (x86)/atmel/studio/7.0/toolchain/avr8/avr8-gnu-toolchain/bin/../lib/gcc/avr/5.4.0/avr6\libgcc.a(_copy_data.o)
                0x000002de                __do_copy_data
 .init4         0x000002f8       0x10 c:/program files (x86)/atmel/studio/7.0/toolchain/avr8/avr8-gnu-toolchain/bin/../lib/gcc/avr/5.4.0/avr6\libgcc.a(_clear_bss.o)
                0x000002f8                __do_clear_bss
 *(.init4)
 *(.init5)
 *(.init5)
 *(.init6)
 *(.init6)
 *(.init7)
 *(.init7)
 *(.init8)
 *(.init8)
 *(.init9)
 .init9         0x00000308        0x8 C:/Program Files (x86)/Atmel/Studio/7.0/Packs/atmel/ATmega_DFP/1.7.374/gcc/dev/atmega2560/avr6/crtatmega2560.o
 *(.init9)
 *(.text)
 .text          0x00000310        0x2 C:/Program Files (x86)/Atmel/Studio/7.0/Packs/atmel/ATmega_DFP/1.7.374/gcc/dev/atmega2560/avr6/crtatmega2560.o
                0x00000310                __vector_38
                0x00000310                __vector_22
                0x00000310                __vector_28
                0x00000310                __vector_1
                0x00000310                __vector_32
                0x00000310                __vector_34
                0x00000310                __vector_24
                0x00000310                __vector_46
                0x00000310                __bad_interrupt
                0x00000310                __vector_6
                0x00000310                __vector_31
                0x00000310                __vector_35
                0x00000310                __vector_3
                0x00000310                __vector_23
                0x00000310                __vector_30
                0x00000310                __vector_45
                0x00000310                __vector_11
                0x00000310                __vector_13
                0x00000310                __vector_17
                0x00000310                __vector_19
                0x00000310                __vector_56
                0x00000310                __vector_7
                0x00000310                __vector_49
                0x00000310                __vector_41
                0x00000310                __vector_43
                0x00000310                __vector_27
                0x00000310                __vector_5
                0x00000310                __vector_33
                0x00000310                __vector_47
                0x00000310                __vector_4
                0x00000310                __vector_44
                0x00000310                __vector_9
                0x00000310                __vector_2
                0x00000310                __vector_21
                0x00000310                __vector_15
                0x00000310                __vector_29
                0x00000310                __vector_40
                0x00000310                __vector_8
                0x00000310                __vector_48
                0x00000310                __vector_14
                0x00000310                __vector_53
                0x00000310                __vector_10
                0x00000310                __vector_50
                0x00000310                __vector_16
                0x00000310                __vector_18
                0x00000310                __vector_20
                0x00000310                __vector_42
                0x00000312                . = ALIGN (0x2)
 *(.text.*)
 .text.main_application_task
                0x00000312      0x100 application.o
                0x00000312                main_application_task
 .text.create_main_application_task
                0x00000412       0x28 application.o
                0x00000412                create_main_application_task
 .text.set_system_status
                0x0000043a       0x1c configuration.o
                0x0000043a                set_system_status
 .text.get_system_status
                0x00000456        0x6 configuration.o
                0x00000456                get_system_status
 .text.get_max_temperature
                0x0000045c        0xa configuration.o
                0x0000045c                get_max_temperature
 .text.set_max_temperature
                0x00000466        0xa configuration.o
                0x00000466                set_max_temperature
 .text.get_max_humidity
                0x00000470        0xa configuration.o
                0x00000470                get_max_humidity
 .text.set_max_humidity
                0x0000047a        0xa configuration.o
                0x0000047a                set_max_humidity
 .text.get_max_co2
                0x00000484        0xa configuration.o
                0x00000484                get_max_co2
 .text.set_max_co2
                0x0000048e        0xa configuration.o
                0x0000048e                set_max_co2
 .text.setConfiguration
                0x00000498      0x11c configuration.o
                0x00000498                setConfiguration
 .text.lora_downlink_handler_task
                0x000005b4       0xba downlinkHandler.o
                0x000005b4                lora_downlink_handler_task
 .text.create_lora_downlink_handler_task
                0x0000066e       0x28 downlinkHandler.o
                0x0000066e                create_lora_downlink_handler_task
 .text.create_actions_controller_task
                0x00000696       0x2e actionsController.o
                0x00000696                create_actions_controller_task
 .text.temperature_action
                0x000006c4       0x38 actionsController.o
                0x000006c4                temperature_action
 .text.humidity_action
                0x000006fc       0x36 actionsController.o
                0x000006fc                humidity_action
 .text.co2_action
                0x00000732       0x1e actionsController.o
                0x00000732                co2_action
 .text.actions_controller_task
                0x00000750      0x19a actionsController.o
                0x00000750                actions_controller_task
 .text.prvTestWaitCondition
                0x000008ea       0x42 FreeRTOS/src/event_groups.o
 .text.xEventGroupCreate
                0x0000092c       0x26 FreeRTOS/src/event_groups.o
                0x0000092c                xEventGroupCreate
 .text.xEventGroupWaitBits
                0x00000952      0x140 FreeRTOS/src/event_groups.o
                0x00000952                xEventGroupWaitBits
 .text.xEventGroupSetBits
                0x00000a92      0x11c FreeRTOS/src/event_groups.o
                0x00000a92                xEventGroupSetBits
 .text.prvHeapInit
                0x00000bae       0x52 FreeRTOS/src/heap_4.o
 .text.prvInsertBlockIntoFreeList
                0x00000c00       0x94 FreeRTOS/src/heap_4.o
 .text.pvPortMalloc
                0x00000c94      0x152 FreeRTOS/src/heap_4.o
                0x00000c94                pvPortMalloc
 .text.vPortFree
                0x00000de6       0x7a FreeRTOS/src/heap_4.o
                0x00000de6                vPortFree
 .text.vListInitialise
                0x00000e60       0x22 FreeRTOS/src/list.o
                0x00000e60                vListInitialise
 .text.vListInitialiseItem
                0x00000e82        0x8 FreeRTOS/src/list.o
                0x00000e82                vListInitialiseItem
 .text.vListInsert
                0x00000e8a       0x7a FreeRTOS/src/list.o
                0x00000e8a                vListInsert
 .text.uxListRemove
                0x00000f04       0x4e FreeRTOS/src/list.o
                0x00000f04                uxListRemove
 .text.prvSetupTimerInterrupt
                0x00000f52       0x18 FreeRTOS/src/port.o
 .text.pxPortInitialiseStack
                0x00000f6a       0x2e FreeRTOS/src/port.o
                0x00000f6a                pxPortInitialiseStack
 .text.xPortStartScheduler
                0x00000f98       0x64 FreeRTOS/src/port.o
                0x00000f98                xPortStartScheduler
 .text.vPortYield
                0x00000ffc       0xc2 FreeRTOS/src/port.o
                0x00000ffc                vPortYield
 .text.vPortYieldFromTick
                0x000010be       0xca FreeRTOS/src/port.o
                0x000010be                vPortYieldFromTick
 .text.__vector_12
                0x00001188        0x4 FreeRTOS/src/port.o
                0x00001188                __vector_12
 .text.prvGetDisinheritPriorityAfterTimeout
                0x0000118c       0x20 FreeRTOS/src/queue.o
 .text.prvIsQueueEmpty
                0x000011ac       0x1a FreeRTOS/src/queue.o
 .text.prvIsQueueFull
                0x000011c6       0x1c FreeRTOS/src/queue.o
 .text.prvCopyDataToQueue
                0x000011e2       0xbe FreeRTOS/src/queue.o
 .text.prvCopyDataFromQueue
                0x000012a0       0x34 FreeRTOS/src/queue.o
 .text.prvUnlockQueue
                0x000012d4       0x68 FreeRTOS/src/queue.o
 .text.xQueueGenericReset
                0x0000133c       0x86 FreeRTOS/src/queue.o
                0x0000133c                xQueueGenericReset
 .text.prvInitialiseNewQueue
                0x000013c2       0x24 FreeRTOS/src/queue.o
 .text.xQueueGenericCreate
                0x000013e6       0x46 FreeRTOS/src/queue.o
                0x000013e6                xQueueGenericCreate
 .text.xQueueGenericSend
                0x0000142c      0x124 FreeRTOS/src/queue.o
                0x0000142c                xQueueGenericSend
 .text.prvInitialiseMutex
                0x00001550       0x24 FreeRTOS/src/queue.o
 .text.xQueueCreateMutex
                0x00001574       0x18 FreeRTOS/src/queue.o
                0x00001574                xQueueCreateMutex
 .text.xQueueGenericSendFromISR
                0x0000158c       0x76 FreeRTOS/src/queue.o
                0x0000158c                xQueueGenericSendFromISR
 .text.xQueueReceive
                0x00001602      0x11e FreeRTOS/src/queue.o
                0x00001602                xQueueReceive
 .text.xQueueSemaphoreTake
                0x00001720      0x162 FreeRTOS/src/queue.o
                0x00001720                xQueueSemaphoreTake
 .text.vQueueWaitForMessageRestricted
                0x00001882       0x38 FreeRTOS/src/queue.o
                0x00001882                vQueueWaitForMessageRestricted
 .text.prvBytesInBuffer
                0x000018ba       0x26 FreeRTOS/src/stream_buffer.o
 .text.prvInitialiseNewStreamBuffer
                0x000018e0       0x20 FreeRTOS/src/stream_buffer.o
 .text.prvWriteBytesToBuffer
                0x00001900       0x92 FreeRTOS/src/stream_buffer.o
 .text.prvWriteMessageToBuffer
                0x00001992       0x86 FreeRTOS/src/stream_buffer.o
 .text.prvReadBytesFromBuffer
                0x00001a18       0x9e FreeRTOS/src/stream_buffer.o
 .text.prvReadMessageFromBuffer
                0x00001ab6       0x8a FreeRTOS/src/stream_buffer.o
 .text.xStreamBufferGenericCreate
                0x00001b40       0x64 FreeRTOS/src/stream_buffer.o
                0x00001b40                xStreamBufferGenericCreate
 .text.xStreamBufferReset
                0x00001ba4       0x3c FreeRTOS/src/stream_buffer.o
                0x00001ba4                xStreamBufferReset
 .text.xStreamBufferSpacesAvailable
                0x00001be0       0x24 FreeRTOS/src/stream_buffer.o
                0x00001be0                xStreamBufferSpacesAvailable
 .text.xStreamBufferSend
                0x00001c04      0x18a FreeRTOS/src/stream_buffer.o
                0x00001c04                xStreamBufferSend
 .text.xStreamBufferSendFromISR
                0x00001d8e       0x88 FreeRTOS/src/stream_buffer.o
                0x00001d8e                xStreamBufferSendFromISR
 .text.xStreamBufferReceive
                0x00001e16      0x106 FreeRTOS/src/stream_buffer.o
                0x00001e16                xStreamBufferReceive
 .text.prvResetNextTaskUnblockTime
                0x00001f1c       0x4e FreeRTOS/src/tasks.o
 .text.prvDeleteTCB
                0x00001f6a       0x1a FreeRTOS/src/tasks.o
 .text.prvInitialiseNewTask
                0x00001f84       0xfc FreeRTOS/src/tasks.o
 .text.prvInitialiseTaskLists
                0x00002080       0x60 FreeRTOS/src/tasks.o
 .text.prvAddNewTaskToReadyList
                0x000020e0       0xde FreeRTOS/src/tasks.o
 .text.prvCheckTasksWaitingTermination
                0x000021be       0x4a FreeRTOS/src/tasks.o
 .text.prvAddCurrentTaskToDelayedList
                0x00002208      0x144 FreeRTOS/src/tasks.o
 .text.xTaskCreate
                0x0000234c       0x98 FreeRTOS/src/tasks.o
                0x0000234c                xTaskCreate
 .text.vTaskStartScheduler
                0x000023e4       0x70 FreeRTOS/src/tasks.o
                0x000023e4                vTaskStartScheduler
 .text.vTaskSuspendAll
                0x00002454        0xc FreeRTOS/src/tasks.o
                0x00002454                vTaskSuspendAll
 .text.xTaskGetTickCount
                0x00002460       0x1c FreeRTOS/src/tasks.o
                0x00002460                xTaskGetTickCount
 .text.xTaskIncrementTick
                0x0000247c      0x258 FreeRTOS/src/tasks.o
                0x0000247c                xTaskIncrementTick
 .text.xTaskResumeAll
                0x000026d4      0x1b8 FreeRTOS/src/tasks.o
                0x000026d4                xTaskResumeAll
 .text.xTaskDelayUntil
                0x0000288c       0xca FreeRTOS/src/tasks.o
                0x0000288c                xTaskDelayUntil
 .text.vTaskDelay
                0x00002956       0x36 FreeRTOS/src/tasks.o
                0x00002956                vTaskDelay
 .text.vTaskSwitchContext
                0x0000298c       0xca FreeRTOS/src/tasks.o
                0x0000298c                vTaskSwitchContext
 .text.vTaskPlaceOnEventList
                0x00002a56       0x2e FreeRTOS/src/tasks.o
                0x00002a56                vTaskPlaceOnEventList
 .text.vTaskPlaceOnUnorderedEventList
                0x00002a84       0x94 FreeRTOS/src/tasks.o
                0x00002a84                vTaskPlaceOnUnorderedEventList
 .text.vTaskPlaceOnEventListRestricted
                0x00002b18       0x84 FreeRTOS/src/tasks.o
                0x00002b18                vTaskPlaceOnEventListRestricted
 .text.xTaskRemoveFromEventList
                0x00002b9c      0x15e FreeRTOS/src/tasks.o
                0x00002b9c                xTaskRemoveFromEventList
 .text.vTaskRemoveFromUnorderedEventList
                0x00002cfa      0x134 FreeRTOS/src/tasks.o
                0x00002cfa                vTaskRemoveFromUnorderedEventList
 .text.vTaskSetTimeOutState
                0x00002e2e       0x2c FreeRTOS/src/tasks.o
                0x00002e2e                vTaskSetTimeOutState
 .text.vTaskInternalSetTimeOutState
                0x00002e5a       0x22 FreeRTOS/src/tasks.o
                0x00002e5a                vTaskInternalSetTimeOutState
 .text.xTaskCheckForTimeOut
                0x00002e7c       0xcc FreeRTOS/src/tasks.o
                0x00002e7c                xTaskCheckForTimeOut
 .text.vTaskMissedYield
                0x00002f48        0x8 FreeRTOS/src/tasks.o
                0x00002f48                vTaskMissedYield
 .text.xTaskGetCurrentTaskHandle
                0x00002f50        0xa FreeRTOS/src/tasks.o
                0x00002f50                xTaskGetCurrentTaskHandle
 .text.xTaskGetSchedulerState
                0x00002f5a       0x1c FreeRTOS/src/tasks.o
                0x00002f5a                xTaskGetSchedulerState
 .text.xTaskPriorityInherit
                0x00002f76      0x10e FreeRTOS/src/tasks.o
                0x00002f76                xTaskPriorityInherit
 .text.xTaskPriorityDisinherit
                0x00003084       0xb6 FreeRTOS/src/tasks.o
                0x00003084                xTaskPriorityDisinherit
 .text.vTaskPriorityDisinheritAfterTimeout
                0x0000313a       0xce FreeRTOS/src/tasks.o
                0x0000313a                vTaskPriorityDisinheritAfterTimeout
 .text.uxTaskResetEventItemValue
                0x00003208       0x54 FreeRTOS/src/tasks.o
                0x00003208                uxTaskResetEventItemValue
 .text.pvTaskIncrementMutexHeldCount
                0x0000325c       0x24 FreeRTOS/src/tasks.o
                0x0000325c                pvTaskIncrementMutexHeldCount
 .text.xTaskGenericNotifyWait
                0x00003280      0x150 FreeRTOS/src/tasks.o
                0x00003280                xTaskGenericNotifyWait
 .text.xTaskGenericNotify
                0x000033d0      0x1ee FreeRTOS/src/tasks.o
                0x000033d0                xTaskGenericNotify
 .text.xTaskGenericNotifyFromISR
                0x000035be      0x244 FreeRTOS/src/tasks.o
                0x000035be                xTaskGenericNotifyFromISR
 .text.xTaskGenericNotifyStateClear
                0x00003802       0x34 FreeRTOS/src/tasks.o
                0x00003802                xTaskGenericNotifyStateClear
 .text.prvGetNextExpireTime
                0x00003836       0x30 FreeRTOS/src/timers.o
 .text.prvInsertTimerInActiveList
                0x00003866       0x92 FreeRTOS/src/timers.o
 .text.prvCheckForValidListAndQueue
                0x000038f8       0x52 FreeRTOS/src/timers.o
 .text.xTimerCreateTimerTask
                0x0000394a       0x42 FreeRTOS/src/timers.o
                0x0000394a                xTimerCreateTimerTask
 .text.xTimerGenericCommand
                0x0000398c       0xbc FreeRTOS/src/timers.o
                0x0000398c                xTimerGenericCommand
 .text.prvSwitchTimerLists
                0x00003a48       0xd0 FreeRTOS/src/timers.o
 .text.prvSampleTimeNow
                0x00003b18       0x5c FreeRTOS/src/timers.o
 .text.prvProcessExpiredTimer
                0x00003b74       0xac FreeRTOS/src/timers.o
 .text.prvProcessTimerOrBlockTask
                0x00003c20       0xae FreeRTOS/src/timers.o
 .text.prvProcessReceivedCommands
                0x00003cce      0x168 FreeRTOS/src/timers.o
 .text.vApplicationIdleHook
                0x00003e36        0x2 FreeRTOS/src/variantHooks.o
                0x00003e36                vApplicationIdleHook
 .text.prvSetMainLedOn
                0x00003e38        0xe FreeRTOS/src/variantHooks.o
                0x00003e38                prvSetMainLedOn
 .text.prvBlinkMainLed
                0x00003e46        0x8 FreeRTOS/src/variantHooks.o
                0x00003e46                prvBlinkMainLed
 .text.vApplicationMallocFailedHook
                0x00003e4e       0x18 FreeRTOS/src/variantHooks.o
                0x00003e4e                vApplicationMallocFailedHook
 .text.vApplicationStackOverflowHook
                0x00003e66       0x18 FreeRTOS/src/variantHooks.o
                0x00003e66                vApplicationStackOverflowHook
 .text.set_temperature_percent
                0x00003e7e        0xa packageHandler.o
                0x00003e7e                set_temperature_percent
 .text.set_humidity_percent
                0x00003e88        0xa packageHandler.o
                0x00003e88                set_humidity_percent
 .text.set_CO2_ppm
                0x00003e92        0xa packageHandler.o
                0x00003e92                set_CO2_ppm
 .text.set_light_lux
                0x00003e9c       0x12 packageHandler.o
                0x00003e9c                set_light_lux
 .text.set_status
                0x00003eae        0x6 packageHandler.o
                0x00003eae                set_status
 .text.get_lora_package
                0x00003eb4       0x4e packageHandler.o
                0x00003eb4                get_lora_package
 .text.myCo2CallBack
                0x00003f02        0xa Sensors/co2Sensor.o
                0x00003f02                myCo2CallBack
 .text.CO2_createSensor
                0x00003f0c        0xc Sensors/co2Sensor.o
                0x00003f0c                CO2_createSensor
 .text.CO2_measure
                0x00003f18       0x2c Sensors/co2Sensor.o
                0x00003f18                CO2_measure
 .text.MeasureCo2Task
                0x00003f44       0x48 Sensors/co2Sensor.o
                0x00003f44                MeasureCo2Task
 .text.CO2_getPPM
                0x00003f8c        0xa Sensors/co2Sensor.o
                0x00003f8c                CO2_getPPM
 .text.create_CO2_sensor_task
                0x00003f96       0x2a Sensors/co2Sensor.o
                0x00003f96                create_CO2_sensor_task
 .text.tsl2591Callback
                0x00003fc0       0x50 Sensors/lightSensor.o
                0x00003fc0                tsl2591Callback
 .text.initialize_light_sensor
                0x00004010       0x28 Sensors/lightSensor.o
                0x00004010                initialize_light_sensor
 .text.light_sensor_measure
                0x00004038       0x12 Sensors/lightSensor.o
                0x00004038                light_sensor_measure
 .text.measure_light_task
                0x0000404a       0x48 Sensors/lightSensor.o
                0x0000404a                measure_light_task
 .text.light_sensor_get_lux
                0x00004092       0x12 Sensors/lightSensor.o
                0x00004092                light_sensor_get_lux
 .text.create_light_sensor_task
                0x000040a4       0x2a Sensors/lightSensor.o
                0x000040a4                create_light_sensor_task
 .text.initialise_TempHumSensor
                0x000040ce       0x18 Sensors/tempHumSensor.o
                0x000040ce                initialise_TempHumSensor
 .text.create_TempHum_sensor_task
                0x000040e6       0x2a Sensors/tempHumSensor.o
                0x000040e6                create_TempHum_sensor_task
 .text.tempHumSensor_printReturnCode
                0x00004110       0x1e Sensors/tempHumSensor.o
                0x00004110                tempHumSensor_printReturnCode
 .text.measure_Temp_Hum
                0x0000412e       0x42 Sensors/tempHumSensor.o
                0x0000412e                measure_Temp_Hum
 .text.Temp_Hum_Main_Task
                0x00004170       0x3c Sensors/tempHumSensor.o
                0x00004170                Temp_Hum_Main_Task
 .text.TempHumSensor_getTemp
                0x000041ac        0xa Sensors/tempHumSensor.o
                0x000041ac                TempHumSensor_getTemp
 .text.TempHumSensor_getHum
                0x000041b6        0xa Sensors/tempHumSensor.o
                0x000041b6                TempHumSensor_getHum
 .text.initialize_event_groups
                0x000041c0       0x1a initialize.o
                0x000041c0                initialize_event_groups
 .text.initialize_message_buffers
                0x000041da       0x46 initialize.o
                0x000041da                initialize_message_buffers
 .text.initialize_semaphore
                0x00004220       0x3a initialize.o
                0x00004220                initialize_semaphore
 .text.initialise_rc_servo
                0x0000425a        0x4 servoController.o
                0x0000425a                initialise_rc_servo
 .text.servo_set_position
                0x0000425e        0x4 servoController.o
                0x0000425e                servo_set_position
 .text._lora_setup
                0x00004262      0x188 uplinkHandler.o
 .text.lora_uplink_handler_task
                0x000043ea       0xce uplinkHandler.o
                0x000043ea                lora_uplink_handler_task
 .text.create_lora_uplink_handler_task
                0x000044b8       0x28 uplinkHandler.o
                0x000044b8                create_lora_uplink_handler_task
 .text.create_all_tasks
                0x000044e0       0x24 main.o
                0x000044e0                create_all_tasks
 .text.initializeSystem
                0x00004504       0x24 main.o
                0x00004504                initializeSystem
 .text.main     0x00004528       0x10 main.o
                0x00004528                main
 .text._hihTwiCallback
                0x00004538       0x5a ../drivers\libIotLibrary.a(hih8120.o)
 .text.hih8120_initialise
                0x00004592       0x30 ../drivers\libIotLibrary.a(hih8120.o)
                0x00004592                hih8120_initialise
 .text.hih8120_wakeup
                0x000045c2       0x2a ../drivers\libIotLibrary.a(hih8120.o)
                0x000045c2                hih8120_wakeup
 .text.hih8120_measure
                0x000045ec       0x22 ../drivers\libIotLibrary.a(hih8120.o)
                0x000045ec                hih8120_measure
 .text.hih8120_getHumidity
                0x0000460e       0x2a ../drivers\libIotLibrary.a(hih8120.o)
                0x0000460e                hih8120_getHumidity
 .text.hih8120_getHumidityPercent_x10
                0x00004638       0x16 ../drivers\libIotLibrary.a(hih8120.o)
                0x00004638                hih8120_getHumidityPercent_x10
 .text.hih8120_getTemperature
                0x0000464e       0x36 ../drivers\libIotLibrary.a(hih8120.o)
                0x0000464e                hih8120_getTemperature
 .text.hih8120_getTemperature_x10
                0x00004684       0x16 ../drivers\libIotLibrary.a(hih8120.o)
                0x00004684                hih8120_getTemperature_x10
 .text._serialCallBack
                0x0000469a       0x8c ../drivers\libIotLibrary.a(lora_driver.o)
 .text._uploadMessage
                0x00004726       0xb4 ../drivers\libIotLibrary.a(lora_driver.o)
 .text._reply2ReturnCode
                0x000047da       0xea ../drivers\libIotLibrary.a(lora_driver.o)
 .text._uploadMessageRc
                0x000048c4        0x6 ../drivers\libIotLibrary.a(lora_driver.o)
 .text.lora_driver_flushBuffers
                0x000048ca        0xe ../drivers\libIotLibrary.a(lora_driver.o)
                0x000048ca                lora_driver_flushBuffers
 .text.lora_driver_initialise
                0x000048d8       0x80 ../drivers\libIotLibrary.a(lora_driver.o)
                0x000048d8                lora_driver_initialise
 .text.lora_driver_resetRn2483
                0x00004958       0x1c ../drivers\libIotLibrary.a(lora_driver.o)
                0x00004958                lora_driver_resetRn2483
 .text.lora_driver_rn2483FactoryReset
                0x00004974       0x24 ../drivers\libIotLibrary.a(lora_driver.o)
                0x00004974                lora_driver_rn2483FactoryReset
 .text.lora_driver_getRn2483Hweui
                0x00004998       0x38 ../drivers\libIotLibrary.a(lora_driver.o)
                0x00004998                lora_driver_getRn2483Hweui
 .text.lora_driver_setDeviceIdentifier
                0x000049d0       0x22 ../drivers\libIotLibrary.a(lora_driver.o)
                0x000049d0                lora_driver_setDeviceIdentifier
 .text.lora_driver_setApplicationIdentifier
                0x000049f2       0x22 ../drivers\libIotLibrary.a(lora_driver.o)
                0x000049f2                lora_driver_setApplicationIdentifier
 .text.lora_driver_setApplicationKey
                0x00004a14       0x22 ../drivers\libIotLibrary.a(lora_driver.o)
                0x00004a14                lora_driver_setApplicationKey
 .text.lora_driver_saveMac
                0x00004a36        0xc ../drivers\libIotLibrary.a(lora_driver.o)
                0x00004a36                lora_driver_saveMac
 .text.lora_driver_join
                0x00004a42       0x52 ../drivers\libIotLibrary.a(lora_driver.o)
                0x00004a42                lora_driver_join
 .text.lora_driver_setAdaptiveDataRate
                0x00004a94       0x16 ../drivers\libIotLibrary.a(lora_driver.o)
                0x00004a94                lora_driver_setAdaptiveDataRate
 .text.lora_driver_setReceiveDelay
                0x00004aaa       0x30 ../drivers\libIotLibrary.a(lora_driver.o)
                0x00004aaa                lora_driver_setReceiveDelay
 .text.lora_driver_configureToEu868
                0x00004ada      0x1bc ../drivers\libIotLibrary.a(lora_driver.o)
                0x00004ada                lora_driver_configureToEu868
 .text.lora_driver_setOtaaIdentity
                0x00004c96       0x42 ../drivers\libIotLibrary.a(lora_driver.o)
                0x00004c96                lora_driver_setOtaaIdentity
 .text.lora_driver_mapReturnCodeToText
                0x00004cd8       0x18 ../drivers\libIotLibrary.a(lora_driver.o)
                0x00004cd8                lora_driver_mapReturnCodeToText
 .text._serialCallBack
                0x00004cf0       0xb6 ../drivers\libIotLibrary.a(mh_z19.o)
 .text.mh_z19_initialise
                0x00004da6       0x4a ../drivers\libIotLibrary.a(mh_z19.o)
                0x00004da6                mh_z19_initialise
 .text.mh_z19_injectCallBack
                0x00004df0        0xa ../drivers\libIotLibrary.a(mh_z19.o)
                0x00004df0                mh_z19_injectCallBack
 .text.mh_z19_takeMeassuring
                0x00004dfa       0x5e ../drivers\libIotLibrary.a(mh_z19.o)
                0x00004dfa                mh_z19_takeMeassuring
 .text.mh_z19_getCo2Ppm
                0x00004e58       0x22 ../drivers\libIotLibrary.a(mh_z19.o)
                0x00004e58                mh_z19_getCo2Ppm
 .text.rc_servo_setPosition
                0x00004e7a       0x30 ../drivers\libIotLibrary.a(rc_servo.o)
                0x00004e7a                rc_servo_setPosition
 .text.rc_servo_initialise
                0x00004eaa       0x38 ../drivers\libIotLibrary.a(rc_servo.o)
                0x00004eaa                rc_servo_initialise
 .text.serial_create
                0x00004ee2      0x150 ../drivers\libIotLibrary.a(serial.o)
                0x00004ee2                serial_create
 .text.serial_sendByte
                0x00005032       0x56 ../drivers\libIotLibrary.a(serial.o)
                0x00005032                serial_sendByte
 .text.serial_sendBytes
                0x00005088       0xaa ../drivers\libIotLibrary.a(serial.o)
                0x00005088                serial_sendBytes
 .text.serial_getByte
                0x00005132       0x40 ../drivers\libIotLibrary.a(serial.o)
                0x00005132                serial_getByte
 .text.__vector_25
                0x00005172       0xa4 ../drivers\libIotLibrary.a(serial.o)
                0x00005172                __vector_25
 .text.__vector_26
                0x00005216       0x88 ../drivers\libIotLibrary.a(serial.o)
                0x00005216                __vector_26
 .text.__vector_36
                0x0000529e       0xa4 ../drivers\libIotLibrary.a(serial.o)
                0x0000529e                __vector_36
 .text.__vector_37
                0x00005342       0x88 ../drivers\libIotLibrary.a(serial.o)
                0x00005342                __vector_37
 .text.__vector_51
                0x000053ca       0xa4 ../drivers\libIotLibrary.a(serial.o)
                0x000053ca                __vector_51
 .text.__vector_52
                0x0000546e       0x88 ../drivers\libIotLibrary.a(serial.o)
                0x0000546e                __vector_52
 .text.__vector_54
                0x000054f6       0xa4 ../drivers\libIotLibrary.a(serial.o)
                0x000054f6                __vector_54
 .text.__vector_55
                0x0000559a       0x88 ../drivers\libIotLibrary.a(serial.o)
                0x0000559a                __vector_55
 .text.usart_getchar
                0x00005622       0x2a ../drivers\libIotLibrary.a(stdio_driver.o)
 .text.usart_putchar
                0x0000564c       0x12 ../drivers\libIotLibrary.a(stdio_driver.o)
 .text.stdio_initialise
                0x0000565e       0x52 ../drivers\libIotLibrary.a(stdio_driver.o)
                0x0000565e                stdio_initialise
 .text._turn_off
                0x000056b0       0x98 ../drivers\libIotLibrary.a(status_leds.o)
 .text._turn_on
                0x00005748       0x98 ../drivers\libIotLibrary.a(status_leds.o)
 .text._hal_led_task
                0x000057e0       0x8c ../drivers\libIotLibrary.a(status_leds.o)
 .text.status_leds_initialise
                0x0000586c       0x9c ../drivers\libIotLibrary.a(status_leds.o)
                0x0000586c                status_leds_initialise
 .text.status_leds_slowBlink
                0x00005908       0x46 ../drivers\libIotLibrary.a(status_leds.o)
                0x00005908                status_leds_slowBlink
 .text.status_leds_fastBlink
                0x0000594e       0x46 ../drivers\libIotLibrary.a(status_leds.o)
                0x0000594e                status_leds_fastBlink
 .text.status_leds_ledOn
                0x00005994       0x1e ../drivers\libIotLibrary.a(status_leds.o)
                0x00005994                status_leds_ledOn
 .text.status_leds_ledOff
                0x000059b2       0x1e ../drivers\libIotLibrary.a(status_leds.o)
                0x000059b2                status_leds_ledOff
 .text.status_leds_longPuls
                0x000059d0       0x24 ../drivers\libIotLibrary.a(status_leds.o)
                0x000059d0                status_leds_longPuls
 .text.status_leds_shortPuls
                0x000059f4       0x22 ../drivers\libIotLibrary.a(status_leds.o)
                0x000059f4                status_leds_shortPuls
 .text._callBack
                0x00005a16       0x10 ../drivers\libIotLibrary.a(tsl2591.o)
 .text._tsl2591TwiCallback
                0x00005a26       0x88 ../drivers\libIotLibrary.a(tsl2591.o)
 .text._twiTransmit
                0x00005aae       0x26 ../drivers\libIotLibrary.a(tsl2591.o)
 .text.tsl2591_initialise
                0x00005ad4       0x36 ../drivers\libIotLibrary.a(tsl2591.o)
                0x00005ad4                tsl2591_initialise
 .text.tsl2591_enable
                0x00005b0a       0x2a ../drivers\libIotLibrary.a(tsl2591.o)
                0x00005b0a                tsl2591_enable
 .text.tsl2591_fetchData
                0x00005b34       0x24 ../drivers\libIotLibrary.a(tsl2591.o)
                0x00005b34                tsl2591_fetchData
 .text.tsl2591_getLux
                0x00005b58      0x1b2 ../drivers\libIotLibrary.a(tsl2591.o)
                0x00005b58                tsl2591_getLux
 .text._initTwiInterface
                0x00005d0a       0x22 ../drivers\libIotLibrary.a(twi.o)
 .text.twiCreate
                0x00005d2c       0x9a ../drivers\libIotLibrary.a(twi.o)
                0x00005d2c                twiCreate
 .text.twiIsBusy
                0x00005dc6        0x8 ../drivers\libIotLibrary.a(twi.o)
                0x00005dc6                twiIsBusy
 .text.twiTransmit
                0x00005dce       0x98 ../drivers\libIotLibrary.a(twi.o)
                0x00005dce                twiTransmit
 .text.twiReceive
                0x00005e66       0x66 ../drivers\libIotLibrary.a(twi.o)
                0x00005e66                twiReceive
 .text.__vector_39
                0x00005ecc      0x17a ../drivers\libIotLibrary.a(twi.o)
                0x00005ecc                __vector_39
 .text.fifo_init
                0x00006046       0x38 ../drivers\libIotLibrary.a(fifo.o)
                0x00006046                fifo_init
 .text.avr-libc
                0x0000607e      0x714 c:/program files (x86)/atmel/studio/7.0/toolchain/avr8/avr8-gnu-toolchain/bin/../lib/gcc/avr/5.4.0/../../../../avr/lib/avr6\libprintf_flt.a(vfprintf_flt.o)
                0x0000607e                vfprintf
 .text.avr-libc.fplib
                0x00006792        0xa c:/program files (x86)/atmel/studio/7.0/toolchain/avr8/avr8-gnu-toolchain/bin/../lib/gcc/avr/5.4.0/../../../../avr/lib/avr6\libm.a(addsf3.o)
                0x00006792                __subsf3
                0x00006794                __addsf3
 .text.avr-libc.fplib
                0x0000679c       0xc0 c:/program files (x86)/atmel/studio/7.0/toolchain/avr8/avr8-gnu-toolchain/bin/../lib/gcc/avr/5.4.0/../../../../avr/lib/avr6\libm.a(addsf3x.o)
                0x000067b6                __addsf3x
 .text.avr-libc.fplib
                0x0000685c        0x4 c:/program files (x86)/atmel/studio/7.0/toolchain/avr8/avr8-gnu-toolchain/bin/../lib/gcc/avr/5.4.0/../../../../avr/lib/avr6\libm.a(divsf3.o)
                0x0000685c                __divsf3
 .text.avr-libc.fplib
                0x00006860       0xcc c:/program files (x86)/atmel/studio/7.0/toolchain/avr8/avr8-gnu-toolchain/bin/../lib/gcc/avr/5.4.0/../../../../avr/lib/avr6\libm.a(divsf3x.o)
                0x00006876                __divsf3x
                0x0000687a                __divsf3_pse
 .text.avr-libc.fplib
                0x0000692c        0xa c:/program files (x86)/atmel/studio/7.0/toolchain/avr8/avr8-gnu-toolchain/bin/../lib/gcc/avr/5.4.0/../../../../avr/lib/avr6\libm.a(fixsfsi.o)
                0x0000692c                __fixsfsi
 .text.avr-libc.fplib
                0x00006936       0x58 c:/program files (x86)/atmel/studio/7.0/toolchain/avr8/avr8-gnu-toolchain/bin/../lib/gcc/avr/5.4.0/../../../../avr/lib/avr6\libm.a(fixunssfsi.o)
                0x00006936                __fixunssfsi
 .text.avr-libc.fplib
                0x0000698e       0x7a c:/program files (x86)/atmel/studio/7.0/toolchain/avr8/avr8-gnu-toolchain/bin/../lib/gcc/avr/5.4.0/../../../../avr/lib/avr6\libm.a(floatsisf.o)
                0x0000698e                __floatunsisf
                0x00006992                __floatsisf
 .text.avr-libc.fplib
                0x00006a08        0xc c:/program files (x86)/atmel/studio/7.0/toolchain/avr8/avr8-gnu-toolchain/bin/../lib/gcc/avr/5.4.0/../../../../avr/lib/avr6\libm.a(fp_inf.o)
                0x00006a08                __fp_inf
 .text.avr-libc.fplib
                0x00006a14        0x6 c:/program files (x86)/atmel/studio/7.0/toolchain/avr8/avr8-gnu-toolchain/bin/../lib/gcc/avr/5.4.0/../../../../avr/lib/avr6\libm.a(fp_nan.o)
                0x00006a14                __fp_nan
 .text.avr-libc.fplib
                0x00006a1a        0xe c:/program files (x86)/atmel/studio/7.0/toolchain/avr8/avr8-gnu-toolchain/bin/../lib/gcc/avr/5.4.0/../../../../avr/lib/avr6\libm.a(fp_pscA.o)
                0x00006a1a                __fp_pscA
 .text.avr-libc.fplib
                0x00006a28        0xe c:/program files (x86)/atmel/studio/7.0/toolchain/avr8/avr8-gnu-toolchain/bin/../lib/gcc/avr/5.4.0/../../../../avr/lib/avr6\libm.a(fp_pscB.o)
                0x00006a28                __fp_pscB
 .text.avr-libc.fplib
                0x00006a36       0x22 c:/program files (x86)/atmel/studio/7.0/toolchain/avr8/avr8-gnu-toolchain/bin/../lib/gcc/avr/5.4.0/../../../../avr/lib/avr6\libm.a(fp_round.o)
                0x00006a36                __fp_round
 .text.avr-libc.fplib
                0x00006a58       0x44 c:/program files (x86)/atmel/studio/7.0/toolchain/avr8/avr8-gnu-toolchain/bin/../lib/gcc/avr/5.4.0/../../../../avr/lib/avr6\libm.a(fp_split3.o)
                0x00006a58                __fp_split3
                0x00006a68                __fp_splitA
 .text.avr-libc.fplib
                0x00006a9c        0xe c:/program files (x86)/atmel/studio/7.0/toolchain/avr8/avr8-gnu-toolchain/bin/../lib/gcc/avr/5.4.0/../../../../avr/lib/avr6\libm.a(fp_zero.o)
                0x00006a9c                __fp_zero
                0x00006a9e                __fp_szero
 .text.avr-libc.fplib
                0x00006aaa        0x8 c:/program files (x86)/atmel/studio/7.0/toolchain/avr8/avr8-gnu-toolchain/bin/../lib/gcc/avr/5.4.0/../../../../avr/lib/avr6\libm.a(gesf2.o)
                0x00006aaa                __gesf2
                0x00006aaa                __gtsf2
 .text.avr-libc.fplib
                0x00006ab2        0x4 c:/program files (x86)/atmel/studio/7.0/toolchain/avr8/avr8-gnu-toolchain/bin/../lib/gcc/avr/5.4.0/../../../../avr/lib/avr6\libm.a(mulsf3.o)
                0x00006ab2                __mulsf3
 .text.avr-libc.fplib
                0x00006ab6       0xc2 c:/program files (x86)/atmel/studio/7.0/toolchain/avr8/avr8-gnu-toolchain/bin/../lib/gcc/avr/5.4.0/../../../../avr/lib/avr6\libm.a(mulsf3x.o)
                0x00006aca                __mulsf3x
                0x00006ace                __mulsf3_pse
 .text.avr-libc.fplib
                0x00006b78       0x48 c:/program files (x86)/atmel/studio/7.0/toolchain/avr8/avr8-gnu-toolchain/bin/../lib/gcc/avr/5.4.0/../../../../avr/lib/avr6\libm.a(fp_cmp.o)
                0x00006b78                __fp_cmp
 .text.libgcc.div
                0x00006bc0       0x26 c:/program files (x86)/atmel/studio/7.0/toolchain/avr8/avr8-gnu-toolchain/bin/../lib/gcc/avr/5.4.0/avr6\libgcc.a(_divmodhi4.o)
                0x00006bc0                _div
                0x00006bc0                __divmodhi4
 .text.libgcc.div
                0x00006be6       0x44 c:/program files (x86)/atmel/studio/7.0/toolchain/avr8/avr8-gnu-toolchain/bin/../lib/gcc/avr/5.4.0/avr6\libgcc.a(_udivmodsi4.o)
                0x00006be6                __udivmodsi4
 .text.libgcc   0x00006c2a       0x10 c:/program files (x86)/atmel/studio/7.0/toolchain/avr8/avr8-gnu-toolchain/bin/../lib/gcc/avr/5.4.0/avr6\libgcc.a(_tablejump2.o)
                0x00006c2a                __tablejump2__
 .text.libgcc.mul
                0x00006c3a       0x1e c:/program files (x86)/atmel/studio/7.0/toolchain/avr8/avr8-gnu-toolchain/bin/../lib/gcc/avr/5.4.0/avr6\libgcc.a(_umulhisi3.o)
                0x00006c3a                __umulhisi3
 .text.libgcc.div
                0x00006c58       0x28 c:/program files (x86)/atmel/studio/7.0/toolchain/avr8/avr8-gnu-toolchain/bin/../lib/gcc/avr/5.4.0/avr6\libgcc.a(_udivmodhi4.o)
                0x00006c58                __udivmodhi4
 .text.avr-libc
                0x00006c80      0x242 c:/program files (x86)/atmel/studio/7.0/toolchain/avr8/avr8-gnu-toolchain/bin/../lib/gcc/avr/5.4.0/../../../../avr/lib/avr6\libc.a(malloc.o)
                0x00006c80                malloc
                0x00006db0                free
 .text.avr-libc
                0x00006ec2        0x8 c:/program files (x86)/atmel/studio/7.0/toolchain/avr8/avr8-gnu-toolchain/bin/../lib/gcc/avr/5.4.0/../../../../avr/lib/avr6\libc.a(abort.o)
                0x00006ec2                abort
 .text.avr-libc
                0x00006eca      0x1b0 c:/program files (x86)/atmel/studio/7.0/toolchain/avr8/avr8-gnu-toolchain/bin/../lib/gcc/avr/5.4.0/../../../../avr/lib/avr6\libc.a(ftoa_engine.o)
                0x00006eca                __ftoa_engine
 .text.avr-libc
                0x0000707a       0x16 c:/program files (x86)/atmel/studio/7.0/toolchain/avr8/avr8-gnu-toolchain/bin/../lib/gcc/avr/5.4.0/../../../../avr/lib/avr6\libc.a(strnlen_P.o)
                0x0000707a                strnlen_P
 .text.avr-libc
                0x00007090       0x12 c:/program files (x86)/atmel/studio/7.0/toolchain/avr8/avr8-gnu-toolchain/bin/../lib/gcc/avr/5.4.0/../../../../avr/lib/avr6\libc.a(memcpy.o)
                0x00007090                memcpy
 .text.avr-libc
                0x000070a2        0xe c:/program files (x86)/atmel/studio/7.0/toolchain/avr8/avr8-gnu-toolchain/bin/../lib/gcc/avr/5.4.0/../../../../avr/lib/avr6\libc.a(memset.o)
                0x000070a2                memset
 .text.avr-libc
                0x000070b0       0x4a c:/program files (x86)/atmel/studio/7.0/toolchain/avr8/avr8-gnu-toolchain/bin/../lib/gcc/avr/5.4.0/../../../../avr/lib/avr6\libc.a(strcasestr.o)
                0x000070b0                strcasestr
 .text.avr-libc
                0x000070fa       0x16 c:/program files (x86)/atmel/studio/7.0/toolchain/avr8/avr8-gnu-toolchain/bin/../lib/gcc/avr/5.4.0/../../../../avr/lib/avr6\libc.a(strcat.o)
                0x000070fa                strcat
 .text.avr-libc
                0x00007110        0xe c:/program files (x86)/atmel/studio/7.0/toolchain/avr8/avr8-gnu-toolchain/bin/../lib/gcc/avr/5.4.0/../../../../avr/lib/avr6\libc.a(strcpy.o)
                0x00007110                strcpy
 .text.avr-libc
                0x0000711e       0x30 c:/program files (x86)/atmel/studio/7.0/toolchain/avr8/avr8-gnu-toolchain/bin/../lib/gcc/avr/5.4.0/../../../../avr/lib/avr6\libc.a(strncasecmp.o)
                0x0000711e                strncasecmp
 .text.avr-libc
                0x0000714e       0x16 c:/program files (x86)/atmel/studio/7.0/toolchain/avr8/avr8-gnu-toolchain/bin/../lib/gcc/avr/5.4.0/../../../../avr/lib/avr6\libc.a(strnlen.o)
                0x0000714e                strnlen
 .text.avr-libc
                0x00007164       0x78 c:/program files (x86)/atmel/studio/7.0/toolchain/avr8/avr8-gnu-toolchain/bin/../lib/gcc/avr/5.4.0/../../../../avr/lib/avr6\libc.a(fputc.o)
                0x00007164                fputc
 .text.avr-libc
                0x000071dc       0x28 c:/program files (x86)/atmel/studio/7.0/toolchain/avr8/avr8-gnu-toolchain/bin/../lib/gcc/avr/5.4.0/../../../../avr/lib/avr6\libc.a(printf.o)
                0x000071dc                printf
 .text.avr-libc
                0x00007204       0x60 c:/program files (x86)/atmel/studio/7.0/toolchain/avr8/avr8-gnu-toolchain/bin/../lib/gcc/avr/5.4.0/../../../../avr/lib/avr6\libc.a(puts.o)
                0x00007204                puts
 .text.avr-libc
                0x00007264       0x5e c:/program files (x86)/atmel/studio/7.0/toolchain/avr8/avr8-gnu-toolchain/bin/../lib/gcc/avr/5.4.0/../../../../avr/lib/avr6\libc.a(sprintf.o)
                0x00007264                sprintf
 .text.avr-libc
                0x000072c2       0xbc c:/program files (x86)/atmel/studio/7.0/toolchain/avr8/avr8-gnu-toolchain/bin/../lib/gcc/avr/5.4.0/../../../../avr/lib/avr6\libc.a(ultoa_invert.o)
                0x000072c2                __ultoa_invert
                0x0000737e                . = ALIGN (0x2)
 *(.fini9)
 .fini9         0x0000737e        0x0 c:/program files (x86)/atmel/studio/7.0/toolchain/avr8/avr8-gnu-toolchain/bin/../lib/gcc/avr/5.4.0/avr6\libgcc.a(_exit.o)
                0x0000737e                _exit
                0x0000737e                exit
 *(.fini9)
 *(.fini8)
 *(.fini8)
 *(.fini7)
 *(.fini7)
 *(.fini6)
 *(.fini6)
 *(.fini5)
 *(.fini5)
 *(.fini4)
 *(.fini4)
 *(.fini3)
 *(.fini3)
 *(.fini2)
 *(.fini2)
 *(.fini1)
 *(.fini1)
 *(.fini0)
 .fini0         0x0000737e        0x4 c:/program files (x86)/atmel/studio/7.0/toolchain/avr8/avr8-gnu-toolchain/bin/../lib/gcc/avr/5.4.0/avr6\libgcc.a(_exit.o)
 *(.fini0)
                0x00007382                _etext = .

.data           0x00800200      0x7e2 load address 0x00007382
                0x00800200                PROVIDE (__data_start, .)
 *(.data)
 .data          0x00800200        0x6 c:/program files (x86)/atmel/studio/7.0/toolchain/avr8/avr8-gnu-toolchain/bin/../lib/gcc/avr/5.4.0/../../../../avr/lib/avr6\libc.a(malloc.o)
                0x00800200                __malloc_heap_end
                0x00800202                __malloc_heap_start
                0x00800204                __malloc_margin
 *(.data*)
 .data.uxTopUsedPriority
                0x00800206        0x1 FreeRTOS/src/tasks.o
                0x00800206                uxTopUsedPriority
 .data._temp    0x00800207        0x2 ../drivers\libIotLibrary.a(hih8120.o)
 .data._hum     0x00800209        0x2 ../drivers\libIotLibrary.a(hih8120.o)
 .data._com_port_2_udr
                0x0080020b        0x8 ../drivers\libIotLibrary.a(serial.o)
                0x0080020b                _com_port_2_udr
 .data.mystdout.1882
                0x00800213        0xe ../drivers\libIotLibrary.a(stdio_driver.o)
 .data._twiCurrentState
                0x00800221        0x1 ../drivers\libIotLibrary.a(twi.o)
 *(.gnu.linkonce.d*)
 *(.rodata)
 .rodata        0x00800222       0x20 ../drivers\libIotLibrary.a(lora_driver.o)
 .rodata        0x00800242       0x2d ../drivers\libIotLibrary.a(mh_z19.o)
 *(.rodata*)
 .rodata.str1.1
                0x0080026f       0x1b application.o
 .rodata.str1.1
                0x0080028a       0x41 configuration.o
 .rodata.str1.1
                0x008002cb       0x5c downlinkHandler.o
 .rodata.str1.1
                0x00800327       0x6d actionsController.o
 .rodata.str1.1
                0x00800394        0x5 FreeRTOS/src/tasks.o
 .rodata.str1.1
                0x00800399        0x8 FreeRTOS/src/timers.o
 .rodata.str1.1
                0x008003a1       0x3c Sensors/co2Sensor.o
 .rodata.str1.1
                0x008003dd       0xa6 Sensors/lightSensor.o
 .rodata.str1.1
                0x00800483       0x88 Sensors/tempHumSensor.o
 .rodata.str1.1
                0x0080050b       0x74 initialize.o
 .rodata.str1.1
                0x0080057f      0x181 uplinkHandler.o
 .rodata.str1.1
                0x00800700       0x12 main.o
 .rodata.str1.1
                0x00800712      0x290 ../drivers\libIotLibrary.a(lora_driver.o)
                                0x2a5 (size before relaxing)
 .rodata._joinMode
                0x008009a2        0x4 ../drivers\libIotLibrary.a(lora_driver.o)
 .rodata._returnCode
                0x008009a6       0x33 ../drivers\libIotLibrary.a(lora_driver.o)
                0x008009a6                _returnCode
 .rodata.str1.1
                0x008009d9        0x8 ../drivers\libIotLibrary.a(status_leds.o)
 *(.gnu.linkonce.r*)
                0x008009e2                . = ALIGN (0x2)
 *fill*         0x008009e1        0x1 
                0x008009e2                _edata = .
                0x008009e2                PROVIDE (__data_end, .)

.bss            0x008009e2     0x100c
                0x008009e2                PROVIDE (__bss_start, .)
 *(.bss)
 *(.bss*)
 .bss.system_status
                0x008009e2        0x1 configuration.o
 .bss.max_co2   0x008009e3        0x2 configuration.o
 .bss.max_humidity
                0x008009e5        0x2 configuration.o
 .bss.max_temperature
                0x008009e7        0x2 configuration.o
 .bss._downlink_payload
                0x008009e9       0x16 downlinkHandler.o
 .bss.xBlockAllocatedBit
                0x008009ff        0x2 FreeRTOS/src/heap_4.o
 .bss.xNumberOfSuccessfulFrees
                0x00800a01        0x2 FreeRTOS/src/heap_4.o
 .bss.xNumberOfSuccessfulAllocations
                0x00800a03        0x2 FreeRTOS/src/heap_4.o
 .bss.xMinimumEverFreeBytesRemaining
                0x00800a05        0x2 FreeRTOS/src/heap_4.o
 .bss.xFreeBytesRemaining
                0x00800a07        0x2 FreeRTOS/src/heap_4.o
 .bss.pxEnd     0x00800a09        0x2 FreeRTOS/src/heap_4.o
 .bss.xStart    0x00800a0b        0x4 FreeRTOS/src/heap_4.o
 .bss.ucHeap    0x00800a0f      0xdac FreeRTOS/src/heap_4.o
 .bss.uxSchedulerSuspended
                0x008017bb        0x1 FreeRTOS/src/tasks.o
 .bss.xIdleTaskHandle
                0x008017bc        0x2 FreeRTOS/src/tasks.o
 .bss.xNextTaskUnblockTime
                0x008017be        0x4 FreeRTOS/src/tasks.o
 .bss.uxTaskNumber
                0x008017c2        0x1 FreeRTOS/src/tasks.o
 .bss.xNumOfOverflows
                0x008017c3        0x1 FreeRTOS/src/tasks.o
 .bss.xYieldPending
                0x008017c4        0x1 FreeRTOS/src/tasks.o
 .bss.xPendedTicks
                0x008017c5        0x4 FreeRTOS/src/tasks.o
 .bss.xSchedulerRunning
                0x008017c9        0x1 FreeRTOS/src/tasks.o
 .bss.uxTopReadyPriority
                0x008017ca        0x1 FreeRTOS/src/tasks.o
 .bss.xTickCount
                0x008017cb        0x4 FreeRTOS/src/tasks.o
 .bss.uxCurrentNumberOfTasks
                0x008017cf        0x1 FreeRTOS/src/tasks.o
 .bss.xSuspendedTaskList
                0x008017d0        0xb FreeRTOS/src/tasks.o
 .bss.uxDeletedTasksWaitingCleanUp
                0x008017db        0x1 FreeRTOS/src/tasks.o
 .bss.xTasksWaitingTermination
                0x008017dc        0xb FreeRTOS/src/tasks.o
 .bss.xPendingReadyList
                0x008017e7        0xb FreeRTOS/src/tasks.o
 .bss.pxOverflowDelayedTaskList
                0x008017f2        0x2 FreeRTOS/src/tasks.o
 .bss.pxDelayedTaskList
                0x008017f4        0x2 FreeRTOS/src/tasks.o
 .bss.xDelayedTaskList2
                0x008017f6        0xb FreeRTOS/src/tasks.o
 .bss.xDelayedTaskList1
                0x00801801        0xb FreeRTOS/src/tasks.o
 .bss.pxReadyTasksLists
                0x0080180c       0x6e FreeRTOS/src/tasks.o
 .bss.pxCurrentTCB
                0x0080187a        0x2 FreeRTOS/src/tasks.o
                0x0080187a                pxCurrentTCB
 .bss.xLastTime.2436
                0x0080187c        0x4 FreeRTOS/src/timers.o
 .bss.xTimerTaskHandle
                0x00801880        0x2 FreeRTOS/src/timers.o
 .bss.xTimerQueue
                0x00801882        0x2 FreeRTOS/src/timers.o
 .bss.pxOverflowTimerList
                0x00801884        0x2 FreeRTOS/src/timers.o
 .bss.pxCurrentTimerList
                0x00801886        0x2 FreeRTOS/src/timers.o
 .bss.xActiveTimerList2
                0x00801888        0xb FreeRTOS/src/timers.o
 .bss.xActiveTimerList1
                0x00801893        0xb FreeRTOS/src/timers.o
 .bss.status    0x0080189e        0x1 packageHandler.o
 .bss.lux       0x0080189f        0x4 packageHandler.o
 .bss.CO2_PPM   0x008018a3        0x2 packageHandler.o
 .bss.humidityPercent
                0x008018a5        0x2 packageHandler.o
 .bss.temperaturePercent
                0x008018a7        0x2 packageHandler.o
 .bss.lastCO2ppm
                0x008018a9        0x2 Sensors/co2Sensor.o
                0x008018a9                lastCO2ppm
 .bss.lux       0x008018ab        0x4 Sensors/lightSensor.o
 .bss.temperature
                0x008018af        0x2 Sensors/tempHumSensor.o
 .bss.humidity  0x008018b1        0x2 Sensors/tempHumSensor.o
 .bss._uplink_payload
                0x008018b3       0x16 uplinkHandler.o
 .bss._measuringIsReady
                0x008018c9        0x1 ../drivers\libIotLibrary.a(hih8120.o)
 .bss._hih8120Handler
                0x008018ca        0x2 ../drivers\libIotLibrary.a(hih8120.o)
 .bss._tmp_buf.2871
                0x008018cc       0x37 ../drivers\libIotLibrary.a(lora_driver.o)
 .bss.rec_buf_inp.2878
                0x00801903        0x1 ../drivers\libIotLibrary.a(lora_driver.o)
 .bss._downlinkMessageBuffer
                0x00801904        0x2 ../drivers\libIotLibrary.a(lora_driver.o)
 .bss._serialReplyBufferHandle
                0x00801906        0x2 ../drivers\libIotLibrary.a(lora_driver.o)
 .bss._rn2483_serial
                0x00801908        0x2 ../drivers\libIotLibrary.a(lora_driver.o)
 .bss._recMessageBuf
                0x0080190a       0x2d ../drivers\libIotLibrary.a(lora_driver.o)
 .bss._sendMessage
                0x00801937       0x2d ../drivers\libIotLibrary.a(lora_driver.o)
 .bss._replyMess
                0x00801964       0x2d ../drivers\libIotLibrary.a(lora_driver.o)
 .bss.data.1944
                0x00801991        0x2 ../drivers\libIotLibrary.a(mh_z19.o)
 .bss.inDex.1943
                0x00801993        0x1 ../drivers\libIotLibrary.a(mh_z19.o)
 .bss.crc_sum.1945
                0x00801994        0x1 ../drivers\libIotLibrary.a(mh_z19.o)
 .bss._appCallBack
                0x00801995        0x2 ../drivers\libIotLibrary.a(mh_z19.o)
 .bss._mh_state
                0x00801997        0x1 ../drivers\libIotLibrary.a(mh_z19.o)
                0x00801997                _mh_state
 .bss._ppm      0x00801998        0x2 ../drivers\libIotLibrary.a(mh_z19.o)
 .bss._serial   0x0080199a        0x2 ../drivers\libIotLibrary.a(mh_z19.o)
 .bss._ser_handle
                0x0080199c        0x8 ../drivers\libIotLibrary.a(serial.o)
 .bss._com_serial_instance
                0x008019a4        0x2 ../drivers\libIotLibrary.a(stdio_driver.o)
 .bss._led_status
                0x008019a6       0x18 ../drivers\libIotLibrary.a(status_leds.o)
 .bss._infraredRaw
                0x008019be        0x2 ../drivers\libIotLibrary.a(tsl2591.o)
 .bss._fullSpectrumRaw
                0x008019c0        0x2 ../drivers\libIotLibrary.a(tsl2591.o)
 .bss._deviceId
                0x008019c2        0x1 ../drivers\libIotLibrary.a(tsl2591.o)
 .bss._currentIntegrationTime
                0x008019c3        0x1 ../drivers\libIotLibrary.a(tsl2591.o)
 .bss._currentGain
                0x008019c4        0x1 ../drivers\libIotLibrary.a(tsl2591.o)
 .bss._nextState
                0x008019c5        0x1 ../drivers\libIotLibrary.a(tsl2591.o)
 .bss._callBackFunction
                0x008019c6        0x2 ../drivers\libIotLibrary.a(tsl2591.o)
 .bss._twiHandler
                0x008019c8        0x2 ../drivers\libIotLibrary.a(tsl2591.o)
 .bss._index.1885
                0x008019ca        0x1 ../drivers\libIotLibrary.a(twi.o)
 .bss._twiCurrentHandler
                0x008019cb        0x2 ../drivers\libIotLibrary.a(twi.o)
 .bss._twiMessageLen
                0x008019cd        0x1 ../drivers\libIotLibrary.a(twi.o)
 .bss._twiMessageBuffer
                0x008019ce        0xa ../drivers\libIotLibrary.a(twi.o)
 .bss._twiIsInitiated
                0x008019d8        0x1 ../drivers\libIotLibrary.a(twi.o)
 *(COMMON)
 COMMON         0x008019d9        0x1 Sensors/co2Sensor.o
                0x008019d9                rc
 COMMON         0x008019da        0xa initialize.o
                0x008019da                configSemaphore
                0x008019dc                dataReadyEventGroup
                0x008019de                measureEventGroup
                0x008019e0                uplinkMessageBufferHandle
                0x008019e2                downlinkMessageBufferHandle
 COMMON         0x008019e4        0x4 c:/program files (x86)/atmel/studio/7.0/toolchain/avr8/avr8-gnu-toolchain/bin/../lib/gcc/avr/5.4.0/../../../../avr/lib/avr6\libc.a(malloc.o)
                0x008019e4                __brkval
                0x008019e6                __flp
 COMMON         0x008019e8        0x6 c:/program files (x86)/atmel/studio/7.0/toolchain/avr8/avr8-gnu-toolchain/bin/../lib/gcc/avr/5.4.0/../../../../avr/lib/avr6\libc.a(iob.o)
                0x008019e8                __iob
                0x008019ee                PROVIDE (__bss_end, .)
                0x00007382                __data_load_start = LOADADDR (.data)
                0x00007b64                __data_load_end = (__data_load_start + SIZEOF (.data))

.noinit         0x008019ee        0x0
                [!provide]                PROVIDE (__noinit_start, .)
 *(.noinit*)
                [!provide]                PROVIDE (__noinit_end, .)
                0x008019ee                _end = .
                0x008019ee                PROVIDE (__heap_start, .)

.eeprom         0x00810000        0x0
 *(.eeprom*)
                0x00810000                __eeprom_end = .

.fuse
 *(.fuse)
 *(.lfuse)
 *(.hfuse)
 *(.efuse)

.lock
 *(.lock*)

.signature
 *(.signature*)

.user_signatures
 *(.user_signatures*)

.stab
 *(.stab)

.stabstr
 *(.stabstr)

.stab.excl
 *(.stab.excl)

.stab.exclstr
 *(.stab.exclstr)

.stab.index
 *(.stab.index)

.stab.indexstr
 *(.stab.indexstr)

.comment        0x00000000       0x5c
 *(.comment)
 .comment       0x00000000       0x30 application.o
                                 0x31 (size before relaxing)
 .comment       0x00000030       0x31 configuration.o
 .comment       0x00000030       0x31 downlinkHandler.o
 .comment       0x00000030       0x31 actionsController.o
 .comment       0x00000030       0x31 FreeRTOS/src/event_groups.o
 .comment       0x00000030       0x31 FreeRTOS/src/heap_4.o
 .comment       0x00000030       0x31 FreeRTOS/src/list.o
 .comment       0x00000030       0x31 FreeRTOS/src/port.o
 .comment       0x00000030       0x31 FreeRTOS/src/queue.o
 .comment       0x00000030       0x31 FreeRTOS/src/stream_buffer.o
 .comment       0x00000030       0x31 FreeRTOS/src/tasks.o
 .comment       0x00000030       0x31 FreeRTOS/src/timers.o
 .comment       0x00000030       0x31 FreeRTOS/src/variantHooks.o
 .comment       0x00000030       0x31 packageHandler.o
 .comment       0x00000030       0x31 Sensors/co2Sensor.o
 .comment       0x00000030       0x31 Sensors/lightSensor.o
 .comment       0x00000030       0x31 Sensors/tempHumSensor.o
 .comment       0x00000030       0x31 initialize.o
 .comment       0x00000030       0x31 servoController.o
 .comment       0x00000030       0x31 uplinkHandler.o
 .comment       0x00000030       0x31 main.o
 .comment       0x00000030       0x31 ../drivers\libIotLibrary.a(hih8120.o)
 .comment       0x00000030       0x31 ../drivers\libIotLibrary.a(lora_driver.o)
 .comment       0x00000030       0x31 ../drivers\libIotLibrary.a(mh_z19.o)
 .comment       0x00000030       0x31 ../drivers\libIotLibrary.a(rc_servo.o)
 .comment       0x00000030       0x31 ../drivers\libIotLibrary.a(serial.o)
 .comment       0x00000030       0x31 ../drivers\libIotLibrary.a(stdio_driver.o)
 .comment       0x00000030       0x31 ../drivers\libIotLibrary.a(status_leds.o)
 .comment       0x00000030       0x31 ../drivers\libIotLibrary.a(tsl2591.o)
 .comment       0x00000030       0x31 ../drivers\libIotLibrary.a(twi.o)
 .comment       0x00000030       0x31 ../drivers\libIotLibrary.a(fifo.o)
 .comment       0x00000030       0x2c c:/program files (x86)/atmel/studio/7.0/toolchain/avr8/avr8-gnu-toolchain/bin/../lib/gcc/avr/5.4.0/../../../../avr/lib/avr6\libprintf_flt.a(vfprintf_flt.o)
                                 0x2d (size before relaxing)
 .comment       0x0000005c       0x31 c:/program files (x86)/atmel/studio/7.0/toolchain/avr8/avr8-gnu-toolchain/bin/../lib/gcc/avr/5.4.0/../../../../avr/lib/avr6\libc.a(malloc.o)
 .comment       0x0000005c       0x31 c:/program files (x86)/atmel/studio/7.0/toolchain/avr8/avr8-gnu-toolchain/bin/../lib/gcc/avr/5.4.0/../../../../avr/lib/avr6\libc.a(fputc.o)
 .comment       0x0000005c       0x31 c:/program files (x86)/atmel/studio/7.0/toolchain/avr8/avr8-gnu-toolchain/bin/../lib/gcc/avr/5.4.0/../../../../avr/lib/avr6\libc.a(iob.o)
 .comment       0x0000005c       0x31 c:/program files (x86)/atmel/studio/7.0/toolchain/avr8/avr8-gnu-toolchain/bin/../lib/gcc/avr/5.4.0/../../../../avr/lib/avr6\libc.a(printf.o)
 .comment       0x0000005c       0x31 c:/program files (x86)/atmel/studio/7.0/toolchain/avr8/avr8-gnu-toolchain/bin/../lib/gcc/avr/5.4.0/../../../../avr/lib/avr6\libc.a(puts.o)
 .comment       0x0000005c       0x31 c:/program files (x86)/atmel/studio/7.0/toolchain/avr8/avr8-gnu-toolchain/bin/../lib/gcc/avr/5.4.0/../../../../avr/lib/avr6\libc.a(sprintf.o)

.note.gnu.avr.deviceinfo
                0x00000000       0x40
 .note.gnu.avr.deviceinfo
                0x00000000       0x40 C:/Program Files (x86)/Atmel/Studio/7.0/Packs/atmel/ATmega_DFP/1.7.374/gcc/dev/atmega2560/avr6/crtatmega2560.o

.note.gnu.build-id
 *(.note.gnu.build-id)

.debug
 *(.debug)

.line
 *(.line)

.debug_srcinfo
 *(.debug_srcinfo)

.debug_sfnames
 *(.debug_sfnames)

.debug_aranges  0x00000000      0xd38
 *(.debug_aranges)
 .debug_aranges
                0x00000000       0x28 application.o
 .debug_aranges
                0x00000028       0x78 configuration.o
 .debug_aranges
                0x000000a0       0x28 downlinkHandler.o
 .debug_aranges
                0x000000c8       0x40 actionsController.o
 .debug_aranges
                0x00000108       0x68 FreeRTOS/src/event_groups.o
 .debug_aranges
                0x00000170       0x58 FreeRTOS/src/heap_4.o
 .debug_aranges
                0x000001c8       0x40 FreeRTOS/src/list.o
 .debug_aranges
                0x00000208       0x58 FreeRTOS/src/port.o
 .debug_aranges
                0x00000260       0xf8 FreeRTOS/src/queue.o
 .debug_aranges
                0x00000358       0xc0 FreeRTOS/src/stream_buffer.o
 .debug_aranges
                0x00000418      0x1d0 FreeRTOS/src/tasks.o
 .debug_aranges
                0x000005e8       0xc8 FreeRTOS/src/timers.o
 .debug_aranges
                0x000006b0       0x40 FreeRTOS/src/variantHooks.o
 .debug_aranges
                0x000006f0       0x48 packageHandler.o
 .debug_aranges
                0x00000738       0x48 Sensors/co2Sensor.o
 .debug_aranges
                0x00000780       0x48 Sensors/lightSensor.o
 .debug_aranges
                0x000007c8       0x50 Sensors/tempHumSensor.o
 .debug_aranges
                0x00000818       0x30 initialize.o
 .debug_aranges
                0x00000848       0x28 servoController.o
 .debug_aranges
                0x00000870       0x30 uplinkHandler.o
 .debug_aranges
                0x000008a0       0x30 main.o
 .debug_aranges
                0x000008d0       0x68 ../drivers\libIotLibrary.a(hih8120.o)
 .debug_aranges
                0x00000938      0x138 ../drivers\libIotLibrary.a(lora_driver.o)
 .debug_aranges
                0x00000a70       0x58 ../drivers\libIotLibrary.a(mh_z19.o)
 .debug_aranges
                0x00000ac8       0x28 ../drivers\libIotLibrary.a(rc_servo.o)
 .debug_aranges
                0x00000af0       0x90 ../drivers\libIotLibrary.a(serial.o)
 .debug_aranges
                0x00000b80       0x38 ../drivers\libIotLibrary.a(stdio_driver.o)
 .debug_aranges
                0x00000bb8       0x68 ../drivers\libIotLibrary.a(status_leds.o)
 .debug_aranges
                0x00000c20       0xa8 ../drivers\libIotLibrary.a(tsl2591.o)
 .debug_aranges
                0x00000cc8       0x50 ../drivers\libIotLibrary.a(twi.o)
 .debug_aranges
                0x00000d18       0x20 ../drivers\libIotLibrary.a(fifo.o)

.debug_pubnames
 *(.debug_pubnames)

.debug_info     0x00000000     0xf9ae
 *(.debug_info .gnu.linkonce.wi.*)
 .debug_info    0x00000000      0xbbc C:/Program Files (x86)/Atmel/Studio/7.0/Packs/atmel/ATmega_DFP/1.7.374/gcc/dev/atmega2560/avr6/crtatmega2560.o
 .debug_info    0x00000bbc      0x554 application.o
 .debug_info    0x00001110      0x3f5 configuration.o
 .debug_info    0x00001505      0x339 downlinkHandler.o
 .debug_info    0x0000183e      0x707 actionsController.o
 .debug_info    0x00001f45      0x971 FreeRTOS/src/event_groups.o
 .debug_info    0x000028b6      0x4e6 FreeRTOS/src/heap_4.o
 .debug_info    0x00002d9c      0x2e7 FreeRTOS/src/list.o
 .debug_info    0x00003083      0x2ff FreeRTOS/src/port.o
 .debug_info    0x00003382     0x17e6 FreeRTOS/src/queue.o
 .debug_info    0x00004b68     0x13df FreeRTOS/src/stream_buffer.o
 .debug_info    0x00005f47     0x2239 FreeRTOS/src/tasks.o
 .debug_info    0x00008180     0x10dd FreeRTOS/src/timers.o
 .debug_info    0x0000925d      0x20f FreeRTOS/src/variantHooks.o
 .debug_info    0x0000946c      0x29e packageHandler.o
 .debug_info    0x0000970a      0x3fd Sensors/co2Sensor.o
 .debug_info    0x00009b07      0x446 Sensors/lightSensor.o
 .debug_info    0x00009f4d      0x46d Sensors/tempHumSensor.o
 .debug_info    0x0000a3ba      0x2d6 initialize.o
 .debug_info    0x0000a690      0x106 servoController.o
 .debug_info    0x0000a796      0x6a8 uplinkHandler.o
 .debug_info    0x0000ae3e      0x2ed main.o
 .debug_info    0x0000b12b      0x3a9 ../drivers\libIotLibrary.a(hih8120.o)
 .debug_info    0x0000b4d4     0x1747 ../drivers\libIotLibrary.a(lora_driver.o)
 .debug_info    0x0000cc1b      0x556 ../drivers\libIotLibrary.a(mh_z19.o)
 .debug_info    0x0000d171      0x10f ../drivers\libIotLibrary.a(rc_servo.o)
 .debug_info    0x0000d280      0xd9c ../drivers\libIotLibrary.a(serial.o)
 .debug_info    0x0000e01c      0x3b6 ../drivers\libIotLibrary.a(stdio_driver.o)
 .debug_info    0x0000e3d2      0x522 ../drivers\libIotLibrary.a(status_leds.o)
 .debug_info    0x0000e8f4      0x99a ../drivers\libIotLibrary.a(tsl2591.o)
 .debug_info    0x0000f28e      0x55d ../drivers\libIotLibrary.a(twi.o)
 .debug_info    0x0000f7eb      0x1c3 ../drivers\libIotLibrary.a(fifo.o)

.debug_abbrev   0x00000000     0x40eb
 *(.debug_abbrev)
 .debug_abbrev  0x00000000      0xb1a C:/Program Files (x86)/Atmel/Studio/7.0/Packs/atmel/ATmega_DFP/1.7.374/gcc/dev/atmega2560/avr6/crtatmega2560.o
 .debug_abbrev  0x00000b1a      0x18f application.o
 .debug_abbrev  0x00000ca9      0x15d configuration.o
 .debug_abbrev  0x00000e06      0x17d downlinkHandler.o
 .debug_abbrev  0x00000f83      0x184 actionsController.o
 .debug_abbrev  0x00001107      0x1dc FreeRTOS/src/event_groups.o
 .debug_abbrev  0x000012e3      0x200 FreeRTOS/src/heap_4.o
 .debug_abbrev  0x000014e3       0xff FreeRTOS/src/list.o
 .debug_abbrev  0x000015e2      0x179 FreeRTOS/src/port.o
 .debug_abbrev  0x0000175b      0x241 FreeRTOS/src/queue.o
 .debug_abbrev  0x0000199c      0x246 FreeRTOS/src/stream_buffer.o
 .debug_abbrev  0x00001be2      0x2c8 FreeRTOS/src/tasks.o
 .debug_abbrev  0x00001eaa      0x28c FreeRTOS/src/timers.o
 .debug_abbrev  0x00002136       0xff FreeRTOS/src/variantHooks.o
 .debug_abbrev  0x00002235      0x106 packageHandler.o
 .debug_abbrev  0x0000233b      0x1bf Sensors/co2Sensor.o
 .debug_abbrev  0x000024fa      0x1ad Sensors/lightSensor.o
 .debug_abbrev  0x000026a7      0x1b8 Sensors/tempHumSensor.o
 .debug_abbrev  0x0000285f       0xfb initialize.o
 .debug_abbrev  0x0000295a       0xae servoController.o
 .debug_abbrev  0x00002a08      0x206 uplinkHandler.o
 .debug_abbrev  0x00002c0e      0x108 main.o
 .debug_abbrev  0x00002d16      0x184 ../drivers\libIotLibrary.a(hih8120.o)
 .debug_abbrev  0x00002e9a      0x33b ../drivers\libIotLibrary.a(lora_driver.o)
 .debug_abbrev  0x000031d5      0x238 ../drivers\libIotLibrary.a(mh_z19.o)
 .debug_abbrev  0x0000340d       0xbc ../drivers\libIotLibrary.a(rc_servo.o)
 .debug_abbrev  0x000034c9      0x355 ../drivers\libIotLibrary.a(serial.o)
 .debug_abbrev  0x0000381e      0x1b3 ../drivers\libIotLibrary.a(stdio_driver.o)
 .debug_abbrev  0x000039d1      0x1d7 ../drivers\libIotLibrary.a(status_leds.o)
 .debug_abbrev  0x00003ba8      0x244 ../drivers\libIotLibrary.a(tsl2591.o)
 .debug_abbrev  0x00003dec      0x217 ../drivers\libIotLibrary.a(twi.o)
 .debug_abbrev  0x00004003       0xe8 ../drivers\libIotLibrary.a(fifo.o)

.debug_line     0x00000000     0x7baa
 *(.debug_line .debug_line.* .debug_line_end)
 .debug_line    0x00000000      0x1fa C:/Program Files (x86)/Atmel/Studio/7.0/Packs/atmel/ATmega_DFP/1.7.374/gcc/dev/atmega2560/avr6/crtatmega2560.o
 .debug_line    0x000001fa      0x248 application.o
 .debug_line    0x00000442      0x225 configuration.o
 .debug_line    0x00000667      0x1b1 downlinkHandler.o
 .debug_line    0x00000818      0x30e actionsController.o
 .debug_line    0x00000b26      0x413 FreeRTOS/src/event_groups.o
 .debug_line    0x00000f39      0x41f FreeRTOS/src/heap_4.o
 .debug_line    0x00001358      0x1db FreeRTOS/src/list.o
 .debug_line    0x00001533      0x28a FreeRTOS/src/port.o
 .debug_line    0x000017bd      0xbe3 FreeRTOS/src/queue.o
 .debug_line    0x000023a0      0x79a FreeRTOS/src/stream_buffer.o
 .debug_line    0x00002b3a     0x15ba FreeRTOS/src/tasks.o
 .debug_line    0x000040f4      0x624 FreeRTOS/src/timers.o
 .debug_line    0x00004718      0x1af FreeRTOS/src/variantHooks.o
 .debug_line    0x000048c7      0x189 packageHandler.o
 .debug_line    0x00004a50      0x1e9 Sensors/co2Sensor.o
 .debug_line    0x00004c39      0x1fd Sensors/lightSensor.o
 .debug_line    0x00004e36      0x21c Sensors/tempHumSensor.o
 .debug_line    0x00005052      0x207 initialize.o
 .debug_line    0x00005259       0xdb servoController.o
 .debug_line    0x00005334      0x26f uplinkHandler.o
 .debug_line    0x000055a3      0x211 main.o
 .debug_line    0x000057b4      0x24a ../drivers\libIotLibrary.a(hih8120.o)
 .debug_line    0x000059fe      0x9aa ../drivers\libIotLibrary.a(lora_driver.o)
 .debug_line    0x000063a8      0x2fc ../drivers\libIotLibrary.a(mh_z19.o)
 .debug_line    0x000066a4       0xfd ../drivers\libIotLibrary.a(rc_servo.o)
 .debug_line    0x000067a1      0x6a1 ../drivers\libIotLibrary.a(serial.o)
 .debug_line    0x00006e42      0x146 ../drivers\libIotLibrary.a(stdio_driver.o)
 .debug_line    0x00006f88      0x32c ../drivers\libIotLibrary.a(status_leds.o)
 .debug_line    0x000072b4      0x4bf ../drivers\libIotLibrary.a(tsl2591.o)
 .debug_line    0x00007773      0x31c ../drivers\libIotLibrary.a(twi.o)
 .debug_line    0x00007a8f      0x11b ../drivers\libIotLibrary.a(fifo.o)

.debug_frame    0x00000000     0x2c04
 *(.debug_frame)
 .debug_frame   0x00000000       0x54 application.o
 .debug_frame   0x00000054      0x128 configuration.o
 .debug_frame   0x0000017c       0x60 downlinkHandler.o
 .debug_frame   0x000001dc       0x84 actionsController.o
 .debug_frame   0x00000260      0x1dc FreeRTOS/src/event_groups.o
 .debug_frame   0x0000043c       0xfc FreeRTOS/src/heap_4.o
 .debug_frame   0x00000538       0x90 FreeRTOS/src/list.o
 .debug_frame   0x000005c8       0x94 FreeRTOS/src/port.o
 .debug_frame   0x0000065c      0x3a4 FreeRTOS/src/queue.o
 .debug_frame   0x00000a00      0x40c FreeRTOS/src/stream_buffer.o
 .debug_frame   0x00000e0c      0x7a0 FreeRTOS/src/tasks.o
 .debug_frame   0x000015ac      0x3ac FreeRTOS/src/timers.o
 .debug_frame   0x00001958       0x64 FreeRTOS/src/variantHooks.o
 .debug_frame   0x000019bc       0x74 packageHandler.o
 .debug_frame   0x00001a30       0x90 Sensors/co2Sensor.o
 .debug_frame   0x00001ac0       0x94 Sensors/lightSensor.o
 .debug_frame   0x00001b54       0xb0 Sensors/tempHumSensor.o
 .debug_frame   0x00001c04       0x54 initialize.o
 .debug_frame   0x00001c58       0x34 servoController.o
 .debug_frame   0x00001c8c       0xa0 uplinkHandler.o
 .debug_frame   0x00001d2c       0x44 main.o
 .debug_frame   0x00001d70       0xc0 ../drivers\libIotLibrary.a(hih8120.o)
 .debug_frame   0x00001e30      0x460 ../drivers\libIotLibrary.a(lora_driver.o)
 .debug_frame   0x00002290      0x100 ../drivers\libIotLibrary.a(mh_z19.o)
 .debug_frame   0x00002390       0x34 ../drivers\libIotLibrary.a(rc_servo.o)
 .debug_frame   0x000023c4      0x384 ../drivers\libIotLibrary.a(serial.o)
 .debug_frame   0x00002748       0x94 ../drivers\libIotLibrary.a(stdio_driver.o)
 .debug_frame   0x000027dc       0xec ../drivers\libIotLibrary.a(status_leds.o)
 .debug_frame   0x000028c8      0x1ec ../drivers\libIotLibrary.a(tsl2591.o)
 .debug_frame   0x00002ab4      0x12c ../drivers\libIotLibrary.a(twi.o)
 .debug_frame   0x00002be0       0x24 ../drivers\libIotLibrary.a(fifo.o)

.debug_str      0x00000000     0x4ea0
 *(.debug_str)
 .debug_str     0x00000000      0x3e6 C:/Program Files (x86)/Atmel/Studio/7.0/Packs/atmel/ATmega_DFP/1.7.374/gcc/dev/atmega2560/avr6/crtatmega2560.o
 .debug_str     0x000003e6      0x43a application.o
                                0x4ae (size before relaxing)
 .debug_str     0x00000820      0x204 configuration.o
                                0x42a (size before relaxing)
 .debug_str     0x00000a24       0x8b downlinkHandler.o
                                0x369 (size before relaxing)
 .debug_str     0x00000aaf      0x120 actionsController.o
                                0x58b (size before relaxing)
 .debug_str     0x00000bcf      0x36f FreeRTOS/src/event_groups.o
                                0x59b (size before relaxing)
 .debug_str     0x00000f3e      0x2ce FreeRTOS/src/heap_4.o
                                0x491 (size before relaxing)
 .debug_str     0x0000120c       0x89 FreeRTOS/src/list.o
                                0x2cd (size before relaxing)
 .debug_str     0x00001295      0x147 FreeRTOS/src/port.o
                                0x302 (size before relaxing)
 .debug_str     0x000013dc      0x613 FreeRTOS/src/queue.o
                                0x941 (size before relaxing)
 .debug_str     0x000019ef      0x49f FreeRTOS/src/stream_buffer.o
                                0x7ca (size before relaxing)
 .debug_str     0x00001e8e      0x89a FreeRTOS/src/tasks.o
                                0xf62 (size before relaxing)
 .debug_str     0x00002728      0x414 FreeRTOS/src/timers.o
                                0x838 (size before relaxing)
 .debug_str     0x00002b3c       0x81 FreeRTOS/src/variantHooks.o
                                0x279 (size before relaxing)
 .debug_str     0x00002bbd       0x70 packageHandler.o
                                0x2bd (size before relaxing)
 .debug_str     0x00002c2d      0x160 Sensors/co2Sensor.o
                                0x3cb (size before relaxing)
 .debug_str     0x00002d8d      0x17e Sensors/lightSensor.o
                                0x402 (size before relaxing)
 .debug_str     0x00002f0b      0x19d Sensors/tempHumSensor.o
                                0x459 (size before relaxing)
 .debug_str     0x000030a8       0x5a initialize.o
                                0x331 (size before relaxing)
 .debug_str     0x00003102       0x5c servoController.o
                                0x1de (size before relaxing)
 .debug_str     0x0000315e      0x39d uplinkHandler.o
                                0x656 (size before relaxing)
 .debug_str     0x000034fb       0x72 main.o
                                0x383 (size before relaxing)
 .debug_str     0x0000356d      0x2c7 ../drivers\libIotLibrary.a(hih8120.o)
                                0x45c (size before relaxing)
 .debug_str     0x00003834      0x6de ../drivers\libIotLibrary.a(lora_driver.o)
                                0xcdb (size before relaxing)
 .debug_str     0x00003f12      0x101 ../drivers\libIotLibrary.a(mh_z19.o)
                                0x489 (size before relaxing)
 .debug_str     0x00004013       0x2c ../drivers\libIotLibrary.a(rc_servo.o)
                                0x1e2 (size before relaxing)
 .debug_str     0x0000403f      0x2e7 ../drivers\libIotLibrary.a(serial.o)
                                0x628 (size before relaxing)
 .debug_str     0x00004326       0xa6 ../drivers\libIotLibrary.a(stdio_driver.o)
                                0x37d (size before relaxing)
 .debug_str     0x000043cc      0x11a ../drivers\libIotLibrary.a(status_leds.o)
                                0x381 (size before relaxing)
 .debug_str     0x000044e6      0x6b3 ../drivers\libIotLibrary.a(tsl2591.o)
                                0xaaf (size before relaxing)
 .debug_str     0x00004b99      0x2e5 ../drivers\libIotLibrary.a(twi.o)
                                0x5b4 (size before relaxing)
 .debug_str     0x00004e7e       0x22 ../drivers\libIotLibrary.a(fifo.o)
                                0x239 (size before relaxing)

.debug_loc      0x00000000     0xd1da
 *(.debug_loc)
 .debug_loc     0x00000000      0x112 application.o
 .debug_loc     0x00000112      0x213 configuration.o
 .debug_loc     0x00000325      0x105 downlinkHandler.o
 .debug_loc     0x0000042a      0x49e actionsController.o
 .debug_loc     0x000008c8      0xcc9 FreeRTOS/src/event_groups.o
 .debug_loc     0x00001591      0x4be FreeRTOS/src/heap_4.o
 .debug_loc     0x00001a4f      0x17d FreeRTOS/src/list.o
 .debug_loc     0x00001bcc       0xf6 FreeRTOS/src/port.o
 .debug_loc     0x00001cc2     0x1abd FreeRTOS/src/queue.o
 .debug_loc     0x0000377f     0x1daf FreeRTOS/src/stream_buffer.o
 .debug_loc     0x0000552e     0x2a07 FreeRTOS/src/tasks.o
 .debug_loc     0x00007f35     0x10f3 FreeRTOS/src/timers.o
 .debug_loc     0x00009028       0xdc FreeRTOS/src/variantHooks.o
 .debug_loc     0x00009104       0x3e packageHandler.o
 .debug_loc     0x00009142       0xc2 Sensors/co2Sensor.o
 .debug_loc     0x00009204      0x105 Sensors/lightSensor.o
 .debug_loc     0x00009309      0x14c Sensors/tempHumSensor.o
 .debug_loc     0x00009455       0x49 initialize.o
 .debug_loc     0x0000949e       0x42 servoController.o
 .debug_loc     0x000094e0      0x1de uplinkHandler.o
 .debug_loc     0x000096be       0x9f ../drivers\libIotLibrary.a(hih8120.o)
 .debug_loc     0x0000975d     0x1216 ../drivers\libIotLibrary.a(lora_driver.o)
 .debug_loc     0x0000a973      0x37c ../drivers\libIotLibrary.a(mh_z19.o)
 .debug_loc     0x0000acef       0x2f ../drivers\libIotLibrary.a(rc_servo.o)
 .debug_loc     0x0000ad1e     0x114c ../drivers\libIotLibrary.a(serial.o)
 .debug_loc     0x0000be6a      0x18c ../drivers\libIotLibrary.a(stdio_driver.o)
 .debug_loc     0x0000bff6      0x292 ../drivers\libIotLibrary.a(status_leds.o)
 .debug_loc     0x0000c288      0x87f ../drivers\libIotLibrary.a(tsl2591.o)
 .debug_loc     0x0000cb07      0x575 ../drivers\libIotLibrary.a(twi.o)
 .debug_loc     0x0000d07c      0x15e ../drivers\libIotLibrary.a(fifo.o)

.debug_macinfo
 *(.debug_macinfo)

.debug_weaknames
 *(.debug_weaknames)

.debug_funcnames
 *(.debug_funcnames)

.debug_typenames
 *(.debug_typenames)

.debug_varnames
 *(.debug_varnames)

.debug_pubtypes
 *(.debug_pubtypes)

.debug_ranges   0x00000000      0xc00
 *(.debug_ranges)
 .debug_ranges  0x00000000       0x18 application.o
 .debug_ranges  0x00000018       0x68 configuration.o
 .debug_ranges  0x00000080       0x18 downlinkHandler.o
 .debug_ranges  0x00000098       0x30 actionsController.o
 .debug_ranges  0x000000c8       0x70 FreeRTOS/src/event_groups.o
 .debug_ranges  0x00000138       0x48 FreeRTOS/src/heap_4.o
 .debug_ranges  0x00000180       0x30 FreeRTOS/src/list.o
 .debug_ranges  0x000001b0       0x48 FreeRTOS/src/port.o
 .debug_ranges  0x000001f8      0x130 FreeRTOS/src/queue.o
 .debug_ranges  0x00000328       0xb0 FreeRTOS/src/stream_buffer.o
 .debug_ranges  0x000003d8      0x200 FreeRTOS/src/tasks.o
 .debug_ranges  0x000005d8       0xb8 FreeRTOS/src/timers.o
 .debug_ranges  0x00000690       0x30 FreeRTOS/src/variantHooks.o
 .debug_ranges  0x000006c0       0x38 packageHandler.o
 .debug_ranges  0x000006f8       0x38 Sensors/co2Sensor.o
 .debug_ranges  0x00000730       0x38 Sensors/lightSensor.o
 .debug_ranges  0x00000768       0x40 Sensors/tempHumSensor.o
 .debug_ranges  0x000007a8       0x20 initialize.o
 .debug_ranges  0x000007c8       0x18 servoController.o
 .debug_ranges  0x000007e0       0x20 uplinkHandler.o
 .debug_ranges  0x00000800       0x20 main.o
 .debug_ranges  0x00000820       0x58 ../drivers\libIotLibrary.a(hih8120.o)
 .debug_ranges  0x00000878      0x128 ../drivers\libIotLibrary.a(lora_driver.o)
 .debug_ranges  0x000009a0       0x48 ../drivers\libIotLibrary.a(mh_z19.o)
 .debug_ranges  0x000009e8       0x18 ../drivers\libIotLibrary.a(rc_servo.o)
 .debug_ranges  0x00000a00       0x98 ../drivers\libIotLibrary.a(serial.o)
 .debug_ranges  0x00000a98       0x28 ../drivers\libIotLibrary.a(stdio_driver.o)
 .debug_ranges  0x00000ac0       0x58 ../drivers\libIotLibrary.a(status_leds.o)
 .debug_ranges  0x00000b18       0x98 ../drivers\libIotLibrary.a(tsl2591.o)
 .debug_ranges  0x00000bb0       0x40 ../drivers\libIotLibrary.a(twi.o)
 .debug_ranges  0x00000bf0       0x10 ../drivers\libIotLibrary.a(fifo.o)

.debug_macro
 *(.debug_macro)
OUTPUT(SEP4_Greenhouse.elf elf32-avr)
LOAD linker stubs
