Archive member included to satisfy reference by file (symbol)

../drivers\libIotLibrary.a(hih8120.o)
                              Sensors/tempHumSensor.o (hih8120_initialise)
../drivers\libIotLibrary.a(lora_driver.o)
                              uplinkHandler.o (lora_driver_flushBuffers)
../drivers\libIotLibrary.a(lora_driver_utils.o)
                              ../drivers\libIotLibrary.a(lora_driver.o) (decode_port_no)
../drivers\libIotLibrary.a(mh_z19.o)
                              Sensors/co2Sensor.o (mh_z19_initialise)
../drivers\libIotLibrary.a(rc_servo.o)
                              servoController.o (rc_servo_setPosition)
../drivers\libIotLibrary.a(serial.o)
                              ../drivers\libIotLibrary.a(lora_driver.o) (serial_create)
../drivers\libIotLibrary.a(stdio_driver.o)
                              main.o (stdio_initialise)
../drivers\libIotLibrary.a(status_leds.o)
                              main.o (status_leds_initialise)
../drivers\libIotLibrary.a(tsl2591.o)
                              Sensors/lightSensor.o (tsl2591_initialise)
../drivers\libIotLibrary.a(twi.o)
                              ../drivers\libIotLibrary.a(hih8120.o) (twiCreate)
../drivers\libIotLibrary.a(fifo.o)
                              ../drivers\libIotLibrary.a(serial.o) (fifo_init)
c:/program files (x86)/atmel/studio/7.0/toolchain/avr8/avr8-gnu-toolchain/bin/../lib/gcc/avr/5.4.0/../../../../avr/lib/avr6\libprintf_flt.a(vfprintf_flt.o)
                              (vfprintf)
c:/program files (x86)/atmel/studio/7.0/toolchain/avr8/avr8-gnu-toolchain/bin/../lib/gcc/avr/5.4.0/../../../../avr/lib/avr6\libm.a(addsf3.o)
                              ../drivers\libIotLibrary.a(hih8120.o) (__subsf3)
c:/program files (x86)/atmel/studio/7.0/toolchain/avr8/avr8-gnu-toolchain/bin/../lib/gcc/avr/5.4.0/../../../../avr/lib/avr6\libm.a(addsf3x.o)
                              c:/program files (x86)/atmel/studio/7.0/toolchain/avr8/avr8-gnu-toolchain/bin/../lib/gcc/avr/5.4.0/../../../../avr/lib/avr6\libm.a(addsf3.o) (__addsf3x)
c:/program files (x86)/atmel/studio/7.0/toolchain/avr8/avr8-gnu-toolchain/bin/../lib/gcc/avr/5.4.0/../../../../avr/lib/avr6\libm.a(divsf3.o)
                              ../drivers\libIotLibrary.a(hih8120.o) (__divsf3)
c:/program files (x86)/atmel/studio/7.0/toolchain/avr8/avr8-gnu-toolchain/bin/../lib/gcc/avr/5.4.0/../../../../avr/lib/avr6\libm.a(divsf3x.o)
                              c:/program files (x86)/atmel/studio/7.0/toolchain/avr8/avr8-gnu-toolchain/bin/../lib/gcc/avr/5.4.0/../../../../avr/lib/avr6\libm.a(divsf3.o) (__divsf3x)
c:/program files (x86)/atmel/studio/7.0/toolchain/avr8/avr8-gnu-toolchain/bin/../lib/gcc/avr/5.4.0/../../../../avr/lib/avr6\libm.a(fixsfsi.o)
                              ../drivers\libIotLibrary.a(hih8120.o) (__fixsfsi)
c:/program files (x86)/atmel/studio/7.0/toolchain/avr8/avr8-gnu-toolchain/bin/../lib/gcc/avr/5.4.0/../../../../avr/lib/avr6\libm.a(fixunssfsi.o)
                              ../drivers\libIotLibrary.a(hih8120.o) (__fixunssfsi)
c:/program files (x86)/atmel/studio/7.0/toolchain/avr8/avr8-gnu-toolchain/bin/../lib/gcc/avr/5.4.0/../../../../avr/lib/avr6\libm.a(floatsisf.o)
                              ../drivers\libIotLibrary.a(hih8120.o) (__floatunsisf)
c:/program files (x86)/atmel/studio/7.0/toolchain/avr8/avr8-gnu-toolchain/bin/../lib/gcc/avr/5.4.0/../../../../avr/lib/avr6\libm.a(fp_inf.o)
                              c:/program files (x86)/atmel/studio/7.0/toolchain/avr8/avr8-gnu-toolchain/bin/../lib/gcc/avr/5.4.0/../../../../avr/lib/avr6\libm.a(addsf3x.o) (__fp_inf)
c:/program files (x86)/atmel/studio/7.0/toolchain/avr8/avr8-gnu-toolchain/bin/../lib/gcc/avr/5.4.0/../../../../avr/lib/avr6\libm.a(fp_nan.o)
                              c:/program files (x86)/atmel/studio/7.0/toolchain/avr8/avr8-gnu-toolchain/bin/../lib/gcc/avr/5.4.0/../../../../avr/lib/avr6\libm.a(addsf3x.o) (__fp_nan)
c:/program files (x86)/atmel/studio/7.0/toolchain/avr8/avr8-gnu-toolchain/bin/../lib/gcc/avr/5.4.0/../../../../avr/lib/avr6\libm.a(fp_pscA.o)
                              c:/program files (x86)/atmel/studio/7.0/toolchain/avr8/avr8-gnu-toolchain/bin/../lib/gcc/avr/5.4.0/../../../../avr/lib/avr6\libm.a(addsf3x.o) (__fp_pscA)
c:/program files (x86)/atmel/studio/7.0/toolchain/avr8/avr8-gnu-toolchain/bin/../lib/gcc/avr/5.4.0/../../../../avr/lib/avr6\libm.a(fp_pscB.o)
                              c:/program files (x86)/atmel/studio/7.0/toolchain/avr8/avr8-gnu-toolchain/bin/../lib/gcc/avr/5.4.0/../../../../avr/lib/avr6\libm.a(addsf3x.o) (__fp_pscB)
c:/program files (x86)/atmel/studio/7.0/toolchain/avr8/avr8-gnu-toolchain/bin/../lib/gcc/avr/5.4.0/../../../../avr/lib/avr6\libm.a(fp_round.o)
                              c:/program files (x86)/atmel/studio/7.0/toolchain/avr8/avr8-gnu-toolchain/bin/../lib/gcc/avr/5.4.0/../../../../avr/lib/avr6\libm.a(addsf3.o) (__fp_round)
[...]
Memory Configuration

Name             Origin             Length             Attributes
text             0x00000000         0x00040000         xr
data             0x00800200         0x00002000         rw !x
eeprom           0x00810000         0x00001000         rw !x
fuse             0x00820000         0x00000003         rw !x
lock             0x00830000         0x00000400         rw !x
signature        0x00840000         0x00000400         rw !x
user_signatures  0x00850000         0x00000400         rw !x
*default*        0x00000000         0xffffffff

Linker script and memory map

Address of section .data set to 0x800200
LOAD C:/Program Files (x86)/Atmel/Studio/7.0/Packs/atmel/ATmega_DFP/1.7.374/gcc/dev/atmega2560/avr6/crtatmega2560.o
LOAD application.o
LOAD configuration.o
LOAD downlinkHandler.o
LOAD actionsController.o
LOAD FreeRTOS/FreeRTOSTraceDriver/FreeRTOSTraceDriver.o
LOAD FreeRTOS/src/croutine.o
LOAD FreeRTOS/src/event_groups.o
LOAD FreeRTOS/src/heap_4.o
LOAD FreeRTOS/src/list.o
LOAD FreeRTOS/src/port.o
LOAD FreeRTOS/src/queue.o
LOAD FreeRTOS/src/stream_buffer.o
LOAD FreeRTOS/src/tasks.o
LOAD FreeRTOS/src/timers.o
LOAD FreeRTOS/src/variantHooks.o
LOAD packageHandler.o
LOAD Sensors/co2Sensor.o
LOAD Sensors/lightSensor.o
LOAD Sensors/tempHumSensor.o
LOAD initialize.o
LOAD servoController.o
LOAD uplinkHandler.o
LOAD main.o
START GROUP
LOAD c:/program files (x86)/atmel/studio/7.0/toolchain/avr8/avr8-gnu-toolchain/bin/../lib/gcc/avr/5.4.0/../../../../avr/lib/avr6\libm.a
LOAD ../drivers\libIotLibrary.a
LOAD c:/program files (x86)/atmel/studio/7.0/toolchain/avr8/avr8-gnu-toolchain/bin/../lib/gcc/avr/5.4.0/../../../../avr/lib/avr6\libprintf_flt.a
END GROUP
LOAD c:/program files (x86)/atmel/studio/7.0/toolchain/avr8/avr8-gnu-toolchain/bin/../lib/gcc/avr/5.4.0/avr6\libgcc.a
LOAD c:/program files (x86)/atmel/studio/7.0/toolchain/avr8/avr8-gnu-toolchain/bin/../lib/gcc/avr/5.4.0/../../../../avr/lib/avr6\libm.a
START GROUP
LOAD c:/program files (x86)/atmel/studio/7.0/toolchain/avr8/avr8-gnu-toolchain/bin/../lib/gcc/avr/5.4.0/avr6\libgcc.a
LOAD c:/program files (x86)/atmel/studio/7.0/toolchain/avr8/avr8-gnu-toolchain/bin/../lib/gcc/avr/5.4.0/../../../../avr/lib/avr6\libm.a
LOAD c:/program files (x86)/atmel/studio/7.0/toolchain/avr8/avr8-gnu-toolchain/bin/../lib/gcc/avr/5.4.0/../../../../avr/lib/avr6\libc.a
LOAD C:/Program Files (x86)/Atmel/Studio/7.0/Packs/atmel/ATmega_DFP/1.7.374/gcc/dev/atmega2560/avr6\libatmega2560.a
END GROUP
                0x00000000                __TEXT_REGION_ORIGIN__ = DEFINED (__TEXT_REGION_ORIGIN__)?__TEXT_REGION_ORIGIN__:0x0
                [0x00800200]                __DATA_REGION_ORIGIN__ = DEFINED (__DATA_REGION_ORIGIN__)?__DATA_REGION_ORIGIN__:0x800200
                [0x00040000]                __TEXT_REGION_LENGTH__ = DEFINED (__TEXT_REGION_LENGTH__)?__TEXT_REGION_LENGTH__:0x100000
                [0x00002000]                __DATA_REGION_LENGTH__ = DEFINED (__DATA_REGION_LENGTH__)?__DATA_REGION_LENGTH__:0xfe00
                [0x00001000]                __EEPROM_REGION_LENGTH__ = DEFINED (__EEPROM_REGION_LENGTH__)?__EEPROM_REGION_LENGTH__:0x10000
                [0x00000003]                __FUSE_REGION_LENGTH__ = DEFINED (__FUSE_REGION_LENGTH__)?__FUSE_REGION_LENGTH__:0x400
                0x00000400                __LOCK_REGION_LENGTH__ = DEFINED (__LOCK_REGION_LENGTH__)?__LOCK_REGION_LENGTH__:0x400
                0x00000400                __SIGNATURE_REGION_LENGTH__ = DEFINED (__SIGNATURE_REGION_LENGTH__)?__SIGNATURE_REGION_LENGTH__:0x400
                0x00000400                __USER_SIGNATURE_REGION_LENGTH__ = DEFINED (__USER_SIGNATURE_REGION_LENGTH__)?__USER_SIGNATURE_REGION_LENGTH__:0x400

.hash
 *(.hash)

.dynsym
 *(.dynsym)

.dynstr
 *(.dynstr)

.gnu.version
 *(.gnu.version)

.gnu.version_d
 *(.gnu.version_d)

.gnu.version_r
 *(.gnu.version_r)

.rel.init
 *(.rel.init)

.rela.init
 *(.rela.init)

.rel.text
 *(.rel.text)
 *(.rel.text.*)
 *(.rel.gnu.linkonce.t*)

.rela.text
 *(.rela.text)
 *(.rela.text.*)
 *(.rela.gnu.linkonce.t*)

.rel.fini
 *(.rel.fini)

.rela.fini
 *(.rela.fini)

.rel.rodata
 *(.rel.rodata)
 *(.rel.rodata.*)
 *(.rel.gnu.linkonce.r*)

.rela.rodata
 *(.rela.rodata)
 *(.rela.rodata.*)
 *(.rela.gnu.linkonce.r*)

.rel.data
 *(.rel.data)
 *(.rel.data.*)
 *(.rel.gnu.linkonce.d*)

.rela.data
 *(.rela.data)
 *(.rela.data.*)
 *(.rela.gnu.linkonce.d*)

.rel.ctors
 *(.rel.ctors)

.rela.ctors
 *(.rela.ctors)

.rel.dtors
 *(.rel.dtors)

.rela.dtors
 *(.rela.dtors)

.rel.got
 *(.rel.got)

.rela.got
 *(.rela.got)

.rel.bss
 *(.rel.bss)

.rela.bss
 *(.rela.bss)

.rel.plt
 *(.rel.plt)

.rela.plt
 *(.rela.plt)

.text           0x00000000     0x75ec
 *(.vectors)
 .vectors       0x00000000       0xe4 C:/Program Files (x86)/Atmel/Studio/7.0/Packs/atmel/ATmega_DFP/1.7.374/gcc/dev/atmega2560/avr6/crtatmega2560.o
                0x00000000                __vector_default
                0x00000000                __vectors
 *(.vectors)
 *(.progmem.gcc*)
 .progmem.gcc_sw_table.prvProcessReceivedCommands
                0x000000e4       0x14 FreeRTOS/src/timers.o
 .progmem.gcc_sw_table.__vector_39
                0x000000f8       0xa2 ../drivers\libIotLibrary.a(twi.o)
                0x0000019a                . = ALIGN (0x2)
                0x0000019a                __trampolines_start = .
 *(.trampolines)
 .trampolines   0x0000019a        0x0 linker stubs
 *(.trampolines*)
                0x0000019a                __trampolines_end = .
 *libprintf_flt.a:*(.progmem.data)
 .progmem.data  0x0000019a        0x8 c:/program files (x86)/atmel/studio/7.0/toolchain/avr8/avr8-gnu-toolchain/bin/../lib/gcc/avr/5.4.0/../../../../avr/lib/avr6\libprintf_flt.a(vfprintf_flt.o)
 *libc.a:*(.progmem.data)
 .progmem.data  0x000001a2       0xfa c:/program files (x86)/atmel/studio/7.0/toolchain/avr8/avr8-gnu-toolchain/bin/../lib/gcc/avr/5.4.0/../../../../avr/lib/avr6\libc.a(ftoa_engine.o)
 *(.progmem*)
                0x0000029c                . = ALIGN (0x2)
 *(.jumptables)
 *(.jumptables*)
 *(.lowtext)
 .lowtext       0x0000029c       0x14 FreeRTOS/src/tasks.o
 .lowtext       0x000002b0       0x1e FreeRTOS/src/timers.o
 *(.lowtext*)
                0x000002ce                __ctors_start = .
 *(.ctors)
                0x000002ce                __ctors_end = .
                0x000002ce                __dtors_start = .
 *(.dtors)
                0x000002ce                __dtors_end = .
 SORT(*)(.ctors)
 SORT(*)(.dtors)
 *(.init0)
 .init0         0x000002ce        0x0 C:/Program Files (x86)/Atmel/Studio/7.0/Packs/atmel/ATmega_DFP/1.7.374/gcc/dev/atmega2560/avr6/crtatmega2560.o
                0x000002ce                __init
 *(.init0)
 *(.init1)
 *(.init1)
 *(.init2)
 .init2         0x000002ce       0x10 C:/Program Files (x86)/Atmel/Studio/7.0/Packs/atmel/ATmega_DFP/1.7.374/gcc/dev/atmega2560/avr6/crtatmega2560.o
 *(.init2)
 *(.init3)
 *(.init3)
 *(.init4)
 .init4         0x000002de       0x1a c:/program files (x86)/atmel/studio/7.0/toolchain/avr8/avr8-gnu-toolchain/bin/../lib/gcc/avr/5.4.0/avr6\libgcc.a(_copy_data.o)
                0x000002de                __do_copy_data
 .init4         0x000002f8       0x10 c:/program files (x86)/atmel/studio/7.0/toolchain/avr8/avr8-gnu-toolchain/bin/../lib/gcc/avr/5.4.0/avr6\libgcc.a(_clear_bss.o)
                0x000002f8                __do_clear_bss
 *(.init4)
 *(.init5)
 *(.init5)
 *(.init6)
 *(.init6)
 *(.init7)
 *(.init7)
 *(.init8)
 *(.init8)
 *(.init9)
 .init9         0x00000308        0x8 C:/Program Files (x86)/Atmel/Studio/7.0/Packs/atmel/ATmega_DFP/1.7.374/gcc/dev/atmega2560/avr6/crtatmega2560.o
 *(.init9)
 *(.text)
 .text          0x00000310        0x2 C:/Program Files (x86)/Atmel/Studio/7.0/Packs/atmel/ATmega_DFP/1.7.374/gcc/dev/atmega2560/avr6/crtatmega2560.o
                0x00000310                __vector_38
                0x00000310                __vector_22
                0x00000310                __vector_28
                0x00000310                __vector_1
                0x00000310                __vector_32
                0x00000310                __vector_34
                0x00000310                __vector_24
                0x00000310                __vector_46
                0x00000310                __bad_interrupt
                0x00000310                __vector_6
                0x00000310                __vector_31
                0x00000310                __vector_35
                0x00000310                __vector_3
                0x00000310                __vector_23
                0x00000310                __vector_30
                0x00000310                __vector_45
                0x00000310                __vector_11
                0x00000310                __vector_13
                0x00000310                __vector_17
                0x00000310                __vector_19
                0x00000310                __vector_56
                0x00000310                __vector_7
                0x00000310                __vector_49
                0x00000310                __vector_41
                0x00000310                __vector_43
                0x00000310                __vector_27
                0x00000310                __vector_5
                0x00000310                __vector_33
                0x00000310                __vector_47
                0x00000310                __vector_4
                0x00000310                __vector_44
                0x00000310                __vector_9
                0x00000310                __vector_2
                0x00000310                __vector_21
                0x00000310                __vector_15
                0x00000310                __vector_29
                0x00000310                __vector_40
                0x00000310                __vector_8
                0x00000310                __vector_48
                0x00000310                __vector_14
                0x00000310                __vector_53
                0x00000310                __vector_10
                0x00000310                __vector_50
                0x00000310                __vector_16
                0x00000310                __vector_18
                0x00000310                __vector_20
                0x00000310                __vector_42
                0x00000312                . = ALIGN (0x2)
 *(.text.*)
 .text.main_application_task
                0x00000312       0xf8 application.o
                0x00000312                main_application_task
 .text.create_main_application_task
                0x0000040a       0x28 application.o
                0x0000040a                create_main_application_task
 .text.set_system_status
                0x00000432       0x1c configuration.o
                0x00000432                set_system_status
 .text.get_system_status
                0x0000044e        0x6 configuration.o
                0x0000044e                get_system_status
 .text.get_max_temperature
                0x00000454        0xa configuration.o
                0x00000454                get_max_temperature
 .text.set_max_temperature
                0x0000045e        0xa configuration.o
                0x0000045e                set_max_temperature
 .text.get_max_humidity
                0x00000468        0xa configuration.o
                0x00000468                get_max_humidity
 .text.set_max_humidity
                0x00000472        0xa configuration.o
                0x00000472                set_max_humidity
 .text.get_max_co2
                0x0000047c        0xa configuration.o
                0x0000047c                get_max_co2
 .text.set_max_co2
                0x00000486        0xa configuration.o
                0x00000486                set_max_co2
 .text.setConfiguration
                0x00000490      0x11c configuration.o
                0x00000490                setConfiguration
 .text.lora_downlink_handler_task
                0x000005ac       0xba downlinkHandler.o
                0x000005ac                lora_downlink_handler_task
 .text.create_lora_downlink_handler_task
                0x00000666       0x28 downlinkHandler.o
                0x00000666                create_lora_downlink_handler_task
 .text.create_actions_controller_task
                0x0000068e       0x2e actionsController.o
                0x0000068e                create_actions_controller_task
 .text.temperature_action
                0x000006bc       0x38 actionsController.o
                0x000006bc                temperature_action
 .text.humidity_action
                0x000006f4       0x36 actionsController.o
                0x000006f4                humidity_action
 .text.co2_action
                0x0000072a       0x1e actionsController.o
                0x0000072a                co2_action
 .text.actions_controller_task
                0x00000748      0x19a actionsController.o
                0x00000748                actions_controller_task
 .text.prvTestWaitCondition
                0x000008e2       0x42 FreeRTOS/src/event_groups.o
 .text.xEventGroupCreate
                0x00000924       0x26 FreeRTOS/src/event_groups.o
                0x00000924                xEventGroupCreate
 .text.xEventGroupWaitBits
                0x0000094a      0x140 FreeRTOS/src/event_groups.o
                0x0000094a                xEventGroupWaitBits
 .text.xEventGroupSetBits
                0x00000a8a      0x11c FreeRTOS/src/event_groups.o
                0x00000a8a                xEventGroupSetBits
 .text.prvHeapInit
                0x00000ba6       0x52 FreeRTOS/src/heap_4.o
 .text.prvInsertBlockIntoFreeList
                0x00000bf8       0x94 FreeRTOS/src/heap_4.o
 .text.pvPortMalloc
                0x00000c8c      0x152 FreeRTOS/src/heap_4.o
                0x00000c8c                pvPortMalloc
 .text.vPortFree
                0x00000dde       0x7a FreeRTOS/src/heap_4.o
                0x00000dde                vPortFree
 .text.vListInitialise
                0x00000e58       0x22 FreeRTOS/src/list.o
                0x00000e58                vListInitialise
 .text.vListInitialiseItem
                0x00000e7a        0x8 FreeRTOS/src/list.o
                0x00000e7a                vListInitialiseItem
 .text.vListInsert
                0x00000e82       0x7a FreeRTOS/src/list.o
                0x00000e82                vListInsert
 .text.uxListRemove
                0x00000efc       0x4e FreeRTOS/src/list.o
                0x00000efc                uxListRemove
 .text.prvSetupTimerInterrupt
                0x00000f4a       0x18 FreeRTOS/src/port.o
 .text.pxPortInitialiseStack
                0x00000f62       0x2e FreeRTOS/src/port.o
                0x00000f62                pxPortInitialiseStack
 .text.xPortStartScheduler
                0x00000f90       0x64 FreeRTOS/src/port.o
                0x00000f90                xPortStartScheduler
 .text.vPortYield
                0x00000ff4       0xc2 FreeRTOS/src/port.o
                0x00000ff4                vPortYield
 .text.vPortYieldFromTick
                0x000010b6       0xca FreeRTOS/src/port.o
                0x000010b6                vPortYieldFromTick
 .text.__vector_12
                0x00001180        0x4 FreeRTOS/src/port.o
                0x00001180                __vector_12
 .text.prvGetDisinheritPriorityAfterTimeout
                0x00001184       0x20 FreeRTOS/src/queue.o
 .text.prvIsQueueEmpty
                0x000011a4       0x1a FreeRTOS/src/queue.o
 .text.prvIsQueueFull
                0x000011be       0x1c FreeRTOS/src/queue.o
 .text.prvCopyDataToQueue
                0x000011da       0xbe FreeRTOS/src/queue.o
 .text.prvCopyDataFromQueue
                0x00001298       0x34 FreeRTOS/src/queue.o
 .text.prvUnlockQueue
                0x000012cc       0x68 FreeRTOS/src/queue.o
 .text.xQueueGenericReset
                0x00001334       0x86 FreeRTOS/src/queue.o
                0x00001334                xQueueGenericReset
 .text.prvInitialiseNewQueue
                0x000013ba       0x24 FreeRTOS/src/queue.o
 .text.xQueueGenericCreate
                0x000013de       0x46 FreeRTOS/src/queue.o
                0x000013de                xQueueGenericCreate
 .text.xQueueGenericSend
                0x00001424      0x124 FreeRTOS/src/queue.o
                0x00001424                xQueueGenericSend
 .text.prvInitialiseMutex
                0x00001548       0x24 FreeRTOS/src/queue.o
 .text.xQueueCreateMutex
                0x0000156c       0x18 FreeRTOS/src/queue.o
                0x0000156c                xQueueCreateMutex
 .text.xQueueGenericSendFromISR
                0x00001584       0x76 FreeRTOS/src/queue.o
                0x00001584                xQueueGenericSendFromISR
 .text.xQueueReceive
                0x000015fa      0x11e FreeRTOS/src/queue.o
                0x000015fa                xQueueReceive
 .text.xQueueSemaphoreTake
                0x00001718      0x162 FreeRTOS/src/queue.o
                0x00001718                xQueueSemaphoreTake
 .text.vQueueWaitForMessageRestricted
                0x0000187a       0x38 FreeRTOS/src/queue.o
                0x0000187a                vQueueWaitForMessageRestricted
 .text.prvBytesInBuffer
                0x000018b2       0x26 FreeRTOS/src/stream_buffer.o
 .text.prvInitialiseNewStreamBuffer
                0x000018d8       0x20 FreeRTOS/src/stream_buffer.o
 .text.prvWriteBytesToBuffer
                0x000018f8       0x92 FreeRTOS/src/stream_buffer.o
 .text.prvWriteMessageToBuffer
                0x0000198a       0x86 FreeRTOS/src/stream_buffer.o
 .text.prvReadBytesFromBuffer
                0x00001a10       0x9e FreeRTOS/src/stream_buffer.o
 .text.prvReadMessageFromBuffer
                0x00001aae       0x8a FreeRTOS/src/stream_buffer.o
 .text.xStreamBufferGenericCreate
                0x00001b38       0x64 FreeRTOS/src/stream_buffer.o
                0x00001b38                xStreamBufferGenericCreate
 .text.xStreamBufferReset
                0x00001b9c       0x3c FreeRTOS/src/stream_buffer.o
                0x00001b9c                xStreamBufferReset
 .text.xStreamBufferSpacesAvailable
                0x00001bd8       0x24 FreeRTOS/src/stream_buffer.o
                0x00001bd8                xStreamBufferSpacesAvailable
 .text.xStreamBufferSend
                0x00001bfc      0x18a FreeRTOS/src/stream_buffer.o
                0x00001bfc                xStreamBufferSend
 .text.xStreamBufferSendFromISR
                0x00001d86       0x88 FreeRTOS/src/stream_buffer.o
                0x00001d86                xStreamBufferSendFromISR
 .text.xStreamBufferReceive
                0x00001e0e      0x106 FreeRTOS/src/stream_buffer.o
                0x00001e0e                xStreamBufferReceive
 .text.prvResetNextTaskUnblockTime
                0x00001f14       0x4e FreeRTOS/src/tasks.o
 .text.prvDeleteTCB
                0x00001f62       0x1a FreeRTOS/src/tasks.o
 .text.prvInitialiseNewTask
                0x00001f7c       0xfc FreeRTOS/src/tasks.o
 .text.prvInitialiseTaskLists
                0x00002078       0x60 FreeRTOS/src/tasks.o
 .text.prvAddNewTaskToReadyList
                0x000020d8       0xde FreeRTOS/src/tasks.o
 .text.prvCheckTasksWaitingTermination
                0x000021b6       0x4a FreeRTOS/src/tasks.o
 .text.prvAddCurrentTaskToDelayedList
                0x00002200      0x144 FreeRTOS/src/tasks.o
 .text.xTaskCreate
                0x00002344       0x98 FreeRTOS/src/tasks.o
                0x00002344                xTaskCreate
 .text.vTaskStartScheduler
                0x000023dc       0x70 FreeRTOS/src/tasks.o
                0x000023dc                vTaskStartScheduler
 .text.vTaskSuspendAll
                0x0000244c        0xc FreeRTOS/src/tasks.o
                0x0000244c                vTaskSuspendAll
 .text.xTaskGetTickCount
                0x00002458       0x1c FreeRTOS/src/tasks.o
                0x00002458                xTaskGetTickCount
 .text.xTaskIncrementTick
                0x00002474      0x258 FreeRTOS/src/tasks.o
                0x00002474                xTaskIncrementTick
 .text.xTaskResumeAll
                0x000026cc      0x1b8 FreeRTOS/src/tasks.o
                0x000026cc                xTaskResumeAll
 .text.xTaskDelayUntil
                0x00002884       0xca FreeRTOS/src/tasks.o
                0x00002884                xTaskDelayUntil
 .text.vTaskDelay
                0x0000294e       0x36 FreeRTOS/src/tasks.o
                0x0000294e                vTaskDelay
 .text.vTaskSwitchContext
                0x00002984       0xca FreeRTOS/src/tasks.o
                0x00002984                vTaskSwitchContext
 .text.vTaskPlaceOnEventList
                0x00002a4e       0x2e FreeRTOS/src/tasks.o
                0x00002a4e                vTaskPlaceOnEventList
 .text.vTaskPlaceOnUnorderedEventList
                0x00002a7c       0x94 FreeRTOS/src/tasks.o
                0x00002a7c                vTaskPlaceOnUnorderedEventList
 .text.vTaskPlaceOnEventListRestricted
                0x00002b10       0x84 FreeRTOS/src/tasks.o
                0x00002b10                vTaskPlaceOnEventListRestricted
 .text.xTaskRemoveFromEventList
                0x00002b94      0x15e FreeRTOS/src/tasks.o
                0x00002b94                xTaskRemoveFromEventList
 .text.vTaskRemoveFromUnorderedEventList
                0x00002cf2      0x134 FreeRTOS/src/tasks.o
                0x00002cf2                vTaskRemoveFromUnorderedEventList
 .text.vTaskSetTimeOutState
                0x00002e26       0x2c FreeRTOS/src/tasks.o
                0x00002e26                vTaskSetTimeOutState
 .text.vTaskInternalSetTimeOutState
                0x00002e52       0x22 FreeRTOS/src/tasks.o
                0x00002e52                vTaskInternalSetTimeOutState
 .text.xTaskCheckForTimeOut
                0x00002e74       0xcc FreeRTOS/src/tasks.o
                0x00002e74                xTaskCheckForTimeOut
 .text.vTaskMissedYield
                0x00002f40        0x8 FreeRTOS/src/tasks.o
                0x00002f40                vTaskMissedYield
 .text.xTaskGetCurrentTaskHandle
                0x00002f48        0xa FreeRTOS/src/tasks.o
                0x00002f48                xTaskGetCurrentTaskHandle
 .text.xTaskGetSchedulerState
                0x00002f52       0x1c FreeRTOS/src/tasks.o
                0x00002f52                xTaskGetSchedulerState
 .text.xTaskPriorityInherit
                0x00002f6e      0x10e FreeRTOS/src/tasks.o
                0x00002f6e                xTaskPriorityInherit
 .text.xTaskPriorityDisinherit
                0x0000307c       0xb6 FreeRTOS/src/tasks.o
                0x0000307c                xTaskPriorityDisinherit
 .text.vTaskPriorityDisinheritAfterTimeout
                0x00003132       0xce FreeRTOS/src/tasks.o
                0x00003132                vTaskPriorityDisinheritAfterTimeout
 .text.uxTaskResetEventItemValue
                0x00003200       0x54 FreeRTOS/src/tasks.o
                0x00003200                uxTaskResetEventItemValue
 .text.pvTaskIncrementMutexHeldCount
                0x00003254       0x24 FreeRTOS/src/tasks.o
                0x00003254                pvTaskIncrementMutexHeldCount
 .text.xTaskGenericNotifyWait
                0x00003278      0x150 FreeRTOS/src/tasks.o
                0x00003278                xTaskGenericNotifyWait
 .text.xTaskGenericNotify
                0x000033c8      0x1ee FreeRTOS/src/tasks.o
                0x000033c8                xTaskGenericNotify
 .text.xTaskGenericNotifyFromISR
                0x000035b6      0x244 FreeRTOS/src/tasks.o
                0x000035b6                xTaskGenericNotifyFromISR
 .text.xTaskGenericNotifyStateClear
                0x000037fa       0x34 FreeRTOS/src/tasks.o
                0x000037fa                xTaskGenericNotifyStateClear
 .text.prvGetNextExpireTime
                0x0000382e       0x30 FreeRTOS/src/timers.o
 .text.prvInsertTimerInActiveList
                0x0000385e       0x92 FreeRTOS/src/timers.o
 .text.prvCheckForValidListAndQueue
                0x000038f0       0x52 FreeRTOS/src/timers.o
 .text.xTimerCreateTimerTask
                0x00003942       0x42 FreeRTOS/src/timers.o
                0x00003942                xTimerCreateTimerTask
 .text.xTimerGenericCommand
                0x00003984       0xbc FreeRTOS/src/timers.o
                0x00003984                xTimerGenericCommand
 .text.prvSwitchTimerLists
                0x00003a40       0xd0 FreeRTOS/src/timers.o
 .text.prvSampleTimeNow
                0x00003b10       0x5c FreeRTOS/src/timers.o
 .text.prvProcessExpiredTimer
                0x00003b6c       0xac FreeRTOS/src/timers.o
 .text.prvProcessTimerOrBlockTask
                0x00003c18       0xae FreeRTOS/src/timers.o
 .text.prvProcessReceivedCommands
                0x00003cc6      0x168 FreeRTOS/src/timers.o
 .text.vApplicationIdleHook
                0x00003e2e        0x2 FreeRTOS/src/variantHooks.o
                0x00003e2e                vApplicationIdleHook
 .text.prvSetMainLedOn
                0x00003e30        0xe FreeRTOS/src/variantHooks.o
                0x00003e30                prvSetMainLedOn
 .text.prvBlinkMainLed
                0x00003e3e        0x8 FreeRTOS/src/variantHooks.o
                0x00003e3e                prvBlinkMainLed
 .text.vApplicationMallocFailedHook
                0x00003e46       0x18 FreeRTOS/src/variantHooks.o
                0x00003e46                vApplicationMallocFailedHook
 .text.vApplicationStackOverflowHook
                0x00003e5e       0x18 FreeRTOS/src/variantHooks.o
                0x00003e5e                vApplicationStackOverflowHook
 .text.set_temperature_percent
                0x00003e76        0xa packageHandler.o
                0x00003e76                set_temperature_percent
 .text.set_humidity_percent
                0x00003e80        0xa packageHandler.o
                0x00003e80                set_humidity_percent
 .text.set_CO2_ppm
                0x00003e8a        0xa packageHandler.o
                0x00003e8a                set_CO2_ppm
 .text.set_status
                0x00003e94        0x6 packageHandler.o
                0x00003e94                set_status
 .text.get_lora_package
                0x00003e9a       0x4e packageHandler.o
                0x00003e9a                get_lora_package
 .text.myCo2CallBack
                0x00003ee8        0xa Sensors/co2Sensor.o
                0x00003ee8                myCo2CallBack
 .text.CO2_createSensor
                0x00003ef2       0x10 Sensors/co2Sensor.o
                0x00003ef2                CO2_createSensor
 .text.CO2_measure
                0x00003f02       0x30 Sensors/co2Sensor.o
                0x00003f02                CO2_measure
 .text.MeasureCo2Task
                0x00003f32       0x48 Sensors/co2Sensor.o
                0x00003f32                MeasureCo2Task
 .text.CO2_getPPM
                0x00003f7a        0xa Sensors/co2Sensor.o
                0x00003f7a                CO2_getPPM
 .text.create_CO2_sensor_task
                0x00003f84       0x2a Sensors/co2Sensor.o
                0x00003f84                create_CO2_sensor_task
 .text.tsl2591Callback
                0x00003fae       0x50 Sensors/lightSensor.o
                0x00003fae                tsl2591Callback
 .text.initialize_light_sensor
                0x00003ffe       0x28 Sensors/lightSensor.o
                0x00003ffe                initialize_light_sensor
 .text.light_sensor_measure
                0x00004026       0x12 Sensors/lightSensor.o
                0x00004026                light_sensor_measure
 .text.measure_light_task
                0x00004038       0x48 Sensors/lightSensor.o
                0x00004038                measure_light_task
 .text.light_sensor_get_lux
                0x00004080       0x12 Sensors/lightSensor.o
                0x00004080                light_sensor_get_lux
 .text.create_light_sensor_task
                0x00004092       0x2a Sensors/lightSensor.o
                0x00004092                create_light_sensor_task
 .text.initialise_TempHumSensor
                0x000040bc       0x18 Sensors/tempHumSensor.o
                0x000040bc                initialise_TempHumSensor
 .text.create_TempHum_sensor_task
                0x000040d4       0x2a Sensors/tempHumSensor.o
                0x000040d4                create_TempHum_sensor_task
 .text.tempHumSensor_printReturnCode
                0x000040fe       0x1e Sensors/tempHumSensor.o
                0x000040fe                tempHumSensor_printReturnCode
 .text.measure_Temp_Hum
                0x0000411c       0x42 Sensors/tempHumSensor.o
                0x0000411c                measure_Temp_Hum
 .text.Temp_Hum_Main_Task
                0x0000415e       0x3c Sensors/tempHumSensor.o
                0x0000415e                Temp_Hum_Main_Task
 .text.TempHumSensor_getTemp
                0x0000419a        0xa Sensors/tempHumSensor.o
                0x0000419a                TempHumSensor_getTemp
 .text.TempHumSensor_getHum
                0x000041a4        0xa Sensors/tempHumSensor.o
                0x000041a4                TempHumSensor_getHum
 .text.initialize_event_groups
                0x000041ae       0x1a initialize.o
                0x000041ae                initialize_event_groups
 .text.initialize_message_buffers
                0x000041c8       0x46 initialize.o
                0x000041c8                initialize_message_buffers
 .text.initialize_semaphore
                0x0000420e       0x3a initialize.o
                0x0000420e                initialize_semaphore
 .text.initialise_rc_servo
                0x00004248        0x4 servoController.o
                0x00004248                initialise_rc_servo
 .text.servo_set_position
                0x0000424c        0x4 servoController.o
                0x0000424c                servo_set_position
 .text._lora_setup
                0x00004250      0x188 uplinkHandler.o
 .text.lora_uplink_handler_task
                0x000043d8       0xca uplinkHandler.o
                0x000043d8                lora_uplink_handler_task
 .text.create_lora_uplink_handler_task
                0x000044a2       0x28 uplinkHandler.o
                0x000044a2                create_lora_uplink_handler_task
 .text.create_all_tasks
                0x000044ca       0x24 main.o
                0x000044ca                create_all_tasks
 .text.initializeSystem
                0x000044ee       0x24 main.o
                0x000044ee                initializeSystem
 .text.main     0x00004512       0x10 main.o
                0x00004512                main
 .text._hihTwiCallback
                0x00004522       0x5a ../drivers\libIotLibrary.a(hih8120.o)
 .text.hih8120_initialise
                0x0000457c       0x30 ../drivers\libIotLibrary.a(hih8120.o)
                0x0000457c                hih8120_initialise
 .text.hih8120_wakeup
                0x000045ac       0x2a ../drivers\libIotLibrary.a(hih8120.o)
                0x000045ac                hih8120_wakeup
 .text.hih8120_measure
                0x000045d6       0x22 ../drivers\libIotLibrary.a(hih8120.o)
                0x000045d6                hih8120_measure
 .text.hih8120_getHumidity
                0x000045f8       0x2a ../drivers\libIotLibrary.a(hih8120.o)
                0x000045f8                hih8120_getHumidity
 .text.hih8120_getHumidityPercent_x10
                0x00004622       0x16 ../drivers\libIotLibrary.a(hih8120.o)
                0x00004622                hih8120_getHumidityPercent_x10
 .text.hih8120_getTemperature
                0x00004638       0x36 ../drivers\libIotLibrary.a(hih8120.o)
                0x00004638                hih8120_getTemperature
 .text.hih8120_getTemperature_x10
                0x0000466e       0x16 ../drivers\libIotLibrary.a(hih8120.o)
                0x0000466e                hih8120_getTemperature_x10
 .text._serialCallBack
                0x00004684       0x8c ../drivers\libIotLibrary.a(lora_driver.o)
 .text._uploadMessage
                0x00004710       0xb4 ../drivers\libIotLibrary.a(lora_driver.o)
 .text._reply2ReturnCode
                0x000047c4       0xea ../drivers\libIotLibrary.a(lora_driver.o)
 .text._uploadMessageRc
                0x000048ae        0x6 ../drivers\libIotLibrary.a(lora_driver.o)
 .text.lora_driver_flushBuffers
                0x000048b4        0xe ../drivers\libIotLibrary.a(lora_driver.o)
                0x000048b4                lora_driver_flushBuffers
 .text.lora_driver_initialise
                0x000048c2       0x80 ../drivers\libIotLibrary.a(lora_driver.o)
                0x000048c2                lora_driver_initialise
 .text.lora_driver_resetRn2483
                0x00004942       0x1c ../drivers\libIotLibrary.a(lora_driver.o)
                0x00004942                lora_driver_resetRn2483
 .text.lora_driver_rn2483FactoryReset
                0x0000495e       0x24 ../drivers\libIotLibrary.a(lora_driver.o)
                0x0000495e                lora_driver_rn2483FactoryReset
 .text.lora_driver_getRn2483Hweui
                0x00004982       0x38 ../drivers\libIotLibrary.a(lora_driver.o)
                0x00004982                lora_driver_getRn2483Hweui
 .text.lora_driver_setDeviceIdentifier
                0x000049ba       0x22 ../drivers\libIotLibrary.a(lora_driver.o)
                0x000049ba                lora_driver_setDeviceIdentifier
 .text.lora_driver_setApplicationIdentifier
                0x000049dc       0x22 ../drivers\libIotLibrary.a(lora_driver.o)
                0x000049dc                lora_driver_setApplicationIdentifier
 .text.lora_driver_setApplicationKey
                0x000049fe       0x22 ../drivers\libIotLibrary.a(lora_driver.o)
                0x000049fe                lora_driver_setApplicationKey
 .text.lora_driver_saveMac
                0x00004a20        0xc ../drivers\libIotLibrary.a(lora_driver.o)
                0x00004a20                lora_driver_saveMac
 .text.lora_driver_join
                0x00004a2c       0x52 ../drivers\libIotLibrary.a(lora_driver.o)
                0x00004a2c                lora_driver_join
 .text.lora_driver_sendUploadMessage
                0x00004a7e      0x196 ../drivers\libIotLibrary.a(lora_driver.o)
                0x00004a7e                lora_driver_sendUploadMessage
 .text.lora_driver_setAdaptiveDataRate
                0x00004c14       0x16 ../drivers\libIotLibrary.a(lora_driver.o)
                0x00004c14                lora_driver_setAdaptiveDataRate
 .text.lora_driver_setReceiveDelay
                0x00004c2a       0x30 ../drivers\libIotLibrary.a(lora_driver.o)
                0x00004c2a                lora_driver_setReceiveDelay
 .text.lora_driver_configureToEu868
                0x00004c5a      0x1bc ../drivers\libIotLibrary.a(lora_driver.o)
                0x00004c5a                lora_driver_configureToEu868
 .text.lora_driver_setOtaaIdentity
                0x00004e16       0x42 ../drivers\libIotLibrary.a(lora_driver.o)
                0x00004e16                lora_driver_setOtaaIdentity
 .text.lora_driver_mapReturnCodeToText
                0x00004e58       0x18 ../drivers\libIotLibrary.a(lora_driver.o)
                0x00004e58                lora_driver_mapReturnCodeToText
 .text.decode_port_no
                0x00004e70       0x58 ../drivers\libIotLibrary.a(lora_driver_utils.o)
                0x00004e70                decode_port_no
 .text.decode_hexadecimal_string_bytes
                0x00004ec8       0x92 ../drivers\libIotLibrary.a(lora_driver_utils.o)
                0x00004ec8                decode_hexadecimal_string_bytes
 .text._serialCallBack
                0x00004f5a       0xb6 ../drivers\libIotLibrary.a(mh_z19.o)
 .text.mh_z19_initialise
                0x00005010       0x4a ../drivers\libIotLibrary.a(mh_z19.o)
                0x00005010                mh_z19_initialise
 .text.mh_z19_injectCallBack
                0x0000505a        0xa ../drivers\libIotLibrary.a(mh_z19.o)
                0x0000505a                mh_z19_injectCallBack
 .text.mh_z19_takeMeassuring
                0x00005064       0x5e ../drivers\libIotLibrary.a(mh_z19.o)
                0x00005064                mh_z19_takeMeassuring
 .text.mh_z19_getCo2Ppm
                0x000050c2       0x22 ../drivers\libIotLibrary.a(mh_z19.o)
                0x000050c2                mh_z19_getCo2Ppm
 .text.rc_servo_setPosition
                0x000050e4       0x30 ../drivers\libIotLibrary.a(rc_servo.o)
                0x000050e4                rc_servo_setPosition
 .text.rc_servo_initialise
                0x00005114       0x38 ../drivers\libIotLibrary.a(rc_servo.o)
                0x00005114                rc_servo_initialise
 .text.serial_create
                0x0000514c      0x150 ../drivers\libIotLibrary.a(serial.o)
                0x0000514c                serial_create
 .text.serial_sendByte
                0x0000529c       0x56 ../drivers\libIotLibrary.a(serial.o)
                0x0000529c                serial_sendByte
 .text.serial_sendBytes
                0x000052f2       0xaa ../drivers\libIotLibrary.a(serial.o)
                0x000052f2                serial_sendBytes
 .text.serial_getByte
                0x0000539c       0x40 ../drivers\libIotLibrary.a(serial.o)
                0x0000539c                serial_getByte
 .text.__vector_25
                0x000053dc       0xa4 ../drivers\libIotLibrary.a(serial.o)
                0x000053dc                __vector_25
 .text.__vector_26
                0x00005480       0x88 ../drivers\libIotLibrary.a(serial.o)
                0x00005480                __vector_26
 .text.__vector_36
                0x00005508       0xa4 ../drivers\libIotLibrary.a(serial.o)
                0x00005508                __vector_36
 .text.__vector_37
                0x000055ac       0x88 ../drivers\libIotLibrary.a(serial.o)
                0x000055ac                __vector_37
 .text.__vector_51
                0x00005634       0xa4 ../drivers\libIotLibrary.a(serial.o)
                0x00005634                __vector_51
 .text.__vector_52
                0x000056d8       0x88 ../drivers\libIotLibrary.a(serial.o)
                0x000056d8                __vector_52
 .text.__vector_54
                0x00005760       0xa4 ../drivers\libIotLibrary.a(serial.o)
                0x00005760                __vector_54
 .text.__vector_55
                0x00005804       0x88 ../drivers\libIotLibrary.a(serial.o)
                0x00005804                __vector_55
 .text.usart_getchar
                0x0000588c       0x2a ../drivers\libIotLibrary.a(stdio_driver.o)
 .text.usart_putchar
                0x000058b6       0x12 ../drivers\libIotLibrary.a(stdio_driver.o)
 .text.stdio_initialise
                0x000058c8       0x52 ../drivers\libIotLibrary.a(stdio_driver.o)
                0x000058c8                stdio_initialise
 .text._turn_off
                0x0000591a       0x98 ../drivers\libIotLibrary.a(status_leds.o)
 .text._turn_on
                0x000059b2       0x98 ../drivers\libIotLibrary.a(status_leds.o)
 .text._hal_led_task
                0x00005a4a       0x8c ../drivers\libIotLibrary.a(status_leds.o)
 .text.status_leds_initialise
                0x00005ad6       0x9c ../drivers\libIotLibrary.a(status_leds.o)
                0x00005ad6                status_leds_initialise
 .text.status_leds_slowBlink
                0x00005b72       0x46 ../drivers\libIotLibrary.a(status_leds.o)
                0x00005b72                status_leds_slowBlink
 .text.status_leds_fastBlink
                0x00005bb8       0x46 ../drivers\libIotLibrary.a(status_leds.o)
                0x00005bb8                status_leds_fastBlink
 .text.status_leds_ledOn
                0x00005bfe       0x1e ../drivers\libIotLibrary.a(status_leds.o)
                0x00005bfe                status_leds_ledOn
 .text.status_leds_ledOff
                0x00005c1c       0x1e ../drivers\libIotLibrary.a(status_leds.o)
                0x00005c1c                status_leds_ledOff
 .text.status_leds_longPuls
                0x00005c3a       0x24 ../drivers\libIotLibrary.a(status_leds.o)
                0x00005c3a                status_leds_longPuls
 .text.status_leds_shortPuls
                0x00005c5e       0x22 ../drivers\libIotLibrary.a(status_leds.o)
                0x00005c5e                status_leds_shortPuls
 .text._callBack
                0x00005c80       0x10 ../drivers\libIotLibrary.a(tsl2591.o)
 .text._tsl2591TwiCallback
                0x00005c90       0x88 ../drivers\libIotLibrary.a(tsl2591.o)
 .text._twiTransmit
                0x00005d18       0x26 ../drivers\libIotLibrary.a(tsl2591.o)
 .text.tsl2591_initialise
                0x00005d3e       0x36 ../drivers\libIotLibrary.a(tsl2591.o)
                0x00005d3e                tsl2591_initialise
 .text.tsl2591_enable
                0x00005d74       0x2a ../drivers\libIotLibrary.a(tsl2591.o)
                0x00005d74                tsl2591_enable
 .text.tsl2591_fetchData
                0x00005d9e       0x24 ../drivers\libIotLibrary.a(tsl2591.o)
                0x00005d9e                tsl2591_fetchData
 .text.tsl2591_getLux
                0x00005dc2      0x1b2 ../drivers\libIotLibrary.a(tsl2591.o)
                0x00005dc2                tsl2591_getLux
 .text._initTwiInterface
                0x00005f74       0x22 ../drivers\libIotLibrary.a(twi.o)
 .text.twiCreate
                0x00005f96       0x9a ../drivers\libIotLibrary.a(twi.o)
                0x00005f96                twiCreate
 .text.twiIsBusy
                0x00006030        0x8 ../drivers\libIotLibrary.a(twi.o)
                0x00006030                twiIsBusy
 .text.twiTransmit
                0x00006038       0x98 ../drivers\libIotLibrary.a(twi.o)
                0x00006038                twiTransmit
 .text.twiReceive
                0x000060d0       0x66 ../drivers\libIotLibrary.a(twi.o)
                0x000060d0                twiReceive
 .text.__vector_39
                0x00006136      0x17a ../drivers\libIotLibrary.a(twi.o)
                0x00006136                __vector_39
 .text.fifo_init
                0x000062b0       0x38 ../drivers\libIotLibrary.a(fifo.o)
                0x000062b0                fifo_init
 .text.avr-libc
                0x000062e8      0x714 c:/program files (x86)/atmel/studio/7.0/toolchain/avr8/avr8-gnu-toolchain/bin/../lib/gcc/avr/5.4.0/../../../../avr/lib/avr6\libprintf_flt.a(vfprintf_flt.o)
                0x000062e8                vfprintf
 .text.avr-libc.fplib
                0x000069fc        0xa c:/program files (x86)/atmel/studio/7.0/toolchain/avr8/avr8-gnu-toolchain/bin/../lib/gcc/avr/5.4.0/../../../../avr/lib/avr6\libm.a(addsf3.o)
                0x000069fc                __subsf3
                0x000069fe                __addsf3
 .text.avr-libc.fplib
                0x00006a06       0xc0 c:/program files (x86)/atmel/studio/7.0/toolchain/avr8/avr8-gnu-toolchain/bin/../lib/gcc/avr/5.4.0/../../../../avr/lib/avr6\libm.a(addsf3x.o)
                0x00006a20                __addsf3x
 .text.avr-libc.fplib
                0x00006ac6        0x4 c:/program files (x86)/atmel/studio/7.0/toolchain/avr8/avr8-gnu-toolchain/bin/../lib/gcc/avr/5.4.0/../../../../avr/lib/avr6\libm.a(divsf3.o)
                0x00006ac6                __divsf3
 .text.avr-libc.fplib
                0x00006aca       0xcc c:/program files (x86)/atmel/studio/7.0/toolchain/avr8/avr8-gnu-toolchain/bin/../lib/gcc/avr/5.4.0/../../../../avr/lib/avr6\libm.a(divsf3x.o)
                0x00006ae0                __divsf3x
                0x00006ae4                __divsf3_pse
 .text.avr-libc.fplib
                0x00006b96        0xa c:/program files (x86)/atmel/studio/7.0/toolchain/avr8/avr8-gnu-toolchain/bin/../lib/gcc/avr/5.4.0/../../../../avr/lib/avr6\libm.a(fixsfsi.o)
                0x00006b96                __fixsfsi
 .text.avr-libc.fplib
                0x00006ba0       0x58 c:/program files (x86)/atmel/studio/7.0/toolchain/avr8/avr8-gnu-toolchain/bin/../lib/gcc/avr/5.4.0/../../../../avr/lib/avr6\libm.a(fixunssfsi.o)
                0x00006ba0                __fixunssfsi
 .text.avr-libc.fplib
                0x00006bf8       0x7a c:/program files (x86)/atmel/studio/7.0/toolchain/avr8/avr8-gnu-toolchain/bin/../lib/gcc/avr/5.4.0/../../../../avr/lib/avr6\libm.a(floatsisf.o)
                0x00006bf8                __floatunsisf
                0x00006bfc                __floatsisf
 .text.avr-libc.fplib
                0x00006c72        0xc c:/program files (x86)/atmel/studio/7.0/toolchain/avr8/avr8-gnu-toolchain/bin/../lib/gcc/avr/5.4.0/../../../../avr/lib/avr6\libm.a(fp_inf.o)
                0x00006c72                __fp_inf
 .text.avr-libc.fplib
                0x00006c7e        0x6 c:/program files (x86)/atmel/studio/7.0/toolchain/avr8/avr8-gnu-toolchain/bin/../lib/gcc/avr/5.4.0/../../../../avr/lib/avr6\libm.a(fp_nan.o)
                0x00006c7e                __fp_nan
 .text.avr-libc.fplib
                0x00006c84        0xe c:/program files (x86)/atmel/studio/7.0/toolchain/avr8/avr8-gnu-toolchain/bin/../lib/gcc/avr/5.4.0/../../../../avr/lib/avr6\libm.a(fp_pscA.o)
                0x00006c84                __fp_pscA
 .text.avr-libc.fplib
                0x00006c92        0xe c:/program files (x86)/atmel/studio/7.0/toolchain/avr8/avr8-gnu-toolchain/bin/../lib/gcc/avr/5.4.0/../../../../avr/lib/avr6\libm.a(fp_pscB.o)
                0x00006c92                __fp_pscB
 .text.avr-libc.fplib
                0x00006ca0       0x22 c:/program files (x86)/atmel/studio/7.0/toolchain/avr8/avr8-gnu-toolchain/bin/../lib/gcc/avr/5.4.0/../../../../avr/lib/avr6\libm.a(fp_round.o)
                0x00006ca0                __fp_round
 .text.avr-libc.fplib
                0x00006cc2       0x44 c:/program files (x86)/atmel/studio/7.0/toolchain/avr8/avr8-gnu-toolchain/bin/../lib/gcc/avr/5.4.0/../../../../avr/lib/avr6\libm.a(fp_split3.o)
                0x00006cc2                __fp_split3
                0x00006cd2                __fp_splitA
 .text.avr-libc.fplib
                0x00006d06        0xe c:/program files (x86)/atmel/studio/7.0/toolchain/avr8/avr8-gnu-toolchain/bin/../lib/gcc/avr/5.4.0/../../../../avr/lib/avr6\libm.a(fp_zero.o)
                0x00006d06                __fp_zero
                0x00006d08                __fp_szero
 .text.avr-libc.fplib
                0x00006d14        0x8 c:/program files (x86)/atmel/studio/7.0/toolchain/avr8/avr8-gnu-toolchain/bin/../lib/gcc/avr/5.4.0/../../../../avr/lib/avr6\libm.a(gesf2.o)
                0x00006d14                __gesf2
                0x00006d14                __gtsf2
 .text.avr-libc.fplib
                0x00006d1c        0x4 c:/program files (x86)/atmel/studio/7.0/toolchain/avr8/avr8-gnu-toolchain/bin/../lib/gcc/avr/5.4.0/../../../../avr/lib/avr6\libm.a(mulsf3.o)
                0x00006d1c                __mulsf3
 .text.avr-libc.fplib
                0x00006d20       0xc2 c:/program files (x86)/atmel/studio/7.0/toolchain/avr8/avr8-gnu-toolchain/bin/../lib/gcc/avr/5.4.0/../../../../avr/lib/avr6\libm.a(mulsf3x.o)
                0x00006d34                __mulsf3x
                0x00006d38                __mulsf3_pse
 .text.avr-libc.fplib
                0x00006de2       0x48 c:/program files (x86)/atmel/studio/7.0/toolchain/avr8/avr8-gnu-toolchain/bin/../lib/gcc/avr/5.4.0/../../../../avr/lib/avr6\libm.a(fp_cmp.o)
                0x00006de2                __fp_cmp
 .text.libgcc.div
                0x00006e2a       0x26 c:/program files (x86)/atmel/studio/7.0/toolchain/avr8/avr8-gnu-toolchain/bin/../lib/gcc/avr/5.4.0/avr6\libgcc.a(_divmodhi4.o)
                0x00006e2a                _div
                0x00006e2a                __divmodhi4
 .text.libgcc.div
                0x00006e50       0x44 c:/program files (x86)/atmel/studio/7.0/toolchain/avr8/avr8-gnu-toolchain/bin/../lib/gcc/avr/5.4.0/avr6\libgcc.a(_udivmodsi4.o)
                0x00006e50                __udivmodsi4
 .text.libgcc   0x00006e94       0x10 c:/program files (x86)/atmel/studio/7.0/toolchain/avr8/avr8-gnu-toolchain/bin/../lib/gcc/avr/5.4.0/avr6\libgcc.a(_tablejump2.o)
                0x00006e94                __tablejump2__
 .text.libgcc.mul
                0x00006ea4       0x1e c:/program files (x86)/atmel/studio/7.0/toolchain/avr8/avr8-gnu-toolchain/bin/../lib/gcc/avr/5.4.0/avr6\libgcc.a(_umulhisi3.o)
                0x00006ea4                __umulhisi3
 .text.libgcc.div
                0x00006ec2       0x28 c:/program files (x86)/atmel/studio/7.0/toolchain/avr8/avr8-gnu-toolchain/bin/../lib/gcc/avr/5.4.0/avr6\libgcc.a(_udivmodhi4.o)
                0x00006ec2                __udivmodhi4
 .text.avr-libc
                0x00006eea      0x242 c:/program files (x86)/atmel/studio/7.0/toolchain/avr8/avr8-gnu-toolchain/bin/../lib/gcc/avr/5.4.0/../../../../avr/lib/avr6\libc.a(malloc.o)
                0x00006eea                malloc
                0x0000701a                free
 .text.avr-libc
                0x0000712c        0x8 c:/program files (x86)/atmel/studio/7.0/toolchain/avr8/avr8-gnu-toolchain/bin/../lib/gcc/avr/5.4.0/../../../../avr/lib/avr6\libc.a(abort.o)
                0x0000712c                abort
 .text.avr-libc
                0x00007134      0x1b0 c:/program files (x86)/atmel/studio/7.0/toolchain/avr8/avr8-gnu-toolchain/bin/../lib/gcc/avr/5.4.0/../../../../avr/lib/avr6\libc.a(ftoa_engine.o)
                0x00007134                __ftoa_engine
 .text.avr-libc
                0x000072e4       0x16 c:/program files (x86)/atmel/studio/7.0/toolchain/avr8/avr8-gnu-toolchain/bin/../lib/gcc/avr/5.4.0/../../../../avr/lib/avr6\libc.a(strnlen_P.o)
                0x000072e4                strnlen_P
 .text.avr-libc
                0x000072fa       0x12 c:/program files (x86)/atmel/studio/7.0/toolchain/avr8/avr8-gnu-toolchain/bin/../lib/gcc/avr/5.4.0/../../../../avr/lib/avr6\libc.a(memcpy.o)
                0x000072fa                memcpy
 .text.avr-libc
                0x0000730c        0xe c:/program files (x86)/atmel/studio/7.0/toolchain/avr8/avr8-gnu-toolchain/bin/../lib/gcc/avr/5.4.0/../../../../avr/lib/avr6\libc.a(memset.o)
                0x0000730c                memset
 .text.avr-libc
                0x0000731a       0x4a c:/program files (x86)/atmel/studio/7.0/toolchain/avr8/avr8-gnu-toolchain/bin/../lib/gcc/avr/5.4.0/../../../../avr/lib/avr6\libc.a(strcasestr.o)
                0x0000731a                strcasestr
 .text.avr-libc
                0x00007364       0x16 c:/program files (x86)/atmel/studio/7.0/toolchain/avr8/avr8-gnu-toolchain/bin/../lib/gcc/avr/5.4.0/../../../../avr/lib/avr6\libc.a(strcat.o)
                0x00007364                strcat
 .text.avr-libc
                0x0000737a        0xe c:/program files (x86)/atmel/studio/7.0/toolchain/avr8/avr8-gnu-toolchain/bin/../lib/gcc/avr/5.4.0/../../../../avr/lib/avr6\libc.a(strcpy.o)
                0x0000737a                strcpy
 .text.avr-libc
                0x00007388       0x30 c:/program files (x86)/atmel/studio/7.0/toolchain/avr8/avr8-gnu-toolchain/bin/../lib/gcc/avr/5.4.0/../../../../avr/lib/avr6\libc.a(strncasecmp.o)
                0x00007388                strncasecmp
 .text.avr-libc
                0x000073b8       0x16 c:/program files (x86)/atmel/studio/7.0/toolchain/avr8/avr8-gnu-toolchain/bin/../lib/gcc/avr/5.4.0/../../../../avr/lib/avr6\libc.a(strnlen.o)
                0x000073b8                strnlen
 .text.avr-libc
                0x000073ce       0x78 c:/program files (x86)/atmel/studio/7.0/toolchain/avr8/avr8-gnu-toolchain/bin/../lib/gcc/avr/5.4.0/../../../../avr/lib/avr6\libc.a(fputc.o)
                0x000073ce                fputc
 .text.avr-libc
                0x00007446       0x28 c:/program files (x86)/atmel/studio/7.0/toolchain/avr8/avr8-gnu-toolchain/bin/../lib/gcc/avr/5.4.0/../../../../avr/lib/avr6\libc.a(printf.o)
                0x00007446                printf
 .text.avr-libc
                0x0000746e       0x60 c:/program files (x86)/atmel/studio/7.0/toolchain/avr8/avr8-gnu-toolchain/bin/../lib/gcc/avr/5.4.0/../../../../avr/lib/avr6\libc.a(puts.o)
                0x0000746e                puts
 .text.avr-libc
                0x000074ce       0x5e c:/program files (x86)/atmel/studio/7.0/toolchain/avr8/avr8-gnu-toolchain/bin/../lib/gcc/avr/5.4.0/../../../../avr/lib/avr6\libc.a(sprintf.o)
                0x000074ce                sprintf
 .text.avr-libc
                0x0000752c       0xbc c:/program files (x86)/atmel/studio/7.0/toolchain/avr8/avr8-gnu-toolchain/bin/../lib/gcc/avr/5.4.0/../../../../avr/lib/avr6\libc.a(ultoa_invert.o)
                0x0000752c                __ultoa_invert
                0x000075e8                . = ALIGN (0x2)
 *(.fini9)
 .fini9         0x000075e8        0x0 c:/program files (x86)/atmel/studio/7.0/toolchain/avr8/avr8-gnu-toolchain/bin/../lib/gcc/avr/5.4.0/avr6\libgcc.a(_exit.o)
                0x000075e8                _exit
                0x000075e8                exit
 *(.fini9)
 *(.fini8)
 *(.fini8)
 *(.fini7)
 *(.fini7)
 *(.fini6)
 *(.fini6)
 *(.fini5)
 *(.fini5)
 *(.fini4)
 *(.fini4)
 *(.fini3)
 *(.fini3)
 *(.fini2)
 *(.fini2)
 *(.fini1)
 *(.fini1)
 *(.fini0)
 .fini0         0x000075e8        0x4 c:/program files (x86)/atmel/studio/7.0/toolchain/avr8/avr8-gnu-toolchain/bin/../lib/gcc/avr/5.4.0/avr6\libgcc.a(_exit.o)
 *(.fini0)
                0x000075ec                _etext = .

.data           0x00800200      0x7f8 load address 0x000075ec
                0x00800200                PROVIDE (__data_start, .)
 *(.data)
 .data          0x00800200        0x6 c:/program files (x86)/atmel/studio/7.0/toolchain/avr8/avr8-gnu-toolchain/bin/../lib/gcc/avr/5.4.0/../../../../avr/lib/avr6\libc.a(malloc.o)
                0x00800200                __malloc_heap_end
                0x00800202                __malloc_heap_start
                0x00800204                __malloc_margin
 *(.data*)
 .data.uxTopUsedPriority
                0x00800206        0x1 FreeRTOS/src/tasks.o
                0x00800206                uxTopUsedPriority
 .data._temp    0x00800207        0x2 ../drivers\libIotLibrary.a(hih8120.o)
 .data._hum     0x00800209        0x2 ../drivers\libIotLibrary.a(hih8120.o)
 .data._com_port_2_udr
                0x0080020b        0x8 ../drivers\libIotLibrary.a(serial.o)
                0x0080020b                _com_port_2_udr
 .data.mystdout.1882
                0x00800213        0xe ../drivers\libIotLibrary.a(stdio_driver.o)
 .data._twiCurrentState
                0x00800221        0x1 ../drivers\libIotLibrary.a(twi.o)
 *(.gnu.linkonce.d*)
 *(.rodata)
 .rodata        0x00800222       0x20 ../drivers\libIotLibrary.a(lora_driver.o)
 .rodata        0x00800242       0x2d ../drivers\libIotLibrary.a(mh_z19.o)
 *(.rodata*)
 .rodata.str1.1
                0x0080026f       0x1b application.o
 .rodata.str1.1
                0x0080028a       0x41 configuration.o
 .rodata.str1.1
                0x008002cb       0x5c downlinkHandler.o
 .rodata.str1.1
                0x00800327       0x6d actionsController.o
 .rodata.str1.1
                0x00800394        0x5 FreeRTOS/src/tasks.o
 .rodata.str1.1
                0x00800399        0x8 FreeRTOS/src/timers.o
 .rodata.str1.1
                0x008003a1       0x3c Sensors/co2Sensor.o
 .rodata.str1.1
                0x008003dd       0xa6 Sensors/lightSensor.o
 .rodata.str1.1
                0x00800483       0x88 Sensors/tempHumSensor.o
 .rodata.str1.1
                0x0080050b       0x74 initialize.o
 .rodata.str1.1
                0x0080057f      0x197 uplinkHandler.o
 .rodata.str1.1
                0x00800716       0x12 main.o
 .rodata.str1.1
                0x00800728      0x290 ../drivers\libIotLibrary.a(lora_driver.o)
                                0x2a5 (size before relaxing)
 .rodata._joinMode
                0x008009b8        0x4 ../drivers\libIotLibrary.a(lora_driver.o)
 .rodata._returnCode
                0x008009bc       0x33 ../drivers\libIotLibrary.a(lora_driver.o)
                0x008009bc                _returnCode
 .rodata.str1.1
                0x008009ef        0x8 ../drivers\libIotLibrary.a(status_leds.o)
 *(.gnu.linkonce.r*)
                0x008009f8                . = ALIGN (0x2)
 *fill*         0x008009f7        0x1 
                0x008009f8                _edata = .
                0x008009f8                PROVIDE (__data_end, .)

.bss            0x008009f8     0x1037
                0x008009f8                PROVIDE (__bss_start, .)
 *(.bss)
 *(.bss*)
 .bss.system_status
                0x008009f8        0x1 configuration.o
 .bss.max_co2   0x008009f9        0x2 configuration.o
 .bss.max_humidity
                0x008009fb        0x2 configuration.o
 .bss.max_temperature
                0x008009fd        0x2 configuration.o
 .bss._downlink_payload
                0x008009ff       0x16 downlinkHandler.o
 .bss.xBlockAllocatedBit
                0x00800a15        0x2 FreeRTOS/src/heap_4.o
 .bss.xNumberOfSuccessfulFrees
                0x00800a17        0x2 FreeRTOS/src/heap_4.o
 .bss.xNumberOfSuccessfulAllocations
                0x00800a19        0x2 FreeRTOS/src/heap_4.o
 .bss.xMinimumEverFreeBytesRemaining
                0x00800a1b        0x2 FreeRTOS/src/heap_4.o
 .bss.xFreeBytesRemaining
                0x00800a1d        0x2 FreeRTOS/src/heap_4.o
 .bss.pxEnd     0x00800a1f        0x2 FreeRTOS/src/heap_4.o
 .bss.xStart    0x00800a21        0x4 FreeRTOS/src/heap_4.o
 .bss.ucHeap    0x00800a25      0xdac FreeRTOS/src/heap_4.o
 .bss.uxSchedulerSuspended
                0x008017d1        0x1 FreeRTOS/src/tasks.o
 .bss.xIdleTaskHandle
                0x008017d2        0x2 FreeRTOS/src/tasks.o
 .bss.xNextTaskUnblockTime
                0x008017d4        0x4 FreeRTOS/src/tasks.o
 .bss.uxTaskNumber
                0x008017d8        0x1 FreeRTOS/src/tasks.o
 .bss.xNumOfOverflows
                0x008017d9        0x1 FreeRTOS/src/tasks.o
 .bss.xYieldPending
                0x008017da        0x1 FreeRTOS/src/tasks.o
 .bss.xPendedTicks
                0x008017db        0x4 FreeRTOS/src/tasks.o
 .bss.xSchedulerRunning
                0x008017df        0x1 FreeRTOS/src/tasks.o
 .bss.uxTopReadyPriority
                0x008017e0        0x1 FreeRTOS/src/tasks.o
 .bss.xTickCount
                0x008017e1        0x4 FreeRTOS/src/tasks.o
 .bss.uxCurrentNumberOfTasks
                0x008017e5        0x1 FreeRTOS/src/tasks.o
 .bss.xSuspendedTaskList
                0x008017e6        0xb FreeRTOS/src/tasks.o
 .bss.uxDeletedTasksWaitingCleanUp
                0x008017f1        0x1 FreeRTOS/src/tasks.o
 .bss.xTasksWaitingTermination
                0x008017f2        0xb FreeRTOS/src/tasks.o
 .bss.xPendingReadyList
                0x008017fd        0xb FreeRTOS/src/tasks.o
 .bss.pxOverflowDelayedTaskList
                0x00801808        0x2 FreeRTOS/src/tasks.o
 .bss.pxDelayedTaskList
                0x0080180a        0x2 FreeRTOS/src/tasks.o
 .bss.xDelayedTaskList2
                0x0080180c        0xb FreeRTOS/src/tasks.o
 .bss.xDelayedTaskList1
                0x00801817        0xb FreeRTOS/src/tasks.o
 .bss.pxReadyTasksLists
                0x00801822       0x6e FreeRTOS/src/tasks.o
 .bss.pxCurrentTCB
                0x00801890        0x2 FreeRTOS/src/tasks.o
                0x00801890                pxCurrentTCB
 .bss.xLastTime.2436
                0x00801892        0x4 FreeRTOS/src/timers.o
 .bss.xTimerTaskHandle
                0x00801896        0x2 FreeRTOS/src/timers.o
 .bss.xTimerQueue
                0x00801898        0x2 FreeRTOS/src/timers.o
 .bss.pxOverflowTimerList
                0x0080189a        0x2 FreeRTOS/src/timers.o
 .bss.pxCurrentTimerList
                0x0080189c        0x2 FreeRTOS/src/timers.o
 .bss.xActiveTimerList2
                0x0080189e        0xb FreeRTOS/src/timers.o
 .bss.xActiveTimerList1
                0x008018a9        0xb FreeRTOS/src/timers.o
 .bss.status    0x008018b4        0x1 packageHandler.o
 .bss.lux       0x008018b5        0x4 packageHandler.o
 .bss.CO2_PPM   0x008018b9        0x2 packageHandler.o
 .bss.humidityPercent
                0x008018bb        0x2 packageHandler.o
 .bss.temperaturePercent
                0x008018bd        0x2 packageHandler.o
 .bss.lastCO2ppm
                0x008018bf        0x2 Sensors/co2Sensor.o
                0x008018bf                lastCO2ppm
 .bss.lux       0x008018c1        0x4 Sensors/lightSensor.o
 .bss.temperature
                0x008018c5        0x2 Sensors/tempHumSensor.o
 .bss.humidity  0x008018c7        0x2 Sensors/tempHumSensor.o
 .bss._uplink_payload
                0x008018c9       0x16 uplinkHandler.o
 .bss._measuringIsReady
                0x008018df        0x1 ../drivers\libIotLibrary.a(hih8120.o)
 .bss._hih8120Handler
                0x008018e0        0x2 ../drivers\libIotLibrary.a(hih8120.o)
 .bss._tmp_buf.2871
                0x008018e2       0x37 ../drivers\libIotLibrary.a(lora_driver.o)
 .bss.rec_buf_inp.2878
                0x00801919        0x1 ../drivers\libIotLibrary.a(lora_driver.o)
 .bss._downlinkMessageBuffer
                0x0080191a        0x2 ../drivers\libIotLibrary.a(lora_driver.o)
 .bss._serialReplyBufferHandle
                0x0080191c        0x2 ../drivers\libIotLibrary.a(lora_driver.o)
 .bss._rn2483_serial
                0x0080191e        0x2 ../drivers\libIotLibrary.a(lora_driver.o)
 .bss._downlinkPayload
                0x00801920       0x16 ../drivers\libIotLibrary.a(lora_driver.o)
 .bss._payLoadHexBytes
                0x00801936       0x15 ../drivers\libIotLibrary.a(lora_driver.o)
 .bss._recMessageBuf
                0x0080194b       0x2d ../drivers\libIotLibrary.a(lora_driver.o)
 .bss._sendMessage
                0x00801978       0x2d ../drivers\libIotLibrary.a(lora_driver.o)
 .bss._replyMess
                0x008019a5       0x2d ../drivers\libIotLibrary.a(lora_driver.o)
 .bss.data.1944
                0x008019d2        0x2 ../drivers\libIotLibrary.a(mh_z19.o)
 .bss.inDex.1943
                0x008019d4        0x1 ../drivers\libIotLibrary.a(mh_z19.o)
 .bss.crc_sum.1945
                0x008019d5        0x1 ../drivers\libIotLibrary.a(mh_z19.o)
 .bss._appCallBack
                0x008019d6        0x2 ../drivers\libIotLibrary.a(mh_z19.o)
 .bss._mh_state
                0x008019d8        0x1 ../drivers\libIotLibrary.a(mh_z19.o)
                0x008019d8                _mh_state
 .bss._ppm      0x008019d9        0x2 ../drivers\libIotLibrary.a(mh_z19.o)
 .bss._serial   0x008019db        0x2 ../drivers\libIotLibrary.a(mh_z19.o)
 .bss._ser_handle
                0x008019dd        0x8 ../drivers\libIotLibrary.a(serial.o)
 .bss._com_serial_instance
                0x008019e5        0x2 ../drivers\libIotLibrary.a(stdio_driver.o)
 .bss._led_status
                0x008019e7       0x18 ../drivers\libIotLibrary.a(status_leds.o)
 .bss._infraredRaw
                0x008019ff        0x2 ../drivers\libIotLibrary.a(tsl2591.o)
 .bss._fullSpectrumRaw
                0x00801a01        0x2 ../drivers\libIotLibrary.a(tsl2591.o)
 .bss._deviceId
                0x00801a03        0x1 ../drivers\libIotLibrary.a(tsl2591.o)
 .bss._currentIntegrationTime
                0x00801a04        0x1 ../drivers\libIotLibrary.a(tsl2591.o)
 .bss._currentGain
                0x00801a05        0x1 ../drivers\libIotLibrary.a(tsl2591.o)
 .bss._nextState
                0x00801a06        0x1 ../drivers\libIotLibrary.a(tsl2591.o)
 .bss._callBackFunction
                0x00801a07        0x2 ../drivers\libIotLibrary.a(tsl2591.o)
 .bss._twiHandler
                0x00801a09        0x2 ../drivers\libIotLibrary.a(tsl2591.o)
 .bss._index.1885
                0x00801a0b        0x1 ../drivers\libIotLibrary.a(twi.o)
 .bss._twiCurrentHandler
                0x00801a0c        0x2 ../drivers\libIotLibrary.a(twi.o)
 .bss._twiMessageLen
                0x00801a0e        0x1 ../drivers\libIotLibrary.a(twi.o)
 .bss._twiMessageBuffer
                0x00801a0f        0xa ../drivers\libIotLibrary.a(twi.o)
 .bss._twiIsInitiated
                0x00801a19        0x1 ../drivers\libIotLibrary.a(twi.o)
 *(COMMON)
 COMMON         0x00801a1a        0x1 Sensors/co2Sensor.o
                0x00801a1a                rc
 COMMON         0x00801a1b        0xa initialize.o
                0x00801a1b                configSemaphore
                0x00801a1d                dataReadyEventGroup
                0x00801a1f                measureEventGroup
                0x00801a21                uplinkMessageBufferHandle
                0x00801a23                downlinkMessageBufferHandle
 COMMON         0x00801a25        0x4 c:/program files (x86)/atmel/studio/7.0/toolchain/avr8/avr8-gnu-toolchain/bin/../lib/gcc/avr/5.4.0/../../../../avr/lib/avr6\libc.a(malloc.o)
                0x00801a25                __brkval
                0x00801a27                __flp
 COMMON         0x00801a29        0x6 c:/program files (x86)/atmel/studio/7.0/toolchain/avr8/avr8-gnu-toolchain/bin/../lib/gcc/avr/5.4.0/../../../../avr/lib/avr6\libc.a(iob.o)
                0x00801a29                __iob
                0x00801a2f                PROVIDE (__bss_end, .)
                0x000075ec                __data_load_start = LOADADDR (.data)
                0x00007de4                __data_load_end = (__data_load_start + SIZEOF (.data))

.noinit         0x00801a2f        0x0
                [!provide]                PROVIDE (__noinit_start, .)
 *(.noinit*)
                [!provide]                PROVIDE (__noinit_end, .)
                0x00801a2f                _end = .
                0x00801a2f                PROVIDE (__heap_start, .)

.eeprom         0x00810000        0x0
 *(.eeprom*)
                0x00810000                __eeprom_end = .

.fuse
 *(.fuse)
 *(.lfuse)
 *(.hfuse)
 *(.efuse)

.lock
 *(.lock*)

.signature
 *(.signature*)

.user_signatures
 *(.user_signatures*)

.stab
 *(.stab)

.stabstr
 *(.stabstr)

.stab.excl
 *(.stab.excl)

.stab.exclstr
 *(.stab.exclstr)

.stab.index
 *(.stab.index)

.stab.indexstr
 *(.stab.indexstr)

.comment        0x00000000       0x5c
 *(.comment)
 .comment       0x00000000       0x30 application.o
                                 0x31 (size before relaxing)
 .comment       0x00000030       0x31 configuration.o
 .comment       0x00000030       0x31 downlinkHandler.o
 .comment       0x00000030       0x31 actionsController.o
 .comment       0x00000030       0x31 FreeRTOS/src/event_groups.o
 .comment       0x00000030       0x31 FreeRTOS/src/heap_4.o
 .comment       0x00000030       0x31 FreeRTOS/src/list.o
 .comment       0x00000030       0x31 FreeRTOS/src/port.o
 .comment       0x00000030       0x31 FreeRTOS/src/queue.o
 .comment       0x00000030       0x31 FreeRTOS/src/stream_buffer.o
 .comment       0x00000030       0x31 FreeRTOS/src/tasks.o
 .comment       0x00000030       0x31 FreeRTOS/src/timers.o
 .comment       0x00000030       0x31 FreeRTOS/src/variantHooks.o
 .comment       0x00000030       0x31 packageHandler.o
 .comment       0x00000030       0x31 Sensors/co2Sensor.o
 .comment       0x00000030       0x31 Sensors/lightSensor.o
 .comment       0x00000030       0x31 Sensors/tempHumSensor.o
 .comment       0x00000030       0x31 initialize.o
 .comment       0x00000030       0x31 servoController.o
 .comment       0x00000030       0x31 uplinkHandler.o
 .comment       0x00000030       0x31 main.o
 .comment       0x00000030       0x31 ../drivers\libIotLibrary.a(hih8120.o)
 .comment       0x00000030       0x31 ../drivers\libIotLibrary.a(lora_driver.o)
 .comment       0x00000030       0x31 ../drivers\libIotLibrary.a(lora_driver_utils.o)
 .comment       0x00000030       0x31 ../drivers\libIotLibrary.a(mh_z19.o)
 .comment       0x00000030       0x31 ../drivers\libIotLibrary.a(rc_servo.o)
 .comment       0x00000030       0x31 ../drivers\libIotLibrary.a(serial.o)
 .comment       0x00000030       0x31 ../drivers\libIotLibrary.a(stdio_driver.o)
 .comment       0x00000030       0x31 ../drivers\libIotLibrary.a(status_leds.o)
 .comment       0x00000030       0x31 ../drivers\libIotLibrary.a(tsl2591.o)
 .comment       0x00000030       0x31 ../drivers\libIotLibrary.a(twi.o)
 .comment       0x00000030       0x31 ../drivers\libIotLibrary.a(fifo.o)
 .comment       0x00000030       0x2c c:/program files (x86)/atmel/studio/7.0/toolchain/avr8/avr8-gnu-toolchain/bin/../lib/gcc/avr/5.4.0/../../../../avr/lib/avr6\libprintf_flt.a(vfprintf_flt.o)
                                 0x2d (size before relaxing)
 .comment       0x0000005c       0x31 c:/program files (x86)/atmel/studio/7.0/toolchain/avr8/avr8-gnu-toolchain/bin/../lib/gcc/avr/5.4.0/../../../../avr/lib/avr6\libc.a(malloc.o)
 .comment       0x0000005c       0x31 c:/program files (x86)/atmel/studio/7.0/toolchain/avr8/avr8-gnu-toolchain/bin/../lib/gcc/avr/5.4.0/../../../../avr/lib/avr6\libc.a(fputc.o)
 .comment       0x0000005c       0x31 c:/program files (x86)/atmel/studio/7.0/toolchain/avr8/avr8-gnu-toolchain/bin/../lib/gcc/avr/5.4.0/../../../../avr/lib/avr6\libc.a(iob.o)
 .comment       0x0000005c       0x31 c:/program files (x86)/atmel/studio/7.0/toolchain/avr8/avr8-gnu-toolchain/bin/../lib/gcc/avr/5.4.0/../../../../avr/lib/avr6\libc.a(printf.o)
 .comment       0x0000005c       0x31 c:/program files (x86)/atmel/studio/7.0/toolchain/avr8/avr8-gnu-toolchain/bin/../lib/gcc/avr/5.4.0/../../../../avr/lib/avr6\libc.a(puts.o)
 .comment       0x0000005c       0x31 c:/program files (x86)/atmel/studio/7.0/toolchain/avr8/avr8-gnu-toolchain/bin/../lib/gcc/avr/5.4.0/../../../../avr/lib/avr6\libc.a(sprintf.o)

.note.gnu.avr.deviceinfo
                0x00000000       0x40
 .note.gnu.avr.deviceinfo
                0x00000000       0x40 C:/Program Files (x86)/Atmel/Studio/7.0/Packs/atmel/ATmega_DFP/1.7.374/gcc/dev/atmega2560/avr6/crtatmega2560.o

.note.gnu.build-id
 *(.note.gnu.build-id)

.debug
 *(.debug)

.line
 *(.line)

.debug_srcinfo
 *(.debug_srcinfo)

.debug_sfnames
 *(.debug_sfnames)

.debug_aranges  0x00000000      0xd60
 *(.debug_aranges)
 .debug_aranges
                0x00000000       0x28 application.o
 .debug_aranges
                0x00000028       0x78 configuration.o
 .debug_aranges
                0x000000a0       0x28 downlinkHandler.o
 .debug_aranges
                0x000000c8       0x40 actionsController.o
 .debug_aranges
                0x00000108       0x68 FreeRTOS/src/event_groups.o
 .debug_aranges
                0x00000170       0x58 FreeRTOS/src/heap_4.o
 .debug_aranges
                0x000001c8       0x40 FreeRTOS/src/list.o
 .debug_aranges
                0x00000208       0x58 FreeRTOS/src/port.o
 .debug_aranges
                0x00000260       0xf8 FreeRTOS/src/queue.o
 .debug_aranges
                0x00000358       0xc0 FreeRTOS/src/stream_buffer.o
 .debug_aranges
                0x00000418      0x1d0 FreeRTOS/src/tasks.o
 .debug_aranges
                0x000005e8       0xc8 FreeRTOS/src/timers.o
 .debug_aranges
                0x000006b0       0x40 FreeRTOS/src/variantHooks.o
 .debug_aranges
                0x000006f0       0x48 packageHandler.o
 .debug_aranges
                0x00000738       0x48 Sensors/co2Sensor.o
 .debug_aranges
                0x00000780       0x48 Sensors/lightSensor.o
 .debug_aranges
                0x000007c8       0x50 Sensors/tempHumSensor.o
 .debug_aranges
                0x00000818       0x30 initialize.o
 .debug_aranges
                0x00000848       0x28 servoController.o
 .debug_aranges
                0x00000870       0x30 uplinkHandler.o
 .debug_aranges
                0x000008a0       0x30 main.o
 .debug_aranges
                0x000008d0       0x68 ../drivers\libIotLibrary.a(hih8120.o)
 .debug_aranges
                0x00000938      0x138 ../drivers\libIotLibrary.a(lora_driver.o)
 .debug_aranges
                0x00000a70       0x28 ../drivers\libIotLibrary.a(lora_driver_utils.o)
 .debug_aranges
                0x00000a98       0x58 ../drivers\libIotLibrary.a(mh_z19.o)
 .debug_aranges
                0x00000af0       0x28 ../drivers\libIotLibrary.a(rc_servo.o)
 .debug_aranges
                0x00000b18       0x90 ../drivers\libIotLibrary.a(serial.o)
 .debug_aranges
                0x00000ba8       0x38 ../drivers\libIotLibrary.a(stdio_driver.o)
 .debug_aranges
                0x00000be0       0x68 ../drivers\libIotLibrary.a(status_leds.o)
 .debug_aranges
                0x00000c48       0xa8 ../drivers\libIotLibrary.a(tsl2591.o)
 .debug_aranges
                0x00000cf0       0x50 ../drivers\libIotLibrary.a(twi.o)
 .debug_aranges
                0x00000d40       0x20 ../drivers\libIotLibrary.a(fifo.o)

.debug_pubnames
 *(.debug_pubnames)

.debug_info     0x00000000     0xfac5
 *(.debug_info .gnu.linkonce.wi.*)
 .debug_info    0x00000000      0xbbc C:/Program Files (x86)/Atmel/Studio/7.0/Packs/atmel/ATmega_DFP/1.7.374/gcc/dev/atmega2560/avr6/crtatmega2560.o
 .debug_info    0x00000bbc      0x528 application.o
 .debug_info    0x000010e4      0x3f5 configuration.o
 .debug_info    0x000014d9      0x339 downlinkHandler.o
 .debug_info    0x00001812      0x707 actionsController.o
 .debug_info    0x00001f19      0x971 FreeRTOS/src/event_groups.o
 .debug_info    0x0000288a      0x4e6 FreeRTOS/src/heap_4.o
 .debug_info    0x00002d70      0x2e7 FreeRTOS/src/list.o
 .debug_info    0x00003057      0x2ff FreeRTOS/src/port.o
 .debug_info    0x00003356     0x17e6 FreeRTOS/src/queue.o
 .debug_info    0x00004b3c     0x13df FreeRTOS/src/stream_buffer.o
 .debug_info    0x00005f1b     0x2239 FreeRTOS/src/tasks.o
 .debug_info    0x00008154     0x10dd FreeRTOS/src/timers.o
 .debug_info    0x00009231      0x20f FreeRTOS/src/variantHooks.o
 .debug_info    0x00009440      0x29e packageHandler.o
 .debug_info    0x000096de      0x3fd Sensors/co2Sensor.o
 .debug_info    0x00009adb      0x446 Sensors/lightSensor.o
 .debug_info    0x00009f21      0x46d Sensors/tempHumSensor.o
 .debug_info    0x0000a38e      0x2d6 initialize.o
 .debug_info    0x0000a664      0x106 servoController.o
 .debug_info    0x0000a76a      0x6a8 uplinkHandler.o
 .debug_info    0x0000ae12      0x2ed main.o
 .debug_info    0x0000b0ff      0x3a9 ../drivers\libIotLibrary.a(hih8120.o)
 .debug_info    0x0000b4a8     0x1747 ../drivers\libIotLibrary.a(lora_driver.o)
 .debug_info    0x0000cbef      0x143 ../drivers\libIotLibrary.a(lora_driver_utils.o)
 .debug_info    0x0000cd32      0x556 ../drivers\libIotLibrary.a(mh_z19.o)
 .debug_info    0x0000d288      0x10f ../drivers\libIotLibrary.a(rc_servo.o)
 .debug_info    0x0000d397      0xd9c ../drivers\libIotLibrary.a(serial.o)
 .debug_info    0x0000e133      0x3b6 ../drivers\libIotLibrary.a(stdio_driver.o)
 .debug_info    0x0000e4e9      0x522 ../drivers\libIotLibrary.a(status_leds.o)
 .debug_info    0x0000ea0b      0x99a ../drivers\libIotLibrary.a(tsl2591.o)
 .debug_info    0x0000f3a5      0x55d ../drivers\libIotLibrary.a(twi.o)
 .debug_info    0x0000f902      0x1c3 ../drivers\libIotLibrary.a(fifo.o)

.debug_abbrev   0x00000000     0x41ab
 *(.debug_abbrev)
 .debug_abbrev  0x00000000      0xb1a C:/Program Files (x86)/Atmel/Studio/7.0/Packs/atmel/ATmega_DFP/1.7.374/gcc/dev/atmega2560/avr6/crtatmega2560.o
 .debug_abbrev  0x00000b1a      0x18f application.o
 .debug_abbrev  0x00000ca9      0x15d configuration.o
 .debug_abbrev  0x00000e06      0x17d downlinkHandler.o
 .debug_abbrev  0x00000f83      0x184 actionsController.o
 .debug_abbrev  0x00001107      0x1dc FreeRTOS/src/event_groups.o
 .debug_abbrev  0x000012e3      0x200 FreeRTOS/src/heap_4.o
 .debug_abbrev  0x000014e3       0xff FreeRTOS/src/list.o
 .debug_abbrev  0x000015e2      0x179 FreeRTOS/src/port.o
 .debug_abbrev  0x0000175b      0x241 FreeRTOS/src/queue.o
 .debug_abbrev  0x0000199c      0x246 FreeRTOS/src/stream_buffer.o
 .debug_abbrev  0x00001be2      0x2c8 FreeRTOS/src/tasks.o
 .debug_abbrev  0x00001eaa      0x28c FreeRTOS/src/timers.o
 .debug_abbrev  0x00002136       0xff FreeRTOS/src/variantHooks.o
 .debug_abbrev  0x00002235      0x106 packageHandler.o
 .debug_abbrev  0x0000233b      0x1bf Sensors/co2Sensor.o
 .debug_abbrev  0x000024fa      0x1ad Sensors/lightSensor.o
 .debug_abbrev  0x000026a7      0x1b8 Sensors/tempHumSensor.o
 .debug_abbrev  0x0000285f       0xfb initialize.o
 .debug_abbrev  0x0000295a       0xae servoController.o
 .debug_abbrev  0x00002a08      0x206 uplinkHandler.o
 .debug_abbrev  0x00002c0e      0x108 main.o
 .debug_abbrev  0x00002d16      0x184 ../drivers\libIotLibrary.a(hih8120.o)
 .debug_abbrev  0x00002e9a      0x33b ../drivers\libIotLibrary.a(lora_driver.o)
 .debug_abbrev  0x000031d5       0xc0 ../drivers\libIotLibrary.a(lora_driver_utils.o)
 .debug_abbrev  0x00003295      0x238 ../drivers\libIotLibrary.a(mh_z19.o)
 .debug_abbrev  0x000034cd       0xbc ../drivers\libIotLibrary.a(rc_servo.o)
 .debug_abbrev  0x00003589      0x355 ../drivers\libIotLibrary.a(serial.o)
 .debug_abbrev  0x000038de      0x1b3 ../drivers\libIotLibrary.a(stdio_driver.o)
 .debug_abbrev  0x00003a91      0x1d7 ../drivers\libIotLibrary.a(status_leds.o)
 .debug_abbrev  0x00003c68      0x244 ../drivers\libIotLibrary.a(tsl2591.o)
 .debug_abbrev  0x00003eac      0x217 ../drivers\libIotLibrary.a(twi.o)
 .debug_abbrev  0x000040c3       0xe8 ../drivers\libIotLibrary.a(fifo.o)

.debug_line     0x00000000     0x7d2e
 *(.debug_line .debug_line.* .debug_line_end)
 .debug_line    0x00000000      0x1fa C:/Program Files (x86)/Atmel/Studio/7.0/Packs/atmel/ATmega_DFP/1.7.374/gcc/dev/atmega2560/avr6/crtatmega2560.o
 .debug_line    0x000001fa      0x231 application.o
 .debug_line    0x0000042b      0x225 configuration.o
 .debug_line    0x00000650      0x1b1 downlinkHandler.o
 .debug_line    0x00000801      0x30e actionsController.o
 .debug_line    0x00000b0f      0x413 FreeRTOS/src/event_groups.o
 .debug_line    0x00000f22      0x41f FreeRTOS/src/heap_4.o
 .debug_line    0x00001341      0x1db FreeRTOS/src/list.o
 .debug_line    0x0000151c      0x28a FreeRTOS/src/port.o
 .debug_line    0x000017a6      0xbe3 FreeRTOS/src/queue.o
 .debug_line    0x00002389      0x79a FreeRTOS/src/stream_buffer.o
 .debug_line    0x00002b23     0x15ba FreeRTOS/src/tasks.o
 .debug_line    0x000040dd      0x624 FreeRTOS/src/timers.o
 .debug_line    0x00004701      0x1af FreeRTOS/src/variantHooks.o
 .debug_line    0x000048b0      0x189 packageHandler.o
 .debug_line    0x00004a39      0x1e9 Sensors/co2Sensor.o
 .debug_line    0x00004c22      0x1fd Sensors/lightSensor.o
 .debug_line    0x00004e1f      0x21c Sensors/tempHumSensor.o
 .debug_line    0x0000503b      0x207 initialize.o
 .debug_line    0x00005242       0xdb servoController.o
 .debug_line    0x0000531d      0x275 uplinkHandler.o
 .debug_line    0x00005592      0x211 main.o
 .debug_line    0x000057a3      0x24a ../drivers\libIotLibrary.a(hih8120.o)
 .debug_line    0x000059ed      0x9aa ../drivers\libIotLibrary.a(lora_driver.o)
 .debug_line    0x00006397      0x195 ../drivers\libIotLibrary.a(lora_driver_utils.o)
 .debug_line    0x0000652c      0x2fc ../drivers\libIotLibrary.a(mh_z19.o)
 .debug_line    0x00006828       0xfd ../drivers\libIotLibrary.a(rc_servo.o)
 .debug_line    0x00006925      0x6a1 ../drivers\libIotLibrary.a(serial.o)
 .debug_line    0x00006fc6      0x146 ../drivers\libIotLibrary.a(stdio_driver.o)
 .debug_line    0x0000710c      0x32c ../drivers\libIotLibrary.a(status_leds.o)
 .debug_line    0x00007438      0x4bf ../drivers\libIotLibrary.a(tsl2591.o)
 .debug_line    0x000078f7      0x31c ../drivers\libIotLibrary.a(twi.o)
 .debug_line    0x00007c13      0x11b ../drivers\libIotLibrary.a(fifo.o)

.debug_frame    0x00000000     0x2c58
 *(.debug_frame)
 .debug_frame   0x00000000       0x54 application.o
 .debug_frame   0x00000054      0x128 configuration.o
 .debug_frame   0x0000017c       0x60 downlinkHandler.o
 .debug_frame   0x000001dc       0x84 actionsController.o
 .debug_frame   0x00000260      0x1dc FreeRTOS/src/event_groups.o
 .debug_frame   0x0000043c       0xfc FreeRTOS/src/heap_4.o
 .debug_frame   0x00000538       0x90 FreeRTOS/src/list.o
 .debug_frame   0x000005c8       0x94 FreeRTOS/src/port.o
 .debug_frame   0x0000065c      0x3a4 FreeRTOS/src/queue.o
 .debug_frame   0x00000a00      0x40c FreeRTOS/src/stream_buffer.o
 .debug_frame   0x00000e0c      0x7a0 FreeRTOS/src/tasks.o
 .debug_frame   0x000015ac      0x3ac FreeRTOS/src/timers.o
 .debug_frame   0x00001958       0x64 FreeRTOS/src/variantHooks.o
 .debug_frame   0x000019bc       0x74 packageHandler.o
 .debug_frame   0x00001a30       0x90 Sensors/co2Sensor.o
 .debug_frame   0x00001ac0       0x94 Sensors/lightSensor.o
 .debug_frame   0x00001b54       0xb0 Sensors/tempHumSensor.o
 .debug_frame   0x00001c04       0x54 initialize.o
 .debug_frame   0x00001c58       0x34 servoController.o
 .debug_frame   0x00001c8c       0xac uplinkHandler.o
 .debug_frame   0x00001d38       0x44 main.o
 .debug_frame   0x00001d7c       0xc0 ../drivers\libIotLibrary.a(hih8120.o)
 .debug_frame   0x00001e3c      0x460 ../drivers\libIotLibrary.a(lora_driver.o)
 .debug_frame   0x0000229c       0x48 ../drivers\libIotLibrary.a(lora_driver_utils.o)
 .debug_frame   0x000022e4      0x100 ../drivers\libIotLibrary.a(mh_z19.o)
 .debug_frame   0x000023e4       0x34 ../drivers\libIotLibrary.a(rc_servo.o)
 .debug_frame   0x00002418      0x384 ../drivers\libIotLibrary.a(serial.o)
 .debug_frame   0x0000279c       0x94 ../drivers\libIotLibrary.a(stdio_driver.o)
 .debug_frame   0x00002830       0xec ../drivers\libIotLibrary.a(status_leds.o)
 .debug_frame   0x0000291c      0x1ec ../drivers\libIotLibrary.a(tsl2591.o)
 .debug_frame   0x00002b08      0x12c ../drivers\libIotLibrary.a(twi.o)
 .debug_frame   0x00002c34       0x24 ../drivers\libIotLibrary.a(fifo.o)

.debug_str      0x00000000     0x4eef
 *(.debug_str)
 .debug_str     0x00000000      0x3e6 C:/Program Files (x86)/Atmel/Studio/7.0/Packs/atmel/ATmega_DFP/1.7.374/gcc/dev/atmega2560/avr6/crtatmega2560.o
 .debug_str     0x000003e6      0x417 application.o
                                0x48b (size before relaxing)
 .debug_str     0x000007fd      0x204 configuration.o
                                0x42a (size before relaxing)
 .debug_str     0x00000a01       0x8b downlinkHandler.o
                                0x369 (size before relaxing)
 .debug_str     0x00000a8c      0x135 actionsController.o
                                0x58b (size before relaxing)
 .debug_str     0x00000bc1      0x36f FreeRTOS/src/event_groups.o
                                0x59b (size before relaxing)
 .debug_str     0x00000f30      0x2ce FreeRTOS/src/heap_4.o
                                0x491 (size before relaxing)
 .debug_str     0x000011fe       0x89 FreeRTOS/src/list.o
                                0x2cd (size before relaxing)
 .debug_str     0x00001287      0x147 FreeRTOS/src/port.o
                                0x302 (size before relaxing)
 .debug_str     0x000013ce      0x613 FreeRTOS/src/queue.o
                                0x941 (size before relaxing)
 .debug_str     0x000019e1      0x49f FreeRTOS/src/stream_buffer.o
                                0x7ca (size before relaxing)
 .debug_str     0x00001e80      0x89a FreeRTOS/src/tasks.o
                                0xf62 (size before relaxing)
 .debug_str     0x0000271a      0x414 FreeRTOS/src/timers.o
                                0x838 (size before relaxing)
 .debug_str     0x00002b2e       0x81 FreeRTOS/src/variantHooks.o
                                0x279 (size before relaxing)
 .debug_str     0x00002baf       0x7e packageHandler.o
                                0x2bd (size before relaxing)
 .debug_str     0x00002c2d      0x160 Sensors/co2Sensor.o
                                0x3cb (size before relaxing)
 .debug_str     0x00002d8d      0x17e Sensors/lightSensor.o
                                0x402 (size before relaxing)
 .debug_str     0x00002f0b      0x19d Sensors/tempHumSensor.o
                                0x459 (size before relaxing)
 .debug_str     0x000030a8       0x5a initialize.o
                                0x331 (size before relaxing)
 .debug_str     0x00003102       0x5c servoController.o
                                0x1de (size before relaxing)
 .debug_str     0x0000315e      0x39d uplinkHandler.o
                                0x656 (size before relaxing)
 .debug_str     0x000034fb       0x72 main.o
                                0x383 (size before relaxing)
 .debug_str     0x0000356d      0x2c7 ../drivers\libIotLibrary.a(hih8120.o)
                                0x45c (size before relaxing)
 .debug_str     0x00003834      0x6de ../drivers\libIotLibrary.a(lora_driver.o)
                                0xcdb (size before relaxing)
 .debug_str     0x00003f12       0x4f ../drivers\libIotLibrary.a(lora_driver_utils.o)
                                0x206 (size before relaxing)
 .debug_str     0x00003f61      0x101 ../drivers\libIotLibrary.a(mh_z19.o)
                                0x489 (size before relaxing)
 .debug_str     0x00004062       0x2c ../drivers\libIotLibrary.a(rc_servo.o)
                                0x1e2 (size before relaxing)
 .debug_str     0x0000408e      0x2e7 ../drivers\libIotLibrary.a(serial.o)
                                0x628 (size before relaxing)
 .debug_str     0x00004375       0xa6 ../drivers\libIotLibrary.a(stdio_driver.o)
                                0x37d (size before relaxing)
 .debug_str     0x0000441b      0x11a ../drivers\libIotLibrary.a(status_leds.o)
                                0x381 (size before relaxing)
 .debug_str     0x00004535      0x6b3 ../drivers\libIotLibrary.a(tsl2591.o)
                                0xaaf (size before relaxing)
 .debug_str     0x00004be8      0x2e5 ../drivers\libIotLibrary.a(twi.o)
                                0x5b4 (size before relaxing)
 .debug_str     0x00004ecd       0x22 ../drivers\libIotLibrary.a(fifo.o)
                                0x239 (size before relaxing)

.debug_loc      0x00000000     0xd3e0
 *(.debug_loc)
 .debug_loc     0x00000000      0x112 application.o
 .debug_loc     0x00000112      0x213 configuration.o
 .debug_loc     0x00000325      0x105 downlinkHandler.o
 .debug_loc     0x0000042a      0x49e actionsController.o
 .debug_loc     0x000008c8      0xcc9 FreeRTOS/src/event_groups.o
 .debug_loc     0x00001591      0x4be FreeRTOS/src/heap_4.o
 .debug_loc     0x00001a4f      0x17d FreeRTOS/src/list.o
 .debug_loc     0x00001bcc       0xf6 FreeRTOS/src/port.o
 .debug_loc     0x00001cc2     0x1abd FreeRTOS/src/queue.o
 .debug_loc     0x0000377f     0x1daf FreeRTOS/src/stream_buffer.o
 .debug_loc     0x0000552e     0x2a07 FreeRTOS/src/tasks.o
 .debug_loc     0x00007f35     0x10f3 FreeRTOS/src/timers.o
 .debug_loc     0x00009028       0xdc FreeRTOS/src/variantHooks.o
 .debug_loc     0x00009104       0x3e packageHandler.o
 .debug_loc     0x00009142       0xc2 Sensors/co2Sensor.o
 .debug_loc     0x00009204      0x105 Sensors/lightSensor.o
 .debug_loc     0x00009309      0x14c Sensors/tempHumSensor.o
 .debug_loc     0x00009455       0x49 initialize.o
 .debug_loc     0x0000949e       0x42 servoController.o
 .debug_loc     0x000094e0      0x212 uplinkHandler.o
 .debug_loc     0x000096f2       0x9f ../drivers\libIotLibrary.a(hih8120.o)
 .debug_loc     0x00009791     0x1216 ../drivers\libIotLibrary.a(lora_driver.o)
 .debug_loc     0x0000a9a7      0x1d2 ../drivers\libIotLibrary.a(lora_driver_utils.o)
 .debug_loc     0x0000ab79      0x37c ../drivers\libIotLibrary.a(mh_z19.o)
 .debug_loc     0x0000aef5       0x2f ../drivers\libIotLibrary.a(rc_servo.o)
 .debug_loc     0x0000af24     0x114c ../drivers\libIotLibrary.a(serial.o)
 .debug_loc     0x0000c070      0x18c ../drivers\libIotLibrary.a(stdio_driver.o)
 .debug_loc     0x0000c1fc      0x292 ../drivers\libIotLibrary.a(status_leds.o)
 .debug_loc     0x0000c48e      0x87f ../drivers\libIotLibrary.a(tsl2591.o)
 .debug_loc     0x0000cd0d      0x575 ../drivers\libIotLibrary.a(twi.o)
 .debug_loc     0x0000d282      0x15e ../drivers\libIotLibrary.a(fifo.o)

.debug_macinfo
 *(.debug_macinfo)

.debug_weaknames
 *(.debug_weaknames)

.debug_funcnames
 *(.debug_funcnames)

.debug_typenames
 *(.debug_typenames)

.debug_varnames
 *(.debug_varnames)

.debug_pubtypes
 *(.debug_pubtypes)

.debug_ranges   0x00000000      0xc30
 *(.debug_ranges)
 .debug_ranges  0x00000000       0x18 application.o
 .debug_ranges  0x00000018       0x68 configuration.o
 .debug_ranges  0x00000080       0x18 downlinkHandler.o
 .debug_ranges  0x00000098       0x30 actionsController.o
 .debug_ranges  0x000000c8       0x70 FreeRTOS/src/event_groups.o
 .debug_ranges  0x00000138       0x48 FreeRTOS/src/heap_4.o
 .debug_ranges  0x00000180       0x30 FreeRTOS/src/list.o
 .debug_ranges  0x000001b0       0x48 FreeRTOS/src/port.o
 .debug_ranges  0x000001f8      0x130 FreeRTOS/src/queue.o
 .debug_ranges  0x00000328       0xb0 FreeRTOS/src/stream_buffer.o
 .debug_ranges  0x000003d8      0x200 FreeRTOS/src/tasks.o
 .debug_ranges  0x000005d8       0xb8 FreeRTOS/src/timers.o
 .debug_ranges  0x00000690       0x30 FreeRTOS/src/variantHooks.o
 .debug_ranges  0x000006c0       0x38 packageHandler.o
 .debug_ranges  0x000006f8       0x38 Sensors/co2Sensor.o
 .debug_ranges  0x00000730       0x38 Sensors/lightSensor.o
 .debug_ranges  0x00000768       0x40 Sensors/tempHumSensor.o
 .debug_ranges  0x000007a8       0x20 initialize.o
 .debug_ranges  0x000007c8       0x18 servoController.o
 .debug_ranges  0x000007e0       0x20 uplinkHandler.o
 .debug_ranges  0x00000800       0x20 main.o
 .debug_ranges  0x00000820       0x58 ../drivers\libIotLibrary.a(hih8120.o)
 .debug_ranges  0x00000878      0x128 ../drivers\libIotLibrary.a(lora_driver.o)
 .debug_ranges  0x000009a0       0x30 ../drivers\libIotLibrary.a(lora_driver_utils.o)
 .debug_ranges  0x000009d0       0x48 ../drivers\libIotLibrary.a(mh_z19.o)
 .debug_ranges  0x00000a18       0x18 ../drivers\libIotLibrary.a(rc_servo.o)
 .debug_ranges  0x00000a30       0x98 ../drivers\libIotLibrary.a(serial.o)
 .debug_ranges  0x00000ac8       0x28 ../drivers\libIotLibrary.a(stdio_driver.o)
 .debug_ranges  0x00000af0       0x58 ../drivers\libIotLibrary.a(status_leds.o)
 .debug_ranges  0x00000b48       0x98 ../drivers\libIotLibrary.a(tsl2591.o)
 .debug_ranges  0x00000be0       0x40 ../drivers\libIotLibrary.a(twi.o)
 .debug_ranges  0x00000c20       0x10 ../drivers\libIotLibrary.a(fifo.o)

.debug_macro
 *(.debug_macro)
OUTPUT(SEP4_Greenhouse.elf elf32-avr)
LOAD linker stubs
