Archive member included to satisfy reference by file (symbol)

../drivers\libIotLibrary.a(hih8120.o)
                              DriverConnection/TempHumSensor.o (hih8120_initialise)
../drivers\libIotLibrary.a(lora_driver.o)
                              LoRaWANHandler.o (lora_driver_flushBuffers)
../drivers\libIotLibrary.a(lora_driver_utils.o)
                              ../drivers\libIotLibrary.a(lora_driver.o) (decode_port_no)
../drivers\libIotLibrary.a(mh_z19.o)
                              DriverConnection/CO2Sensor.o (mh_z19_initialise)
../drivers\libIotLibrary.a(serial.o)
                              ../drivers\libIotLibrary.a(lora_driver.o) (serial_create)
../drivers\libIotLibrary.a(stdio_driver.o)
                              main.o (stdio_initialise)
../drivers\libIotLibrary.a(status_leds.o)
                              main.o (status_leds_initialise)
../drivers\libIotLibrary.a(twi.o)
                              ../drivers\libIotLibrary.a(hih8120.o) (twiCreate)
../drivers\libIotLibrary.a(fifo.o)
                              ../drivers\libIotLibrary.a(serial.o) (fifo_init)
c:/program files (x86)/atmel/studio/7.0/toolchain/avr8/avr8-gnu-toolchain/bin/../lib/gcc/avr/5.4.0/../../../../avr/lib/avr6\libprintf_flt.a(vfprintf_flt.o)
                              (vfprintf)
c:/program files (x86)/atmel/studio/7.0/toolchain/avr8/avr8-gnu-toolchain/bin/../lib/gcc/avr/5.4.0/../../../../avr/lib/avr6\libm.a(addsf3.o)
                              ../drivers\libIotLibrary.a(hih8120.o) (__subsf3)
c:/program files (x86)/atmel/studio/7.0/toolchain/avr8/avr8-gnu-toolchain/bin/../lib/gcc/avr/5.4.0/../../../../avr/lib/avr6\libm.a(addsf3x.o)
                              c:/program files (x86)/atmel/studio/7.0/toolchain/avr8/avr8-gnu-toolchain/bin/../lib/gcc/avr/5.4.0/../../../../avr/lib/avr6\libm.a(addsf3.o) (__addsf3x)
c:/program files (x86)/atmel/studio/7.0/toolchain/avr8/avr8-gnu-toolchain/bin/../lib/gcc/avr/5.4.0/../../../../avr/lib/avr6\libm.a(divsf3.o)
                              ../drivers\libIotLibrary.a(hih8120.o) (__divsf3)
c:/program files (x86)/atmel/studio/7.0/toolchain/avr8/avr8-gnu-toolchain/bin/../lib/gcc/avr/5.4.0/../../../../avr/lib/avr6\libm.a(divsf3x.o)
                              c:/program files (x86)/atmel/studio/7.0/toolchain/avr8/avr8-gnu-toolchain/bin/../lib/gcc/avr/5.4.0/../../../../avr/lib/avr6\libm.a(divsf3.o) (__divsf3x)
c:/program files (x86)/atmel/studio/7.0/toolchain/avr8/avr8-gnu-toolchain/bin/../lib/gcc/avr/5.4.0/../../../../avr/lib/avr6\libm.a(fixsfsi.o)
                              ../drivers\libIotLibrary.a(hih8120.o) (__fixsfsi)
c:/program files (x86)/atmel/studio/7.0/toolchain/avr8/avr8-gnu-toolchain/bin/../lib/gcc/avr/5.4.0/../../../../avr/lib/avr6\libm.a(fixunssfsi.o)
                              ../drivers\libIotLibrary.a(hih8120.o) (__fixunssfsi)
c:/program files (x86)/atmel/studio/7.0/toolchain/avr8/avr8-gnu-toolchain/bin/../lib/gcc/avr/5.4.0/../../../../avr/lib/avr6\libm.a(floatsisf.o)
                              ../drivers\libIotLibrary.a(hih8120.o) (__floatunsisf)
c:/program files (x86)/atmel/studio/7.0/toolchain/avr8/avr8-gnu-toolchain/bin/../lib/gcc/avr/5.4.0/../../../../avr/lib/avr6\libm.a(fp_inf.o)
                              c:/program files (x86)/atmel/studio/7.0/toolchain/avr8/avr8-gnu-toolchain/bin/../lib/gcc/avr/5.4.0/../../../../avr/lib/avr6\libm.a(addsf3x.o) (__fp_inf)
c:/program files (x86)/atmel/studio/7.0/toolchain/avr8/avr8-gnu-toolchain/bin/../lib/gcc/avr/5.4.0/../../../../avr/lib/avr6\libm.a(fp_nan.o)
                              c:/program files (x86)/atmel/studio/7.0/toolchain/avr8/avr8-gnu-toolchain/bin/../lib/gcc/avr/5.4.0/../../../../avr/lib/avr6\libm.a(addsf3x.o) (__fp_nan)
c:/program files (x86)/atmel/studio/7.0/toolchain/avr8/avr8-gnu-toolchain/bin/../lib/gcc/avr/5.4.0/../../../../avr/lib/avr6\libm.a(fp_pscA.o)
                              c:/program files (x86)/atmel/studio/7.0/toolchain/avr8/avr8-gnu-toolchain/bin/../lib/gcc/avr/5.4.0/../../../../avr/lib/avr6\libm.a(addsf3x.o) (__fp_pscA)
c:/program files (x86)/atmel/studio/7.0/toolchain/avr8/avr8-gnu-toolchain/bin/../lib/gcc/avr/5.4.0/../../../../avr/lib/avr6\libm.a(fp_pscB.o)
                              c:/program files (x86)/atmel/studio/7.0/toolchain/avr8/avr8-gnu-toolchain/bin/../lib/gcc/avr/5.4.0/../../../../avr/lib/avr6\libm.a(addsf3x.o) (__fp_pscB)
c:/program files (x86)/atmel/studio/7.0/toolchain/avr8/avr8-gnu-toolchain/bin/../lib/gcc/avr/5.4.0/../../../../avr/lib/avr6\libm.a(fp_round.o)
                              c:/program files (x86)/atmel/studio/7.0/toolchain/avr8/avr8-gnu-toolchain/bin/../lib/gcc/avr/5.4.0/../../../../avr/lib/avr6\libm.a(addsf3.o) (__fp_round)
c:/program files (x86)/atmel/studio/7.0/toolchain/avr8/avr8-gnu-toolchain/bin/../lib/gcc/avr/5.4.0/../../../../avr/lib/avr6\libm.a(fp_split3.o)
[...]
Memory Configuration

Name             Origin             Length             Attributes
text             0x00000000         0x00040000         xr
data             0x00800200         0x00002000         rw !x
eeprom           0x00810000         0x00001000         rw !x
fuse             0x00820000         0x00000003         rw !x
lock             0x00830000         0x00000400         rw !x
signature        0x00840000         0x00000400         rw !x
user_signatures  0x00850000         0x00000400         rw !x
*default*        0x00000000         0xffffffff

Linker script and memory map

Address of section .data set to 0x800200
LOAD C:/Program Files (x86)/Atmel/Studio/7.0/Packs/atmel/ATmega_DFP/1.7.374/gcc/dev/atmega2560/avr6/crtatmega2560.o
LOAD Application.o
LOAD DriverConnection/CO2Sensor.o
LOAD DriverConnection/TempHumSensor.o
LOAD FreeRTOS/FreeRTOSTraceDriver/FreeRTOSTraceDriver.o
LOAD FreeRTOS/src/croutine.o
LOAD FreeRTOS/src/event_groups.o
LOAD FreeRTOS/src/heap_4.o
LOAD FreeRTOS/src/list.o
LOAD FreeRTOS/src/port.o
LOAD FreeRTOS/src/queue.o
LOAD FreeRTOS/src/stream_buffer.o
LOAD FreeRTOS/src/tasks.o
LOAD FreeRTOS/src/timers.o
LOAD FreeRTOS/src/variantHooks.o
LOAD LoRaWANHandler.o
LOAD main.o
START GROUP
LOAD c:/program files (x86)/atmel/studio/7.0/toolchain/avr8/avr8-gnu-toolchain/bin/../lib/gcc/avr/5.4.0/../../../../avr/lib/avr6\libm.a
LOAD ../drivers\libIotLibrary.a
LOAD c:/program files (x86)/atmel/studio/7.0/toolchain/avr8/avr8-gnu-toolchain/bin/../lib/gcc/avr/5.4.0/../../../../avr/lib/avr6\libprintf_flt.a
END GROUP
LOAD c:/program files (x86)/atmel/studio/7.0/toolchain/avr8/avr8-gnu-toolchain/bin/../lib/gcc/avr/5.4.0/avr6\libgcc.a
LOAD c:/program files (x86)/atmel/studio/7.0/toolchain/avr8/avr8-gnu-toolchain/bin/../lib/gcc/avr/5.4.0/../../../../avr/lib/avr6\libm.a
START GROUP
LOAD c:/program files (x86)/atmel/studio/7.0/toolchain/avr8/avr8-gnu-toolchain/bin/../lib/gcc/avr/5.4.0/avr6\libgcc.a
LOAD c:/program files (x86)/atmel/studio/7.0/toolchain/avr8/avr8-gnu-toolchain/bin/../lib/gcc/avr/5.4.0/../../../../avr/lib/avr6\libm.a
LOAD c:/program files (x86)/atmel/studio/7.0/toolchain/avr8/avr8-gnu-toolchain/bin/../lib/gcc/avr/5.4.0/../../../../avr/lib/avr6\libc.a
LOAD C:/Program Files (x86)/Atmel/Studio/7.0/Packs/atmel/ATmega_DFP/1.7.374/gcc/dev/atmega2560/avr6\libatmega2560.a
END GROUP
                0x00000000                __TEXT_REGION_ORIGIN__ = DEFINED (__TEXT_REGION_ORIGIN__)?__TEXT_REGION_ORIGIN__:0x0
                [0x00800200]                __DATA_REGION_ORIGIN__ = DEFINED (__DATA_REGION_ORIGIN__)?__DATA_REGION_ORIGIN__:0x800200
                [0x00040000]                __TEXT_REGION_LENGTH__ = DEFINED (__TEXT_REGION_LENGTH__)?__TEXT_REGION_LENGTH__:0x100000
                [0x00002000]                __DATA_REGION_LENGTH__ = DEFINED (__DATA_REGION_LENGTH__)?__DATA_REGION_LENGTH__:0xfe00
                [0x00001000]                __EEPROM_REGION_LENGTH__ = DEFINED (__EEPROM_REGION_LENGTH__)?__EEPROM_REGION_LENGTH__:0x10000
                [0x00000003]                __FUSE_REGION_LENGTH__ = DEFINED (__FUSE_REGION_LENGTH__)?__FUSE_REGION_LENGTH__:0x400
                0x00000400                __LOCK_REGION_LENGTH__ = DEFINED (__LOCK_REGION_LENGTH__)?__LOCK_REGION_LENGTH__:0x400
                0x00000400                __SIGNATURE_REGION_LENGTH__ = DEFINED (__SIGNATURE_REGION_LENGTH__)?__SIGNATURE_REGION_LENGTH__:0x400
                0x00000400                __USER_SIGNATURE_REGION_LENGTH__ = DEFINED (__USER_SIGNATURE_REGION_LENGTH__)?__USER_SIGNATURE_REGION_LENGTH__:0x400

.hash
 *(.hash)

.dynsym
 *(.dynsym)

.dynstr
 *(.dynstr)

.gnu.version
 *(.gnu.version)

.gnu.version_d
 *(.gnu.version_d)

.gnu.version_r
 *(.gnu.version_r)

.rel.init
 *(.rel.init)

.rela.init
 *(.rela.init)

.rel.text
 *(.rel.text)
 *(.rel.text.*)
 *(.rel.gnu.linkonce.t*)

.rela.text
 *(.rela.text)
 *(.rela.text.*)
 *(.rela.gnu.linkonce.t*)

.rel.fini
 *(.rel.fini)

.rela.fini
 *(.rela.fini)

.rel.rodata
 *(.rel.rodata)
 *(.rel.rodata.*)
 *(.rel.gnu.linkonce.r*)

.rela.rodata
 *(.rela.rodata)
 *(.rela.rodata.*)
 *(.rela.gnu.linkonce.r*)

.rel.data
 *(.rel.data)
 *(.rel.data.*)
 *(.rel.gnu.linkonce.d*)

.rela.data
 *(.rela.data)
 *(.rela.data.*)
 *(.rela.gnu.linkonce.d*)

.rel.ctors
 *(.rel.ctors)

.rela.ctors
 *(.rela.ctors)

.rel.dtors
 *(.rel.dtors)

.rela.dtors
 *(.rela.dtors)

.rel.got
 *(.rel.got)

.rela.got
 *(.rela.got)

.rel.bss
 *(.rel.bss)

.rela.bss
 *(.rela.bss)

.rel.plt
 *(.rel.plt)

.rela.plt
 *(.rela.plt)

.text           0x00000000     0x5244
 *(.vectors)
 .vectors       0x00000000       0xe4 C:/Program Files (x86)/Atmel/Studio/7.0/Packs/atmel/ATmega_DFP/1.7.374/gcc/dev/atmega2560/avr6/crtatmega2560.o
                0x00000000                __vector_default
                0x00000000                __vectors
 *(.vectors)
 *(.progmem.gcc*)
 .progmem.gcc_sw_table.prvProcessReceivedCommands
                0x000000e4       0x14 FreeRTOS/src/timers.o
 .progmem.gcc_sw_table.__vector_39
                0x000000f8       0xa2 ../drivers\libIotLibrary.a(twi.o)
                0x0000019a                . = ALIGN (0x2)
                0x0000019a                __trampolines_start = .
 *(.trampolines)
 .trampolines   0x0000019a        0x0 linker stubs
 *(.trampolines*)
                0x0000019a                __trampolines_end = .
 *libprintf_flt.a:*(.progmem.data)
 .progmem.data  0x0000019a        0x8 c:/program files (x86)/atmel/studio/7.0/toolchain/avr8/avr8-gnu-toolchain/bin/../lib/gcc/avr/5.4.0/../../../../avr/lib/avr6\libprintf_flt.a(vfprintf_flt.o)
 *libc.a:*(.progmem.data)
 .progmem.data  0x000001a2       0xfa c:/program files (x86)/atmel/studio/7.0/toolchain/avr8/avr8-gnu-toolchain/bin/../lib/gcc/avr/5.4.0/../../../../avr/lib/avr6\libc.a(ftoa_engine.o)
 *(.progmem*)
                0x0000029c                . = ALIGN (0x2)
 *(.jumptables)
 *(.jumptables*)
 *(.lowtext)
 .lowtext       0x0000029c       0x14 FreeRTOS/src/tasks.o
 .lowtext       0x000002b0       0x1e FreeRTOS/src/timers.o
 *(.lowtext*)
                0x000002ce                __ctors_start = .
 *(.ctors)
                0x000002ce                __ctors_end = .
                0x000002ce                __dtors_start = .
 *(.dtors)
                0x000002ce                __dtors_end = .
 SORT(*)(.ctors)
 SORT(*)(.dtors)
 *(.init0)
 .init0         0x000002ce        0x0 C:/Program Files (x86)/Atmel/Studio/7.0/Packs/atmel/ATmega_DFP/1.7.374/gcc/dev/atmega2560/avr6/crtatmega2560.o
                0x000002ce                __init
 *(.init0)
 *(.init1)
 *(.init1)
 *(.init2)
 .init2         0x000002ce       0x10 C:/Program Files (x86)/Atmel/Studio/7.0/Packs/atmel/ATmega_DFP/1.7.374/gcc/dev/atmega2560/avr6/crtatmega2560.o
 *(.init2)
 *(.init3)
 *(.init3)
 *(.init4)
 .init4         0x000002de       0x1a c:/program files (x86)/atmel/studio/7.0/toolchain/avr8/avr8-gnu-toolchain/bin/../lib/gcc/avr/5.4.0/avr6\libgcc.a(_copy_data.o)
                0x000002de                __do_copy_data
 .init4         0x000002f8       0x10 c:/program files (x86)/atmel/studio/7.0/toolchain/avr8/avr8-gnu-toolchain/bin/../lib/gcc/avr/5.4.0/avr6\libgcc.a(_clear_bss.o)
                0x000002f8                __do_clear_bss
 *(.init4)
 *(.init5)
 *(.init5)
 *(.init6)
 *(.init6)
 *(.init7)
 *(.init7)
 *(.init8)
 *(.init8)
 *(.init9)
 .init9         0x00000308        0x8 C:/Program Files (x86)/Atmel/Studio/7.0/Packs/atmel/ATmega_DFP/1.7.374/gcc/dev/atmega2560/avr6/crtatmega2560.o
 *(.init9)
 *(.text)
 .text          0x00000310        0x2 C:/Program Files (x86)/Atmel/Studio/7.0/Packs/atmel/ATmega_DFP/1.7.374/gcc/dev/atmega2560/avr6/crtatmega2560.o
                0x00000310                __vector_38
                0x00000310                __vector_22
                0x00000310                __vector_28
                0x00000310                __vector_1
                0x00000310                __vector_32
                0x00000310                __vector_34
                0x00000310                __vector_24
                0x00000310                __vector_46
                0x00000310                __bad_interrupt
                0x00000310                __vector_6
                0x00000310                __vector_31
                0x00000310                __vector_35
                0x00000310                __vector_3
                0x00000310                __vector_23
                0x00000310                __vector_30
                0x00000310                __vector_45
                0x00000310                __vector_11
                0x00000310                __vector_13
                0x00000310                __vector_17
                0x00000310                __vector_19
                0x00000310                __vector_56
                0x00000310                __vector_7
                0x00000310                __vector_49
                0x00000310                __vector_41
                0x00000310                __vector_43
                0x00000310                __vector_27
                0x00000310                __vector_5
                0x00000310                __vector_33
                0x00000310                __vector_47
                0x00000310                __vector_4
                0x00000310                __vector_44
                0x00000310                __vector_9
                0x00000310                __vector_2
                0x00000310                __vector_21
                0x00000310                __vector_15
                0x00000310                __vector_29
                0x00000310                __vector_40
                0x00000310                __vector_8
                0x00000310                __vector_48
                0x00000310                __vector_14
                0x00000310                __vector_53
                0x00000310                __vector_10
                0x00000310                __vector_50
                0x00000310                __vector_16
                0x00000310                __vector_18
                0x00000310                __vector_20
                0x00000310                __vector_42
                0x00000312                . = ALIGN (0x2)
 *(.text.*)
 .text.run_all_Task
                0x00000312        0x6 Application.o
                0x00000312                run_all_Task
 .text.initialize_everything
                0x00000318       0x16 Application.o
                0x00000318                initialize_everything
 .text.MainApplicationTask
                0x0000032e       0xe0 Application.o
                0x0000032e                MainApplicationTask
 .text.myCo2CallBack
                0x0000040e        0xa DriverConnection/CO2Sensor.o
                0x0000040e                myCo2CallBack
 .text.CO2_createSensor
                0x00000418       0x10 DriverConnection/CO2Sensor.o
                0x00000418                CO2_createSensor
 .text.CO2_measure
                0x00000428       0x30 DriverConnection/CO2Sensor.o
                0x00000428                CO2_measure
 .text.MeasureCo2Task
                0x00000458       0x68 DriverConnection/CO2Sensor.o
                0x00000458                MeasureCo2Task
 .text.CO2_getPPM
                0x000004c0        0xa DriverConnection/CO2Sensor.o
                0x000004c0                CO2_getPPM
 .text.createCO2SensorTask
                0x000004ca       0x2a DriverConnection/CO2Sensor.o
                0x000004ca                createCO2SensorTask
 .text.initialise_TempHumSensor
                0x000004f4       0x2c DriverConnection/TempHumSensor.o
                0x000004f4                initialise_TempHumSensor
 .text.create_TempHumSensorTask
                0x00000520       0x2a DriverConnection/TempHumSensor.o
                0x00000520                create_TempHumSensorTask
 .text.measure_Temp_Hum
                0x0000054a       0x4a DriverConnection/TempHumSensor.o
                0x0000054a                measure_Temp_Hum
 .text.Temp_Hum_Main_Task
                0x00000594       0x60 DriverConnection/TempHumSensor.o
                0x00000594                Temp_Hum_Main_Task
 .text.TempHumSensor_getTemp
                0x000005f4        0xa DriverConnection/TempHumSensor.o
                0x000005f4                TempHumSensor_getTemp
 .text.TempHumSensor_getHum
                0x000005fe        0xa DriverConnection/TempHumSensor.o
                0x000005fe                TempHumSensor_getHum
 .text.prvTestWaitCondition
                0x00000608       0x42 FreeRTOS/src/event_groups.o
 .text.xEventGroupCreate
                0x0000064a       0x26 FreeRTOS/src/event_groups.o
                0x0000064a                xEventGroupCreate
 .text.xEventGroupWaitBits
                0x00000670      0x140 FreeRTOS/src/event_groups.o
                0x00000670                xEventGroupWaitBits
 .text.xEventGroupSetBits
                0x000007b0      0x11c FreeRTOS/src/event_groups.o
                0x000007b0                xEventGroupSetBits
 .text.prvHeapInit
                0x000008cc       0x52 FreeRTOS/src/heap_4.o
 .text.prvInsertBlockIntoFreeList
                0x0000091e       0x94 FreeRTOS/src/heap_4.o
 .text.pvPortMalloc
                0x000009b2      0x152 FreeRTOS/src/heap_4.o
                0x000009b2                pvPortMalloc
 .text.vPortFree
                0x00000b04       0x7a FreeRTOS/src/heap_4.o
                0x00000b04                vPortFree
 .text.vListInitialise
                0x00000b7e       0x22 FreeRTOS/src/list.o
                0x00000b7e                vListInitialise
 .text.vListInitialiseItem
                0x00000ba0        0x8 FreeRTOS/src/list.o
                0x00000ba0                vListInitialiseItem
 .text.vListInsert
                0x00000ba8       0x7a FreeRTOS/src/list.o
                0x00000ba8                vListInsert
 .text.uxListRemove
                0x00000c22       0x4e FreeRTOS/src/list.o
                0x00000c22                uxListRemove
 .text.prvSetupTimerInterrupt
                0x00000c70       0x18 FreeRTOS/src/port.o
 .text.pxPortInitialiseStack
                0x00000c88       0x2e FreeRTOS/src/port.o
                0x00000c88                pxPortInitialiseStack
 .text.xPortStartScheduler
                0x00000cb6       0x64 FreeRTOS/src/port.o
                0x00000cb6                xPortStartScheduler
 .text.vPortYield
                0x00000d1a       0xc2 FreeRTOS/src/port.o
                0x00000d1a                vPortYield
 .text.vPortYieldFromTick
                0x00000ddc       0xc8 FreeRTOS/src/port.o
                0x00000ddc                vPortYieldFromTick
 .text.__vector_12
                0x00000ea4        0x4 FreeRTOS/src/port.o
                0x00000ea4                __vector_12
 .text.prvIsQueueEmpty
                0x00000ea8       0x1a FreeRTOS/src/queue.o
 .text.prvIsQueueFull
                0x00000ec2       0x1c FreeRTOS/src/queue.o
 .text.prvCopyDataToQueue
                0x00000ede       0xbe FreeRTOS/src/queue.o
 .text.prvCopyDataFromQueue
                0x00000f9c       0x34 FreeRTOS/src/queue.o
 .text.prvUnlockQueue
                0x00000fd0       0x68 FreeRTOS/src/queue.o
 .text.xQueueGenericReset
                0x00001038       0x86 FreeRTOS/src/queue.o
                0x00001038                xQueueGenericReset
 .text.prvInitialiseNewQueue
                0x000010be       0x24 FreeRTOS/src/queue.o
 .text.xQueueGenericCreate
                0x000010e2       0x46 FreeRTOS/src/queue.o
                0x000010e2                xQueueGenericCreate
 .text.xQueueGenericSend
                0x00001128      0x11c FreeRTOS/src/queue.o
                0x00001128                xQueueGenericSend
 .text.xQueueGenericSendFromISR
                0x00001244       0x74 FreeRTOS/src/queue.o
                0x00001244                xQueueGenericSendFromISR
 .text.xQueueReceive
                0x000012b8      0x11a FreeRTOS/src/queue.o
                0x000012b8                xQueueReceive
 .text.vQueueWaitForMessageRestricted
                0x000013d2       0x36 FreeRTOS/src/queue.o
                0x000013d2                vQueueWaitForMessageRestricted
 .text.prvBytesInBuffer
                0x00001408       0x26 FreeRTOS/src/stream_buffer.o
 .text.prvInitialiseNewStreamBuffer
                0x0000142e       0x20 FreeRTOS/src/stream_buffer.o
 .text.prvWriteBytesToBuffer
                0x0000144e       0x92 FreeRTOS/src/stream_buffer.o
 .text.prvWriteMessageToBuffer
                0x000014e0       0x86 FreeRTOS/src/stream_buffer.o
 .text.xStreamBufferGenericCreate
                0x00001566       0x64 FreeRTOS/src/stream_buffer.o
                0x00001566                xStreamBufferGenericCreate
 .text.xStreamBufferSpacesAvailable
                0x000015ca       0x24 FreeRTOS/src/stream_buffer.o
                0x000015ca                xStreamBufferSpacesAvailable
 .text.xStreamBufferSendFromISR
                0x000015ee       0x88 FreeRTOS/src/stream_buffer.o
                0x000015ee                xStreamBufferSendFromISR
 .text.prvResetNextTaskUnblockTime
                0x00001676       0x4e FreeRTOS/src/tasks.o
 .text.prvDeleteTCB
                0x000016c4       0x16 FreeRTOS/src/tasks.o
 .text.prvInitialiseNewTask
                0x000016da       0xf6 FreeRTOS/src/tasks.o
 .text.prvInitialiseTaskLists
                0x000017d0       0x54 FreeRTOS/src/tasks.o
 .text.prvAddNewTaskToReadyList
                0x00001824       0xdc FreeRTOS/src/tasks.o
 .text.prvCheckTasksWaitingTermination
                0x00001900       0x48 FreeRTOS/src/tasks.o
 .text.prvAddCurrentTaskToDelayedList
                0x00001948      0x13e FreeRTOS/src/tasks.o
 .text.xTaskCreate
                0x00001a86       0x96 FreeRTOS/src/tasks.o
                0x00001a86                xTaskCreate
 .text.vTaskStartScheduler
                0x00001b1c       0x6c FreeRTOS/src/tasks.o
                0x00001b1c                vTaskStartScheduler
 .text.vTaskSuspendAll
                0x00001b88        0xc FreeRTOS/src/tasks.o
                0x00001b88                vTaskSuspendAll
 .text.xTaskGetTickCount
                0x00001b94       0x1c FreeRTOS/src/tasks.o
                0x00001b94                xTaskGetTickCount
 .text.xTaskIncrementTick
                0x00001bb0      0x258 FreeRTOS/src/tasks.o
                0x00001bb0                xTaskIncrementTick
 .text.xTaskResumeAll
                0x00001e08      0x1b8 FreeRTOS/src/tasks.o
                0x00001e08                xTaskResumeAll
 .text.vTaskDelay
                0x00001fc0       0x36 FreeRTOS/src/tasks.o
                0x00001fc0                vTaskDelay
 .text.vTaskSwitchContext
                0x00001ff6       0xc8 FreeRTOS/src/tasks.o
                0x00001ff6                vTaskSwitchContext
 .text.vTaskPlaceOnEventList
                0x000020be       0x2e FreeRTOS/src/tasks.o
                0x000020be                vTaskPlaceOnEventList
 .text.vTaskPlaceOnUnorderedEventList
                0x000020ec       0x94 FreeRTOS/src/tasks.o
                0x000020ec                vTaskPlaceOnUnorderedEventList
 .text.vTaskPlaceOnEventListRestricted
                0x00002180       0x84 FreeRTOS/src/tasks.o
                0x00002180                vTaskPlaceOnEventListRestricted
 .text.xTaskRemoveFromEventList
                0x00002204      0x15e FreeRTOS/src/tasks.o
                0x00002204                xTaskRemoveFromEventList
 .text.vTaskRemoveFromUnorderedEventList
                0x00002362      0x134 FreeRTOS/src/tasks.o
                0x00002362                vTaskRemoveFromUnorderedEventList
 .text.vTaskInternalSetTimeOutState
                0x00002496       0x22 FreeRTOS/src/tasks.o
                0x00002496                vTaskInternalSetTimeOutState
 .text.xTaskCheckForTimeOut
                0x000024b8       0xcc FreeRTOS/src/tasks.o
                0x000024b8                xTaskCheckForTimeOut
 .text.vTaskMissedYield
                0x00002584        0x8 FreeRTOS/src/tasks.o
                0x00002584                vTaskMissedYield
 .text.xTaskGetSchedulerState
                0x0000258c       0x1c FreeRTOS/src/tasks.o
                0x0000258c                xTaskGetSchedulerState
 .text.xTaskPriorityDisinherit
                0x000025a8       0xb6 FreeRTOS/src/tasks.o
                0x000025a8                xTaskPriorityDisinherit
 .text.uxTaskResetEventItemValue
                0x0000265e       0x54 FreeRTOS/src/tasks.o
                0x0000265e                uxTaskResetEventItemValue
 .text.xTaskGenericNotifyFromISR
                0x000026b2      0x244 FreeRTOS/src/tasks.o
                0x000026b2                xTaskGenericNotifyFromISR
 .text.prvGetNextExpireTime
                0x000028f6       0x30 FreeRTOS/src/timers.o
 .text.prvInsertTimerInActiveList
                0x00002926       0x92 FreeRTOS/src/timers.o
 .text.prvCheckForValidListAndQueue
                0x000029b8       0x52 FreeRTOS/src/timers.o
 .text.xTimerCreateTimerTask
                0x00002a0a       0x40 FreeRTOS/src/timers.o
                0x00002a0a                xTimerCreateTimerTask
 .text.xTimerGenericCommand
                0x00002a4a       0xbc FreeRTOS/src/timers.o
                0x00002a4a                xTimerGenericCommand
 .text.prvSwitchTimerLists
                0x00002b06       0xd0 FreeRTOS/src/timers.o
 .text.prvSampleTimeNow
                0x00002bd6       0x5c FreeRTOS/src/timers.o
 .text.prvProcessExpiredTimer
                0x00002c32       0xac FreeRTOS/src/timers.o
 .text.prvProcessTimerOrBlockTask
                0x00002cde       0xa8 FreeRTOS/src/timers.o
 .text.prvProcessReceivedCommands
                0x00002d86      0x168 FreeRTOS/src/timers.o
 .text.vApplicationIdleHook
                0x00002eee        0x2 FreeRTOS/src/variantHooks.o
                0x00002eee                vApplicationIdleHook
 .text.prvSetMainLedOn
                0x00002ef0        0xe FreeRTOS/src/variantHooks.o
                0x00002ef0                prvSetMainLedOn
 .text.prvBlinkMainLed
                0x00002efe        0x8 FreeRTOS/src/variantHooks.o
                0x00002efe                prvBlinkMainLed
 .text.vApplicationMallocFailedHook
                0x00002f06       0x18 FreeRTOS/src/variantHooks.o
                0x00002f06                vApplicationMallocFailedHook
 .text.vApplicationStackOverflowHook
                0x00002f1e       0x18 FreeRTOS/src/variantHooks.o
                0x00002f1e                vApplicationStackOverflowHook
 .text.initialiseSystem
                0x00002f36       0x24 main.o
                0x00002f36                initialiseSystem
 .text.main     0x00002f5a       0x18 main.o
                0x00002f5a                main
 .text._hihTwiCallback
                0x00002f72       0x5a ../drivers\libIotLibrary.a(hih8120.o)
 .text.hih8120_initialise
                0x00002fcc       0x2e ../drivers\libIotLibrary.a(hih8120.o)
                0x00002fcc                hih8120_initialise
 .text.hih8120_wakeup
                0x00002ffa       0x28 ../drivers\libIotLibrary.a(hih8120.o)
                0x00002ffa                hih8120_wakeup
 .text.hih8120_measure
                0x00003022       0x20 ../drivers\libIotLibrary.a(hih8120.o)
                0x00003022                hih8120_measure
 .text.hih8120_getHumidity
                0x00003042       0x2a ../drivers\libIotLibrary.a(hih8120.o)
                0x00003042                hih8120_getHumidity
 .text.hih8120_getHumidityPercent_x10
                0x0000306c       0x16 ../drivers\libIotLibrary.a(hih8120.o)
                0x0000306c                hih8120_getHumidityPercent_x10
 .text.hih8120_getTemperature
                0x00003082       0x36 ../drivers\libIotLibrary.a(hih8120.o)
                0x00003082                hih8120_getTemperature
 .text.hih8120_getTemperature_x10
                0x000030b8       0x16 ../drivers\libIotLibrary.a(hih8120.o)
                0x000030b8                hih8120_getTemperature_x10
 .text._serialCallBack
                0x000030ce       0x8c ../drivers\libIotLibrary.a(lora_driver.o)
 .text.lora_driver_initialise
                0x0000315a       0x80 ../drivers\libIotLibrary.a(lora_driver.o)
                0x0000315a                lora_driver_initialise
 .text._serialCallBack
                0x000031da       0xb6 ../drivers\libIotLibrary.a(mh_z19.o)
 .text.mh_z19_initialise
                0x00003290       0x4a ../drivers\libIotLibrary.a(mh_z19.o)
                0x00003290                mh_z19_initialise
 .text.mh_z19_injectCallBack
                0x000032da        0xa ../drivers\libIotLibrary.a(mh_z19.o)
                0x000032da                mh_z19_injectCallBack
 .text.mh_z19_takeMeassuring
                0x000032e4       0x5e ../drivers\libIotLibrary.a(mh_z19.o)
                0x000032e4                mh_z19_takeMeassuring
 .text.mh_z19_getCo2Ppm
                0x00003342       0x22 ../drivers\libIotLibrary.a(mh_z19.o)
                0x00003342                mh_z19_getCo2Ppm
 .text.serial_create
                0x00003364      0x14c ../drivers\libIotLibrary.a(serial.o)
                0x00003364                serial_create
 .text.serial_sendByte
                0x000034b0       0x56 ../drivers\libIotLibrary.a(serial.o)
                0x000034b0                serial_sendByte
 .text.serial_sendBytes
                0x00003506       0xaa ../drivers\libIotLibrary.a(serial.o)
                0x00003506                serial_sendBytes
 .text.serial_getByte
                0x000035b0       0x40 ../drivers\libIotLibrary.a(serial.o)
                0x000035b0                serial_getByte
 .text.__vector_25
                0x000035f0       0xa4 ../drivers\libIotLibrary.a(serial.o)
                0x000035f0                __vector_25
 .text.__vector_26
                0x00003694       0x88 ../drivers\libIotLibrary.a(serial.o)
                0x00003694                __vector_26
 .text.__vector_36
                0x0000371c       0xa4 ../drivers\libIotLibrary.a(serial.o)
                0x0000371c                __vector_36
 .text.__vector_37
                0x000037c0       0x88 ../drivers\libIotLibrary.a(serial.o)
                0x000037c0                __vector_37
 .text.__vector_51
                0x00003848       0xa4 ../drivers\libIotLibrary.a(serial.o)
                0x00003848                __vector_51
 .text.__vector_52
                0x000038ec       0x88 ../drivers\libIotLibrary.a(serial.o)
                0x000038ec                __vector_52
 .text.__vector_54
                0x00003974       0xa4 ../drivers\libIotLibrary.a(serial.o)
                0x00003974                __vector_54
 .text.__vector_55
                0x00003a18       0x88 ../drivers\libIotLibrary.a(serial.o)
                0x00003a18                __vector_55
 .text.usart_getchar
                0x00003aa0       0x2a ../drivers\libIotLibrary.a(stdio_driver.o)
 .text.usart_putchar
                0x00003aca       0x12 ../drivers\libIotLibrary.a(stdio_driver.o)
 .text.stdio_initialise
                0x00003adc       0x52 ../drivers\libIotLibrary.a(stdio_driver.o)
                0x00003adc                stdio_initialise
 .text._turn_off
                0x00003b2e       0x98 ../drivers\libIotLibrary.a(status_leds.o)
 .text._turn_on
                0x00003bc6       0x98 ../drivers\libIotLibrary.a(status_leds.o)
 .text._hal_led_task
                0x00003c5e       0x8c ../drivers\libIotLibrary.a(status_leds.o)
 .text.status_leds_initialise
                0x00003cea       0x9c ../drivers\libIotLibrary.a(status_leds.o)
                0x00003cea                status_leds_initialise
 .text._initTwiInterface
                0x00003d86       0x22 ../drivers\libIotLibrary.a(twi.o)
 .text.twiCreate
                0x00003da8       0x9a ../drivers\libIotLibrary.a(twi.o)
                0x00003da8                twiCreate
 .text.twiIsBusy
                0x00003e42        0x8 ../drivers\libIotLibrary.a(twi.o)
                0x00003e42                twiIsBusy
 .text.twiTransmit
                0x00003e4a       0x98 ../drivers\libIotLibrary.a(twi.o)
                0x00003e4a                twiTransmit
 .text.twiReceive
                0x00003ee2       0x66 ../drivers\libIotLibrary.a(twi.o)
                0x00003ee2                twiReceive
 .text.__vector_39
                0x00003f48      0x17a ../drivers\libIotLibrary.a(twi.o)
                0x00003f48                __vector_39
 .text.fifo_init
                0x000040c2       0x38 ../drivers\libIotLibrary.a(fifo.o)
                0x000040c2                fifo_init
 .text.avr-libc
                0x000040fa      0x712 c:/program files (x86)/atmel/studio/7.0/toolchain/avr8/avr8-gnu-toolchain/bin/../lib/gcc/avr/5.4.0/../../../../avr/lib/avr6\libprintf_flt.a(vfprintf_flt.o)
                0x000040fa                vfprintf
 .text.avr-libc.fplib
                0x0000480c        0xa c:/program files (x86)/atmel/studio/7.0/toolchain/avr8/avr8-gnu-toolchain/bin/../lib/gcc/avr/5.4.0/../../../../avr/lib/avr6\libm.a(addsf3.o)
                0x0000480c                __subsf3
                0x0000480e                __addsf3
 .text.avr-libc.fplib
                0x00004816       0xc0 c:/program files (x86)/atmel/studio/7.0/toolchain/avr8/avr8-gnu-toolchain/bin/../lib/gcc/avr/5.4.0/../../../../avr/lib/avr6\libm.a(addsf3x.o)
                0x00004830                __addsf3x
 .text.avr-libc.fplib
                0x000048d6        0x4 c:/program files (x86)/atmel/studio/7.0/toolchain/avr8/avr8-gnu-toolchain/bin/../lib/gcc/avr/5.4.0/../../../../avr/lib/avr6\libm.a(divsf3.o)
                0x000048d6                __divsf3
 .text.avr-libc.fplib
                0x000048da       0xcc c:/program files (x86)/atmel/studio/7.0/toolchain/avr8/avr8-gnu-toolchain/bin/../lib/gcc/avr/5.4.0/../../../../avr/lib/avr6\libm.a(divsf3x.o)
                0x000048f0                __divsf3x
                0x000048f4                __divsf3_pse
 .text.avr-libc.fplib
                0x000049a6        0xa c:/program files (x86)/atmel/studio/7.0/toolchain/avr8/avr8-gnu-toolchain/bin/../lib/gcc/avr/5.4.0/../../../../avr/lib/avr6\libm.a(fixsfsi.o)
                0x000049a6                __fixsfsi
 .text.avr-libc.fplib
                0x000049b0       0x58 c:/program files (x86)/atmel/studio/7.0/toolchain/avr8/avr8-gnu-toolchain/bin/../lib/gcc/avr/5.4.0/../../../../avr/lib/avr6\libm.a(fixunssfsi.o)
                0x000049b0                __fixunssfsi
 .text.avr-libc.fplib
                0x00004a08       0x7a c:/program files (x86)/atmel/studio/7.0/toolchain/avr8/avr8-gnu-toolchain/bin/../lib/gcc/avr/5.4.0/../../../../avr/lib/avr6\libm.a(floatsisf.o)
                0x00004a08                __floatunsisf
                0x00004a0c                __floatsisf
 .text.avr-libc.fplib
                0x00004a82        0xc c:/program files (x86)/atmel/studio/7.0/toolchain/avr8/avr8-gnu-toolchain/bin/../lib/gcc/avr/5.4.0/../../../../avr/lib/avr6\libm.a(fp_inf.o)
                0x00004a82                __fp_inf
 .text.avr-libc.fplib
                0x00004a8e        0x6 c:/program files (x86)/atmel/studio/7.0/toolchain/avr8/avr8-gnu-toolchain/bin/../lib/gcc/avr/5.4.0/../../../../avr/lib/avr6\libm.a(fp_nan.o)
                0x00004a8e                __fp_nan
 .text.avr-libc.fplib
                0x00004a94        0xe c:/program files (x86)/atmel/studio/7.0/toolchain/avr8/avr8-gnu-toolchain/bin/../lib/gcc/avr/5.4.0/../../../../avr/lib/avr6\libm.a(fp_pscA.o)
                0x00004a94                __fp_pscA
 .text.avr-libc.fplib
                0x00004aa2        0xe c:/program files (x86)/atmel/studio/7.0/toolchain/avr8/avr8-gnu-toolchain/bin/../lib/gcc/avr/5.4.0/../../../../avr/lib/avr6\libm.a(fp_pscB.o)
                0x00004aa2                __fp_pscB
 .text.avr-libc.fplib
                0x00004ab0       0x22 c:/program files (x86)/atmel/studio/7.0/toolchain/avr8/avr8-gnu-toolchain/bin/../lib/gcc/avr/5.4.0/../../../../avr/lib/avr6\libm.a(fp_round.o)
                0x00004ab0                __fp_round
 .text.avr-libc.fplib
                0x00004ad2       0x44 c:/program files (x86)/atmel/studio/7.0/toolchain/avr8/avr8-gnu-toolchain/bin/../lib/gcc/avr/5.4.0/../../../../avr/lib/avr6\libm.a(fp_split3.o)
                0x00004ad2                __fp_split3
                0x00004ae2                __fp_splitA
 .text.avr-libc.fplib
                0x00004b16        0xe c:/program files (x86)/atmel/studio/7.0/toolchain/avr8/avr8-gnu-toolchain/bin/../lib/gcc/avr/5.4.0/../../../../avr/lib/avr6\libm.a(fp_zero.o)
                0x00004b16                __fp_zero
                0x00004b18                __fp_szero
 .text.avr-libc.fplib
                0x00004b24        0x4 c:/program files (x86)/atmel/studio/7.0/toolchain/avr8/avr8-gnu-toolchain/bin/../lib/gcc/avr/5.4.0/../../../../avr/lib/avr6\libm.a(mulsf3.o)
                0x00004b24                __mulsf3
 .text.avr-libc.fplib
                0x00004b28       0xc2 c:/program files (x86)/atmel/studio/7.0/toolchain/avr8/avr8-gnu-toolchain/bin/../lib/gcc/avr/5.4.0/../../../../avr/lib/avr6\libm.a(mulsf3x.o)
                0x00004b3c                __mulsf3x
                0x00004b40                __mulsf3_pse
 .text.libgcc.div
                0x00004bea       0x44 c:/program files (x86)/atmel/studio/7.0/toolchain/avr8/avr8-gnu-toolchain/bin/../lib/gcc/avr/5.4.0/avr6\libgcc.a(_udivmodsi4.o)
                0x00004bea                __udivmodsi4
 .text.libgcc   0x00004c2e       0x10 c:/program files (x86)/atmel/studio/7.0/toolchain/avr8/avr8-gnu-toolchain/bin/../lib/gcc/avr/5.4.0/avr6\libgcc.a(_tablejump2.o)
                0x00004c2e                __tablejump2__
 .text.avr-libc
                0x00004c3e      0x242 c:/program files (x86)/atmel/studio/7.0/toolchain/avr8/avr8-gnu-toolchain/bin/../lib/gcc/avr/5.4.0/../../../../avr/lib/avr6\libc.a(malloc.o)
                0x00004c3e                malloc
                0x00004d6e                free
 .text.avr-libc
                0x00004e80        0x8 c:/program files (x86)/atmel/studio/7.0/toolchain/avr8/avr8-gnu-toolchain/bin/../lib/gcc/avr/5.4.0/../../../../avr/lib/avr6\libc.a(abort.o)
                0x00004e80                abort
 .text.avr-libc
                0x00004e88      0x1b0 c:/program files (x86)/atmel/studio/7.0/toolchain/avr8/avr8-gnu-toolchain/bin/../lib/gcc/avr/5.4.0/../../../../avr/lib/avr6\libc.a(ftoa_engine.o)
                0x00004e88                __ftoa_engine
 .text.avr-libc
                0x00005038       0x16 c:/program files (x86)/atmel/studio/7.0/toolchain/avr8/avr8-gnu-toolchain/bin/../lib/gcc/avr/5.4.0/../../../../avr/lib/avr6\libc.a(strnlen_P.o)
                0x00005038                strnlen_P
 .text.avr-libc
                0x0000504e       0x12 c:/program files (x86)/atmel/studio/7.0/toolchain/avr8/avr8-gnu-toolchain/bin/../lib/gcc/avr/5.4.0/../../../../avr/lib/avr6\libc.a(memcpy.o)
                0x0000504e                memcpy
 .text.avr-libc
                0x00005060        0xe c:/program files (x86)/atmel/studio/7.0/toolchain/avr8/avr8-gnu-toolchain/bin/../lib/gcc/avr/5.4.0/../../../../avr/lib/avr6\libc.a(memset.o)
                0x00005060                memset
 .text.avr-libc
                0x0000506e       0x16 c:/program files (x86)/atmel/studio/7.0/toolchain/avr8/avr8-gnu-toolchain/bin/../lib/gcc/avr/5.4.0/../../../../avr/lib/avr6\libc.a(strnlen.o)
                0x0000506e                strnlen
 .text.avr-libc
                0x00005084       0x78 c:/program files (x86)/atmel/studio/7.0/toolchain/avr8/avr8-gnu-toolchain/bin/../lib/gcc/avr/5.4.0/../../../../avr/lib/avr6\libc.a(fputc.o)
                0x00005084                fputc
 .text.avr-libc
                0x000050fc       0x28 c:/program files (x86)/atmel/studio/7.0/toolchain/avr8/avr8-gnu-toolchain/bin/../lib/gcc/avr/5.4.0/../../../../avr/lib/avr6\libc.a(printf.o)
                0x000050fc                printf
 .text.avr-libc
                0x00005124       0x60 c:/program files (x86)/atmel/studio/7.0/toolchain/avr8/avr8-gnu-toolchain/bin/../lib/gcc/avr/5.4.0/../../../../avr/lib/avr6\libc.a(puts.o)
                0x00005124                puts
 .text.avr-libc
                0x00005184       0xbc c:/program files (x86)/atmel/studio/7.0/toolchain/avr8/avr8-gnu-toolchain/bin/../lib/gcc/avr/5.4.0/../../../../avr/lib/avr6\libc.a(ultoa_invert.o)
                0x00005184                __ultoa_invert
                0x00005240                . = ALIGN (0x2)
 *(.fini9)
 .fini9         0x00005240        0x0 c:/program files (x86)/atmel/studio/7.0/toolchain/avr8/avr8-gnu-toolchain/bin/../lib/gcc/avr/5.4.0/avr6\libgcc.a(_exit.o)
                0x00005240                _exit
                0x00005240                exit
 *(.fini9)
 *(.fini8)
 *(.fini8)
 *(.fini7)
 *(.fini7)
 *(.fini6)
 *(.fini6)
 *(.fini5)
 *(.fini5)
 *(.fini4)
 *(.fini4)
 *(.fini3)
 *(.fini3)
 *(.fini2)
 *(.fini2)
 *(.fini1)
 *(.fini1)
 *(.fini0)
 .fini0         0x00005240        0x4 c:/program files (x86)/atmel/studio/7.0/toolchain/avr8/avr8-gnu-toolchain/bin/../lib/gcc/avr/5.4.0/avr6\libgcc.a(_exit.o)
 *(.fini0)
                0x00005244                _etext = .

.data           0x00800200      0x2d0 load address 0x00005244
                0x00800200                PROVIDE (__data_start, .)
 *(.data)
 .data          0x00800200        0x6 c:/program files (x86)/atmel/studio/7.0/toolchain/avr8/avr8-gnu-toolchain/bin/../lib/gcc/avr/5.4.0/../../../../avr/lib/avr6\libc.a(malloc.o)
                0x00800200                __malloc_heap_end
                0x00800202                __malloc_heap_start
                0x00800204                __malloc_margin
 *(.data*)
 .data.uxTopUsedPriority
                0x00800206        0x1 FreeRTOS/src/tasks.o
                0x00800206                uxTopUsedPriority
 .data._temp    0x00800207        0x2 ../drivers\libIotLibrary.a(hih8120.o)
 .data._hum     0x00800209        0x2 ../drivers\libIotLibrary.a(hih8120.o)
 .data._com_port_2_udr
                0x0080020b        0x8 ../drivers\libIotLibrary.a(serial.o)
                0x0080020b                _com_port_2_udr
 .data.mystdout.1882
                0x00800213        0xe ../drivers\libIotLibrary.a(stdio_driver.o)
 .data._twiCurrentState
                0x00800221        0x1 ../drivers\libIotLibrary.a(twi.o)
 *(.gnu.linkonce.d*)
 *(.rodata)
 .rodata        0x00800222       0x2d ../drivers\libIotLibrary.a(mh_z19.o)
 *(.rodata*)
 .rodata.str1.1
                0x0080024f       0xb4 Application.o
 .rodata.str1.1
                0x00800303       0xdb DriverConnection/CO2Sensor.o
 .rodata.str1.1
                0x008003de       0xc5 DriverConnection/TempHumSensor.o
 .rodata.str1.1
                0x008004a3        0x5 FreeRTOS/src/tasks.o
 .rodata.str1.1
                0x008004a8        0x8 FreeRTOS/src/timers.o
 .rodata.str1.1
                0x008004b0       0x17 main.o
 .rodata.str1.1
                0x008004c7        0x8 ../drivers\libIotLibrary.a(status_leds.o)
 *(.gnu.linkonce.r*)
                0x008004d0                . = ALIGN (0x2)
 *fill*         0x008004cf        0x1 
                0x008004d0                _edata = .
                0x008004d0                PROVIDE (__data_end, .)

.bss            0x008004d0      0xf27
                0x008004d0                PROVIDE (__bss_start, .)
 *(.bss)
 *(.bss*)
 .bss.lastCO2ppm
                0x008004d0        0x2 DriverConnection/CO2Sensor.o
                0x008004d0                lastCO2ppm
 .bss.temperature
                0x008004d2        0x2 DriverConnection/TempHumSensor.o
                0x008004d2                temperature
 .bss.humidity  0x008004d4        0x2 DriverConnection/TempHumSensor.o
                0x008004d4                humidity
 .bss.xBlockAllocatedBit
                0x008004d6        0x2 FreeRTOS/src/heap_4.o
 .bss.xNumberOfSuccessfulFrees
                0x008004d8        0x2 FreeRTOS/src/heap_4.o
 .bss.xNumberOfSuccessfulAllocations
                0x008004da        0x2 FreeRTOS/src/heap_4.o
 .bss.xMinimumEverFreeBytesRemaining
                0x008004dc        0x2 FreeRTOS/src/heap_4.o
 .bss.xFreeBytesRemaining
                0x008004de        0x2 FreeRTOS/src/heap_4.o
 .bss.pxEnd     0x008004e0        0x2 FreeRTOS/src/heap_4.o
 .bss.xStart    0x008004e2        0x4 FreeRTOS/src/heap_4.o
 .bss.ucHeap    0x008004e6      0xdac FreeRTOS/src/heap_4.o
 .bss.uxSchedulerSuspended
                0x00801292        0x1 FreeRTOS/src/tasks.o
 .bss.xIdleTaskHandle
                0x00801293        0x2 FreeRTOS/src/tasks.o
 .bss.xNextTaskUnblockTime
                0x00801295        0x4 FreeRTOS/src/tasks.o
 .bss.uxTaskNumber
                0x00801299        0x1 FreeRTOS/src/tasks.o
 .bss.xNumOfOverflows
                0x0080129a        0x1 FreeRTOS/src/tasks.o
 .bss.xYieldPending
                0x0080129b        0x1 FreeRTOS/src/tasks.o
 .bss.xPendedTicks
                0x0080129c        0x4 FreeRTOS/src/tasks.o
 .bss.xSchedulerRunning
                0x008012a0        0x1 FreeRTOS/src/tasks.o
 .bss.uxTopReadyPriority
                0x008012a1        0x1 FreeRTOS/src/tasks.o
 .bss.xTickCount
                0x008012a2        0x4 FreeRTOS/src/tasks.o
 .bss.uxCurrentNumberOfTasks
                0x008012a6        0x1 FreeRTOS/src/tasks.o
 .bss.xSuspendedTaskList
                0x008012a7        0xb FreeRTOS/src/tasks.o
 .bss.uxDeletedTasksWaitingCleanUp
                0x008012b2        0x1 FreeRTOS/src/tasks.o
 .bss.xTasksWaitingTermination
                0x008012b3        0xb FreeRTOS/src/tasks.o
 .bss.xPendingReadyList
                0x008012be        0xb FreeRTOS/src/tasks.o
 .bss.pxOverflowDelayedTaskList
                0x008012c9        0x2 FreeRTOS/src/tasks.o
 .bss.pxDelayedTaskList
                0x008012cb        0x2 FreeRTOS/src/tasks.o
 .bss.xDelayedTaskList2
                0x008012cd        0xb FreeRTOS/src/tasks.o
 .bss.xDelayedTaskList1
                0x008012d8        0xb FreeRTOS/src/tasks.o
 .bss.pxReadyTasksLists
                0x008012e3       0x6e FreeRTOS/src/tasks.o
 .bss.pxCurrentTCB
                0x00801351        0x2 FreeRTOS/src/tasks.o
                0x00801351                pxCurrentTCB
 .bss.xLastTime.2436
                0x00801353        0x4 FreeRTOS/src/timers.o
 .bss.xTimerTaskHandle
                0x00801357        0x2 FreeRTOS/src/timers.o
 .bss.xTimerQueue
                0x00801359        0x2 FreeRTOS/src/timers.o
 .bss.pxOverflowTimerList
                0x0080135b        0x2 FreeRTOS/src/timers.o
 .bss.pxCurrentTimerList
                0x0080135d        0x2 FreeRTOS/src/timers.o
 .bss.xActiveTimerList2
                0x0080135f        0xb FreeRTOS/src/timers.o
 .bss.xActiveTimerList1
                0x0080136a        0xb FreeRTOS/src/timers.o
 .bss._measuringIsReady
                0x00801375        0x1 ../drivers\libIotLibrary.a(hih8120.o)
 .bss._hih8120Handler
                0x00801376        0x2 ../drivers\libIotLibrary.a(hih8120.o)
 .bss.rec_buf_inp.2878
                0x00801378        0x1 ../drivers\libIotLibrary.a(lora_driver.o)
 .bss._downlinkMessageBuffer
                0x00801379        0x2 ../drivers\libIotLibrary.a(lora_driver.o)
 .bss._serialReplyBufferHandle
                0x0080137b        0x2 ../drivers\libIotLibrary.a(lora_driver.o)
 .bss._rn2483_serial
                0x0080137d        0x2 ../drivers\libIotLibrary.a(lora_driver.o)
 .bss._recMessageBuf
                0x0080137f       0x2d ../drivers\libIotLibrary.a(lora_driver.o)
 .bss.data.1944
                0x008013ac        0x2 ../drivers\libIotLibrary.a(mh_z19.o)
 .bss.inDex.1943
                0x008013ae        0x1 ../drivers\libIotLibrary.a(mh_z19.o)
 .bss.crc_sum.1945
                0x008013af        0x1 ../drivers\libIotLibrary.a(mh_z19.o)
 .bss._appCallBack
                0x008013b0        0x2 ../drivers\libIotLibrary.a(mh_z19.o)
 .bss._mh_state
                0x008013b2        0x1 ../drivers\libIotLibrary.a(mh_z19.o)
                0x008013b2                _mh_state
 .bss._ppm      0x008013b3        0x2 ../drivers\libIotLibrary.a(mh_z19.o)
 .bss._serial   0x008013b5        0x2 ../drivers\libIotLibrary.a(mh_z19.o)
 .bss._ser_handle
                0x008013b7        0x8 ../drivers\libIotLibrary.a(serial.o)
 .bss._com_serial_instance
                0x008013bf        0x2 ../drivers\libIotLibrary.a(stdio_driver.o)
 .bss._led_status
                0x008013c1       0x18 ../drivers\libIotLibrary.a(status_leds.o)
 .bss._index.1885
                0x008013d9        0x1 ../drivers\libIotLibrary.a(twi.o)
 .bss._twiCurrentHandler
                0x008013da        0x2 ../drivers\libIotLibrary.a(twi.o)
 .bss._twiMessageLen
                0x008013dc        0x1 ../drivers\libIotLibrary.a(twi.o)
 .bss._twiMessageBuffer
                0x008013dd        0xa ../drivers\libIotLibrary.a(twi.o)
 .bss._twiIsInitiated
                0x008013e7        0x1 ../drivers\libIotLibrary.a(twi.o)
 *(COMMON)
 COMMON         0x008013e8        0x4 Application.o
                0x008013e8                dataReadyEventGroup
                0x008013ea                meassureEventGroup
 COMMON         0x008013ec        0x1 DriverConnection/CO2Sensor.o
                0x008013ec                rc
 COMMON         0x008013ed        0x4 c:/program files (x86)/atmel/studio/7.0/toolchain/avr8/avr8-gnu-toolchain/bin/../lib/gcc/avr/5.4.0/../../../../avr/lib/avr6\libc.a(malloc.o)
                0x008013ed                __brkval
                0x008013ef                __flp
 COMMON         0x008013f1        0x6 c:/program files (x86)/atmel/studio/7.0/toolchain/avr8/avr8-gnu-toolchain/bin/../lib/gcc/avr/5.4.0/../../../../avr/lib/avr6\libc.a(iob.o)
                0x008013f1                __iob
                0x008013f7                PROVIDE (__bss_end, .)
                0x00005244                __data_load_start = LOADADDR (.data)
                0x00005514                __data_load_end = (__data_load_start + SIZEOF (.data))

.noinit         0x008013f7        0x0
                [!provide]                PROVIDE (__noinit_start, .)
 *(.noinit*)
                [!provide]                PROVIDE (__noinit_end, .)
                0x008013f7                _end = .
                0x008013f7                PROVIDE (__heap_start, .)

.eeprom         0x00810000        0x0
 *(.eeprom*)
                0x00810000                __eeprom_end = .

.fuse
 *(.fuse)
 *(.lfuse)
 *(.hfuse)
 *(.efuse)

.lock
 *(.lock*)

.signature
 *(.signature*)

.user_signatures
 *(.user_signatures*)

.stab
 *(.stab)

.stabstr
 *(.stabstr)

.stab.excl
 *(.stab.excl)

.stab.exclstr
 *(.stab.exclstr)

.stab.index
 *(.stab.index)

.stab.indexstr
 *(.stab.indexstr)

.comment        0x00000000       0x5c
 *(.comment)
 .comment       0x00000000       0x30 Application.o
                                 0x31 (size before relaxing)
 .comment       0x00000030       0x31 DriverConnection/CO2Sensor.o
 .comment       0x00000030       0x31 DriverConnection/TempHumSensor.o
 .comment       0x00000030       0x31 FreeRTOS/src/event_groups.o
 .comment       0x00000030       0x31 FreeRTOS/src/heap_4.o
 .comment       0x00000030       0x31 FreeRTOS/src/list.o
 .comment       0x00000030       0x31 FreeRTOS/src/port.o
 .comment       0x00000030       0x31 FreeRTOS/src/queue.o
 .comment       0x00000030       0x31 FreeRTOS/src/stream_buffer.o
 .comment       0x00000030       0x31 FreeRTOS/src/tasks.o
 .comment       0x00000030       0x31 FreeRTOS/src/timers.o
 .comment       0x00000030       0x31 FreeRTOS/src/variantHooks.o
 .comment       0x00000030       0x31 main.o
 .comment       0x00000030       0x31 ../drivers\libIotLibrary.a(hih8120.o)
 .comment       0x00000030       0x31 ../drivers\libIotLibrary.a(lora_driver.o)
 .comment       0x00000030       0x31 ../drivers\libIotLibrary.a(mh_z19.o)
 .comment       0x00000030       0x31 ../drivers\libIotLibrary.a(serial.o)
 .comment       0x00000030       0x31 ../drivers\libIotLibrary.a(stdio_driver.o)
 .comment       0x00000030       0x31 ../drivers\libIotLibrary.a(status_leds.o)
 .comment       0x00000030       0x31 ../drivers\libIotLibrary.a(twi.o)
 .comment       0x00000030       0x31 ../drivers\libIotLibrary.a(fifo.o)
 .comment       0x00000030       0x2c c:/program files (x86)/atmel/studio/7.0/toolchain/avr8/avr8-gnu-toolchain/bin/../lib/gcc/avr/5.4.0/../../../../avr/lib/avr6\libprintf_flt.a(vfprintf_flt.o)
                                 0x2d (size before relaxing)
 .comment       0x0000005c       0x31 c:/program files (x86)/atmel/studio/7.0/toolchain/avr8/avr8-gnu-toolchain/bin/../lib/gcc/avr/5.4.0/../../../../avr/lib/avr6\libc.a(malloc.o)
 .comment       0x0000005c       0x31 c:/program files (x86)/atmel/studio/7.0/toolchain/avr8/avr8-gnu-toolchain/bin/../lib/gcc/avr/5.4.0/../../../../avr/lib/avr6\libc.a(fputc.o)
 .comment       0x0000005c       0x31 c:/program files (x86)/atmel/studio/7.0/toolchain/avr8/avr8-gnu-toolchain/bin/../lib/gcc/avr/5.4.0/../../../../avr/lib/avr6\libc.a(iob.o)
 .comment       0x0000005c       0x31 c:/program files (x86)/atmel/studio/7.0/toolchain/avr8/avr8-gnu-toolchain/bin/../lib/gcc/avr/5.4.0/../../../../avr/lib/avr6\libc.a(printf.o)
 .comment       0x0000005c       0x31 c:/program files (x86)/atmel/studio/7.0/toolchain/avr8/avr8-gnu-toolchain/bin/../lib/gcc/avr/5.4.0/../../../../avr/lib/avr6\libc.a(puts.o)

.note.gnu.avr.deviceinfo
                0x00000000       0x40
 .note.gnu.avr.deviceinfo
                0x00000000       0x40 C:/Program Files (x86)/Atmel/Studio/7.0/Packs/atmel/ATmega_DFP/1.7.374/gcc/dev/atmega2560/avr6/crtatmega2560.o

.note.gnu.build-id
 *(.note.gnu.build-id)

.debug
 *(.debug)

.line
 *(.line)

.debug_srcinfo
 *(.debug_srcinfo)

.debug_sfnames
 *(.debug_sfnames)

.debug_aranges  0x00000000      0xa70
 *(.debug_aranges)
 .debug_aranges
                0x00000000       0x38 Application.o
 .debug_aranges
                0x00000038       0x48 DriverConnection/CO2Sensor.o
 .debug_aranges
                0x00000080       0x48 DriverConnection/TempHumSensor.o
 .debug_aranges
                0x000000c8       0x68 FreeRTOS/src/event_groups.o
 .debug_aranges
                0x00000130       0x58 FreeRTOS/src/heap_4.o
 .debug_aranges
                0x00000188       0x40 FreeRTOS/src/list.o
 .debug_aranges
                0x000001c8       0x58 FreeRTOS/src/port.o
 .debug_aranges
                0x00000220       0xf8 FreeRTOS/src/queue.o
 .debug_aranges
                0x00000318       0xc0 FreeRTOS/src/stream_buffer.o
 .debug_aranges
                0x000003d8      0x1d0 FreeRTOS/src/tasks.o
 .debug_aranges
                0x000005a8       0xc8 FreeRTOS/src/timers.o
 .debug_aranges
                0x00000670       0x40 FreeRTOS/src/variantHooks.o
 .debug_aranges
                0x000006b0       0x28 main.o
 .debug_aranges
                0x000006d8       0x68 ../drivers\libIotLibrary.a(hih8120.o)
 .debug_aranges
                0x00000740      0x138 ../drivers\libIotLibrary.a(lora_driver.o)
 .debug_aranges
                0x00000878       0x58 ../drivers\libIotLibrary.a(mh_z19.o)
 .debug_aranges
                0x000008d0       0x90 ../drivers\libIotLibrary.a(serial.o)
 .debug_aranges
                0x00000960       0x38 ../drivers\libIotLibrary.a(stdio_driver.o)
 .debug_aranges
                0x00000998       0x68 ../drivers\libIotLibrary.a(status_leds.o)
 .debug_aranges
                0x00000a00       0x50 ../drivers\libIotLibrary.a(twi.o)
 .debug_aranges
                0x00000a50       0x20 ../drivers\libIotLibrary.a(fifo.o)

.debug_pubnames
 *(.debug_pubnames)

.debug_info     0x00000000     0xca08
 *(.debug_info .gnu.linkonce.wi.*)
 .debug_info    0x00000000      0xbbc C:/Program Files (x86)/Atmel/Studio/7.0/Packs/atmel/ATmega_DFP/1.7.374/gcc/dev/atmega2560/avr6/crtatmega2560.o
 .debug_info    0x00000bbc      0x1a8 Application.o
 .debug_info    0x00000d64      0x3df DriverConnection/CO2Sensor.o
 .debug_info    0x00001143      0x3c7 DriverConnection/TempHumSensor.o
 .debug_info    0x0000150a      0x971 FreeRTOS/src/event_groups.o
 .debug_info    0x00001e7b      0x4e6 FreeRTOS/src/heap_4.o
 .debug_info    0x00002361      0x2e7 FreeRTOS/src/list.o
 .debug_info    0x00002648      0x2ff FreeRTOS/src/port.o
 .debug_info    0x00002947     0x17e6 FreeRTOS/src/queue.o
 .debug_info    0x0000412d     0x13df FreeRTOS/src/stream_buffer.o
 .debug_info    0x0000550c     0x2239 FreeRTOS/src/tasks.o
 .debug_info    0x00007745     0x10dd FreeRTOS/src/timers.o
 .debug_info    0x00008822      0x20f FreeRTOS/src/variantHooks.o
 .debug_info    0x00008a31      0x1fd main.o
 .debug_info    0x00008c2e      0x3a9 ../drivers\libIotLibrary.a(hih8120.o)
 .debug_info    0x00008fd7     0x1747 ../drivers\libIotLibrary.a(lora_driver.o)
 .debug_info    0x0000a71e      0x556 ../drivers\libIotLibrary.a(mh_z19.o)
 .debug_info    0x0000ac74      0xd9c ../drivers\libIotLibrary.a(serial.o)
 .debug_info    0x0000ba10      0x3b6 ../drivers\libIotLibrary.a(stdio_driver.o)
 .debug_info    0x0000bdc6      0x522 ../drivers\libIotLibrary.a(status_leds.o)
 .debug_info    0x0000c2e8      0x55d ../drivers\libIotLibrary.a(twi.o)
 .debug_info    0x0000c845      0x1c3 ../drivers\libIotLibrary.a(fifo.o)

.debug_abbrev   0x00000000     0x31b4
 *(.debug_abbrev)
 .debug_abbrev  0x00000000      0xb1a C:/Program Files (x86)/Atmel/Studio/7.0/Packs/atmel/ATmega_DFP/1.7.374/gcc/dev/atmega2560/avr6/crtatmega2560.o
 .debug_abbrev  0x00000b1a       0xce Application.o
 .debug_abbrev  0x00000be8      0x1a7 DriverConnection/CO2Sensor.o
 .debug_abbrev  0x00000d8f      0x13d DriverConnection/TempHumSensor.o
 .debug_abbrev  0x00000ecc      0x1dc FreeRTOS/src/event_groups.o
 .debug_abbrev  0x000010a8      0x200 FreeRTOS/src/heap_4.o
 .debug_abbrev  0x000012a8       0xff FreeRTOS/src/list.o
 .debug_abbrev  0x000013a7      0x179 FreeRTOS/src/port.o
 .debug_abbrev  0x00001520      0x241 FreeRTOS/src/queue.o
 .debug_abbrev  0x00001761      0x246 FreeRTOS/src/stream_buffer.o
 .debug_abbrev  0x000019a7      0x2c8 FreeRTOS/src/tasks.o
 .debug_abbrev  0x00001c6f      0x28c FreeRTOS/src/timers.o
 .debug_abbrev  0x00001efb       0xff FreeRTOS/src/variantHooks.o
 .debug_abbrev  0x00001ffa       0xe5 main.o
 .debug_abbrev  0x000020df      0x184 ../drivers\libIotLibrary.a(hih8120.o)
 .debug_abbrev  0x00002263      0x33b ../drivers\libIotLibrary.a(lora_driver.o)
 .debug_abbrev  0x0000259e      0x238 ../drivers\libIotLibrary.a(mh_z19.o)
 .debug_abbrev  0x000027d6      0x355 ../drivers\libIotLibrary.a(serial.o)
 .debug_abbrev  0x00002b2b      0x1b3 ../drivers\libIotLibrary.a(stdio_driver.o)
 .debug_abbrev  0x00002cde      0x1d7 ../drivers\libIotLibrary.a(status_leds.o)
 .debug_abbrev  0x00002eb5      0x217 ../drivers\libIotLibrary.a(twi.o)
 .debug_abbrev  0x000030cc       0xe8 ../drivers\libIotLibrary.a(fifo.o)

.debug_line     0x00000000     0x64f9
 *(.debug_line .debug_line.* .debug_line_end)
 .debug_line    0x00000000      0x1fa C:/Program Files (x86)/Atmel/Studio/7.0/Packs/atmel/ATmega_DFP/1.7.374/gcc/dev/atmega2560/avr6/crtatmega2560.o
 .debug_line    0x000001fa      0x1a1 Application.o
 .debug_line    0x0000039b      0x1fd DriverConnection/CO2Sensor.o
 .debug_line    0x00000598      0x20a DriverConnection/TempHumSensor.o
 .debug_line    0x000007a2      0x413 FreeRTOS/src/event_groups.o
 .debug_line    0x00000bb5      0x41f FreeRTOS/src/heap_4.o
 .debug_line    0x00000fd4      0x1db FreeRTOS/src/list.o
 .debug_line    0x000011af      0x28a FreeRTOS/src/port.o
 .debug_line    0x00001439      0xbe3 FreeRTOS/src/queue.o
 .debug_line    0x0000201c      0x79a FreeRTOS/src/stream_buffer.o
 .debug_line    0x000027b6     0x15ba FreeRTOS/src/tasks.o
 .debug_line    0x00003d70      0x624 FreeRTOS/src/timers.o
 .debug_line    0x00004394      0x1af FreeRTOS/src/variantHooks.o
 .debug_line    0x00004543      0x17c main.o
 .debug_line    0x000046bf      0x24a ../drivers\libIotLibrary.a(hih8120.o)
 .debug_line    0x00004909      0x9aa ../drivers\libIotLibrary.a(lora_driver.o)
 .debug_line    0x000052b3      0x2fc ../drivers\libIotLibrary.a(mh_z19.o)
 .debug_line    0x000055af      0x6a1 ../drivers\libIotLibrary.a(serial.o)
 .debug_line    0x00005c50      0x146 ../drivers\libIotLibrary.a(stdio_driver.o)
 .debug_line    0x00005d96      0x32c ../drivers\libIotLibrary.a(status_leds.o)
 .debug_line    0x000060c2      0x31c ../drivers\libIotLibrary.a(twi.o)
 .debug_line    0x000063de      0x11b ../drivers\libIotLibrary.a(fifo.o)

.debug_frame    0x00000000     0x2610
 *(.debug_frame)
 .debug_frame   0x00000000       0xac Application.o
 .debug_frame   0x000000ac       0xa8 DriverConnection/CO2Sensor.o
 .debug_frame   0x00000154       0xb8 DriverConnection/TempHumSensor.o
 .debug_frame   0x0000020c      0x1dc FreeRTOS/src/event_groups.o
 .debug_frame   0x000003e8       0xfc FreeRTOS/src/heap_4.o
 .debug_frame   0x000004e4       0x90 FreeRTOS/src/list.o
 .debug_frame   0x00000574       0x94 FreeRTOS/src/port.o
 .debug_frame   0x00000608      0x3a4 FreeRTOS/src/queue.o
 .debug_frame   0x000009ac      0x40c FreeRTOS/src/stream_buffer.o
 .debug_frame   0x00000db8      0x7a0 FreeRTOS/src/tasks.o
 .debug_frame   0x00001558      0x3ac FreeRTOS/src/timers.o
 .debug_frame   0x00001904       0x64 FreeRTOS/src/variantHooks.o
 .debug_frame   0x00001968       0x34 main.o
 .debug_frame   0x0000199c       0xc0 ../drivers\libIotLibrary.a(hih8120.o)
 .debug_frame   0x00001a5c      0x460 ../drivers\libIotLibrary.a(lora_driver.o)
 .debug_frame   0x00001ebc      0x100 ../drivers\libIotLibrary.a(mh_z19.o)
 .debug_frame   0x00001fbc      0x384 ../drivers\libIotLibrary.a(serial.o)
 .debug_frame   0x00002340       0x94 ../drivers\libIotLibrary.a(stdio_driver.o)
 .debug_frame   0x000023d4       0xec ../drivers\libIotLibrary.a(status_leds.o)
 .debug_frame   0x000024c0      0x12c ../drivers\libIotLibrary.a(twi.o)
 .debug_frame   0x000025ec       0x24 ../drivers\libIotLibrary.a(fifo.o)

.debug_str      0x00000000     0x4058
 *(.debug_str)
 .debug_str     0x00000000      0x3e6 C:/Program Files (x86)/Atmel/Studio/7.0/Packs/atmel/ATmega_DFP/1.7.374/gcc/dev/atmega2560/avr6/crtatmega2560.o
 .debug_str     0x000003e6      0x22b Application.o
                                0x276 (size before relaxing)
 .debug_str     0x00000611      0x1ba DriverConnection/CO2Sensor.o
                                0x3b0 (size before relaxing)
 .debug_str     0x000007cb      0x181 DriverConnection/TempHumSensor.o
                                0x3cc (size before relaxing)
 .debug_str     0x0000094c      0x35d FreeRTOS/src/event_groups.o
                                0x58d (size before relaxing)
 .debug_str     0x00000ca9      0x2ce FreeRTOS/src/heap_4.o
                                0x483 (size before relaxing)
 .debug_str     0x00000f77       0x89 FreeRTOS/src/list.o
                                0x2bf (size before relaxing)
 .debug_str     0x00001000      0x15a FreeRTOS/src/port.o
                                0x2f4 (size before relaxing)
 .debug_str     0x0000115a      0x652 FreeRTOS/src/queue.o
                                0x933 (size before relaxing)
 .debug_str     0x000017ac      0x4ed FreeRTOS/src/stream_buffer.o
                                0x7bc (size before relaxing)
 .debug_str     0x00001c99      0x8b1 FreeRTOS/src/tasks.o
                                0xf54 (size before relaxing)
 .debug_str     0x0000254a      0x414 FreeRTOS/src/timers.o
                                0x82a (size before relaxing)
 .debug_str     0x0000295e       0x81 FreeRTOS/src/variantHooks.o
                                0x26b (size before relaxing)
 .debug_str     0x000029df       0x70 main.o
                                0x24c (size before relaxing)
 .debug_str     0x00002a4f      0x2f4 ../drivers\libIotLibrary.a(hih8120.o)
                                0x45c (size before relaxing)
 .debug_str     0x00002d43      0x9d1 ../drivers\libIotLibrary.a(lora_driver.o)
                                0xcdb (size before relaxing)
 .debug_str     0x00003714      0x106 ../drivers\libIotLibrary.a(mh_z19.o)
                                0x489 (size before relaxing)
 .debug_str     0x0000381a      0x2e7 ../drivers\libIotLibrary.a(serial.o)
                                0x628 (size before relaxing)
 .debug_str     0x00003b01       0xa6 ../drivers\libIotLibrary.a(stdio_driver.o)
                                0x37d (size before relaxing)
 .debug_str     0x00003ba7      0x1a0 ../drivers\libIotLibrary.a(status_leds.o)
                                0x381 (size before relaxing)
 .debug_str     0x00003d47      0x2ef ../drivers\libIotLibrary.a(twi.o)
                                0x5b4 (size before relaxing)
 .debug_str     0x00004036       0x22 ../drivers\libIotLibrary.a(fifo.o)
                                0x239 (size before relaxing)

.debug_loc      0x00000000     0xbe99
 *(.debug_loc)
 .debug_loc     0x00000000      0x15a Application.o
 .debug_loc     0x0000015a      0x139 DriverConnection/CO2Sensor.o
 .debug_loc     0x00000293      0x15c DriverConnection/TempHumSensor.o
 .debug_loc     0x000003ef      0xcc9 FreeRTOS/src/event_groups.o
 .debug_loc     0x000010b8      0x4be FreeRTOS/src/heap_4.o
 .debug_loc     0x00001576      0x17d FreeRTOS/src/list.o
 .debug_loc     0x000016f3       0xf6 FreeRTOS/src/port.o
 .debug_loc     0x000017e9     0x1abd FreeRTOS/src/queue.o
 .debug_loc     0x000032a6     0x1daf FreeRTOS/src/stream_buffer.o
 .debug_loc     0x00005055     0x2a07 FreeRTOS/src/tasks.o
 .debug_loc     0x00007a5c     0x10f3 FreeRTOS/src/timers.o
 .debug_loc     0x00008b4f       0xdc FreeRTOS/src/variantHooks.o
 .debug_loc     0x00008c2b       0x9f ../drivers\libIotLibrary.a(hih8120.o)
 .debug_loc     0x00008cca     0x1216 ../drivers\libIotLibrary.a(lora_driver.o)
 .debug_loc     0x00009ee0      0x37c ../drivers\libIotLibrary.a(mh_z19.o)
 .debug_loc     0x0000a25c     0x114c ../drivers\libIotLibrary.a(serial.o)
 .debug_loc     0x0000b3a8      0x18c ../drivers\libIotLibrary.a(stdio_driver.o)
 .debug_loc     0x0000b534      0x292 ../drivers\libIotLibrary.a(status_leds.o)
 .debug_loc     0x0000b7c6      0x575 ../drivers\libIotLibrary.a(twi.o)
 .debug_loc     0x0000bd3b      0x15e ../drivers\libIotLibrary.a(fifo.o)

.debug_macinfo
 *(.debug_macinfo)

.debug_weaknames
 *(.debug_weaknames)

.debug_funcnames
 *(.debug_funcnames)

.debug_typenames
 *(.debug_typenames)

.debug_varnames
 *(.debug_varnames)

.debug_pubtypes
 *(.debug_pubtypes)

.debug_ranges   0x00000000      0x9d8
 *(.debug_ranges)
 .debug_ranges  0x00000000       0x28 Application.o
 .debug_ranges  0x00000028       0x38 DriverConnection/CO2Sensor.o
 .debug_ranges  0x00000060       0x38 DriverConnection/TempHumSensor.o
 .debug_ranges  0x00000098       0x70 FreeRTOS/src/event_groups.o
 .debug_ranges  0x00000108       0x48 FreeRTOS/src/heap_4.o
 .debug_ranges  0x00000150       0x30 FreeRTOS/src/list.o
 .debug_ranges  0x00000180       0x48 FreeRTOS/src/port.o
 .debug_ranges  0x000001c8      0x130 FreeRTOS/src/queue.o
 .debug_ranges  0x000002f8       0xb0 FreeRTOS/src/stream_buffer.o
 .debug_ranges  0x000003a8      0x200 FreeRTOS/src/tasks.o
 .debug_ranges  0x000005a8       0xb8 FreeRTOS/src/timers.o
 .debug_ranges  0x00000660       0x30 FreeRTOS/src/variantHooks.o
 .debug_ranges  0x00000690       0x18 main.o
 .debug_ranges  0x000006a8       0x58 ../drivers\libIotLibrary.a(hih8120.o)
 .debug_ranges  0x00000700      0x128 ../drivers\libIotLibrary.a(lora_driver.o)
 .debug_ranges  0x00000828       0x48 ../drivers\libIotLibrary.a(mh_z19.o)
 .debug_ranges  0x00000870       0x98 ../drivers\libIotLibrary.a(serial.o)
 .debug_ranges  0x00000908       0x28 ../drivers\libIotLibrary.a(stdio_driver.o)
 .debug_ranges  0x00000930       0x58 ../drivers\libIotLibrary.a(status_leds.o)
 .debug_ranges  0x00000988       0x40 ../drivers\libIotLibrary.a(twi.o)
 .debug_ranges  0x000009c8       0x10 ../drivers\libIotLibrary.a(fifo.o)

.debug_macro
 *(.debug_macro)
OUTPUT(SEP4_Greenhouse.elf elf32-avr)
LOAD linker stubs
