Archive member included to satisfy reference by file (symbol)

../drivers\libIotLibrary.a(hih8120.o)
                              DriverConnection/TempHumSensor.o (hih8120_initialise)
../drivers\libIotLibrary.a(lora_driver.o)
                              LoRaWANHandler.o (lora_driver_flushBuffers)
../drivers\libIotLibrary.a(lora_driver_utils.o)
                              ../drivers\libIotLibrary.a(lora_driver.o) (decode_port_no)
../drivers\libIotLibrary.a(mh_z19.o)
                              DriverConnection/CO2Sensor.o (mh_z19_initialise)
../drivers\libIotLibrary.a(serial.o)
                              ../drivers\libIotLibrary.a(lora_driver.o) (serial_create)
../drivers\libIotLibrary.a(stdio_driver.o)
                              main.o (stdio_initialise)
../drivers\libIotLibrary.a(status_leds.o)
                              main.o (status_leds_initialise)
../drivers\libIotLibrary.a(twi.o)
                              ../drivers\libIotLibrary.a(hih8120.o) (twiCreate)
../drivers\libIotLibrary.a(fifo.o)
                              ../drivers\libIotLibrary.a(serial.o) (fifo_init)
c:/program files (x86)/atmel/studio/7.0/toolchain/avr8/avr8-gnu-toolchain/bin/../lib/gcc/avr/5.4.0/../../../../avr/lib/avr6\libprintf_flt.a(vfprintf_flt.o)
                              (vfprintf)
c:/program files (x86)/atmel/studio/7.0/toolchain/avr8/avr8-gnu-toolchain/bin/../lib/gcc/avr/5.4.0/../../../../avr/lib/avr6\libm.a(addsf3.o)
                              ../drivers\libIotLibrary.a(hih8120.o) (__subsf3)
c:/program files (x86)/atmel/studio/7.0/toolchain/avr8/avr8-gnu-toolchain/bin/../lib/gcc/avr/5.4.0/../../../../avr/lib/avr6\libm.a(addsf3x.o)
                              c:/program files (x86)/atmel/studio/7.0/toolchain/avr8/avr8-gnu-toolchain/bin/../lib/gcc/avr/5.4.0/../../../../avr/lib/avr6\libm.a(addsf3.o) (__addsf3x)
c:/program files (x86)/atmel/studio/7.0/toolchain/avr8/avr8-gnu-toolchain/bin/../lib/gcc/avr/5.4.0/../../../../avr/lib/avr6\libm.a(divsf3.o)
                              ../drivers\libIotLibrary.a(hih8120.o) (__divsf3)
c:/program files (x86)/atmel/studio/7.0/toolchain/avr8/avr8-gnu-toolchain/bin/../lib/gcc/avr/5.4.0/../../../../avr/lib/avr6\libm.a(divsf3x.o)
                              c:/program files (x86)/atmel/studio/7.0/toolchain/avr8/avr8-gnu-toolchain/bin/../lib/gcc/avr/5.4.0/../../../../avr/lib/avr6\libm.a(divsf3.o) (__divsf3x)
c:/program files (x86)/atmel/studio/7.0/toolchain/avr8/avr8-gnu-toolchain/bin/../lib/gcc/avr/5.4.0/../../../../avr/lib/avr6\libm.a(fixsfsi.o)
                              ../drivers\libIotLibrary.a(hih8120.o) (__fixsfsi)
c:/program files (x86)/atmel/studio/7.0/toolchain/avr8/avr8-gnu-toolchain/bin/../lib/gcc/avr/5.4.0/../../../../avr/lib/avr6\libm.a(fixunssfsi.o)
                              ../drivers\libIotLibrary.a(hih8120.o) (__fixunssfsi)
c:/program files (x86)/atmel/studio/7.0/toolchain/avr8/avr8-gnu-toolchain/bin/../lib/gcc/avr/5.4.0/../../../../avr/lib/avr6\libm.a(floatsisf.o)
                              ../drivers\libIotLibrary.a(hih8120.o) (__floatunsisf)
c:/program files (x86)/atmel/studio/7.0/toolchain/avr8/avr8-gnu-toolchain/bin/../lib/gcc/avr/5.4.0/../../../../avr/lib/avr6\libm.a(fp_inf.o)
                              c:/program files (x86)/atmel/studio/7.0/toolchain/avr8/avr8-gnu-toolchain/bin/../lib/gcc/avr/5.4.0/../../../../avr/lib/avr6\libm.a(addsf3x.o) (__fp_inf)
c:/program files (x86)/atmel/studio/7.0/toolchain/avr8/avr8-gnu-toolchain/bin/../lib/gcc/avr/5.4.0/../../../../avr/lib/avr6\libm.a(fp_nan.o)
                              c:/program files (x86)/atmel/studio/7.0/toolchain/avr8/avr8-gnu-toolchain/bin/../lib/gcc/avr/5.4.0/../../../../avr/lib/avr6\libm.a(addsf3x.o) (__fp_nan)
c:/program files (x86)/atmel/studio/7.0/toolchain/avr8/avr8-gnu-toolchain/bin/../lib/gcc/avr/5.4.0/../../../../avr/lib/avr6\libm.a(fp_pscA.o)
                              c:/program files (x86)/atmel/studio/7.0/toolchain/avr8/avr8-gnu-toolchain/bin/../lib/gcc/avr/5.4.0/../../../../avr/lib/avr6\libm.a(addsf3x.o) (__fp_pscA)
c:/program files (x86)/atmel/studio/7.0/toolchain/avr8/avr8-gnu-toolchain/bin/../lib/gcc/avr/5.4.0/../../../../avr/lib/avr6\libm.a(fp_pscB.o)
                              c:/program files (x86)/atmel/studio/7.0/toolchain/avr8/avr8-gnu-toolchain/bin/../lib/gcc/avr/5.4.0/../../../../avr/lib/avr6\libm.a(addsf3x.o) (__fp_pscB)
c:/program files (x86)/atmel/studio/7.0/toolchain/avr8/avr8-gnu-toolchain/bin/../lib/gcc/avr/5.4.0/../../../../avr/lib/avr6\libm.a(fp_round.o)
                              c:/program files (x86)/atmel/studio/7.0/toolchain/avr8/avr8-gnu-toolchain/bin/../lib/gcc/avr/5.4.0/../../../../avr/lib/avr6\libm.a(addsf3.o) (__fp_round)
c:/program files (x86)/atmel/studio/7.0/toolchain/avr8/avr8-gnu-toolchain/bin/../lib/gcc/avr/5.4.0/../../../../avr/lib/avr6\libm.a(fp_split3.o)
[...]
Memory Configuration

Name             Origin             Length             Attributes
text             0x00000000         0x00040000         xr
data             0x00800200         0x00002000         rw !x
eeprom           0x00810000         0x00001000         rw !x
fuse             0x00820000         0x00000003         rw !x
lock             0x00830000         0x00000400         rw !x
signature        0x00840000         0x00000400         rw !x
user_signatures  0x00850000         0x00000400         rw !x
*default*        0x00000000         0xffffffff

Linker script and memory map

Address of section .data set to 0x800200
LOAD C:/Program Files (x86)/Atmel/Studio/7.0/Packs/atmel/ATmega_DFP/1.7.374/gcc/dev/atmega2560/avr6/crtatmega2560.o
LOAD Application.o
LOAD DriverConnection/CO2Sensor.o
LOAD DriverConnection/TempHumSensor.o
LOAD FreeRTOS/FreeRTOSTraceDriver/FreeRTOSTraceDriver.o
LOAD FreeRTOS/src/croutine.o
LOAD FreeRTOS/src/event_groups.o
LOAD FreeRTOS/src/heap_4.o
LOAD FreeRTOS/src/list.o
LOAD FreeRTOS/src/port.o
LOAD FreeRTOS/src/queue.o
LOAD FreeRTOS/src/stream_buffer.o
LOAD FreeRTOS/src/tasks.o
LOAD FreeRTOS/src/timers.o
LOAD FreeRTOS/src/variantHooks.o
LOAD LoRaWANHandler.o
LOAD main.o
START GROUP
LOAD c:/program files (x86)/atmel/studio/7.0/toolchain/avr8/avr8-gnu-toolchain/bin/../lib/gcc/avr/5.4.0/../../../../avr/lib/avr6\libm.a
LOAD ../drivers\libIotLibrary.a
LOAD c:/program files (x86)/atmel/studio/7.0/toolchain/avr8/avr8-gnu-toolchain/bin/../lib/gcc/avr/5.4.0/../../../../avr/lib/avr6\libprintf_flt.a
END GROUP
LOAD c:/program files (x86)/atmel/studio/7.0/toolchain/avr8/avr8-gnu-toolchain/bin/../lib/gcc/avr/5.4.0/avr6\libgcc.a
LOAD c:/program files (x86)/atmel/studio/7.0/toolchain/avr8/avr8-gnu-toolchain/bin/../lib/gcc/avr/5.4.0/../../../../avr/lib/avr6\libm.a
START GROUP
LOAD c:/program files (x86)/atmel/studio/7.0/toolchain/avr8/avr8-gnu-toolchain/bin/../lib/gcc/avr/5.4.0/avr6\libgcc.a
LOAD c:/program files (x86)/atmel/studio/7.0/toolchain/avr8/avr8-gnu-toolchain/bin/../lib/gcc/avr/5.4.0/../../../../avr/lib/avr6\libm.a
LOAD c:/program files (x86)/atmel/studio/7.0/toolchain/avr8/avr8-gnu-toolchain/bin/../lib/gcc/avr/5.4.0/../../../../avr/lib/avr6\libc.a
LOAD C:/Program Files (x86)/Atmel/Studio/7.0/Packs/atmel/ATmega_DFP/1.7.374/gcc/dev/atmega2560/avr6\libatmega2560.a
END GROUP
                0x00000000                __TEXT_REGION_ORIGIN__ = DEFINED (__TEXT_REGION_ORIGIN__)?__TEXT_REGION_ORIGIN__:0x0
                [0x00800200]                __DATA_REGION_ORIGIN__ = DEFINED (__DATA_REGION_ORIGIN__)?__DATA_REGION_ORIGIN__:0x800200
                [0x00040000]                __TEXT_REGION_LENGTH__ = DEFINED (__TEXT_REGION_LENGTH__)?__TEXT_REGION_LENGTH__:0x100000
                [0x00002000]                __DATA_REGION_LENGTH__ = DEFINED (__DATA_REGION_LENGTH__)?__DATA_REGION_LENGTH__:0xfe00
                [0x00001000]                __EEPROM_REGION_LENGTH__ = DEFINED (__EEPROM_REGION_LENGTH__)?__EEPROM_REGION_LENGTH__:0x10000
                [0x00000003]                __FUSE_REGION_LENGTH__ = DEFINED (__FUSE_REGION_LENGTH__)?__FUSE_REGION_LENGTH__:0x400
                0x00000400                __LOCK_REGION_LENGTH__ = DEFINED (__LOCK_REGION_LENGTH__)?__LOCK_REGION_LENGTH__:0x400
                0x00000400                __SIGNATURE_REGION_LENGTH__ = DEFINED (__SIGNATURE_REGION_LENGTH__)?__SIGNATURE_REGION_LENGTH__:0x400
                0x00000400                __USER_SIGNATURE_REGION_LENGTH__ = DEFINED (__USER_SIGNATURE_REGION_LENGTH__)?__USER_SIGNATURE_REGION_LENGTH__:0x400

.hash
 *(.hash)

.dynsym
 *(.dynsym)

.dynstr
 *(.dynstr)

.gnu.version
 *(.gnu.version)

.gnu.version_d
 *(.gnu.version_d)

.gnu.version_r
 *(.gnu.version_r)

.rel.init
 *(.rel.init)

.rela.init
 *(.rela.init)

.rel.text
 *(.rel.text)
 *(.rel.text.*)
 *(.rel.gnu.linkonce.t*)

.rela.text
 *(.rela.text)
 *(.rela.text.*)
 *(.rela.gnu.linkonce.t*)

.rel.fini
 *(.rel.fini)

.rela.fini
 *(.rela.fini)

.rel.rodata
 *(.rel.rodata)
 *(.rel.rodata.*)
 *(.rel.gnu.linkonce.r*)

.rela.rodata
 *(.rela.rodata)
 *(.rela.rodata.*)
 *(.rela.gnu.linkonce.r*)

.rel.data
 *(.rel.data)
 *(.rel.data.*)
 *(.rel.gnu.linkonce.d*)

.rela.data
 *(.rela.data)
 *(.rela.data.*)
 *(.rela.gnu.linkonce.d*)

.rel.ctors
 *(.rel.ctors)

.rela.ctors
 *(.rela.ctors)

.rel.dtors
 *(.rel.dtors)

.rela.dtors
 *(.rela.dtors)

.rel.got
 *(.rel.got)

.rela.got
 *(.rela.got)

.rel.bss
 *(.rel.bss)

.rela.bss
 *(.rela.bss)

.rel.plt
 *(.rel.plt)

.rela.plt
 *(.rela.plt)

.text           0x00000000     0x671e
 *(.vectors)
 .vectors       0x00000000       0xe4 C:/Program Files (x86)/Atmel/Studio/7.0/Packs/atmel/ATmega_DFP/1.7.374/gcc/dev/atmega2560/avr6/crtatmega2560.o
                0x00000000                __vector_default
                0x00000000                __vectors
 *(.vectors)
 *(.progmem.gcc*)
 .progmem.gcc_sw_table.prvProcessReceivedCommands
                0x000000e4       0x14 FreeRTOS/src/timers.o
 .progmem.gcc_sw_table.__vector_39
                0x000000f8       0xa2 ../drivers\libIotLibrary.a(twi.o)
                0x0000019a                . = ALIGN (0x2)
                0x0000019a                __trampolines_start = .
 *(.trampolines)
 .trampolines   0x0000019a        0x0 linker stubs
 *(.trampolines*)
                0x0000019a                __trampolines_end = .
 *libprintf_flt.a:*(.progmem.data)
 .progmem.data  0x0000019a        0x8 c:/program files (x86)/atmel/studio/7.0/toolchain/avr8/avr8-gnu-toolchain/bin/../lib/gcc/avr/5.4.0/../../../../avr/lib/avr6\libprintf_flt.a(vfprintf_flt.o)
 *libc.a:*(.progmem.data)
 .progmem.data  0x000001a2       0xfa c:/program files (x86)/atmel/studio/7.0/toolchain/avr8/avr8-gnu-toolchain/bin/../lib/gcc/avr/5.4.0/../../../../avr/lib/avr6\libc.a(ftoa_engine.o)
 *(.progmem*)
                0x0000029c                . = ALIGN (0x2)
 *(.jumptables)
 *(.jumptables*)
 *(.lowtext)
 .lowtext       0x0000029c       0x14 FreeRTOS/src/tasks.o
 .lowtext       0x000002b0       0x1e FreeRTOS/src/timers.o
 *(.lowtext*)
                0x000002ce                __ctors_start = .
 *(.ctors)
                0x000002ce                __ctors_end = .
                0x000002ce                __dtors_start = .
 *(.dtors)
                0x000002ce                __dtors_end = .
 SORT(*)(.ctors)
 SORT(*)(.dtors)
 *(.init0)
 .init0         0x000002ce        0x0 C:/Program Files (x86)/Atmel/Studio/7.0/Packs/atmel/ATmega_DFP/1.7.374/gcc/dev/atmega2560/avr6/crtatmega2560.o
                0x000002ce                __init
 *(.init0)
 *(.init1)
 *(.init1)
 *(.init2)
 .init2         0x000002ce       0x10 C:/Program Files (x86)/Atmel/Studio/7.0/Packs/atmel/ATmega_DFP/1.7.374/gcc/dev/atmega2560/avr6/crtatmega2560.o
 *(.init2)
 *(.init3)
 *(.init3)
 *(.init4)
 .init4         0x000002de       0x1a c:/program files (x86)/atmel/studio/7.0/toolchain/avr8/avr8-gnu-toolchain/bin/../lib/gcc/avr/5.4.0/avr6\libgcc.a(_copy_data.o)
                0x000002de                __do_copy_data
 .init4         0x000002f8       0x10 c:/program files (x86)/atmel/studio/7.0/toolchain/avr8/avr8-gnu-toolchain/bin/../lib/gcc/avr/5.4.0/avr6\libgcc.a(_clear_bss.o)
                0x000002f8                __do_clear_bss
 *(.init4)
 *(.init5)
 *(.init5)
 *(.init6)
 *(.init6)
 *(.init7)
 *(.init7)
 *(.init8)
 *(.init8)
 *(.init9)
 .init9         0x00000308        0x8 C:/Program Files (x86)/Atmel/Studio/7.0/Packs/atmel/ATmega_DFP/1.7.374/gcc/dev/atmega2560/avr6/crtatmega2560.o
 *(.init9)
 *(.text)
 .text          0x00000310        0x2 C:/Program Files (x86)/Atmel/Studio/7.0/Packs/atmel/ATmega_DFP/1.7.374/gcc/dev/atmega2560/avr6/crtatmega2560.o
                0x00000310                __vector_38
                0x00000310                __vector_22
                0x00000310                __vector_28
                0x00000310                __vector_1
                0x00000310                __vector_32
                0x00000310                __vector_34
                0x00000310                __vector_24
                0x00000310                __vector_46
                0x00000310                __bad_interrupt
                0x00000310                __vector_6
                0x00000310                __vector_31
                0x00000310                __vector_35
                0x00000310                __vector_3
                0x00000310                __vector_23
                0x00000310                __vector_30
                0x00000310                __vector_45
                0x00000310                __vector_11
                0x00000310                __vector_13
                0x00000310                __vector_17
                0x00000310                __vector_19
                0x00000310                __vector_56
                0x00000310                __vector_7
                0x00000310                __vector_49
                0x00000310                __vector_41
                0x00000310                __vector_43
                0x00000310                __vector_27
                0x00000310                __vector_5
                0x00000310                __vector_33
                0x00000310                __vector_47
                0x00000310                __vector_4
                0x00000310                __vector_44
                0x00000310                __vector_9
                0x00000310                __vector_2
                0x00000310                __vector_21
                0x00000310                __vector_15
                0x00000310                __vector_29
                0x00000310                __vector_40
                0x00000310                __vector_8
                0x00000310                __vector_48
                0x00000310                __vector_14
                0x00000310                __vector_53
                0x00000310                __vector_10
                0x00000310                __vector_50
                0x00000310                __vector_16
                0x00000310                __vector_18
                0x00000310                __vector_20
                0x00000310                __vector_42
                0x00000312                . = ALIGN (0x2)
 *(.text.*)
 .text.run_all_Task
                0x00000312        0x6 Application.o
                0x00000312                run_all_Task
 .text.initialize_everything
                0x00000318       0x16 Application.o
                0x00000318                initialize_everything
 .text.MainApplicationTask
                0x0000032e       0xe0 Application.o
                0x0000032e                MainApplicationTask
 .text.myCo2CallBack
                0x0000040e        0xa DriverConnection/CO2Sensor.o
                0x0000040e                myCo2CallBack
 .text.CO2_createSensor
                0x00000418       0x10 DriverConnection/CO2Sensor.o
                0x00000418                CO2_createSensor
 .text.CO2_measure
                0x00000428       0x30 DriverConnection/CO2Sensor.o
                0x00000428                CO2_measure
 .text.MeasureCo2Task
                0x00000458       0x68 DriverConnection/CO2Sensor.o
                0x00000458                MeasureCo2Task
 .text.CO2_getPPM
                0x000004c0        0xa DriverConnection/CO2Sensor.o
                0x000004c0                CO2_getPPM
 .text.createCO2SensorTask
                0x000004ca       0x2a DriverConnection/CO2Sensor.o
                0x000004ca                createCO2SensorTask
 .text.initialise_TempHumSensor
                0x000004f4       0x2c DriverConnection/TempHumSensor.o
                0x000004f4                initialise_TempHumSensor
 .text.create_TempHumSensorTask
                0x00000520       0x2a DriverConnection/TempHumSensor.o
                0x00000520                create_TempHumSensorTask
 .text.measure_Temp_Hum
                0x0000054a       0x4a DriverConnection/TempHumSensor.o
                0x0000054a                measure_Temp_Hum
 .text.Temp_Hum_Main_Task
                0x00000594       0x60 DriverConnection/TempHumSensor.o
                0x00000594                Temp_Hum_Main_Task
 .text.TempHumSensor_getTemp
                0x000005f4        0xa DriverConnection/TempHumSensor.o
                0x000005f4                TempHumSensor_getTemp
 .text.TempHumSensor_getHum
                0x000005fe        0xa DriverConnection/TempHumSensor.o
                0x000005fe                TempHumSensor_getHum
 .text.prvTestWaitCondition
                0x00000608       0x42 FreeRTOS/src/event_groups.o
 .text.xEventGroupCreate
                0x0000064a       0x26 FreeRTOS/src/event_groups.o
                0x0000064a                xEventGroupCreate
 .text.xEventGroupWaitBits
                0x00000670      0x140 FreeRTOS/src/event_groups.o
                0x00000670                xEventGroupWaitBits
 .text.xEventGroupSetBits
                0x000007b0      0x11c FreeRTOS/src/event_groups.o
                0x000007b0                xEventGroupSetBits
 .text.prvHeapInit
                0x000008cc       0x52 FreeRTOS/src/heap_4.o
 .text.prvInsertBlockIntoFreeList
                0x0000091e       0x94 FreeRTOS/src/heap_4.o
 .text.pvPortMalloc
                0x000009b2      0x152 FreeRTOS/src/heap_4.o
                0x000009b2                pvPortMalloc
 .text.vPortFree
                0x00000b04       0x7a FreeRTOS/src/heap_4.o
                0x00000b04                vPortFree
 .text.vListInitialise
                0x00000b7e       0x22 FreeRTOS/src/list.o
                0x00000b7e                vListInitialise
 .text.vListInitialiseItem
                0x00000ba0        0x8 FreeRTOS/src/list.o
                0x00000ba0                vListInitialiseItem
 .text.vListInsert
                0x00000ba8       0x7a FreeRTOS/src/list.o
                0x00000ba8                vListInsert
 .text.uxListRemove
                0x00000c22       0x4e FreeRTOS/src/list.o
                0x00000c22                uxListRemove
 .text.prvSetupTimerInterrupt
                0x00000c70       0x18 FreeRTOS/src/port.o
 .text.pxPortInitialiseStack
                0x00000c88       0x2e FreeRTOS/src/port.o
                0x00000c88                pxPortInitialiseStack
 .text.xPortStartScheduler
                0x00000cb6       0x64 FreeRTOS/src/port.o
                0x00000cb6                xPortStartScheduler
 .text.vPortYield
                0x00000d1a       0xc2 FreeRTOS/src/port.o
                0x00000d1a                vPortYield
 .text.vPortYieldFromTick
                0x00000ddc       0xca FreeRTOS/src/port.o
                0x00000ddc                vPortYieldFromTick
 .text.__vector_12
                0x00000ea6        0x4 FreeRTOS/src/port.o
                0x00000ea6                __vector_12
 .text.prvIsQueueEmpty
                0x00000eaa       0x1a FreeRTOS/src/queue.o
 .text.prvIsQueueFull
                0x00000ec4       0x1c FreeRTOS/src/queue.o
 .text.prvCopyDataToQueue
                0x00000ee0       0xbe FreeRTOS/src/queue.o
 .text.prvCopyDataFromQueue
                0x00000f9e       0x34 FreeRTOS/src/queue.o
 .text.prvUnlockQueue
                0x00000fd2       0x68 FreeRTOS/src/queue.o
 .text.xQueueGenericReset
                0x0000103a       0x86 FreeRTOS/src/queue.o
                0x0000103a                xQueueGenericReset
 .text.prvInitialiseNewQueue
                0x000010c0       0x24 FreeRTOS/src/queue.o
 .text.xQueueGenericCreate
                0x000010e4       0x46 FreeRTOS/src/queue.o
                0x000010e4                xQueueGenericCreate
 .text.xQueueGenericSend
                0x0000112a      0x122 FreeRTOS/src/queue.o
                0x0000112a                xQueueGenericSend
 .text.xQueueGenericSendFromISR
                0x0000124c       0x76 FreeRTOS/src/queue.o
                0x0000124c                xQueueGenericSendFromISR
 .text.xQueueReceive
                0x000012c2      0x11e FreeRTOS/src/queue.o
                0x000012c2                xQueueReceive
 .text.vQueueWaitForMessageRestricted
                0x000013e0       0x38 FreeRTOS/src/queue.o
                0x000013e0                vQueueWaitForMessageRestricted
 .text.prvBytesInBuffer
                0x00001418       0x26 FreeRTOS/src/stream_buffer.o
 .text.prvInitialiseNewStreamBuffer
                0x0000143e       0x20 FreeRTOS/src/stream_buffer.o
 .text.prvWriteBytesToBuffer
                0x0000145e       0x92 FreeRTOS/src/stream_buffer.o
 .text.prvWriteMessageToBuffer
                0x000014f0       0x86 FreeRTOS/src/stream_buffer.o
 .text.prvReadBytesFromBuffer
                0x00001576       0x9e FreeRTOS/src/stream_buffer.o
 .text.prvReadMessageFromBuffer
                0x00001614       0x8a FreeRTOS/src/stream_buffer.o
 .text.xStreamBufferGenericCreate
                0x0000169e       0x64 FreeRTOS/src/stream_buffer.o
                0x0000169e                xStreamBufferGenericCreate
 .text.xStreamBufferReset
                0x00001702       0x3c FreeRTOS/src/stream_buffer.o
                0x00001702                xStreamBufferReset
 .text.xStreamBufferSpacesAvailable
                0x0000173e       0x24 FreeRTOS/src/stream_buffer.o
                0x0000173e                xStreamBufferSpacesAvailable
 .text.xStreamBufferSend
                0x00001762      0x18a FreeRTOS/src/stream_buffer.o
                0x00001762                xStreamBufferSend
 .text.xStreamBufferSendFromISR
                0x000018ec       0x88 FreeRTOS/src/stream_buffer.o
                0x000018ec                xStreamBufferSendFromISR
 .text.xStreamBufferReceive
                0x00001974      0x106 FreeRTOS/src/stream_buffer.o
                0x00001974                xStreamBufferReceive
 .text.prvResetNextTaskUnblockTime
                0x00001a7a       0x4e FreeRTOS/src/tasks.o
 .text.prvDeleteTCB
                0x00001ac8       0x16 FreeRTOS/src/tasks.o
 .text.prvInitialiseNewTask
                0x00001ade       0xf6 FreeRTOS/src/tasks.o
 .text.prvInitialiseTaskLists
                0x00001bd4       0x60 FreeRTOS/src/tasks.o
 .text.prvAddNewTaskToReadyList
                0x00001c34       0xdc FreeRTOS/src/tasks.o
 .text.prvCheckTasksWaitingTermination
                0x00001d10       0x4a FreeRTOS/src/tasks.o
 .text.prvAddCurrentTaskToDelayedList
                0x00001d5a      0x144 FreeRTOS/src/tasks.o
 .text.xTaskCreate
                0x00001e9e       0x98 FreeRTOS/src/tasks.o
                0x00001e9e                xTaskCreate
 .text.vTaskStartScheduler
                0x00001f36       0x70 FreeRTOS/src/tasks.o
                0x00001f36                vTaskStartScheduler
 .text.vTaskSuspendAll
                0x00001fa6        0xc FreeRTOS/src/tasks.o
                0x00001fa6                vTaskSuspendAll
 .text.xTaskGetTickCount
                0x00001fb2       0x1c FreeRTOS/src/tasks.o
                0x00001fb2                xTaskGetTickCount
 .text.xTaskIncrementTick
                0x00001fce      0x258 FreeRTOS/src/tasks.o
                0x00001fce                xTaskIncrementTick
 .text.xTaskResumeAll
                0x00002226      0x1b8 FreeRTOS/src/tasks.o
                0x00002226                xTaskResumeAll
 .text.xTaskDelayUntil
                0x000023de       0xca FreeRTOS/src/tasks.o
                0x000023de                xTaskDelayUntil
 .text.vTaskDelay
                0x000024a8       0x36 FreeRTOS/src/tasks.o
                0x000024a8                vTaskDelay
 .text.vTaskSwitchContext
                0x000024de       0xca FreeRTOS/src/tasks.o
                0x000024de                vTaskSwitchContext
 .text.vTaskPlaceOnEventList
                0x000025a8       0x2e FreeRTOS/src/tasks.o
                0x000025a8                vTaskPlaceOnEventList
 .text.vTaskPlaceOnUnorderedEventList
                0x000025d6       0x94 FreeRTOS/src/tasks.o
                0x000025d6                vTaskPlaceOnUnorderedEventList
 .text.vTaskPlaceOnEventListRestricted
                0x0000266a       0x84 FreeRTOS/src/tasks.o
                0x0000266a                vTaskPlaceOnEventListRestricted
 .text.xTaskRemoveFromEventList
                0x000026ee      0x15e FreeRTOS/src/tasks.o
                0x000026ee                xTaskRemoveFromEventList
 .text.vTaskRemoveFromUnorderedEventList
                0x0000284c      0x134 FreeRTOS/src/tasks.o
                0x0000284c                vTaskRemoveFromUnorderedEventList
 .text.vTaskSetTimeOutState
                0x00002980       0x2c FreeRTOS/src/tasks.o
                0x00002980                vTaskSetTimeOutState
 .text.vTaskInternalSetTimeOutState
                0x000029ac       0x22 FreeRTOS/src/tasks.o
                0x000029ac                vTaskInternalSetTimeOutState
 .text.xTaskCheckForTimeOut
                0x000029ce       0xcc FreeRTOS/src/tasks.o
                0x000029ce                xTaskCheckForTimeOut
 .text.vTaskMissedYield
                0x00002a9a        0x8 FreeRTOS/src/tasks.o
                0x00002a9a                vTaskMissedYield
 .text.xTaskGetCurrentTaskHandle
                0x00002aa2        0xa FreeRTOS/src/tasks.o
                0x00002aa2                xTaskGetCurrentTaskHandle
 .text.xTaskGetSchedulerState
                0x00002aac       0x1c FreeRTOS/src/tasks.o
                0x00002aac                xTaskGetSchedulerState
 .text.xTaskPriorityDisinherit
                0x00002ac8       0xb6 FreeRTOS/src/tasks.o
                0x00002ac8                xTaskPriorityDisinherit
 .text.uxTaskResetEventItemValue
                0x00002b7e       0x54 FreeRTOS/src/tasks.o
                0x00002b7e                uxTaskResetEventItemValue
 .text.xTaskGenericNotifyWait
                0x00002bd2      0x14e FreeRTOS/src/tasks.o
                0x00002bd2                xTaskGenericNotifyWait
 .text.xTaskGenericNotify
                0x00002d20      0x1ee FreeRTOS/src/tasks.o
                0x00002d20                xTaskGenericNotify
 .text.xTaskGenericNotifyFromISR
                0x00002f0e      0x244 FreeRTOS/src/tasks.o
                0x00002f0e                xTaskGenericNotifyFromISR
 .text.xTaskGenericNotifyStateClear
                0x00003152       0x34 FreeRTOS/src/tasks.o
                0x00003152                xTaskGenericNotifyStateClear
 .text.prvGetNextExpireTime
                0x00003186       0x30 FreeRTOS/src/timers.o
 .text.prvInsertTimerInActiveList
                0x000031b6       0x92 FreeRTOS/src/timers.o
 .text.prvCheckForValidListAndQueue
                0x00003248       0x52 FreeRTOS/src/timers.o
 .text.xTimerCreateTimerTask
                0x0000329a       0x42 FreeRTOS/src/timers.o
                0x0000329a                xTimerCreateTimerTask
 .text.xTimerGenericCommand
                0x000032dc       0xbc FreeRTOS/src/timers.o
                0x000032dc                xTimerGenericCommand
 .text.prvSwitchTimerLists
                0x00003398       0xd0 FreeRTOS/src/timers.o
 .text.prvSampleTimeNow
                0x00003468       0x5c FreeRTOS/src/timers.o
 .text.prvProcessExpiredTimer
                0x000034c4       0xac FreeRTOS/src/timers.o
 .text.prvProcessTimerOrBlockTask
                0x00003570       0xae FreeRTOS/src/timers.o
 .text.prvProcessReceivedCommands
                0x0000361e      0x168 FreeRTOS/src/timers.o
 .text.vApplicationIdleHook
                0x00003786        0x2 FreeRTOS/src/variantHooks.o
                0x00003786                vApplicationIdleHook
 .text.prvSetMainLedOn
                0x00003788        0xe FreeRTOS/src/variantHooks.o
                0x00003788                prvSetMainLedOn
 .text.prvBlinkMainLed
                0x00003796        0x8 FreeRTOS/src/variantHooks.o
                0x00003796                prvBlinkMainLed
 .text.vApplicationMallocFailedHook
                0x0000379e       0x18 FreeRTOS/src/variantHooks.o
                0x0000379e                vApplicationMallocFailedHook
 .text.vApplicationStackOverflowHook
                0x000037b6       0x18 FreeRTOS/src/variantHooks.o
                0x000037b6                vApplicationStackOverflowHook
 .text._lora_setup
                0x000037ce      0x188 LoRaWANHandler.o
 .text.lora_handler_task
                0x00003956       0x9e LoRaWANHandler.o
                0x00003956                lora_handler_task
 .text.lora_handler_initialise
                0x000039f4       0x28 LoRaWANHandler.o
                0x000039f4                lora_handler_initialise
 .text.initialiseSystem
                0x00003a1c       0x2e main.o
                0x00003a1c                initialiseSystem
 .text.main     0x00003a4a       0x28 main.o
                0x00003a4a                main
 .text._hihTwiCallback
                0x00003a72       0x5a ../drivers\libIotLibrary.a(hih8120.o)
 .text.hih8120_initialise
                0x00003acc       0x30 ../drivers\libIotLibrary.a(hih8120.o)
                0x00003acc                hih8120_initialise
 .text.hih8120_wakeup
                0x00003afc       0x2a ../drivers\libIotLibrary.a(hih8120.o)
                0x00003afc                hih8120_wakeup
 .text.hih8120_measure
                0x00003b26       0x22 ../drivers\libIotLibrary.a(hih8120.o)
                0x00003b26                hih8120_measure
 .text.hih8120_getHumidity
                0x00003b48       0x2a ../drivers\libIotLibrary.a(hih8120.o)
                0x00003b48                hih8120_getHumidity
 .text.hih8120_getHumidityPercent_x10
                0x00003b72       0x16 ../drivers\libIotLibrary.a(hih8120.o)
                0x00003b72                hih8120_getHumidityPercent_x10
 .text.hih8120_getTemperature
                0x00003b88       0x36 ../drivers\libIotLibrary.a(hih8120.o)
                0x00003b88                hih8120_getTemperature
 .text.hih8120_getTemperature_x10
                0x00003bbe       0x16 ../drivers\libIotLibrary.a(hih8120.o)
                0x00003bbe                hih8120_getTemperature_x10
 .text._serialCallBack
                0x00003bd4       0x8c ../drivers\libIotLibrary.a(lora_driver.o)
 .text._uploadMessage
                0x00003c60       0xb4 ../drivers\libIotLibrary.a(lora_driver.o)
 .text._reply2ReturnCode
                0x00003d14       0xea ../drivers\libIotLibrary.a(lora_driver.o)
 .text._uploadMessageRc
                0x00003dfe        0x6 ../drivers\libIotLibrary.a(lora_driver.o)
 .text.lora_driver_flushBuffers
                0x00003e04        0xe ../drivers\libIotLibrary.a(lora_driver.o)
                0x00003e04                lora_driver_flushBuffers
 .text.lora_driver_initialise
                0x00003e12       0x80 ../drivers\libIotLibrary.a(lora_driver.o)
                0x00003e12                lora_driver_initialise
 .text.lora_driver_resetRn2483
                0x00003e92       0x1c ../drivers\libIotLibrary.a(lora_driver.o)
                0x00003e92                lora_driver_resetRn2483
 .text.lora_driver_rn2483FactoryReset
                0x00003eae       0x24 ../drivers\libIotLibrary.a(lora_driver.o)
                0x00003eae                lora_driver_rn2483FactoryReset
 .text.lora_driver_getRn2483Hweui
                0x00003ed2       0x38 ../drivers\libIotLibrary.a(lora_driver.o)
                0x00003ed2                lora_driver_getRn2483Hweui
 .text.lora_driver_setDeviceIdentifier
                0x00003f0a       0x22 ../drivers\libIotLibrary.a(lora_driver.o)
                0x00003f0a                lora_driver_setDeviceIdentifier
 .text.lora_driver_setApplicationIdentifier
                0x00003f2c       0x22 ../drivers\libIotLibrary.a(lora_driver.o)
                0x00003f2c                lora_driver_setApplicationIdentifier
 .text.lora_driver_setApplicationKey
                0x00003f4e       0x22 ../drivers\libIotLibrary.a(lora_driver.o)
                0x00003f4e                lora_driver_setApplicationKey
 .text.lora_driver_saveMac
                0x00003f70        0xc ../drivers\libIotLibrary.a(lora_driver.o)
                0x00003f70                lora_driver_saveMac
 .text.lora_driver_join
                0x00003f7c       0x52 ../drivers\libIotLibrary.a(lora_driver.o)
                0x00003f7c                lora_driver_join
 .text.lora_driver_sendUploadMessage
                0x00003fce      0x196 ../drivers\libIotLibrary.a(lora_driver.o)
                0x00003fce                lora_driver_sendUploadMessage
 .text.lora_driver_setAdaptiveDataRate
                0x00004164       0x16 ../drivers\libIotLibrary.a(lora_driver.o)
                0x00004164                lora_driver_setAdaptiveDataRate
 .text.lora_driver_setReceiveDelay
                0x0000417a       0x30 ../drivers\libIotLibrary.a(lora_driver.o)
                0x0000417a                lora_driver_setReceiveDelay
 .text.lora_driver_configureToEu868
                0x000041aa      0x1bc ../drivers\libIotLibrary.a(lora_driver.o)
                0x000041aa                lora_driver_configureToEu868
 .text.lora_driver_setOtaaIdentity
                0x00004366       0x42 ../drivers\libIotLibrary.a(lora_driver.o)
                0x00004366                lora_driver_setOtaaIdentity
 .text.lora_driver_mapReturnCodeToText
                0x000043a8       0x18 ../drivers\libIotLibrary.a(lora_driver.o)
                0x000043a8                lora_driver_mapReturnCodeToText
 .text.decode_port_no
                0x000043c0       0x58 ../drivers\libIotLibrary.a(lora_driver_utils.o)
                0x000043c0                decode_port_no
 .text.decode_hexadecimal_string_bytes
                0x00004418       0x92 ../drivers\libIotLibrary.a(lora_driver_utils.o)
                0x00004418                decode_hexadecimal_string_bytes
 .text._serialCallBack
                0x000044aa       0xb6 ../drivers\libIotLibrary.a(mh_z19.o)
 .text.mh_z19_initialise
                0x00004560       0x4a ../drivers\libIotLibrary.a(mh_z19.o)
                0x00004560                mh_z19_initialise
 .text.mh_z19_injectCallBack
                0x000045aa        0xa ../drivers\libIotLibrary.a(mh_z19.o)
                0x000045aa                mh_z19_injectCallBack
 .text.mh_z19_takeMeassuring
                0x000045b4       0x5e ../drivers\libIotLibrary.a(mh_z19.o)
                0x000045b4                mh_z19_takeMeassuring
 .text.mh_z19_getCo2Ppm
                0x00004612       0x22 ../drivers\libIotLibrary.a(mh_z19.o)
                0x00004612                mh_z19_getCo2Ppm
 .text.serial_create
                0x00004634      0x14c ../drivers\libIotLibrary.a(serial.o)
                0x00004634                serial_create
 .text.serial_sendByte
                0x00004780       0x56 ../drivers\libIotLibrary.a(serial.o)
                0x00004780                serial_sendByte
 .text.serial_sendBytes
                0x000047d6       0xaa ../drivers\libIotLibrary.a(serial.o)
                0x000047d6                serial_sendBytes
 .text.serial_getByte
                0x00004880       0x40 ../drivers\libIotLibrary.a(serial.o)
                0x00004880                serial_getByte
 .text.__vector_25
                0x000048c0       0xa4 ../drivers\libIotLibrary.a(serial.o)
                0x000048c0                __vector_25
 .text.__vector_26
                0x00004964       0x88 ../drivers\libIotLibrary.a(serial.o)
                0x00004964                __vector_26
 .text.__vector_36
                0x000049ec       0xa4 ../drivers\libIotLibrary.a(serial.o)
                0x000049ec                __vector_36
 .text.__vector_37
                0x00004a90       0x88 ../drivers\libIotLibrary.a(serial.o)
                0x00004a90                __vector_37
 .text.__vector_51
                0x00004b18       0xa4 ../drivers\libIotLibrary.a(serial.o)
                0x00004b18                __vector_51
 .text.__vector_52
                0x00004bbc       0x88 ../drivers\libIotLibrary.a(serial.o)
                0x00004bbc                __vector_52
 .text.__vector_54
                0x00004c44       0xa4 ../drivers\libIotLibrary.a(serial.o)
                0x00004c44                __vector_54
 .text.__vector_55
                0x00004ce8       0x88 ../drivers\libIotLibrary.a(serial.o)
                0x00004ce8                __vector_55
 .text.usart_getchar
                0x00004d70       0x2a ../drivers\libIotLibrary.a(stdio_driver.o)
 .text.usart_putchar
                0x00004d9a       0x12 ../drivers\libIotLibrary.a(stdio_driver.o)
 .text.stdio_initialise
                0x00004dac       0x52 ../drivers\libIotLibrary.a(stdio_driver.o)
                0x00004dac                stdio_initialise
 .text._turn_off
                0x00004dfe       0x98 ../drivers\libIotLibrary.a(status_leds.o)
 .text._turn_on
                0x00004e96       0x98 ../drivers\libIotLibrary.a(status_leds.o)
 .text._hal_led_task
                0x00004f2e       0x8c ../drivers\libIotLibrary.a(status_leds.o)
 .text.status_leds_initialise
                0x00004fba       0x9c ../drivers\libIotLibrary.a(status_leds.o)
                0x00004fba                status_leds_initialise
 .text.status_leds_slowBlink
                0x00005056       0x46 ../drivers\libIotLibrary.a(status_leds.o)
                0x00005056                status_leds_slowBlink
 .text.status_leds_fastBlink
                0x0000509c       0x46 ../drivers\libIotLibrary.a(status_leds.o)
                0x0000509c                status_leds_fastBlink
 .text.status_leds_ledOn
                0x000050e2       0x1e ../drivers\libIotLibrary.a(status_leds.o)
                0x000050e2                status_leds_ledOn
 .text.status_leds_ledOff
                0x00005100       0x1e ../drivers\libIotLibrary.a(status_leds.o)
                0x00005100                status_leds_ledOff
 .text.status_leds_longPuls
                0x0000511e       0x24 ../drivers\libIotLibrary.a(status_leds.o)
                0x0000511e                status_leds_longPuls
 .text.status_leds_shortPuls
                0x00005142       0x22 ../drivers\libIotLibrary.a(status_leds.o)
                0x00005142                status_leds_shortPuls
 .text._initTwiInterface
                0x00005164       0x22 ../drivers\libIotLibrary.a(twi.o)
 .text.twiCreate
                0x00005186       0x9a ../drivers\libIotLibrary.a(twi.o)
                0x00005186                twiCreate
 .text.twiIsBusy
                0x00005220        0x8 ../drivers\libIotLibrary.a(twi.o)
                0x00005220                twiIsBusy
 .text.twiTransmit
                0x00005228       0x98 ../drivers\libIotLibrary.a(twi.o)
                0x00005228                twiTransmit
 .text.twiReceive
                0x000052c0       0x66 ../drivers\libIotLibrary.a(twi.o)
                0x000052c0                twiReceive
 .text.__vector_39
                0x00005326      0x17a ../drivers\libIotLibrary.a(twi.o)
                0x00005326                __vector_39
 .text.fifo_init
                0x000054a0       0x38 ../drivers\libIotLibrary.a(fifo.o)
                0x000054a0                fifo_init
 .text.avr-libc
                0x000054d8      0x712 c:/program files (x86)/atmel/studio/7.0/toolchain/avr8/avr8-gnu-toolchain/bin/../lib/gcc/avr/5.4.0/../../../../avr/lib/avr6\libprintf_flt.a(vfprintf_flt.o)
                0x000054d8                vfprintf
 .text.avr-libc.fplib
                0x00005bea        0xa c:/program files (x86)/atmel/studio/7.0/toolchain/avr8/avr8-gnu-toolchain/bin/../lib/gcc/avr/5.4.0/../../../../avr/lib/avr6\libm.a(addsf3.o)
                0x00005bea                __subsf3
                0x00005bec                __addsf3
 .text.avr-libc.fplib
                0x00005bf4       0xc0 c:/program files (x86)/atmel/studio/7.0/toolchain/avr8/avr8-gnu-toolchain/bin/../lib/gcc/avr/5.4.0/../../../../avr/lib/avr6\libm.a(addsf3x.o)
                0x00005c0e                __addsf3x
 .text.avr-libc.fplib
                0x00005cb4        0x4 c:/program files (x86)/atmel/studio/7.0/toolchain/avr8/avr8-gnu-toolchain/bin/../lib/gcc/avr/5.4.0/../../../../avr/lib/avr6\libm.a(divsf3.o)
                0x00005cb4                __divsf3
 .text.avr-libc.fplib
                0x00005cb8       0xcc c:/program files (x86)/atmel/studio/7.0/toolchain/avr8/avr8-gnu-toolchain/bin/../lib/gcc/avr/5.4.0/../../../../avr/lib/avr6\libm.a(divsf3x.o)
                0x00005cce                __divsf3x
                0x00005cd2                __divsf3_pse
 .text.avr-libc.fplib
                0x00005d84        0xa c:/program files (x86)/atmel/studio/7.0/toolchain/avr8/avr8-gnu-toolchain/bin/../lib/gcc/avr/5.4.0/../../../../avr/lib/avr6\libm.a(fixsfsi.o)
                0x00005d84                __fixsfsi
 .text.avr-libc.fplib
                0x00005d8e       0x58 c:/program files (x86)/atmel/studio/7.0/toolchain/avr8/avr8-gnu-toolchain/bin/../lib/gcc/avr/5.4.0/../../../../avr/lib/avr6\libm.a(fixunssfsi.o)
                0x00005d8e                __fixunssfsi
 .text.avr-libc.fplib
                0x00005de6       0x7a c:/program files (x86)/atmel/studio/7.0/toolchain/avr8/avr8-gnu-toolchain/bin/../lib/gcc/avr/5.4.0/../../../../avr/lib/avr6\libm.a(floatsisf.o)
                0x00005de6                __floatunsisf
                0x00005dea                __floatsisf
 .text.avr-libc.fplib
                0x00005e60        0xc c:/program files (x86)/atmel/studio/7.0/toolchain/avr8/avr8-gnu-toolchain/bin/../lib/gcc/avr/5.4.0/../../../../avr/lib/avr6\libm.a(fp_inf.o)
                0x00005e60                __fp_inf
 .text.avr-libc.fplib
                0x00005e6c        0x6 c:/program files (x86)/atmel/studio/7.0/toolchain/avr8/avr8-gnu-toolchain/bin/../lib/gcc/avr/5.4.0/../../../../avr/lib/avr6\libm.a(fp_nan.o)
                0x00005e6c                __fp_nan
 .text.avr-libc.fplib
                0x00005e72        0xe c:/program files (x86)/atmel/studio/7.0/toolchain/avr8/avr8-gnu-toolchain/bin/../lib/gcc/avr/5.4.0/../../../../avr/lib/avr6\libm.a(fp_pscA.o)
                0x00005e72                __fp_pscA
 .text.avr-libc.fplib
                0x00005e80        0xe c:/program files (x86)/atmel/studio/7.0/toolchain/avr8/avr8-gnu-toolchain/bin/../lib/gcc/avr/5.4.0/../../../../avr/lib/avr6\libm.a(fp_pscB.o)
                0x00005e80                __fp_pscB
 .text.avr-libc.fplib
                0x00005e8e       0x22 c:/program files (x86)/atmel/studio/7.0/toolchain/avr8/avr8-gnu-toolchain/bin/../lib/gcc/avr/5.4.0/../../../../avr/lib/avr6\libm.a(fp_round.o)
                0x00005e8e                __fp_round
 .text.avr-libc.fplib
                0x00005eb0       0x44 c:/program files (x86)/atmel/studio/7.0/toolchain/avr8/avr8-gnu-toolchain/bin/../lib/gcc/avr/5.4.0/../../../../avr/lib/avr6\libm.a(fp_split3.o)
                0x00005eb0                __fp_split3
                0x00005ec0                __fp_splitA
 .text.avr-libc.fplib
                0x00005ef4        0xe c:/program files (x86)/atmel/studio/7.0/toolchain/avr8/avr8-gnu-toolchain/bin/../lib/gcc/avr/5.4.0/../../../../avr/lib/avr6\libm.a(fp_zero.o)
                0x00005ef4                __fp_zero
                0x00005ef6                __fp_szero
 .text.avr-libc.fplib
                0x00005f02        0x4 c:/program files (x86)/atmel/studio/7.0/toolchain/avr8/avr8-gnu-toolchain/bin/../lib/gcc/avr/5.4.0/../../../../avr/lib/avr6\libm.a(mulsf3.o)
                0x00005f02                __mulsf3
 .text.avr-libc.fplib
                0x00005f06       0xc2 c:/program files (x86)/atmel/studio/7.0/toolchain/avr8/avr8-gnu-toolchain/bin/../lib/gcc/avr/5.4.0/../../../../avr/lib/avr6\libm.a(mulsf3x.o)
                0x00005f1a                __mulsf3x
                0x00005f1e                __mulsf3_pse
 .text.libgcc.div
                0x00005fc8       0x44 c:/program files (x86)/atmel/studio/7.0/toolchain/avr8/avr8-gnu-toolchain/bin/../lib/gcc/avr/5.4.0/avr6\libgcc.a(_udivmodsi4.o)
                0x00005fc8                __udivmodsi4
 .text.libgcc   0x0000600c       0x10 c:/program files (x86)/atmel/studio/7.0/toolchain/avr8/avr8-gnu-toolchain/bin/../lib/gcc/avr/5.4.0/avr6\libgcc.a(_tablejump2.o)
                0x0000600c                __tablejump2__
 .text.avr-libc
                0x0000601c      0x242 c:/program files (x86)/atmel/studio/7.0/toolchain/avr8/avr8-gnu-toolchain/bin/../lib/gcc/avr/5.4.0/../../../../avr/lib/avr6\libc.a(malloc.o)
                0x0000601c                malloc
                0x0000614c                free
 .text.avr-libc
                0x0000625e        0x8 c:/program files (x86)/atmel/studio/7.0/toolchain/avr8/avr8-gnu-toolchain/bin/../lib/gcc/avr/5.4.0/../../../../avr/lib/avr6\libc.a(abort.o)
                0x0000625e                abort
 .text.avr-libc
                0x00006266      0x1b0 c:/program files (x86)/atmel/studio/7.0/toolchain/avr8/avr8-gnu-toolchain/bin/../lib/gcc/avr/5.4.0/../../../../avr/lib/avr6\libc.a(ftoa_engine.o)
                0x00006266                __ftoa_engine
 .text.avr-libc
                0x00006416       0x16 c:/program files (x86)/atmel/studio/7.0/toolchain/avr8/avr8-gnu-toolchain/bin/../lib/gcc/avr/5.4.0/../../../../avr/lib/avr6\libc.a(strnlen_P.o)
                0x00006416                strnlen_P
 .text.avr-libc
                0x0000642c       0x12 c:/program files (x86)/atmel/studio/7.0/toolchain/avr8/avr8-gnu-toolchain/bin/../lib/gcc/avr/5.4.0/../../../../avr/lib/avr6\libc.a(memcpy.o)
                0x0000642c                memcpy
 .text.avr-libc
                0x0000643e        0xe c:/program files (x86)/atmel/studio/7.0/toolchain/avr8/avr8-gnu-toolchain/bin/../lib/gcc/avr/5.4.0/../../../../avr/lib/avr6\libc.a(memset.o)
                0x0000643e                memset
 .text.avr-libc
                0x0000644c       0x4a c:/program files (x86)/atmel/studio/7.0/toolchain/avr8/avr8-gnu-toolchain/bin/../lib/gcc/avr/5.4.0/../../../../avr/lib/avr6\libc.a(strcasestr.o)
                0x0000644c                strcasestr
 .text.avr-libc
                0x00006496       0x16 c:/program files (x86)/atmel/studio/7.0/toolchain/avr8/avr8-gnu-toolchain/bin/../lib/gcc/avr/5.4.0/../../../../avr/lib/avr6\libc.a(strcat.o)
                0x00006496                strcat
 .text.avr-libc
                0x000064ac        0xe c:/program files (x86)/atmel/studio/7.0/toolchain/avr8/avr8-gnu-toolchain/bin/../lib/gcc/avr/5.4.0/../../../../avr/lib/avr6\libc.a(strcpy.o)
                0x000064ac                strcpy
 .text.avr-libc
                0x000064ba       0x30 c:/program files (x86)/atmel/studio/7.0/toolchain/avr8/avr8-gnu-toolchain/bin/../lib/gcc/avr/5.4.0/../../../../avr/lib/avr6\libc.a(strncasecmp.o)
                0x000064ba                strncasecmp
 .text.avr-libc
                0x000064ea       0x16 c:/program files (x86)/atmel/studio/7.0/toolchain/avr8/avr8-gnu-toolchain/bin/../lib/gcc/avr/5.4.0/../../../../avr/lib/avr6\libc.a(strnlen.o)
                0x000064ea                strnlen
 .text.avr-libc
                0x00006500       0x78 c:/program files (x86)/atmel/studio/7.0/toolchain/avr8/avr8-gnu-toolchain/bin/../lib/gcc/avr/5.4.0/../../../../avr/lib/avr6\libc.a(fputc.o)
                0x00006500                fputc
 .text.avr-libc
                0x00006578       0x28 c:/program files (x86)/atmel/studio/7.0/toolchain/avr8/avr8-gnu-toolchain/bin/../lib/gcc/avr/5.4.0/../../../../avr/lib/avr6\libc.a(printf.o)
                0x00006578                printf
 .text.avr-libc
                0x000065a0       0x60 c:/program files (x86)/atmel/studio/7.0/toolchain/avr8/avr8-gnu-toolchain/bin/../lib/gcc/avr/5.4.0/../../../../avr/lib/avr6\libc.a(puts.o)
                0x000065a0                puts
 .text.avr-libc
                0x00006600       0x5e c:/program files (x86)/atmel/studio/7.0/toolchain/avr8/avr8-gnu-toolchain/bin/../lib/gcc/avr/5.4.0/../../../../avr/lib/avr6\libc.a(sprintf.o)
                0x00006600                sprintf
 .text.avr-libc
                0x0000665e       0xbc c:/program files (x86)/atmel/studio/7.0/toolchain/avr8/avr8-gnu-toolchain/bin/../lib/gcc/avr/5.4.0/../../../../avr/lib/avr6\libc.a(ultoa_invert.o)
                0x0000665e                __ultoa_invert
                0x0000671a                . = ALIGN (0x2)
 *(.fini9)
 .fini9         0x0000671a        0x0 c:/program files (x86)/atmel/studio/7.0/toolchain/avr8/avr8-gnu-toolchain/bin/../lib/gcc/avr/5.4.0/avr6\libgcc.a(_exit.o)
                0x0000671a                _exit
                0x0000671a                exit
 *(.fini9)
 *(.fini8)
 *(.fini8)
 *(.fini7)
 *(.fini7)
 *(.fini6)
 *(.fini6)
 *(.fini5)
 *(.fini5)
 *(.fini4)
 *(.fini4)
 *(.fini3)
 *(.fini3)
 *(.fini2)
 *(.fini2)
 *(.fini1)
 *(.fini1)
 *(.fini0)
 .fini0         0x0000671a        0x4 c:/program files (x86)/atmel/studio/7.0/toolchain/avr8/avr8-gnu-toolchain/bin/../lib/gcc/avr/5.4.0/avr6\libgcc.a(_exit.o)
 *(.fini0)
                0x0000671e                _etext = .

.data           0x00800200      0x704 load address 0x0000671e
                0x00800200                PROVIDE (__data_start, .)
 *(.data)
 .data          0x00800200        0x6 c:/program files (x86)/atmel/studio/7.0/toolchain/avr8/avr8-gnu-toolchain/bin/../lib/gcc/avr/5.4.0/../../../../avr/lib/avr6\libc.a(malloc.o)
                0x00800200                __malloc_heap_end
                0x00800202                __malloc_heap_start
                0x00800204                __malloc_margin
 *(.data*)
 .data.uxTopUsedPriority
                0x00800206        0x1 FreeRTOS/src/tasks.o
                0x00800206                uxTopUsedPriority
 .data._temp    0x00800207        0x2 ../drivers\libIotLibrary.a(hih8120.o)
 .data._hum     0x00800209        0x2 ../drivers\libIotLibrary.a(hih8120.o)
 .data._com_port_2_udr
                0x0080020b        0x8 ../drivers\libIotLibrary.a(serial.o)
                0x0080020b                _com_port_2_udr
 .data.mystdout.1882
                0x00800213        0xe ../drivers\libIotLibrary.a(stdio_driver.o)
 .data._twiCurrentState
                0x00800221        0x1 ../drivers\libIotLibrary.a(twi.o)
 *(.gnu.linkonce.d*)
 *(.rodata)
 .rodata        0x00800222       0x20 ../drivers\libIotLibrary.a(lora_driver.o)
 .rodata        0x00800242       0x2d ../drivers\libIotLibrary.a(mh_z19.o)
 *(.rodata*)
 .rodata.str1.1
                0x0080026f       0xb4 Application.o
 .rodata.str1.1
                0x00800323       0xdb DriverConnection/CO2Sensor.o
 .rodata.str1.1
                0x008003fe       0xc5 DriverConnection/TempHumSensor.o
 .rodata.str1.1
                0x008004c3        0x5 FreeRTOS/src/tasks.o
 .rodata.str1.1
                0x008004c8        0x8 FreeRTOS/src/timers.o
 .rodata.str1.1
                0x008004d0      0x149 LoRaWANHandler.o
 .rodata.str1.1
                0x00800619       0x17 main.o
                                 0x20 (size before relaxing)
 .rodata.str1.1
                0x00800630      0x295 ../drivers\libIotLibrary.a(lora_driver.o)
                                0x2a5 (size before relaxing)
 .rodata._joinMode
                0x008008c5        0x4 ../drivers\libIotLibrary.a(lora_driver.o)
 .rodata._returnCode
                0x008008c9       0x33 ../drivers\libIotLibrary.a(lora_driver.o)
                0x008008c9                _returnCode
 .rodata.str1.1
                0x008008fc        0x8 ../drivers\libIotLibrary.a(status_leds.o)
 *(.gnu.linkonce.r*)
                0x00800904                . = ALIGN (0x2)
                0x00800904                _edata = .
                0x00800904                PROVIDE (__data_end, .)

.bss            0x00800904      0xff9
                0x00800904                PROVIDE (__bss_start, .)
 *(.bss)
 *(.bss*)
 .bss.lastCO2ppm
                0x00800904        0x2 DriverConnection/CO2Sensor.o
                0x00800904                lastCO2ppm
 .bss.temperature
                0x00800906        0x2 DriverConnection/TempHumSensor.o
                0x00800906                temperature
 .bss.humidity  0x00800908        0x2 DriverConnection/TempHumSensor.o
                0x00800908                humidity
 .bss.xBlockAllocatedBit
                0x0080090a        0x2 FreeRTOS/src/heap_4.o
 .bss.xNumberOfSuccessfulFrees
                0x0080090c        0x2 FreeRTOS/src/heap_4.o
 .bss.xNumberOfSuccessfulAllocations
                0x0080090e        0x2 FreeRTOS/src/heap_4.o
 .bss.xMinimumEverFreeBytesRemaining
                0x00800910        0x2 FreeRTOS/src/heap_4.o
 .bss.xFreeBytesRemaining
                0x00800912        0x2 FreeRTOS/src/heap_4.o
 .bss.pxEnd     0x00800914        0x2 FreeRTOS/src/heap_4.o
 .bss.xStart    0x00800916        0x4 FreeRTOS/src/heap_4.o
 .bss.ucHeap    0x0080091a      0xdac FreeRTOS/src/heap_4.o
 .bss.uxSchedulerSuspended
                0x008016c6        0x1 FreeRTOS/src/tasks.o
 .bss.xIdleTaskHandle
                0x008016c7        0x2 FreeRTOS/src/tasks.o
 .bss.xNextTaskUnblockTime
                0x008016c9        0x4 FreeRTOS/src/tasks.o
 .bss.uxTaskNumber
                0x008016cd        0x1 FreeRTOS/src/tasks.o
 .bss.xNumOfOverflows
                0x008016ce        0x1 FreeRTOS/src/tasks.o
 .bss.xYieldPending
                0x008016cf        0x1 FreeRTOS/src/tasks.o
 .bss.xPendedTicks
                0x008016d0        0x4 FreeRTOS/src/tasks.o
 .bss.xSchedulerRunning
                0x008016d4        0x1 FreeRTOS/src/tasks.o
 .bss.uxTopReadyPriority
                0x008016d5        0x1 FreeRTOS/src/tasks.o
 .bss.xTickCount
                0x008016d6        0x4 FreeRTOS/src/tasks.o
 .bss.uxCurrentNumberOfTasks
                0x008016da        0x1 FreeRTOS/src/tasks.o
 .bss.xSuspendedTaskList
                0x008016db        0xb FreeRTOS/src/tasks.o
 .bss.uxDeletedTasksWaitingCleanUp
                0x008016e6        0x1 FreeRTOS/src/tasks.o
 .bss.xTasksWaitingTermination
                0x008016e7        0xb FreeRTOS/src/tasks.o
 .bss.xPendingReadyList
                0x008016f2        0xb FreeRTOS/src/tasks.o
 .bss.pxOverflowDelayedTaskList
                0x008016fd        0x2 FreeRTOS/src/tasks.o
 .bss.pxDelayedTaskList
                0x008016ff        0x2 FreeRTOS/src/tasks.o
 .bss.xDelayedTaskList2
                0x00801701        0xb FreeRTOS/src/tasks.o
 .bss.xDelayedTaskList1
                0x0080170c        0xb FreeRTOS/src/tasks.o
 .bss.pxReadyTasksLists
                0x00801717       0x6e FreeRTOS/src/tasks.o
 .bss.pxCurrentTCB
                0x00801785        0x2 FreeRTOS/src/tasks.o
                0x00801785                pxCurrentTCB
 .bss.xLastTime.2436
                0x00801787        0x4 FreeRTOS/src/timers.o
 .bss.xTimerTaskHandle
                0x0080178b        0x2 FreeRTOS/src/timers.o
 .bss.xTimerQueue
                0x0080178d        0x2 FreeRTOS/src/timers.o
 .bss.pxOverflowTimerList
                0x0080178f        0x2 FreeRTOS/src/timers.o
 .bss.pxCurrentTimerList
                0x00801791        0x2 FreeRTOS/src/timers.o
 .bss.xActiveTimerList2
                0x00801793        0xb FreeRTOS/src/timers.o
 .bss.xActiveTimerList1
                0x0080179e        0xb FreeRTOS/src/timers.o
 .bss._uplink_payload
                0x008017a9       0x16 LoRaWANHandler.o
 .bss._measuringIsReady
                0x008017bf        0x1 ../drivers\libIotLibrary.a(hih8120.o)
 .bss._hih8120Handler
                0x008017c0        0x2 ../drivers\libIotLibrary.a(hih8120.o)
 .bss._tmp_buf.2871
                0x008017c2       0x37 ../drivers\libIotLibrary.a(lora_driver.o)
 .bss.rec_buf_inp.2878
                0x008017f9        0x1 ../drivers\libIotLibrary.a(lora_driver.o)
 .bss._downlinkMessageBuffer
                0x008017fa        0x2 ../drivers\libIotLibrary.a(lora_driver.o)
 .bss._serialReplyBufferHandle
                0x008017fc        0x2 ../drivers\libIotLibrary.a(lora_driver.o)
 .bss._rn2483_serial
                0x008017fe        0x2 ../drivers\libIotLibrary.a(lora_driver.o)
 .bss._downlinkPayload
                0x00801800       0x16 ../drivers\libIotLibrary.a(lora_driver.o)
 .bss._payLoadHexBytes
                0x00801816       0x15 ../drivers\libIotLibrary.a(lora_driver.o)
 .bss._recMessageBuf
                0x0080182b       0x2d ../drivers\libIotLibrary.a(lora_driver.o)
 .bss._sendMessage
                0x00801858       0x2d ../drivers\libIotLibrary.a(lora_driver.o)
 .bss._replyMess
                0x00801885       0x2d ../drivers\libIotLibrary.a(lora_driver.o)
 .bss.data.1944
                0x008018b2        0x2 ../drivers\libIotLibrary.a(mh_z19.o)
 .bss.inDex.1943
                0x008018b4        0x1 ../drivers\libIotLibrary.a(mh_z19.o)
 .bss.crc_sum.1945
                0x008018b5        0x1 ../drivers\libIotLibrary.a(mh_z19.o)
 .bss._appCallBack
                0x008018b6        0x2 ../drivers\libIotLibrary.a(mh_z19.o)
 .bss._mh_state
                0x008018b8        0x1 ../drivers\libIotLibrary.a(mh_z19.o)
                0x008018b8                _mh_state
 .bss._ppm      0x008018b9        0x2 ../drivers\libIotLibrary.a(mh_z19.o)
 .bss._serial   0x008018bb        0x2 ../drivers\libIotLibrary.a(mh_z19.o)
 .bss._ser_handle
                0x008018bd        0x8 ../drivers\libIotLibrary.a(serial.o)
 .bss._com_serial_instance
                0x008018c5        0x2 ../drivers\libIotLibrary.a(stdio_driver.o)
 .bss._led_status
                0x008018c7       0x18 ../drivers\libIotLibrary.a(status_leds.o)
 .bss._index.1885
                0x008018df        0x1 ../drivers\libIotLibrary.a(twi.o)
 .bss._twiCurrentHandler
                0x008018e0        0x2 ../drivers\libIotLibrary.a(twi.o)
 .bss._twiMessageLen
                0x008018e2        0x1 ../drivers\libIotLibrary.a(twi.o)
 .bss._twiMessageBuffer
                0x008018e3        0xa ../drivers\libIotLibrary.a(twi.o)
 .bss._twiIsInitiated
                0x008018ed        0x1 ../drivers\libIotLibrary.a(twi.o)
 *(COMMON)
 COMMON         0x008018ee        0x4 Application.o
                0x008018ee                dataReadyEventGroup
                0x008018f0                meassureEventGroup
 COMMON         0x008018f2        0x1 DriverConnection/CO2Sensor.o
                0x008018f2                rc
 COMMON         0x008018f3        0x4 c:/program files (x86)/atmel/studio/7.0/toolchain/avr8/avr8-gnu-toolchain/bin/../lib/gcc/avr/5.4.0/../../../../avr/lib/avr6\libc.a(malloc.o)
                0x008018f3                __brkval
                0x008018f5                __flp
 COMMON         0x008018f7        0x6 c:/program files (x86)/atmel/studio/7.0/toolchain/avr8/avr8-gnu-toolchain/bin/../lib/gcc/avr/5.4.0/../../../../avr/lib/avr6\libc.a(iob.o)
                0x008018f7                __iob
                0x008018fd                PROVIDE (__bss_end, .)
                0x0000671e                __data_load_start = LOADADDR (.data)
                0x00006e22                __data_load_end = (__data_load_start + SIZEOF (.data))

.noinit         0x008018fd        0x0
                [!provide]                PROVIDE (__noinit_start, .)
 *(.noinit*)
                [!provide]                PROVIDE (__noinit_end, .)
                0x008018fd                _end = .
                0x008018fd                PROVIDE (__heap_start, .)

.eeprom         0x00810000        0x0
 *(.eeprom*)
                0x00810000                __eeprom_end = .

.fuse
 *(.fuse)
 *(.lfuse)
 *(.hfuse)
 *(.efuse)

.lock
 *(.lock*)

.signature
 *(.signature*)

.user_signatures
 *(.user_signatures*)

.stab
 *(.stab)

.stabstr
 *(.stabstr)

.stab.excl
 *(.stab.excl)

.stab.exclstr
 *(.stab.exclstr)

.stab.index
 *(.stab.index)

.stab.indexstr
 *(.stab.indexstr)

.comment        0x00000000       0x5c
 *(.comment)
 .comment       0x00000000       0x30 Application.o
                                 0x31 (size before relaxing)
 .comment       0x00000030       0x31 DriverConnection/CO2Sensor.o
 .comment       0x00000030       0x31 DriverConnection/TempHumSensor.o
 .comment       0x00000030       0x31 FreeRTOS/src/event_groups.o
 .comment       0x00000030       0x31 FreeRTOS/src/heap_4.o
 .comment       0x00000030       0x31 FreeRTOS/src/list.o
 .comment       0x00000030       0x31 FreeRTOS/src/port.o
 .comment       0x00000030       0x31 FreeRTOS/src/queue.o
 .comment       0x00000030       0x31 FreeRTOS/src/stream_buffer.o
 .comment       0x00000030       0x31 FreeRTOS/src/tasks.o
 .comment       0x00000030       0x31 FreeRTOS/src/timers.o
 .comment       0x00000030       0x31 FreeRTOS/src/variantHooks.o
 .comment       0x00000030       0x31 LoRaWANHandler.o
 .comment       0x00000030       0x31 main.o
 .comment       0x00000030       0x31 ../drivers\libIotLibrary.a(hih8120.o)
 .comment       0x00000030       0x31 ../drivers\libIotLibrary.a(lora_driver.o)
 .comment       0x00000030       0x31 ../drivers\libIotLibrary.a(lora_driver_utils.o)
 .comment       0x00000030       0x31 ../drivers\libIotLibrary.a(mh_z19.o)
 .comment       0x00000030       0x31 ../drivers\libIotLibrary.a(serial.o)
 .comment       0x00000030       0x31 ../drivers\libIotLibrary.a(stdio_driver.o)
 .comment       0x00000030       0x31 ../drivers\libIotLibrary.a(status_leds.o)
 .comment       0x00000030       0x31 ../drivers\libIotLibrary.a(twi.o)
 .comment       0x00000030       0x31 ../drivers\libIotLibrary.a(fifo.o)
 .comment       0x00000030       0x2c c:/program files (x86)/atmel/studio/7.0/toolchain/avr8/avr8-gnu-toolchain/bin/../lib/gcc/avr/5.4.0/../../../../avr/lib/avr6\libprintf_flt.a(vfprintf_flt.o)
                                 0x2d (size before relaxing)
 .comment       0x0000005c       0x31 c:/program files (x86)/atmel/studio/7.0/toolchain/avr8/avr8-gnu-toolchain/bin/../lib/gcc/avr/5.4.0/../../../../avr/lib/avr6\libc.a(malloc.o)
 .comment       0x0000005c       0x31 c:/program files (x86)/atmel/studio/7.0/toolchain/avr8/avr8-gnu-toolchain/bin/../lib/gcc/avr/5.4.0/../../../../avr/lib/avr6\libc.a(fputc.o)
 .comment       0x0000005c       0x31 c:/program files (x86)/atmel/studio/7.0/toolchain/avr8/avr8-gnu-toolchain/bin/../lib/gcc/avr/5.4.0/../../../../avr/lib/avr6\libc.a(iob.o)
 .comment       0x0000005c       0x31 c:/program files (x86)/atmel/studio/7.0/toolchain/avr8/avr8-gnu-toolchain/bin/../lib/gcc/avr/5.4.0/../../../../avr/lib/avr6\libc.a(printf.o)
 .comment       0x0000005c       0x31 c:/program files (x86)/atmel/studio/7.0/toolchain/avr8/avr8-gnu-toolchain/bin/../lib/gcc/avr/5.4.0/../../../../avr/lib/avr6\libc.a(puts.o)
 .comment       0x0000005c       0x31 c:/program files (x86)/atmel/studio/7.0/toolchain/avr8/avr8-gnu-toolchain/bin/../lib/gcc/avr/5.4.0/../../../../avr/lib/avr6\libc.a(sprintf.o)

.note.gnu.avr.deviceinfo
                0x00000000       0x40
 .note.gnu.avr.deviceinfo
                0x00000000       0x40 C:/Program Files (x86)/Atmel/Studio/7.0/Packs/atmel/ATmega_DFP/1.7.374/gcc/dev/atmega2560/avr6/crtatmega2560.o

.note.gnu.build-id
 *(.note.gnu.build-id)

.debug
 *(.debug)

.line
 *(.line)

.debug_srcinfo
 *(.debug_srcinfo)

.debug_sfnames
 *(.debug_sfnames)

.debug_aranges  0x00000000      0xac8
 *(.debug_aranges)
 .debug_aranges
                0x00000000       0x38 Application.o
 .debug_aranges
                0x00000038       0x48 DriverConnection/CO2Sensor.o
 .debug_aranges
                0x00000080       0x48 DriverConnection/TempHumSensor.o
 .debug_aranges
                0x000000c8       0x68 FreeRTOS/src/event_groups.o
 .debug_aranges
                0x00000130       0x58 FreeRTOS/src/heap_4.o
 .debug_aranges
                0x00000188       0x40 FreeRTOS/src/list.o
 .debug_aranges
                0x000001c8       0x58 FreeRTOS/src/port.o
 .debug_aranges
                0x00000220       0xf8 FreeRTOS/src/queue.o
 .debug_aranges
                0x00000318       0xc0 FreeRTOS/src/stream_buffer.o
 .debug_aranges
                0x000003d8      0x1d0 FreeRTOS/src/tasks.o
 .debug_aranges
                0x000005a8       0xc8 FreeRTOS/src/timers.o
 .debug_aranges
                0x00000670       0x40 FreeRTOS/src/variantHooks.o
 .debug_aranges
                0x000006b0       0x30 LoRaWANHandler.o
 .debug_aranges
                0x000006e0       0x28 main.o
 .debug_aranges
                0x00000708       0x68 ../drivers\libIotLibrary.a(hih8120.o)
 .debug_aranges
                0x00000770      0x138 ../drivers\libIotLibrary.a(lora_driver.o)
 .debug_aranges
                0x000008a8       0x28 ../drivers\libIotLibrary.a(lora_driver_utils.o)
 .debug_aranges
                0x000008d0       0x58 ../drivers\libIotLibrary.a(mh_z19.o)
 .debug_aranges
                0x00000928       0x90 ../drivers\libIotLibrary.a(serial.o)
 .debug_aranges
                0x000009b8       0x38 ../drivers\libIotLibrary.a(stdio_driver.o)
 .debug_aranges
                0x000009f0       0x68 ../drivers\libIotLibrary.a(status_leds.o)
 .debug_aranges
                0x00000a58       0x50 ../drivers\libIotLibrary.a(twi.o)
 .debug_aranges
                0x00000aa8       0x20 ../drivers\libIotLibrary.a(fifo.o)

.debug_pubnames
 *(.debug_pubnames)

.debug_info     0x00000000     0xd317
 *(.debug_info .gnu.linkonce.wi.*)
 .debug_info    0x00000000      0xbbc C:/Program Files (x86)/Atmel/Studio/7.0/Packs/atmel/ATmega_DFP/1.7.374/gcc/dev/atmega2560/avr6/crtatmega2560.o
 .debug_info    0x00000bbc      0x1a8 Application.o
 .debug_info    0x00000d64      0x3df DriverConnection/CO2Sensor.o
 .debug_info    0x00001143      0x3c7 DriverConnection/TempHumSensor.o
 .debug_info    0x0000150a      0x971 FreeRTOS/src/event_groups.o
 .debug_info    0x00001e7b      0x4e6 FreeRTOS/src/heap_4.o
 .debug_info    0x00002361      0x2e7 FreeRTOS/src/list.o
 .debug_info    0x00002648      0x2ff FreeRTOS/src/port.o
 .debug_info    0x00002947     0x17e6 FreeRTOS/src/queue.o
 .debug_info    0x0000412d     0x13df FreeRTOS/src/stream_buffer.o
 .debug_info    0x0000550c     0x2239 FreeRTOS/src/tasks.o
 .debug_info    0x00007745     0x10dd FreeRTOS/src/timers.o
 .debug_info    0x00008822      0x20f FreeRTOS/src/variantHooks.o
 .debug_info    0x00008a31      0x77d LoRaWANHandler.o
 .debug_info    0x000091ae      0x24c main.o
 .debug_info    0x000093fa      0x3a9 ../drivers\libIotLibrary.a(hih8120.o)
 .debug_info    0x000097a3     0x1747 ../drivers\libIotLibrary.a(lora_driver.o)
 .debug_info    0x0000aeea      0x143 ../drivers\libIotLibrary.a(lora_driver_utils.o)
 .debug_info    0x0000b02d      0x556 ../drivers\libIotLibrary.a(mh_z19.o)
 .debug_info    0x0000b583      0xd9c ../drivers\libIotLibrary.a(serial.o)
 .debug_info    0x0000c31f      0x3b6 ../drivers\libIotLibrary.a(stdio_driver.o)
 .debug_info    0x0000c6d5      0x522 ../drivers\libIotLibrary.a(status_leds.o)
 .debug_info    0x0000cbf7      0x55d ../drivers\libIotLibrary.a(twi.o)
 .debug_info    0x0000d154      0x1c3 ../drivers\libIotLibrary.a(fifo.o)

.debug_abbrev   0x00000000     0x3442
 *(.debug_abbrev)
 .debug_abbrev  0x00000000      0xb1a C:/Program Files (x86)/Atmel/Studio/7.0/Packs/atmel/ATmega_DFP/1.7.374/gcc/dev/atmega2560/avr6/crtatmega2560.o
 .debug_abbrev  0x00000b1a       0xce Application.o
 .debug_abbrev  0x00000be8      0x1a7 DriverConnection/CO2Sensor.o
 .debug_abbrev  0x00000d8f      0x13d DriverConnection/TempHumSensor.o
 .debug_abbrev  0x00000ecc      0x1dc FreeRTOS/src/event_groups.o
 .debug_abbrev  0x000010a8      0x200 FreeRTOS/src/heap_4.o
 .debug_abbrev  0x000012a8       0xff FreeRTOS/src/list.o
 .debug_abbrev  0x000013a7      0x179 FreeRTOS/src/port.o
 .debug_abbrev  0x00001520      0x241 FreeRTOS/src/queue.o
 .debug_abbrev  0x00001761      0x246 FreeRTOS/src/stream_buffer.o
 .debug_abbrev  0x000019a7      0x2c8 FreeRTOS/src/tasks.o
 .debug_abbrev  0x00001c6f      0x28c FreeRTOS/src/timers.o
 .debug_abbrev  0x00001efb       0xff FreeRTOS/src/variantHooks.o
 .debug_abbrev  0x00001ffa      0x1b6 LoRaWANHandler.o
 .debug_abbrev  0x000021b0       0xfd main.o
 .debug_abbrev  0x000022ad      0x184 ../drivers\libIotLibrary.a(hih8120.o)
 .debug_abbrev  0x00002431      0x33b ../drivers\libIotLibrary.a(lora_driver.o)
 .debug_abbrev  0x0000276c       0xc0 ../drivers\libIotLibrary.a(lora_driver_utils.o)
 .debug_abbrev  0x0000282c      0x238 ../drivers\libIotLibrary.a(mh_z19.o)
 .debug_abbrev  0x00002a64      0x355 ../drivers\libIotLibrary.a(serial.o)
 .debug_abbrev  0x00002db9      0x1b3 ../drivers\libIotLibrary.a(stdio_driver.o)
 .debug_abbrev  0x00002f6c      0x1d7 ../drivers\libIotLibrary.a(status_leds.o)
 .debug_abbrev  0x00003143      0x217 ../drivers\libIotLibrary.a(twi.o)
 .debug_abbrev  0x0000335a       0xe8 ../drivers\libIotLibrary.a(fifo.o)

.debug_line     0x00000000     0x68f1
 *(.debug_line .debug_line.* .debug_line_end)
 .debug_line    0x00000000      0x1fa C:/Program Files (x86)/Atmel/Studio/7.0/Packs/atmel/ATmega_DFP/1.7.374/gcc/dev/atmega2560/avr6/crtatmega2560.o
 .debug_line    0x000001fa      0x1a1 Application.o
 .debug_line    0x0000039b      0x1fd DriverConnection/CO2Sensor.o
 .debug_line    0x00000598      0x20a DriverConnection/TempHumSensor.o
 .debug_line    0x000007a2      0x413 FreeRTOS/src/event_groups.o
 .debug_line    0x00000bb5      0x41f FreeRTOS/src/heap_4.o
 .debug_line    0x00000fd4      0x1db FreeRTOS/src/list.o
 .debug_line    0x000011af      0x28a FreeRTOS/src/port.o
 .debug_line    0x00001439      0xbe3 FreeRTOS/src/queue.o
 .debug_line    0x0000201c      0x79a FreeRTOS/src/stream_buffer.o
 .debug_line    0x000027b6     0x15ba FreeRTOS/src/tasks.o
 .debug_line    0x00003d70      0x624 FreeRTOS/src/timers.o
 .debug_line    0x00004394      0x1af FreeRTOS/src/variantHooks.o
 .debug_line    0x00004543      0x257 LoRaWANHandler.o
 .debug_line    0x0000479a      0x188 main.o
 .debug_line    0x00004922      0x24a ../drivers\libIotLibrary.a(hih8120.o)
 .debug_line    0x00004b6c      0x9aa ../drivers\libIotLibrary.a(lora_driver.o)
 .debug_line    0x00005516      0x195 ../drivers\libIotLibrary.a(lora_driver_utils.o)
 .debug_line    0x000056ab      0x2fc ../drivers\libIotLibrary.a(mh_z19.o)
 .debug_line    0x000059a7      0x6a1 ../drivers\libIotLibrary.a(serial.o)
 .debug_line    0x00006048      0x146 ../drivers\libIotLibrary.a(stdio_driver.o)
 .debug_line    0x0000618e      0x32c ../drivers\libIotLibrary.a(status_leds.o)
 .debug_line    0x000064ba      0x31c ../drivers\libIotLibrary.a(twi.o)
 .debug_line    0x000067d6      0x11b ../drivers\libIotLibrary.a(fifo.o)

.debug_frame    0x00000000     0x26e4
 *(.debug_frame)
 .debug_frame   0x00000000       0xac Application.o
 .debug_frame   0x000000ac       0xa8 DriverConnection/CO2Sensor.o
 .debug_frame   0x00000154       0xb8 DriverConnection/TempHumSensor.o
 .debug_frame   0x0000020c      0x1dc FreeRTOS/src/event_groups.o
 .debug_frame   0x000003e8       0xfc FreeRTOS/src/heap_4.o
 .debug_frame   0x000004e4       0x90 FreeRTOS/src/list.o
 .debug_frame   0x00000574       0x94 FreeRTOS/src/port.o
 .debug_frame   0x00000608      0x3a4 FreeRTOS/src/queue.o
 .debug_frame   0x000009ac      0x40c FreeRTOS/src/stream_buffer.o
 .debug_frame   0x00000db8      0x7a0 FreeRTOS/src/tasks.o
 .debug_frame   0x00001558      0x3ac FreeRTOS/src/timers.o
 .debug_frame   0x00001904       0x64 FreeRTOS/src/variantHooks.o
 .debug_frame   0x00001968       0x80 LoRaWANHandler.o
 .debug_frame   0x000019e8       0x40 main.o
 .debug_frame   0x00001a28       0xc0 ../drivers\libIotLibrary.a(hih8120.o)
 .debug_frame   0x00001ae8      0x460 ../drivers\libIotLibrary.a(lora_driver.o)
 .debug_frame   0x00001f48       0x48 ../drivers\libIotLibrary.a(lora_driver_utils.o)
 .debug_frame   0x00001f90      0x100 ../drivers\libIotLibrary.a(mh_z19.o)
 .debug_frame   0x00002090      0x384 ../drivers\libIotLibrary.a(serial.o)
 .debug_frame   0x00002414       0x94 ../drivers\libIotLibrary.a(stdio_driver.o)
 .debug_frame   0x000024a8       0xec ../drivers\libIotLibrary.a(status_leds.o)
 .debug_frame   0x00002594      0x12c ../drivers\libIotLibrary.a(twi.o)
 .debug_frame   0x000026c0       0x24 ../drivers\libIotLibrary.a(fifo.o)

.debug_str      0x00000000     0x4154
 *(.debug_str)
 .debug_str     0x00000000      0x3e6 C:/Program Files (x86)/Atmel/Studio/7.0/Packs/atmel/ATmega_DFP/1.7.374/gcc/dev/atmega2560/avr6/crtatmega2560.o
 .debug_str     0x000003e6      0x22b Application.o
                                0x276 (size before relaxing)
 .debug_str     0x00000611      0x1ba DriverConnection/CO2Sensor.o
                                0x3b0 (size before relaxing)
 .debug_str     0x000007cb      0x181 DriverConnection/TempHumSensor.o
                                0x3cc (size before relaxing)
 .debug_str     0x0000094c      0x35d FreeRTOS/src/event_groups.o
                                0x58d (size before relaxing)
 .debug_str     0x00000ca9      0x2ce FreeRTOS/src/heap_4.o
                                0x483 (size before relaxing)
 .debug_str     0x00000f77       0x89 FreeRTOS/src/list.o
                                0x2bf (size before relaxing)
 .debug_str     0x00001000      0x15a FreeRTOS/src/port.o
                                0x2f4 (size before relaxing)
 .debug_str     0x0000115a      0x652 FreeRTOS/src/queue.o
                                0x933 (size before relaxing)
 .debug_str     0x000017ac      0x4ed FreeRTOS/src/stream_buffer.o
                                0x7bc (size before relaxing)
 .debug_str     0x00001c99      0x8b1 FreeRTOS/src/tasks.o
                                0xf54 (size before relaxing)
 .debug_str     0x0000254a      0x414 FreeRTOS/src/timers.o
                                0x82a (size before relaxing)
 .debug_str     0x0000295e       0x81 FreeRTOS/src/variantHooks.o
                                0x26b (size before relaxing)
 .debug_str     0x000029df      0x47a LoRaWANHandler.o
                                0x66e (size before relaxing)
 .debug_str     0x00002e59       0x70 main.o
                                0x26b (size before relaxing)
 .debug_str     0x00002ec9      0x2f4 ../drivers\libIotLibrary.a(hih8120.o)
                                0x45c (size before relaxing)
 .debug_str     0x000031bd      0x6a5 ../drivers\libIotLibrary.a(lora_driver.o)
                                0xcdb (size before relaxing)
 .debug_str     0x00003862       0x4f ../drivers\libIotLibrary.a(lora_driver_utils.o)
                                0x206 (size before relaxing)
 .debug_str     0x000038b1      0x101 ../drivers\libIotLibrary.a(mh_z19.o)
                                0x489 (size before relaxing)
 .debug_str     0x000039b2      0x2e7 ../drivers\libIotLibrary.a(serial.o)
                                0x628 (size before relaxing)
 .debug_str     0x00003c99       0xa6 ../drivers\libIotLibrary.a(stdio_driver.o)
                                0x37d (size before relaxing)
 .debug_str     0x00003d3f      0x104 ../drivers\libIotLibrary.a(status_leds.o)
                                0x381 (size before relaxing)
 .debug_str     0x00003e43      0x2ef ../drivers\libIotLibrary.a(twi.o)
                                0x5b4 (size before relaxing)
 .debug_str     0x00004132       0x22 ../drivers\libIotLibrary.a(fifo.o)
                                0x239 (size before relaxing)

.debug_loc      0x00000000     0xc21b
 *(.debug_loc)
 .debug_loc     0x00000000      0x15a Application.o
 .debug_loc     0x0000015a      0x139 DriverConnection/CO2Sensor.o
 .debug_loc     0x00000293      0x15c DriverConnection/TempHumSensor.o
 .debug_loc     0x000003ef      0xcc9 FreeRTOS/src/event_groups.o
 .debug_loc     0x000010b8      0x4be FreeRTOS/src/heap_4.o
 .debug_loc     0x00001576      0x17d FreeRTOS/src/list.o
 .debug_loc     0x000016f3       0xf6 FreeRTOS/src/port.o
 .debug_loc     0x000017e9     0x1abd FreeRTOS/src/queue.o
 .debug_loc     0x000032a6     0x1daf FreeRTOS/src/stream_buffer.o
 .debug_loc     0x00005055     0x2a07 FreeRTOS/src/tasks.o
 .debug_loc     0x00007a5c     0x10f3 FreeRTOS/src/timers.o
 .debug_loc     0x00008b4f       0xdc FreeRTOS/src/variantHooks.o
 .debug_loc     0x00008c2b      0x174 LoRaWANHandler.o
 .debug_loc     0x00008d9f       0x3c main.o
 .debug_loc     0x00008ddb       0x9f ../drivers\libIotLibrary.a(hih8120.o)
 .debug_loc     0x00008e7a     0x1216 ../drivers\libIotLibrary.a(lora_driver.o)
 .debug_loc     0x0000a090      0x1d2 ../drivers\libIotLibrary.a(lora_driver_utils.o)
 .debug_loc     0x0000a262      0x37c ../drivers\libIotLibrary.a(mh_z19.o)
 .debug_loc     0x0000a5de     0x114c ../drivers\libIotLibrary.a(serial.o)
 .debug_loc     0x0000b72a      0x18c ../drivers\libIotLibrary.a(stdio_driver.o)
 .debug_loc     0x0000b8b6      0x292 ../drivers\libIotLibrary.a(status_leds.o)
 .debug_loc     0x0000bb48      0x575 ../drivers\libIotLibrary.a(twi.o)
 .debug_loc     0x0000c0bd      0x15e ../drivers\libIotLibrary.a(fifo.o)

.debug_macinfo
 *(.debug_macinfo)

.debug_weaknames
 *(.debug_weaknames)

.debug_funcnames
 *(.debug_funcnames)

.debug_typenames
 *(.debug_typenames)

.debug_varnames
 *(.debug_varnames)

.debug_pubtypes
 *(.debug_pubtypes)

.debug_ranges   0x00000000      0xa28
 *(.debug_ranges)
 .debug_ranges  0x00000000       0x28 Application.o
 .debug_ranges  0x00000028       0x38 DriverConnection/CO2Sensor.o
 .debug_ranges  0x00000060       0x38 DriverConnection/TempHumSensor.o
 .debug_ranges  0x00000098       0x70 FreeRTOS/src/event_groups.o
 .debug_ranges  0x00000108       0x48 FreeRTOS/src/heap_4.o
 .debug_ranges  0x00000150       0x30 FreeRTOS/src/list.o
 .debug_ranges  0x00000180       0x48 FreeRTOS/src/port.o
 .debug_ranges  0x000001c8      0x130 FreeRTOS/src/queue.o
 .debug_ranges  0x000002f8       0xb0 FreeRTOS/src/stream_buffer.o
 .debug_ranges  0x000003a8      0x200 FreeRTOS/src/tasks.o
 .debug_ranges  0x000005a8       0xb8 FreeRTOS/src/timers.o
 .debug_ranges  0x00000660       0x30 FreeRTOS/src/variantHooks.o
 .debug_ranges  0x00000690       0x20 LoRaWANHandler.o
 .debug_ranges  0x000006b0       0x18 main.o
 .debug_ranges  0x000006c8       0x58 ../drivers\libIotLibrary.a(hih8120.o)
 .debug_ranges  0x00000720      0x128 ../drivers\libIotLibrary.a(lora_driver.o)
 .debug_ranges  0x00000848       0x30 ../drivers\libIotLibrary.a(lora_driver_utils.o)
 .debug_ranges  0x00000878       0x48 ../drivers\libIotLibrary.a(mh_z19.o)
 .debug_ranges  0x000008c0       0x98 ../drivers\libIotLibrary.a(serial.o)
 .debug_ranges  0x00000958       0x28 ../drivers\libIotLibrary.a(stdio_driver.o)
 .debug_ranges  0x00000980       0x58 ../drivers\libIotLibrary.a(status_leds.o)
 .debug_ranges  0x000009d8       0x40 ../drivers\libIotLibrary.a(twi.o)
 .debug_ranges  0x00000a18       0x10 ../drivers\libIotLibrary.a(fifo.o)

.debug_macro
 *(.debug_macro)
OUTPUT(SEP4_Greenhouse.elf elf32-avr)
LOAD linker stubs
